94.145.68.182 - - [20/Jan/2014:09:04:51 -0500] "GET /notifications?get=count HTTP/1.1" 200 24 "http://www.pacetest.dk/" "Mozilla/5.0 (Windows NT 6.2; WOW64; rv:26.0) Gecko/20100101 Firefox/26.0"
94.145.68.182 - - [20/Jan/2014:09:05:21 -0500] "GET /notifications?get=count HTTP/1.1" 200 24 "http://www.pacetest.dk/" "Mozilla/5.0 (Windows NT 6.2; WOW64; rv:26.0) Gecko/20100101 Firefox/26.0"
94.145.68.182 - - [20/Jan/2014:09:05:51 -0500] "GET /notifications?get=count HTTP/1.1" 200 24 "http://www.pacetest.dk/" "Mozilla/5.0 (Windows NT 6.2; WOW64; rv:26.0) Gecko/20100101 Firefox/26.0"
94.145.68.182 - - [20/Jan/2014:09:06:21 -0500] "GET /notifications?get=count HTTP/1.1" 200 24 "http://www.pacetest.dk/" "Mozilla/5.0 (Windows NT 6.2; WOW64; rv:26.0) Gecko/20100101 Firefox/26.0"
94.145.68.182 - - [20/Jan/2014:09:06:51 -0500] "GET /notifications?get=count HTTP/1.1" 200 24 "http://www.pacetest.dk/" "Mozilla/5.0 (Windows NT 6.2; WOW64; rv:26.0) Gecko/20100101 Firefox/26.0"
94.145.68.182 - - [20/Jan/2014:09:07:21 -0500] "GET /notifications?get=count HTTP/1.1" 200 24 "http://www.pacetest.dk/" "Mozilla/5.0 (Windows NT 6.2; WOW64; rv:26.0) Gecko/20100101 Firefox/26.0"
94.145.68.182 - - [20/Jan/2014:09:07:52 -0500] "GET /notifications?get=count HTTP/1.1" 200 24 "http://www.pacetest.dk/" "Mozilla/5.0 (Windows NT 6.2; WOW64; rv:26.0) Gecko/20100101 Firefox/26.0"
94.145.68.182 - - [20/Jan/2014:09:08:21 -0500] "GET /notifications?get=count HTTP/1.1" 200 24 "http://www.pacetest.dk/" "Mozilla/5.0 (Windows NT 6.2; WOW64; rv:26.0) Gecko/20100101 Firefox/26.0"
94.145.68.182 - - [20/Jan/2014:09:08:51 -0500] "GET /notifications?get=count HTTP/1.1" 200 24 "http://www.pacetest.dk/" "Mozilla/5.0 (Windows NT 6.2; WOW64; rv:26.0) Gecko/20100101 Firefox/26.0"
94.145.68.182 - - [20/Jan/2014:09:09:21 -0500] "GET /notifications?get=count HTTP/1.1" 200 24 "http://www.pacetest.dk/" "Mozilla/5.0 (Windows NT 6.2; WOW64; rv:26.0) Gecko/20100101 Firefox/26.0"
130.226.228.73 - - [20/Jan/2014:09:09:35 -0500] "GET /robots.txt HTTP/1.1" 404 312 "-" "Mozilla/5.0 (compatible; heritrix/1.14.4 +http://netarkivet.dk/webcrawler/)"
130.226.228.73 - - [20/Jan/2014:09:09:36 -0500] "GET / HTTP/1.1" 200 7760 "-" "Mozilla/5.0 (compatible; heritrix/1.14.4 +http://netarkivet.dk/webcrawler/)"
130.226.228.73 - - [20/Jan/2014:09:09:38 -0500] "GET /templates/base/css/images/favicon.ico HTTP/1.1" 200 1150 "http://www.pacetest.dk/" "Mozilla/5.0 (compatible; heritrix/1.14.4 +http://netarkivet.dk/webcrawler/)"
130.226.228.73 - - [20/Jan/2014:09:09:39 -0500] "GET /templates/shiraz/css/style1/style.css HTTP/1.1" 200 151926 "http://www.pacetest.dk/" "Mozilla/5.0 (compatible; heritrix/1.14.4 +http://netarkivet.dk/webcrawler/)"
130.226.228.73 - - [20/Jan/2014:09:09:41 -0500] "GET /media/lib_anahita/js/production/site.js HTTP/1.1" 200 310197 "http://www.pacetest.dk/" "Mozilla/5.0 (compatible; heritrix/1.14.4 +http://netarkivet.dk/webcrawler/)"
130.226.228.73 - - [20/Jan/2014:09:09:43 -0500] "GET /1.1 HTTP/1.1" 404 305 "http://www.pacetest.dk/" "Mozilla/5.0 (compatible; heritrix/1.14.4 +http://netarkivet.dk/webcrawler/)"
130.226.228.73 - - [20/Jan/2014:09:09:45 -0500] "GET /12/31/1999 HTTP/1.1" 404 6381 "http://www.pacetest.dk/" "Mozilla/5.0 (compatible; heritrix/1.14.4 +http://netarkivet.dk/webcrawler/)"
130.226.228.73 - - [20/Jan/2014:09:09:47 -0500] "GET /fred@domain.com HTTP/1.1" 404 317 "http://www.pacetest.dk/" "Mozilla/5.0 (compatible; heritrix/1.14.4 +http://netarkivet.dk/webcrawler/)"
130.226.228.73 - - [20/Jan/2014:09:09:48 -0500] "GET /menu/people HTTP/1.1" 200 19499 "http://www.pacetest.dk/" "Mozilla/5.0 (compatible; heritrix/1.14.4 +http://netarkivet.dk/webcrawler/)"
130.226.228.73 - - [20/Jan/2014:09:09:51 -0500] "GET /media/lib_anahita/images/avatar/square_default.gif HTTP/1.1" 200 17821 "http://www.pacetest.dk/menu/people" "Mozilla/5.0 (compatible; heritrix/1.14.4 +http://netarkivet.dk/webcrawler/)"
94.145.68.182 - - [20/Jan/2014:09:09:51 -0500] "GET /notifications?get=count HTTP/1.1" 200 24 "http://www.pacetest.dk/" "Mozilla/5.0 (Windows NT 6.2; WOW64; rv:26.0) Gecko/20100101 Firefox/26.0"
130.226.228.73 - - [20/Jan/2014:09:09:52 -0500] "GET /menu/groups HTTP/1.1" 200 7022 "http://www.pacetest.dk/" "Mozilla/5.0 (compatible; heritrix/1.14.4 +http://netarkivet.dk/webcrawler/)"
130.226.228.73 - - [20/Jan/2014:09:09:56 -0500] "GET /templates/base/css/images/glyphicons-halflings.png HTTP/1.1" 200 12799 "http://www.pacetest.dk/templates/shiraz/css/style1/style.css" "Mozilla/5.0 (compatible; heritrix/1.14.4 +http://netarkivet.dk/webcrawler/)"
130.226.228.73 - - [20/Jan/2014:09:09:57 -0500] "GET /templates/base/css/images/glyphicons-halflings-white.png HTTP/1.1" 200 8777 "http://www.pacetest.dk/templates/shiraz/css/style1/style.css" "Mozilla/5.0 (compatible; heritrix/1.14.4 +http://netarkivet.dk/webcrawler/)"
130.226.228.73 - - [20/Jan/2014:09:09:58 -0500] "GET /templates/base/css/images/logo.png HTTP/1.1" 200 5272 "http://www.pacetest.dk/templates/shiraz/css/style1/style.css" "Mozilla/5.0 (compatible; heritrix/1.14.4 +http://netarkivet.dk/webcrawler/)"
130.226.228.73 - - [20/Jan/2014:09:09:59 -0500] "GET /templates/base/css/images/spinner.gif HTTP/1.1" 200 723 "http://www.pacetest.dk/templates/shiraz/css/style1/style.css" "Mozilla/5.0 (compatible; heritrix/1.14.4 +http://netarkivet.dk/webcrawler/)"
130.226.228.73 - - [20/Jan/2014:09:09:59 -0500] "GET /templates/base/css/images/mediabox/80.png HTTP/1.1" 200 146 "http://www.pacetest.dk/templates/shiraz/css/style1/style.css" "Mozilla/5.0 (compatible; heritrix/1.14.4 +http://netarkivet.dk/webcrawler/)"
130.226.228.73 - - [20/Jan/2014:09:10:01 -0500] "GET /templates/base/css/images/icon-play.png HTTP/1.1" 200 3697 "http://www.pacetest.dk/templates/shiraz/css/style1/style.css" "Mozilla/5.0 (compatible; heritrix/1.14.4 +http://netarkivet.dk/webcrawler/)"
130.226.228.73 - - [20/Jan/2014:09:10:02 -0500] "GET /templates/base/css/images/icon-socialmedia.png HTTP/1.1" 200 6399 "http://www.pacetest.dk/templates/shiraz/css/style1/style.css" "Mozilla/5.0 (compatible; heritrix/1.14.4 +http://netarkivet.dk/webcrawler/)"
130.226.228.73 - - [20/Jan/2014:09:10:02 -0500] "GET /templates/base/css/images/icon-socialmedia-white.png HTTP/1.1" 200 5419 "http://www.pacetest.dk/templates/shiraz/css/style1/style.css" "Mozilla/5.0 (compatible; heritrix/1.14.4 +http://netarkivet.dk/webcrawler/)"
130.226.228.73 - - [20/Jan/2014:09:10:03 -0500] "GET /templates/base/css/images/icon-payments.png HTTP/1.1" 200 5723 "http://www.pacetest.dk/templates/shiraz/css/style1/style.css" "Mozilla/5.0 (compatible; heritrix/1.14.4 +http://netarkivet.dk/webcrawler/)"
130.226.228.73 - - [20/Jan/2014:09:10:04 -0500] "GET /1.4.5 HTTP/1.1" 404 307 "http://www.pacetest.dk/media/lib_anahita/js/production/site.js" "Mozilla/5.0 (compatible; heritrix/1.14.4 +http://netarkivet.dk/webcrawler/)"
130.226.228.73 - - [20/Jan/2014:09:10:06 -0500] "GET /MSXML2.XMLHTTP HTTP/1.1" 404 316 "http://www.pacetest.dk/media/lib_anahita/js/production/site.js" "Mozilla/5.0 (compatible; heritrix/1.14.4 +http://netarkivet.dk/webcrawler/)"
130.226.228.73 - - [20/Jan/2014:09:10:07 -0500] "GET /Microsoft.XMLHTTP HTTP/1.1" 404 319 "http://www.pacetest.dk/media/lib_anahita/js/production/site.js" "Mozilla/5.0 (compatible; heritrix/1.14.4 +http://netarkivet.dk/webcrawler/)"
130.226.228.73 - - [20/Jan/2014:09:10:08 -0500] "GET /ShockwaveFlash.ShockwaveFlash HTTP/1.1" 404 331 "http://www.pacetest.dk/media/lib_anahita/js/production/site.js" "Mozilla/5.0 (compatible; heritrix/1.14.4 +http://netarkivet.dk/webcrawler/)"
130.226.228.73 - - [20/Jan/2014:09:10:09 -0500] "GET /1.1.7 HTTP/1.1" 404 307 "http://www.pacetest.dk/media/lib_anahita/js/production/site.js" "Mozilla/5.0 (compatible; heritrix/1.14.4 +http://netarkivet.dk/webcrawler/)"
130.226.228.73 - - [20/Jan/2014:09:10:10 -0500] "GET /application/json HTTP/1.1" 200 6093 "http://www.pacetest.dk/media/lib_anahita/js/production/site.js" "Mozilla/5.0 (compatible; heritrix/1.14.4 +http://netarkivet.dk/webcrawler/)"
130.226.228.73 - - [20/Jan/2014:09:10:13 -0500] "GET /application/x-shockwave-flash HTTP/1.1" 200 6117 "http://www.pacetest.dk/media/lib_anahita/js/production/site.js" "Mozilla/5.0 (compatible; heritrix/1.14.4 +http://netarkivet.dk/webcrawler/)"
130.226.228.73 - - [20/Jan/2014:09:10:16 -0500] "GET /1.4.0.1 HTTP/1.1" 404 309 "http://www.pacetest.dk/media/lib_anahita/js/production/site.js" "Mozilla/5.0 (compatible; heritrix/1.14.4 +http://netarkivet.dk/webcrawler/)"
130.226.228.73 - - [20/Jan/2014:09:10:17 -0500] "GET /Number.currency HTTP/1.1" 404 317 "http://www.pacetest.dk/media/lib_anahita/js/production/site.js" "Mozilla/5.0 (compatible; heritrix/1.14.4 +http://netarkivet.dk/webcrawler/)"
130.226.228.73 - - [20/Jan/2014:09:10:18 -0500] "GET /Number.percentage HTTP/1.1" 404 319 "http://www.pacetest.dk/media/lib_anahita/js/production/site.js" "Mozilla/5.0 (compatible; heritrix/1.14.4 +http://netarkivet.dk/webcrawler/)"
130.226.228.73 - - [20/Jan/2014:09:10:19 -0500] "GET /form.request HTTP/1.1" 404 314 "http://www.pacetest.dk/media/lib_anahita/js/production/site.js" "Mozilla/5.0 (compatible; heritrix/1.14.4 +http://netarkivet.dk/webcrawler/)"
10.110.62.41 - - [20/Jan/2014:09:10:18 -0500] "GET / HTTP/1.1" 200 7852 "-" "Ruby"
130.226.228.73 - - [20/Jan/2014:09:10:20 -0500] "GET /div.overTxtWrapper HTTP/1.1" 404 320 "http://www.pacetest.dk/media/lib_anahita/js/production/site.js" "Mozilla/5.0 (compatible; heritrix/1.14.4 +http://netarkivet.dk/webcrawler/)"
10.110.62.41 - - [20/Jan/2014:09:10:19 -0500] "GET / HTTP/1.1" 200 7855 "-" "Ruby"
130.226.228.73 - - [20/Jan/2014:09:10:21 -0500] "GET /text/css HTTP/1.1" 404 6385 "http://www.pacetest.dk/media/lib_anahita/js/production/site.js" "Mozilla/5.0 (compatible; heritrix/1.14.4 +http://netarkivet.dk/webcrawler/)"
94.145.68.182 - - [20/Jan/2014:09:10:21 -0500] "GET /notifications?get=count HTTP/1.1" 200 24 "http://www.pacetest.dk/" "Mozilla/5.0 (Windows NT 6.2; WOW64; rv:26.0) Gecko/20100101 Firefox/26.0"
- - - [20/Jan/2014:09:10:23 -0500] "OPTIONS * HTTP/1.0" 200 - "-" "Apache/2.2.22 (Red Hat Enterprise Web Server) (internal dummy connection)"
130.226.228.73 - - [20/Jan/2014:09:10:24 -0500] "GET /div.tooltip HTTP/1.1" 404 313 "http://www.pacetest.dk/media/lib_anahita/js/production/site.js" "Mozilla/5.0 (compatible; heritrix/1.14.4 +http://netarkivet.dk/webcrawler/)"
130.226.228.73 - - [20/Jan/2014:09:10:25 -0500] "GET /div.tooltip-arrow HTTP/1.1" 404 319 "http://www.pacetest.dk/media/lib_anahita/js/production/site.js" "Mozilla/5.0 (compatible; heritrix/1.14.4 +http://netarkivet.dk/webcrawler/)"
130.226.228.73 - - [20/Jan/2014:09:10:26 -0500] "GET /div.tooltip-inner HTTP/1.1" 404 319 "http://www.pacetest.dk/media/lib_anahita/js/production/site.js" "Mozilla/5.0 (compatible; heritrix/1.14.4 +http://netarkivet.dk/webcrawler/)"
130.226.228.73 - - [20/Jan/2014:09:10:27 -0500] "GET /div.popover HTTP/1.1" 404 313 "http://www.pacetest.dk/media/lib_anahita/js/production/site.js" "Mozilla/5.0 (compatible; heritrix/1.14.4 +http://netarkivet.dk/webcrawler/)"
130.226.228.73 - - [20/Jan/2014:09:10:28 -0500] "GET /div.arrow HTTP/1.1" 404 311 "http://www.pacetest.dk/media/lib_anahita/js/production/site.js" "Mozilla/5.0 (compatible; heritrix/1.14.4 +http://netarkivet.dk/webcrawler/)"
130.226.228.73 - - [20/Jan/2014:09:10:29 -0500] "GET /div.popover-inner HTTP/1.1" 404 319 "http://www.pacetest.dk/media/lib_anahita/js/production/site.js" "Mozilla/5.0 (compatible; heritrix/1.14.4 +http://netarkivet.dk/webcrawler/)"
130.226.228.73 - - [20/Jan/2014:09:10:30 -0500] "GET /h3.popover-title HTTP/1.1" 404 318 "http://www.pacetest.dk/media/lib_anahita/js/production/site.js" "Mozilla/5.0 (compatible; heritrix/1.14.4 +http://netarkivet.dk/webcrawler/)"
130.226.228.73 - - [20/Jan/2014:09:10:31 -0500] "GET /div.popover-content HTTP/1.1" 404 321 "http://www.pacetest.dk/media/lib_anahita/js/production/site.js" "Mozilla/5.0 (compatible; heritrix/1.14.4 +http://netarkivet.dk/webcrawler/)"
130.226.228.73 - - [20/Jan/2014:09:10:32 -0500] "GET /Bootstrap.Popup HTTP/1.1" 404 317 "http://www.pacetest.dk/media/lib_anahita/js/production/site.js" "Mozilla/5.0 (compatible; heritrix/1.14.4 +http://netarkivet.dk/webcrawler/)"
130.226.228.73 - - [20/Jan/2014:09:10:33 -0500] "GET /div.modal-backdrop HTTP/1.1" 404 320 "http://www.pacetest.dk/media/lib_anahita/js/production/site.js" "Mozilla/5.0 (compatible; heritrix/1.14.4 +http://netarkivet.dk/webcrawler/)"
130.226.228.73 - - [20/Jan/2014:09:10:33 -0500] "GET /BS.showPopup HTTP/1.1" 404 314 "http://www.pacetest.dk/media/lib_anahita/js/production/site.js" "Mozilla/5.0 (compatible; heritrix/1.14.4 +http://netarkivet.dk/webcrawler/)"
130.226.228.73 - - [20/Jan/2014:09:10:34 -0500] "GET /BS.FormValidator HTTP/1.1" 404 318 "http://www.pacetest.dk/media/lib_anahita/js/production/site.js" "Mozilla/5.0 (compatible; heritrix/1.14.4 +http://netarkivet.dk/webcrawler/)"
130.226.228.73 - - [20/Jan/2014:09:10:35 -0500] "GET /div.advice HTTP/1.1" 404 312 "http://www.pacetest.dk/media/lib_anahita/js/production/site.js" "Mozilla/5.0 (compatible; heritrix/1.14.4 +http://netarkivet.dk/webcrawler/)"
130.226.228.73 - - [20/Jan/2014:09:10:37 -0500] "GET /span.help-inline HTTP/1.1" 404 318 "http://www.pacetest.dk/media/lib_anahita/js/production/site.js" "Mozilla/5.0 (compatible; heritrix/1.14.4 +http://netarkivet.dk/webcrawler/)"
130.226.228.73 - - [20/Jan/2014:09:10:38 -0500] "GET /span.help-inline.advice.auto-created HTTP/1.1" 404 338 "http://www.pacetest.dk/media/lib_anahita/js/production/site.js" "Mozilla/5.0 (compatible; heritrix/1.14.4 +http://netarkivet.dk/webcrawler/)"
130.226.228.73 - - [20/Jan/2014:09:10:39 -0500] "GET /span.advice HTTP/1.1" 404 313 "http://www.pacetest.dk/media/lib_anahita/js/production/site.js" "Mozilla/5.0 (compatible; heritrix/1.14.4 +http://netarkivet.dk/webcrawler/)"
130.226.228.73 - - [20/Jan/2014:09:10:40 -0500] "GET /BS.Popover HTTP/1.1" 404 312 "http://www.pacetest.dk/media/lib_anahita/js/production/site.js" "Mozilla/5.0 (compatible; heritrix/1.14.4 +http://netarkivet.dk/webcrawler/)"
130.226.228.73 - - [20/Jan/2014:09:10:41 -0500] "GET /BS.Popup HTTP/1.1" 404 310 "http://www.pacetest.dk/media/lib_anahita/js/production/site.js" "Mozilla/5.0 (compatible; heritrix/1.14.4 +http://netarkivet.dk/webcrawler/)"
130.226.228.73 - - [20/Jan/2014:09:10:42 -0500] "GET /Popup.FormRequest HTTP/1.1" 404 319 "http://www.pacetest.dk/media/lib_anahita/js/production/site.js" "Mozilla/5.0 (compatible; heritrix/1.14.4 +http://netarkivet.dk/webcrawler/)"
130.226.228.73 - - [20/Jan/2014:09:10:42 -0500] "GET /BS.Tabs HTTP/1.1" 404 309 "http://www.pacetest.dk/media/lib_anahita/js/production/site.js" "Mozilla/5.0 (compatible; heritrix/1.14.4 +http://netarkivet.dk/webcrawler/)"
130.226.228.73 - - [20/Jan/2014:09:10:44 -0500] "GET /BS.Tooltip HTTP/1.1" 404 312 "http://www.pacetest.dk/media/lib_anahita/js/production/site.js" "Mozilla/5.0 (compatible; heritrix/1.14.4 +http://netarkivet.dk/webcrawler/)"
130.226.228.73 - - [20/Jan/2014:09:10:45 -0500] "GET /BS.Twipsy HTTP/1.1" 404 311 "http://www.pacetest.dk/media/lib_anahita/js/production/site.js" "Mozilla/5.0 (compatible; heritrix/1.14.4 +http://netarkivet.dk/webcrawler/)"
130.226.228.73 - - [20/Jan/2014:09:10:46 -0500] "GET /text/language HTTP/1.1" 404 6385 "http://www.pacetest.dk/media/lib_anahita/js/production/site.js" "Mozilla/5.0 (compatible; heritrix/1.14.4 +http://netarkivet.dk/webcrawler/)"
130.226.228.73 - - [20/Jan/2014:09:10:49 -0500] "GET /text/less HTTP/1.1" 404 6383 "http://www.pacetest.dk/media/lib_anahita/js/production/site.js" "Mozilla/5.0 (compatible; heritrix/1.14.4 +http://netarkivet.dk/webcrawler/)"
130.226.228.73 - - [20/Jan/2014:09:10:52 -0500] "GET /Prompt.loading HTTP/1.1" 404 316 "http://www.pacetest.dk/media/lib_anahita/js/production/site.js" "Mozilla/5.0 (compatible; heritrix/1.14.4 +http://netarkivet.dk/webcrawler/)"
94.145.68.182 - - [20/Jan/2014:09:10:51 -0500] "GET /notifications?get=count HTTP/1.1" 200 24 "http://www.pacetest.dk/" "Mozilla/5.0 (Windows NT 6.2; WOW64; rv:26.0) Gecko/20100101 Firefox/26.0"
130.226.228.73 - - [20/Jan/2014:09:10:53 -0500] "GET /Element.Inject HTTP/1.1" 404 316 "http://www.pacetest.dk/media/lib_anahita/js/production/site.js" "Mozilla/5.0 (compatible; heritrix/1.14.4 +http://netarkivet.dk/webcrawler/)"
130.226.228.73 - - [20/Jan/2014:09:10:54 -0500] "GET /Action.cancel HTTP/1.1" 404 315 "http://www.pacetest.dk/media/lib_anahita/js/production/site.js" "Mozilla/5.0 (compatible; heritrix/1.14.4 +http://netarkivet.dk/webcrawler/)"
130.226.228.73 - - [20/Jan/2014:09:10:55 -0500] "GET /Action.yes HTTP/1.1" 404 312 "http://www.pacetest.dk/media/lib_anahita/js/production/site.js" "Mozilla/5.0 (compatible; heritrix/1.14.4 +http://netarkivet.dk/webcrawler/)"
130.226.228.73 - - [20/Jan/2014:09:10:56 -0500] "GET /Prompt.inlineEdit HTTP/1.1" 404 319 "http://www.pacetest.dk/media/lib_anahita/js/production/site.js" "Mozilla/5.0 (compatible; heritrix/1.14.4 +http://netarkivet.dk/webcrawler/)"
130.226.228.73 - - [20/Jan/2014:09:10:56 -0500] "GET /Action.save HTTP/1.1" 404 313 "http://www.pacetest.dk/media/lib_anahita/js/production/site.js" "Mozilla/5.0 (compatible; heritrix/1.14.4 +http://netarkivet.dk/webcrawler/)"
130.226.228.73 - - [20/Jan/2014:09:10:57 -0500] "GET /Prompt.confirmDelete HTTP/1.1" 404 322 "http://www.pacetest.dk/media/lib_anahita/js/production/site.js" "Mozilla/5.0 (compatible; heritrix/1.14.4 +http://netarkivet.dk/webcrawler/)"
130.226.228.73 - - [20/Jan/2014:09:10:58 -0500] "GET /Action.delete HTTP/1.1" 404 315 "http://www.pacetest.dk/media/lib_anahita/js/production/site.js" "Mozilla/5.0 (compatible; heritrix/1.14.4 +http://netarkivet.dk/webcrawler/)"
130.226.228.73 - - [20/Jan/2014:09:11:00 -0500] "GET /people/karenabildgaard HTTP/1.1" 200 16137 "http://www.pacetest.dk/menu/people" "Mozilla/5.0 (compatible; heritrix/1.14.4 +http://netarkivet.dk/webcrawler/)"
130.226.228.73 - - [20/Jan/2014:09:11:05 -0500] "GET /media/com_stories/js/stories.js HTTP/1.1" 200 1707 "http://www.pacetest.dk/people/karenabildgaard" "Mozilla/5.0 (compatible; heritrix/1.14.4 +http://netarkivet.dk/webcrawler/)"
130.226.228.73 - - [20/Jan/2014:09:11:06 -0500] "GET /media/lib_anahita/js/vendors/mediabox.js HTTP/1.1" 200 45415 "http://www.pacetest.dk/people/karenabildgaard" "Mozilla/5.0 (compatible; heritrix/1.14.4 +http://netarkivet.dk/webcrawler/)"
130.226.228.73 - - [20/Jan/2014:09:11:07 -0500] "GET /people/Kaae HTTP/1.1" 200 13635 "http://www.pacetest.dk/menu/people" "Mozilla/5.0 (compatible; heritrix/1.14.4 +http://netarkivet.dk/webcrawler/)"
130.226.228.73 - - [20/Jan/2014:09:11:13 -0500] "GET /people/Cthrane HTTP/1.1" 200 14952 "http://www.pacetest.dk/menu/people" "Mozilla/5.0 (compatible; heritrix/1.14.4 +http://netarkivet.dk/webcrawler/)"
130.226.228.73 - - [20/Jan/2014:09:11:19 -0500] "GET /people/linekaae HTTP/1.1" 200 15355 "http://www.pacetest.dk/menu/people" "Mozilla/5.0 (compatible; heritrix/1.14.4 +http://netarkivet.dk/webcrawler/)"
94.145.68.182 - - [20/Jan/2014:09:11:21 -0500] "GET /notifications?get=count HTTP/1.1" 200 24 "http://www.pacetest.dk/" "Mozilla/5.0 (Windows NT 6.2; WOW64; rv:26.0) Gecko/20100101 Firefox/26.0"
- - - [20/Jan/2014:09:11:24 -0500] "OPTIONS * HTTP/1.0" 200 - "-" "Apache/2.2.22 (Red Hat Enterprise Web Server) (internal dummy connection)"
130.226.228.73 - - [20/Jan/2014:09:11:25 -0500] "GET /people/Jette HTTP/1.1" 200 12583 "http://www.pacetest.dk/menu/people" "Mozilla/5.0 (compatible; heritrix/1.14.4 +http://netarkivet.dk/webcrawler/)"
94.145.68.182 - - [20/Jan/2014:09:11:51 -0500] "GET /notifications?get=count HTTP/1.1" 200 24 "http://www.pacetest.dk/" "Mozilla/5.0 (Windows NT 6.2; WOW64; rv:26.0) Gecko/20100101 Firefox/26.0"
130.226.228.73 - - [20/Jan/2014:09:12:06 -0500] "GET /people/PeterFrederiksen HTTP/1.1" 200 14621 "http://www.pacetest.dk/menu/people" "Mozilla/5.0 (compatible; heritrix/1.14.4 +http://netarkivet.dk/webcrawler/)"
130.226.228.73 - - [20/Jan/2014:09:12:18 -0500] "GET /people/hera2013 HTTP/1.1" 200 9587 "http://www.pacetest.dk/menu/people" "Mozilla/5.0 (compatible; heritrix/1.14.4 +http://netarkivet.dk/webcrawler/)"
94.145.68.182 - - [20/Jan/2014:09:12:21 -0500] "GET /notifications?get=count HTTP/1.1" 200 24 "http://www.pacetest.dk/" "Mozilla/5.0 (Windows NT 6.2; WOW64; rv:26.0) Gecko/20100101 Firefox/26.0"
130.226.228.73 - - [20/Jan/2014:09:12:23 -0500] "GET /media/lib_anahita/images/avatar/medium_default.gif HTTP/1.1" 200 191860 "http://www.pacetest.dk/people/hera2013" "Mozilla/5.0 (compatible; heritrix/1.14.4 +http://netarkivet.dk/webcrawler/)"
130.226.228.73 - - [20/Jan/2014:09:12:25 -0500] "GET /people/Mette HTTP/1.1" 200 12395 "http://www.pacetest.dk/menu/people" "Mozilla/5.0 (compatible; heritrix/1.14.4 +http://netarkivet.dk/webcrawler/)"
130.226.228.73 - - [20/Jan/2014:09:12:30 -0500] "GET /people/LotteAndreassen HTTP/1.1" 200 12689 "http://www.pacetest.dk/menu/people" "Mozilla/5.0 (compatible; heritrix/1.14.4 +http://netarkivet.dk/webcrawler/)"
130.226.228.73 - - [20/Jan/2014:09:12:46 -0500] "GET /people/Malene HTTP/1.1" 200 12522 "http://www.pacetest.dk/menu/people" "Mozilla/5.0 (compatible; heritrix/1.14.4 +http://netarkivet.dk/webcrawler/)"
94.145.68.182 - - [20/Jan/2014:09:12:51 -0500] "GET /notifications?get=count HTTP/1.1" 200 24 "http://www.pacetest.dk/" "Mozilla/5.0 (Windows NT 6.2; WOW64; rv:26.0) Gecko/20100101 Firefox/26.0"
130.226.228.73 - - [20/Jan/2014:09:12:56 -0500] "GET /people/Krafla HTTP/1.1" 200 12294 "http://www.pacetest.dk/menu/people" "Mozilla/5.0 (compatible; heritrix/1.14.4 +http://netarkivet.dk/webcrawler/)"
130.226.228.73 - - [20/Jan/2014:09:13:05 -0500] "GET /people/Misskanstrup HTTP/1.1" 200 8547 "http://www.pacetest.dk/menu/people" "Mozilla/5.0 (compatible; heritrix/1.14.4 +http://netarkivet.dk/webcrawler/)"
130.226.228.73 - - [20/Jan/2014:09:13:10 -0500] "GET /people/marietoftegaard HTTP/1.1" 200 10057 "http://www.pacetest.dk/menu/people" "Mozilla/5.0 (compatible; heritrix/1.14.4 +http://netarkivet.dk/webcrawler/)"
130.226.228.73 - - [20/Jan/2014:09:13:14 -0500] "GET /people/MVMUNK HTTP/1.1" 200 8535 "http://www.pacetest.dk/menu/people" "Mozilla/5.0 (compatible; heritrix/1.14.4 +http://netarkivet.dk/webcrawler/)"
130.226.228.73 - - [20/Jan/2014:09:13:20 -0500] "GET /actors?layout=modal&ids%5B0%5D=181&ids%5B1%5D=242&ids%5B2%5D=215&ids%5B3%5D=241&ids%5B4%5D=216&ids%5B5%5D=174&ids%5B6%5D=204 HTTP/1.1" 200 13394 "http://www.pacetest.dk/people/karenabildgaard" "Mozilla/5.0 (compatible; heritrix/1.14.4 +http://netarkivet.dk/webcrawler/)"
94.145.68.182 - - [20/Jan/2014:09:13:21 -0500] "GET /notifications?get=count HTTP/1.1" 200 24 "http://www.pacetest.dk/" "Mozilla/5.0 (Windows NT 6.2; WOW64; rv:26.0) Gecko/20100101 Firefox/26.0"
- - - [20/Jan/2014:09:13:24 -0500] "OPTIONS * HTTP/1.0" 200 - "-" "Apache/2.2.22 (Red Hat Enterprise Web Server) (internal dummy connection)"
130.226.228.73 - - [20/Jan/2014:09:13:25 -0500] "GET /people/karenabildgaard/graph/followers HTTP/1.1" 200 15672 "http://www.pacetest.dk/people/karenabildgaard" "Mozilla/5.0 (compatible; heritrix/1.14.4 +http://netarkivet.dk/webcrawler/)"
130.226.228.73 - - [20/Jan/2014:09:13:29 -0500] "GET /people/files/NonverBlaster.swf HTTP/1.1" 404 332 "http://www.pacetest.dk/media/lib_anahita/js/vendors/mediabox.js" "Mozilla/5.0 (compatible; heritrix/1.14.4 +http://netarkivet.dk/webcrawler/)"
130.226.228.73 - - [20/Jan/2014:09:13:30 -0500] "GET /people/v.php/ HTTP/1.1" 404 6385 "http://www.pacetest.dk/media/lib_anahita/js/vendors/mediabox.js" "Mozilla/5.0 (compatible; heritrix/1.14.4 +http://netarkivet.dk/webcrawler/)"
130.226.228.73 - - [20/Jan/2014:09:13:34 -0500] "GET /people/twitpic.com/show/full HTTP/1.1" 404 6405 "http://www.pacetest.dk/media/lib_anahita/js/vendors/mediabox.js" "Mozilla/5.0 (compatible; heritrix/1.14.4 +http://netarkivet.dk/webcrawler/)"
130.226.228.73 - - [20/Jan/2014:09:13:37 -0500] "GET /people/QuickTime.QuickTime HTTP/1.1" 404 328 "http://www.pacetest.dk/media/lib_anahita/js/vendors/mediabox.js" "Mozilla/5.0 (compatible; heritrix/1.14.4 +http://netarkivet.dk/webcrawler/)"
130.226.228.73 - - [20/Jan/2014:09:13:38 -0500] "GET /actors?layout=modal&ids%5B0%5D=1&ids%5B1%5D=35&ids%5B2%5D=112&ids%5B3%5D=174&ids%5B4%5D=181&ids%5B5%5D=204&ids%5B6%5D=215&ids%5B7%5D=216&ids%5B8%5D=233&ids%5B9%5D=236&ids%5B10%5D=241&ids%5B11%5D=243&ids%5B12%5D=286&ids%5B13%5D=242 HTTP/1.1" 200 19034 "http://www.pacetest.dk/people/Kaae" "Mozilla/5.0 (compatible; heritrix/1.14.4 +http://netarkivet.dk/webcrawler/)"
130.226.228.73 - - [20/Jan/2014:09:13:43 -0500] "GET /people/Kaae/graph/followers HTTP/1.1" 200 15589 "http://www.pacetest.dk/people/Kaae" "Mozilla/5.0 (compatible; heritrix/1.14.4 +http://netarkivet.dk/webcrawler/)"
130.226.228.73 - - [20/Jan/2014:09:13:47 -0500] "GET /actors?layout=modal&ids%5B0%5D=35&ids%5B1%5D=181&ids%5B2%5D=204&ids%5B3%5D=216&ids%5B4%5D=236&ids%5B5%5D=241&ids%5B6%5D=243&ids%5B7%5D=242 HTTP/1.1" 200 14545 "http://www.pacetest.dk/people/Cthrane" "Mozilla/5.0 (compatible; heritrix/1.14.4 +http://netarkivet.dk/webcrawler/)"
130.226.228.73 - - [20/Jan/2014:09:13:50 -0500] "GET /people/Cthrane/graph/followers HTTP/1.1" 200 14703 "http://www.pacetest.dk/people/Cthrane" "Mozilla/5.0 (compatible; heritrix/1.14.4 +http://netarkivet.dk/webcrawler/)"
94.145.68.182 - - [20/Jan/2014:09:13:51 -0500] "GET /notifications?get=count HTTP/1.1" 200 24 "http://www.pacetest.dk/" "Mozilla/5.0 (Windows NT 6.2; WOW64; rv:26.0) Gecko/20100101 Firefox/26.0"
- - - [20/Jan/2014:09:13:54 -0500] "OPTIONS * HTTP/1.0" 200 - "-" "Apache/2.2.22 (Red Hat Enterprise Web Server) (internal dummy connection)"
130.226.228.73 - - [20/Jan/2014:09:13:55 -0500] "GET /actors?layout=modal&ids%5B0%5D=243&ids%5B1%5D=242&ids%5B2%5D=236&ids%5B3%5D=204&ids%5B4%5D=215&ids%5B5%5D=216&ids%5B6%5D=241 HTTP/1.1" 200 13393 "http://www.pacetest.dk/people/linekaae" "Mozilla/5.0 (compatible; heritrix/1.14.4 +http://netarkivet.dk/webcrawler/)"
130.226.228.73 - - [20/Jan/2014:09:14:01 -0500] "GET /actors?layout=modal&ids%5B0%5D=1&ids%5B1%5D=35&ids%5B2%5D=37&ids%5B3%5D=112&ids%5B4%5D=174 HTTP/1.1" 200 9934 "http://www.pacetest.dk/people/linekaae" "Mozilla/5.0 (compatible; heritrix/1.14.4 +http://netarkivet.dk/webcrawler/)"
130.226.228.73 - - [20/Jan/2014:09:14:05 -0500] "GET /people/linekaae/graph/followers HTTP/1.1" 200 16497 "http://www.pacetest.dk/people/linekaae" "Mozilla/5.0 (compatible; heritrix/1.14.4 +http://netarkivet.dk/webcrawler/)"
130.226.228.73 - - [20/Jan/2014:09:14:08 -0500] "GET /actors?layout=modal&ids%5B0%5D=241&ids%5B1%5D=236&ids%5B2%5D=216&ids%5B3%5D=181&ids%5B4%5D=174&ids%5B5%5D=37&ids%5B6%5D=35&ids%5B7%5D=1&ids%5B8%5D=243 HTTP/1.1" 200 15692 "http://www.pacetest.dk/people/Jette" "Mozilla/5.0 (compatible; heritrix/1.14.4 +http://netarkivet.dk/webcrawler/)"
130.226.228.73 - - [20/Jan/2014:09:14:15 -0500] "GET /people/Jette/graph/followers HTTP/1.1" 200 13790 "http://www.pacetest.dk/people/Jette" "Mozilla/5.0 (compatible; heritrix/1.14.4 +http://netarkivet.dk/webcrawler/)"
130.226.228.73 - - [20/Jan/2014:09:14:20 -0500] "GET /actors?layout=modal&ids%5B0%5D=1&ids%5B1%5D=32&ids%5B2%5D=35&ids%5B3%5D=37&ids%5B4%5D=112&ids%5B5%5D=181&ids%5B6%5D=174&ids%5B7%5D=204&ids%5B8%5D=215&ids%5B9%5D=236&ids%5B10%5D=241&ids%5B11%5D=242&ids%5B12%5D=243 HTTP/1.1" 200 16870 "http://www.pacetest.dk/people/PeterFrederiksen" "Mozilla/5.0 (compatible; heritrix/1.14.4 +http://netarkivet.dk/webcrawler/)"
94.145.68.182 - - [20/Jan/2014:09:14:21 -0500] "GET /notifications?get=count HTTP/1.1" 200 24 "http://www.pacetest.dk/" "Mozilla/5.0 (Windows NT 6.2; WOW64; rv:26.0) Gecko/20100101 Firefox/26.0"
- - - [20/Jan/2014:09:14:24 -0500] "OPTIONS * HTTP/1.0" 200 - "-" "Apache/2.2.22 (Red Hat Enterprise Web Server) (internal dummy connection)"
130.226.228.73 - - [20/Jan/2014:09:14:25 -0500] "GET /photos/@216 HTTP/1.1" 200 7891 "http://www.pacetest.dk/people/PeterFrederiksen" "Mozilla/5.0 (compatible; heritrix/1.14.4 +http://netarkivet.dk/webcrawler/)"
130.226.228.73 - - [20/Jan/2014:09:14:29 -0500] "GET /pages/@216 HTTP/1.1" 200 8189 "http://www.pacetest.dk/people/PeterFrederiksen" "Mozilla/5.0 (compatible; heritrix/1.14.4 +http://netarkivet.dk/webcrawler/)"
130.226.228.73 - - [20/Jan/2014:09:14:42 -0500] "GET /media/com_pages/js/pages.js HTTP/1.1" 200 622 "http://www.pacetest.dk/pages/@216" "Mozilla/5.0 (compatible; heritrix/1.14.4 +http://netarkivet.dk/webcrawler/)"
130.226.228.73 - - [20/Jan/2014:09:14:44 -0500] "GET /people/PeterFrederiksen/graph/followers HTTP/1.1" 200 15676 "http://www.pacetest.dk/people/PeterFrederiksen" "Mozilla/5.0 (compatible; heritrix/1.14.4 +http://netarkivet.dk/webcrawler/)"
130.226.228.73 - - [20/Jan/2014:09:14:47 -0500] "GET /people/hera2013/graph/followers HTTP/1.1" 200 9974 "http://www.pacetest.dk/people/hera2013" "Mozilla/5.0 (compatible; heritrix/1.14.4 +http://netarkivet.dk/webcrawler/)"
130.226.228.73 - - [20/Jan/2014:09:14:51 -0500] "GET /actors?layout=modal&ids%5B0%5D=1&ids%5B1%5D=242&ids%5B2%5D=243&ids%5B3%5D=181 HTTP/1.1" 200 9903 "http://www.pacetest.dk/people/Mette" "Mozilla/5.0 (compatible; heritrix/1.14.4 +http://netarkivet.dk/webcrawler/)"
94.145.68.182 - - [20/Jan/2014:09:14:52 -0500] "GET /notifications?get=count HTTP/1.1" 200 24 "http://www.pacetest.dk/" "Mozilla/5.0 (Windows NT 6.2; WOW64; rv:26.0) Gecko/20100101 Firefox/26.0"
- - - [20/Jan/2014:09:14:54 -0500] "OPTIONS * HTTP/1.0" 200 - "-" "Apache/2.2.22 (Red Hat Enterprise Web Server) (internal dummy connection)"
130.226.228.73 - - [20/Jan/2014:09:14:55 -0500] "GET /people/Mette/graph/followers HTTP/1.1" 200 15562 "http://www.pacetest.dk/people/Mette" "Mozilla/5.0 (compatible; heritrix/1.14.4 +http://netarkivet.dk/webcrawler/)"
130.226.228.73 - - [20/Jan/2014:09:15:05 -0500] "GET /actors?layout=modal&ids%5B0%5D=1&ids%5B1%5D=32&ids%5B2%5D=37&ids%5B3%5D=174&ids%5B4%5D=35&ids%5B5%5D=112&ids%5B6%5D=181&ids%5B7%5D=216&ids%5B8%5D=204&ids%5B9%5D=215&ids%5B10%5D=236&ids%5B11%5D=242&ids%5B12%5D=243 HTTP/1.1" 200 16874 "http://www.pacetest.dk/people/LotteAndreassen" "Mozilla/5.0 (compatible; heritrix/1.14.4 +http://netarkivet.dk/webcrawler/)"
130.226.228.73 - - [20/Jan/2014:09:15:10 -0500] "GET /people/LotteAndreassen/graph/followers HTTP/1.1" 200 15671 "http://www.pacetest.dk/people/LotteAndreassen" "Mozilla/5.0 (compatible; heritrix/1.14.4 +http://netarkivet.dk/webcrawler/)"
130.226.228.73 - - [20/Jan/2014:09:15:14 -0500] "GET /actors?layout=modal&ids%5B0%5D=216&ids%5B1%5D=236&ids%5B2%5D=241&ids%5B3%5D=35&ids%5B4%5D=1&ids%5B5%5D=37&ids%5B6%5D=181&ids%5B7%5D=215 HTTP/1.1" 200 14541 "http://www.pacetest.dk/people/Malene" "Mozilla/5.0 (compatible; heritrix/1.14.4 +http://netarkivet.dk/webcrawler/)"
94.145.68.182 - - [20/Jan/2014:09:15:21 -0500] "GET /notifications?get=count HTTP/1.1" 200 24 "http://www.pacetest.dk/" "Mozilla/5.0 (Windows NT 6.2; WOW64; rv:26.0) Gecko/20100101 Firefox/26.0"
130.226.228.73 - - [20/Jan/2014:09:15:43 -0500] "GET /people/Malene/graph/followers HTTP/1.1" 200 15575 "http://www.pacetest.dk/people/Malene" "Mozilla/5.0 (compatible; heritrix/1.14.4 +http://netarkivet.dk/webcrawler/)"
130.226.228.73 - - [20/Jan/2014:09:15:47 -0500] "GET /people/Krafla/graph/followers HTTP/1.1" 200 15589 "http://www.pacetest.dk/people/Krafla" "Mozilla/5.0 (compatible; heritrix/1.14.4 +http://netarkivet.dk/webcrawler/)"
94.145.68.182 - - [20/Jan/2014:09:15:52 -0500] "GET /notifications?get=count HTTP/1.1" 200 24 "http://www.pacetest.dk/" "Mozilla/5.0 (Windows NT 6.2; WOW64; rv:26.0) Gecko/20100101 Firefox/26.0"
130.226.228.73 - - [20/Jan/2014:09:15:51 -0500] "GET /people/Misskanstrup/graph/followers HTTP/1.1" 200 9879 "http://www.pacetest.dk/people/Misskanstrup" "Mozilla/5.0 (compatible; heritrix/1.14.4 +http://netarkivet.dk/webcrawler/)"
- - - [20/Jan/2014:09:15:54 -0500] "OPTIONS * HTTP/1.0" 200 - "-" "Apache/2.2.22 (Red Hat Enterprise Web Server) (internal dummy connection)"
130.226.228.73 - - [20/Jan/2014:09:15:56 -0500] "GET /people/marietoftegaard/graph/followers HTTP/1.1" 200 9139 "http://www.pacetest.dk/people/marietoftegaard" "Mozilla/5.0 (compatible; heritrix/1.14.4 +http://netarkivet.dk/webcrawler/)"
130.226.228.73 - - [20/Jan/2014:09:15:59 -0500] "GET /people/MVMUNK/graph/followers HTTP/1.1" 200 8978 "http://www.pacetest.dk/people/MVMUNK" "Mozilla/5.0 (compatible; heritrix/1.14.4 +http://netarkivet.dk/webcrawler/)"
130.226.228.73 - - [20/Jan/2014:09:16:05 -0500] "GET /people/karenabildgaard/graph/leaders HTTP/1.1" 200 15662 "http://www.pacetest.dk/people/karenabildgaard/graph/followers" "Mozilla/5.0 (compatible; heritrix/1.14.4 +http://netarkivet.dk/webcrawler/)"
130.226.228.73 - - [20/Jan/2014:09:16:13 -0500] "GET /people/karenabildgaard/graph/mutuals HTTP/1.1" 200 15662 "http://www.pacetest.dk/people/karenabildgaard/graph/followers" "Mozilla/5.0 (compatible; heritrix/1.14.4 +http://netarkivet.dk/webcrawler/)"
130.226.228.73 - - [20/Jan/2014:09:16:17 -0500] "GET /people/karenabildgaard/graph/commonleaders HTTP/1.1" 200 9266 "http://www.pacetest.dk/people/karenabildgaard/graph/followers" "Mozilla/5.0 (compatible; heritrix/1.14.4 +http://netarkivet.dk/webcrawler/)"
94.145.68.182 - - [20/Jan/2014:09:16:21 -0500] "GET /notifications?get=count HTTP/1.1" 200 24 "http://www.pacetest.dk/" "Mozilla/5.0 (Windows NT 6.2; WOW64; rv:26.0) Gecko/20100101 Firefox/26.0"
130.226.228.73 - - [20/Jan/2014:09:16:21 -0500] "GET /people/Kaae/graph/leaders HTTP/1.1" 200 19024 "http://www.pacetest.dk/people/Kaae/graph/followers" "Mozilla/5.0 (compatible; heritrix/1.14.4 +http://netarkivet.dk/webcrawler/)"
- - - [20/Jan/2014:09:16:25 -0500] "OPTIONS * HTTP/1.0" 200 - "-" "Apache/2.2.22 (Red Hat Enterprise Web Server) (internal dummy connection)"
130.226.228.73 - - [20/Jan/2014:09:16:26 -0500] "GET /people/Kaae/graph/mutuals HTTP/1.1" 200 15579 "http://www.pacetest.dk/people/Kaae/graph/followers" "Mozilla/5.0 (compatible; heritrix/1.14.4 +http://netarkivet.dk/webcrawler/)"
130.226.228.73 - - [20/Jan/2014:09:16:29 -0500] "GET /people/Kaae/graph/commonleaders HTTP/1.1" 200 9151 "http://www.pacetest.dk/people/Kaae/graph/followers" "Mozilla/5.0 (compatible; heritrix/1.14.4 +http://netarkivet.dk/webcrawler/)"
130.226.228.73 - - [20/Jan/2014:09:16:33 -0500] "GET /people/Cthrane/graph/leaders HTTP/1.1" 200 16495 "http://www.pacetest.dk/people/Cthrane/graph/followers" "Mozilla/5.0 (compatible; heritrix/1.14.4 +http://netarkivet.dk/webcrawler/)"
130.226.228.73 - - [20/Jan/2014:09:16:37 -0500] "GET /people/Cthrane/graph/mutuals HTTP/1.1" 200 13784 "http://www.pacetest.dk/people/Cthrane/graph/followers" "Mozilla/5.0 (compatible; heritrix/1.14.4 +http://netarkivet.dk/webcrawler/)"
130.226.228.73 - - [20/Jan/2014:09:16:40 -0500] "GET /people/Cthrane/graph/commonleaders HTTP/1.1" 200 9196 "http://www.pacetest.dk/people/Cthrane/graph/followers" "Mozilla/5.0 (compatible; heritrix/1.14.4 +http://netarkivet.dk/webcrawler/)"
130.226.228.73 - - [20/Jan/2014:09:16:44 -0500] "GET /people/linekaae/graph/leaders HTTP/1.1" 200 17406 "http://www.pacetest.dk/people/linekaae/graph/followers" "Mozilla/5.0 (compatible; heritrix/1.14.4 +http://netarkivet.dk/webcrawler/)"
130.226.228.73 - - [20/Jan/2014:09:16:47 -0500] "GET /people/linekaae/graph/mutuals HTTP/1.1" 200 16497 "http://www.pacetest.dk/people/linekaae/graph/followers" "Mozilla/5.0 (compatible; heritrix/1.14.4 +http://netarkivet.dk/webcrawler/)"
130.226.228.73 - - [20/Jan/2014:09:16:51 -0500] "GET /people/linekaae/graph/commonleaders HTTP/1.1" 200 9227 "http://www.pacetest.dk/people/linekaae/graph/followers" "Mozilla/5.0 (compatible; heritrix/1.14.4 +http://netarkivet.dk/webcrawler/)"
94.145.68.182 - - [20/Jan/2014:09:16:52 -0500] "GET /notifications?get=count HTTP/1.1" 200 24 "http://www.pacetest.dk/" "Mozilla/5.0 (Windows NT 6.2; WOW64; rv:26.0) Gecko/20100101 Firefox/26.0"
- - - [20/Jan/2014:09:16:54 -0500] "OPTIONS * HTTP/1.0" 200 - "-" "Apache/2.2.22 (Red Hat Enterprise Web Server) (internal dummy connection)"
130.226.228.73 - - [20/Jan/2014:09:16:56 -0500] "GET /people/Jette/graph/leaders HTTP/1.1" 200 16495 "http://www.pacetest.dk/people/Jette/graph/followers" "Mozilla/5.0 (compatible; heritrix/1.14.4 +http://netarkivet.dk/webcrawler/)"
130.226.228.73 - - [20/Jan/2014:09:16:59 -0500] "GET /people/Jette/graph/mutuals HTTP/1.1" 200 13790 "http://www.pacetest.dk/people/Jette/graph/followers" "Mozilla/5.0 (compatible; heritrix/1.14.4 +http://netarkivet.dk/webcrawler/)"
130.226.228.73 - - [20/Jan/2014:09:17:03 -0500] "GET /people/Jette/graph/commonleaders HTTP/1.1" 200 9202 "http://www.pacetest.dk/people/Jette/graph/followers" "Mozilla/5.0 (compatible; heritrix/1.14.4 +http://netarkivet.dk/webcrawler/)"
130.226.228.73 - - [20/Jan/2014:09:17:07 -0500] "GET /photos/@PeterFrederiksen HTTP/1.1" 200 7931 "http://www.pacetest.dk/photos/@216" "Mozilla/5.0 (compatible; heritrix/1.14.4 +http://netarkivet.dk/webcrawler/)"
130.226.228.73 - - [20/Jan/2014:09:17:11 -0500] "GET /photos/@216?layout=default HTTP/1.1" 200 7911 "http://www.pacetest.dk/photos/@216" "Mozilla/5.0 (compatible; heritrix/1.14.4 +http://netarkivet.dk/webcrawler/)"
130.226.228.73 - - [20/Jan/2014:09:17:15 -0500] "GET /photos/@216?layout=masonry HTTP/1.1" 200 7870 "http://www.pacetest.dk/photos/@216" "Mozilla/5.0 (compatible; heritrix/1.14.4 +http://netarkivet.dk/webcrawler/)"
94.145.68.182 - - [20/Jan/2014:09:17:21 -0500] "GET /notifications?get=count HTTP/1.1" 200 24 "http://www.pacetest.dk/" "Mozilla/5.0 (Windows NT 6.2; WOW64; rv:26.0) Gecko/20100101 Firefox/26.0"
94.145.68.182 - - [20/Jan/2014:09:17:51 -0500] "GET /notifications?get=count HTTP/1.1" 200 24 "http://www.pacetest.dk/" "Mozilla/5.0 (Windows NT 6.2; WOW64; rv:26.0) Gecko/20100101 Firefox/26.0"
94.145.68.182 - - [20/Jan/2014:09:18:21 -0500] "GET /notifications?get=count HTTP/1.1" 200 24 "http://www.pacetest.dk/" "Mozilla/5.0 (Windows NT 6.2; WOW64; rv:26.0) Gecko/20100101 Firefox/26.0"
94.145.68.182 - - [20/Jan/2014:09:18:51 -0500] "GET /notifications?get=count HTTP/1.1" 200 24 "http://www.pacetest.dk/" "Mozilla/5.0 (Windows NT 6.2; WOW64; rv:26.0) Gecko/20100101 Firefox/26.0"
94.145.68.182 - - [20/Jan/2014:09:19:21 -0500] "GET /notifications?get=count HTTP/1.1" 200 24 "http://www.pacetest.dk/" "Mozilla/5.0 (Windows NT 6.2; WOW64; rv:26.0) Gecko/20100101 Firefox/26.0"
94.145.68.182 - - [20/Jan/2014:09:19:51 -0500] "GET /notifications?get=count HTTP/1.1" 200 24 "http://www.pacetest.dk/" "Mozilla/5.0 (Windows NT 6.2; WOW64; rv:26.0) Gecko/20100101 Firefox/26.0"
94.145.68.182 - - [20/Jan/2014:09:20:21 -0500] "GET /notifications?get=count HTTP/1.1" 200 24 "http://www.pacetest.dk/" "Mozilla/5.0 (Windows NT 6.2; WOW64; rv:26.0) Gecko/20100101 Firefox/26.0"
94.145.68.182 - - [20/Jan/2014:09:20:51 -0500] "GET /notifications?get=count HTTP/1.1" 200 24 "http://www.pacetest.dk/" "Mozilla/5.0 (Windows NT 6.2; WOW64; rv:26.0) Gecko/20100101 Firefox/26.0"
130.226.228.73 - - [20/Jan/2014:09:21:07 -0500] "GET /pages/@216?order=creationTime&layout=list HTTP/1.1" 200 7371 "http://www.pacetest.dk/pages/@216" "Mozilla/5.0 (compatible; heritrix/1.14.4 +http://netarkivet.dk/webcrawler/)"
94.145.68.182 - - [20/Jan/2014:09:21:22 -0500] "GET /notifications?get=count HTTP/1.1" 200 24 "http://www.pacetest.dk/" "Mozilla/5.0 (Windows NT 6.2; WOW64; rv:26.0) Gecko/20100101 Firefox/26.0"
94.145.68.182 - - [20/Jan/2014:09:21:51 -0500] "GET /notifications?get=count HTTP/1.1" 200 24 "http://www.pacetest.dk/" "Mozilla/5.0 (Windows NT 6.2; WOW64; rv:26.0) Gecko/20100101 Firefox/26.0"
130.226.228.73 - - [20/Jan/2014:09:22:19 -0500] "GET /pages/@216?order=updateTime&layout=list HTTP/1.1" 200 7365 "http://www.pacetest.dk/pages/@216" "Mozilla/5.0 (compatible; heritrix/1.14.4 +http://netarkivet.dk/webcrawler/)"
94.145.68.182 - - [20/Jan/2014:09:22:21 -0500] "GET /notifications?get=count HTTP/1.1" 200 24 "http://www.pacetest.dk/" "Mozilla/5.0 (Windows NT 6.2; WOW64; rv:26.0) Gecko/20100101 Firefox/26.0"
- - - [20/Jan/2014:09:22:23 -0500] "OPTIONS * HTTP/1.0" 200 - "-" "Apache/2.2.22 (Red Hat Enterprise Web Server) (internal dummy connection)"
130.226.228.73 - - [20/Jan/2014:09:22:42 -0500] "GET /people/PeterFrederiksen/graph/leaders HTTP/1.1" 200 17466 "http://www.pacetest.dk/people/PeterFrederiksen/graph/followers" "Mozilla/5.0 (compatible; heritrix/1.14.4 +http://netarkivet.dk/webcrawler/)"
130.226.228.73 - - [20/Jan/2014:09:22:47 -0500] "GET /people/PeterFrederiksen/graph/mutuals HTTP/1.1" 200 15666 "http://www.pacetest.dk/people/PeterFrederiksen/graph/followers" "Mozilla/5.0 (compatible; heritrix/1.14.4 +http://netarkivet.dk/webcrawler/)"
94.145.68.182 - - [20/Jan/2014:09:22:51 -0500] "GET /notifications?get=count HTTP/1.1" 200 24 "http://www.pacetest.dk/" "Mozilla/5.0 (Windows NT 6.2; WOW64; rv:26.0) Gecko/20100101 Firefox/26.0"
130.226.228.73 - - [20/Jan/2014:09:22:50 -0500] "GET /people/PeterFrederiksen/graph/commonleaders HTTP/1.1" 200 9323 "http://www.pacetest.dk/people/PeterFrederiksen/graph/followers" "Mozilla/5.0 (compatible; heritrix/1.14.4 +http://netarkivet.dk/webcrawler/)"
- - - [20/Jan/2014:09:22:54 -0500] "OPTIONS * HTTP/1.0" 200 - "-" "Apache/2.2.22 (Red Hat Enterprise Web Server) (internal dummy connection)"
130.226.228.73 - - [20/Jan/2014:09:22:55 -0500] "GET /people/hera2013/graph/leaders HTTP/1.1" 200 9111 "http://www.pacetest.dk/people/hera2013/graph/followers" "Mozilla/5.0 (compatible; heritrix/1.14.4 +http://netarkivet.dk/webcrawler/)"
130.226.228.73 - - [20/Jan/2014:09:22:58 -0500] "GET /people/hera2013/graph/mutuals HTTP/1.1" 200 9111 "http://www.pacetest.dk/people/hera2013/graph/followers" "Mozilla/5.0 (compatible; heritrix/1.14.4 +http://netarkivet.dk/webcrawler/)"
130.226.228.73 - - [20/Jan/2014:09:23:02 -0500] "GET /people/hera2013/graph/commonleaders HTTP/1.1" 200 9131 "http://www.pacetest.dk/people/hera2013/graph/followers" "Mozilla/5.0 (compatible; heritrix/1.14.4 +http://netarkivet.dk/webcrawler/)"
130.226.228.73 - - [20/Jan/2014:09:23:05 -0500] "GET /people/Mette/graph/leaders HTTP/1.1" 200 11878 "http://www.pacetest.dk/people/Mette/graph/followers" "Mozilla/5.0 (compatible; heritrix/1.14.4 +http://netarkivet.dk/webcrawler/)"
130.226.228.73 - - [20/Jan/2014:09:23:09 -0500] "GET /people/Mette/graph/mutuals HTTP/1.1" 200 10969 "http://www.pacetest.dk/people/Mette/graph/followers" "Mozilla/5.0 (compatible; heritrix/1.14.4 +http://netarkivet.dk/webcrawler/)"
130.226.228.73 - - [20/Jan/2014:09:23:12 -0500] "GET /people/Mette/graph/commonleaders HTTP/1.1" 200 9166 "http://www.pacetest.dk/people/Mette/graph/followers" "Mozilla/5.0 (compatible; heritrix/1.14.4 +http://netarkivet.dk/webcrawler/)"
130.226.228.73 - - [20/Jan/2014:09:23:16 -0500] "GET /people/LotteAndreassen/graph/leaders HTTP/1.1" 200 17461 "http://www.pacetest.dk/people/LotteAndreassen/graph/followers" "Mozilla/5.0 (compatible; heritrix/1.14.4 +http://netarkivet.dk/webcrawler/)"
130.226.228.73 - - [20/Jan/2014:09:23:20 -0500] "GET /people/LotteAndreassen/graph/mutuals HTTP/1.1" 200 15661 "http://www.pacetest.dk/people/LotteAndreassen/graph/followers" "Mozilla/5.0 (compatible; heritrix/1.14.4 +http://netarkivet.dk/webcrawler/)"
94.145.68.182 - - [20/Jan/2014:09:23:21 -0500] "GET /notifications?get=count HTTP/1.1" 200 24 "http://www.pacetest.dk/" "Mozilla/5.0 (Windows NT 6.2; WOW64; rv:26.0) Gecko/20100101 Firefox/26.0"
- - - [20/Jan/2014:09:23:24 -0500] "OPTIONS * HTTP/1.0" 200 - "-" "Apache/2.2.22 (Red Hat Enterprise Web Server) (internal dummy connection)"
130.226.228.73 - - [20/Jan/2014:09:23:24 -0500] "GET /people/LotteAndreassen/graph/commonleaders HTTP/1.1" 200 9272 "http://www.pacetest.dk/people/LotteAndreassen/graph/followers" "Mozilla/5.0 (compatible; heritrix/1.14.4 +http://netarkivet.dk/webcrawler/)"
130.226.228.73 - - [20/Jan/2014:09:23:28 -0500] "GET /people/Malene/graph/leaders HTTP/1.1" 200 14660 "http://www.pacetest.dk/people/Malene/graph/followers" "Mozilla/5.0 (compatible; heritrix/1.14.4 +http://netarkivet.dk/webcrawler/)"
130.226.228.73 - - [20/Jan/2014:09:23:32 -0500] "GET /people/Malene/graph/mutuals HTTP/1.1" 200 14660 "http://www.pacetest.dk/people/Malene/graph/followers" "Mozilla/5.0 (compatible; heritrix/1.14.4 +http://netarkivet.dk/webcrawler/)"
130.226.228.73 - - [20/Jan/2014:09:23:36 -0500] "GET /people/Malene/graph/commonleaders HTTP/1.1" 200 9181 "http://www.pacetest.dk/people/Malene/graph/followers" "Mozilla/5.0 (compatible; heritrix/1.14.4 +http://netarkivet.dk/webcrawler/)"
130.226.228.73 - - [20/Jan/2014:09:23:40 -0500] "GET /people/Krafla/graph/leaders HTTP/1.1" 200 9183 "http://www.pacetest.dk/people/Krafla/graph/followers" "Mozilla/5.0 (compatible; heritrix/1.14.4 +http://netarkivet.dk/webcrawler/)"
130.226.228.73 - - [20/Jan/2014:09:23:43 -0500] "GET /people/Krafla/graph/mutuals HTTP/1.1" 200 9183 "http://www.pacetest.dk/people/Krafla/graph/followers" "Mozilla/5.0 (compatible; heritrix/1.14.4 +http://netarkivet.dk/webcrawler/)"
130.226.228.73 - - [20/Jan/2014:09:23:47 -0500] "GET /people/Krafla/graph/commonleaders HTTP/1.1" 200 9203 "http://www.pacetest.dk/people/Krafla/graph/followers" "Mozilla/5.0 (compatible; heritrix/1.14.4 +http://netarkivet.dk/webcrawler/)"
130.226.228.73 - - [20/Jan/2014:09:23:50 -0500] "GET /people/Misskanstrup/graph/leaders HTTP/1.1" 200 9006 "http://www.pacetest.dk/people/Misskanstrup/graph/followers" "Mozilla/5.0 (compatible; heritrix/1.14.4 +http://netarkivet.dk/webcrawler/)"
94.145.68.182 - - [20/Jan/2014:09:23:51 -0500] "GET /notifications?get=count HTTP/1.1" 200 24 "http://www.pacetest.dk/" "Mozilla/5.0 (Windows NT 6.2; WOW64; rv:26.0) Gecko/20100101 Firefox/26.0"
- - - [20/Jan/2014:09:23:53 -0500] "OPTIONS * HTTP/1.0" 200 - "-" "Apache/2.2.22 (Red Hat Enterprise Web Server) (internal dummy connection)"
130.226.228.73 - - [20/Jan/2014:09:23:54 -0500] "GET /people/Misskanstrup/graph/mutuals HTTP/1.1" 200 9006 "http://www.pacetest.dk/people/Misskanstrup/graph/followers" "Mozilla/5.0 (compatible; heritrix/1.14.4 +http://netarkivet.dk/webcrawler/)"
130.226.228.73 - - [20/Jan/2014:09:23:58 -0500] "GET /people/Misskanstrup/graph/commonleaders HTTP/1.1" 200 9026 "http://www.pacetest.dk/people/Misskanstrup/graph/followers" "Mozilla/5.0 (compatible; heritrix/1.14.4 +http://netarkivet.dk/webcrawler/)"
130.226.228.73 - - [20/Jan/2014:09:24:02 -0500] "GET /people/marietoftegaard/graph/leaders HTTP/1.1" 200 9129 "http://www.pacetest.dk/people/marietoftegaard/graph/followers" "Mozilla/5.0 (compatible; heritrix/1.14.4 +http://netarkivet.dk/webcrawler/)"
130.226.228.73 - - [20/Jan/2014:09:24:05 -0500] "GET /people/marietoftegaard/graph/mutuals HTTP/1.1" 200 9129 "http://www.pacetest.dk/people/marietoftegaard/graph/followers" "Mozilla/5.0 (compatible; heritrix/1.14.4 +http://netarkivet.dk/webcrawler/)"
130.226.228.73 - - [20/Jan/2014:09:24:09 -0500] "GET /people/marietoftegaard/graph/commonleaders HTTP/1.1" 200 9149 "http://www.pacetest.dk/people/marietoftegaard/graph/followers" "Mozilla/5.0 (compatible; heritrix/1.14.4 +http://netarkivet.dk/webcrawler/)"
130.226.228.73 - - [20/Jan/2014:09:24:13 -0500] "GET /people/MVMUNK/graph/leaders HTTP/1.1" 200 8968 "http://www.pacetest.dk/people/MVMUNK/graph/followers" "Mozilla/5.0 (compatible; heritrix/1.14.4 +http://netarkivet.dk/webcrawler/)"
130.226.228.73 - - [20/Jan/2014:09:24:16 -0500] "GET /people/MVMUNK/graph/mutuals HTTP/1.1" 200 8968 "http://www.pacetest.dk/people/MVMUNK/graph/followers" "Mozilla/5.0 (compatible; heritrix/1.14.4 +http://netarkivet.dk/webcrawler/)"
130.226.228.73 - - [20/Jan/2014:09:24:20 -0500] "GET /people/MVMUNK/graph/commonleaders HTTP/1.1" 200 8988 "http://www.pacetest.dk/people/MVMUNK/graph/followers" "Mozilla/5.0 (compatible; heritrix/1.14.4 +http://netarkivet.dk/webcrawler/)"
94.145.68.182 - - [20/Jan/2014:09:24:21 -0500] "GET /notifications?get=count HTTP/1.1" 200 24 "http://www.pacetest.dk/" "Mozilla/5.0 (Windows NT 6.2; WOW64; rv:26.0) Gecko/20100101 Firefox/26.0"
- - - [20/Jan/2014:09:24:23 -0500] "OPTIONS * HTTP/1.0" 200 - "-" "Apache/2.2.22 (Red Hat Enterprise Web Server) (internal dummy connection)"
130.226.228.73 - - [20/Jan/2014:09:24:24 -0500] "GET /photos/@PeterFrederiksen?layout=default HTTP/1.1" 200 7953 "http://www.pacetest.dk/photos/@PeterFrederiksen" "Mozilla/5.0 (compatible; heritrix/1.14.4 +http://netarkivet.dk/webcrawler/)"
130.226.228.73 - - [20/Jan/2014:09:24:28 -0500] "GET /photos/@PeterFrederiksen?layout=masonry HTTP/1.1" 200 7912 "http://www.pacetest.dk/photos/@PeterFrederiksen" "Mozilla/5.0 (compatible; heritrix/1.14.4 +http://netarkivet.dk/webcrawler/)"
94.145.68.182 - - [20/Jan/2014:09:24:51 -0500] "GET /notifications?get=count HTTP/1.1" 200 24 "http://www.pacetest.dk/" "Mozilla/5.0 (Windows NT 6.2; WOW64; rv:26.0) Gecko/20100101 Firefox/26.0"
94.145.68.182 - - [20/Jan/2014:09:25:22 -0500] "GET /notifications?get=count HTTP/1.1" 200 24 "http://www.pacetest.dk/" "Mozilla/5.0 (Windows NT 6.2; WOW64; rv:26.0) Gecko/20100101 Firefox/26.0"
94.145.68.182 - - [20/Jan/2014:09:25:51 -0500] "GET /notifications?get=count HTTP/1.1" 200 24 "http://www.pacetest.dk/" "Mozilla/5.0 (Windows NT 6.2; WOW64; rv:26.0) Gecko/20100101 Firefox/26.0"
94.145.68.182 - - [20/Jan/2014:09:26:21 -0500] "GET /notifications?get=count HTTP/1.1" 200 24 "http://www.pacetest.dk/" "Mozilla/5.0 (Windows NT 6.2; WOW64; rv:26.0) Gecko/20100101 Firefox/26.0"
94.145.68.182 - - [20/Jan/2014:09:26:51 -0500] "GET /notifications?get=count HTTP/1.1" 200 24 "http://www.pacetest.dk/" "Mozilla/5.0 (Windows NT 6.2; WOW64; rv:26.0) Gecko/20100101 Firefox/26.0"
94.145.68.182 - - [20/Jan/2014:09:27:21 -0500] "GET /notifications?get=count HTTP/1.1" 200 24 "http://www.pacetest.dk/" "Mozilla/5.0 (Windows NT 6.2; WOW64; rv:26.0) Gecko/20100101 Firefox/26.0"
94.145.68.182 - - [20/Jan/2014:09:27:51 -0500] "GET /notifications?get=count HTTP/1.1" 200 24 "http://www.pacetest.dk/" "Mozilla/5.0 (Windows NT 6.2; WOW64; rv:26.0) Gecko/20100101 Firefox/26.0"
94.145.68.182 - - [20/Jan/2014:09:28:21 -0500] "GET /notifications?get=count HTTP/1.1" 200 24 "http://www.pacetest.dk/" "Mozilla/5.0 (Windows NT 6.2; WOW64; rv:26.0) Gecko/20100101 Firefox/26.0"
