- - - [05/Jan/2014:16:29:03 -0500] "OPTIONS * HTTP/1.0" 200 - "-" "Apache/2.2.22 (Red Hat Enterprise Web Server) (internal dummy connection)"
87.58.246.97 - - [05/Jan/2014:16:29:13 -0500] "GET /index.php/people/561/settings HTTP/1.1" 200 11806 "http://www.pacetest.dk/index.php/menu/groups" "Mozilla/5.0 (compatible; MSIE 9.0; Windows NT 6.0; Trident/5.0)"
87.58.241.191 - - [05/Jan/2014:16:29:14 -0500] "GET /index.php/notifications?get=count HTTP/1.1" 200 24 "http://www.pacetest.dk/index.php/notes/571" "Mozilla/5.0 (Macintosh; Intel Mac OS X 10_9_1) AppleWebKit/537.73.11 (KHTML, like Gecko) Version/7.0.1 Safari/537.73.11"
- - - [05/Jan/2014:16:29:15 -0500] "OPTIONS * HTTP/1.0" 200 - "-" "Apache/2.2.22 (Red Hat Enterprise Web Server) (internal dummy connection)"
87.58.246.97 - - [05/Jan/2014:16:29:20 -0500] "GET /index.php/people/marietoftegaard HTTP/1.1" 200 11730 "http://www.pacetest.dk/index.php/people/561/settings" "Mozilla/5.0 (compatible; MSIE 9.0; Windows NT 6.0; Trident/5.0)"
87.58.246.97 - - [05/Jan/2014:16:29:23 -0500] "GET /media/lib_anahita/images/avatar/medium_default.gif HTTP/1.1" 200 191860 "http://www.pacetest.dk/index.php/people/marietoftegaard" "Mozilla/5.0 (compatible; MSIE 9.0; Windows NT 6.0; Trident/5.0)"
87.58.246.97 - - [05/Jan/2014:16:29:23 -0500] "GET /index.php/people/marietoftegaard/graph/followers?layout=gadget&hq2tcrb2 HTTP/1.1" 200 396 "http://www.pacetest.dk/" "Mozilla/5.0 (compatible; MSIE 9.0; Windows NT 6.0; Trident/5.0)"
- - - [05/Jan/2014:16:29:25 -0500] "OPTIONS * HTTP/1.0" 200 - "-" "Apache/2.2.22 (Red Hat Enterprise Web Server) (internal dummy connection)"
87.58.241.191 - - [05/Jan/2014:16:29:26 -0500] "GET /index.php/notifications?get=count HTTP/1.1" 200 24 "http://www.pacetest.dk/index.php/pages/437-deltagerliste-sj%C3%A6lland-10-11-12-januar-2014?layout=edit" "Mozilla/5.0 (Macintosh; Intel Mac OS X 10_9_1) AppleWebKit/537.73.11 (KHTML, like Gecko) Version/7.0.1 Safari/537.73.11"
94.145.68.182 - - [05/Jan/2014:16:29:30 -0500] "GET /index.php/notifications?get=count HTTP/1.1" 200 24 "http://www.pacetest.dk/index.php/people/Jette" "Mozilla/5.0 (Windows NT 6.2; WOW64; rv:26.0) Gecko/20100101 Firefox/26.0"
87.58.241.191 - - [05/Jan/2014:16:29:44 -0500] "GET /index.php/notifications?get=count HTTP/1.1" 200 24 "http://www.pacetest.dk/index.php/notes/571" "Mozilla/5.0 (Macintosh; Intel Mac OS X 10_9_1) AppleWebKit/537.73.11 (KHTML, like Gecko) Version/7.0.1 Safari/537.73.11"
87.58.246.97 - - [05/Jan/2014:16:29:49 -0500] "GET /index.php/people/561/settings HTTP/1.1" 200 11806 "http://www.pacetest.dk/index.php/people/marietoftegaard" "Mozilla/5.0 (compatible; MSIE 9.0; Windows NT 6.0; Trident/5.0)"
87.58.241.191 - - [05/Jan/2014:16:29:56 -0500] "GET /index.php/notifications?get=count HTTP/1.1" 200 24 "http://www.pacetest.dk/index.php/pages/437-deltagerliste-sj%C3%A6lland-10-11-12-januar-2014?layout=edit" "Mozilla/5.0 (Macintosh; Intel Mac OS X 10_9_1) AppleWebKit/537.73.11 (KHTML, like Gecko) Version/7.0.1 Safari/537.73.11"
94.145.68.182 - - [05/Jan/2014:16:30:00 -0500] "GET /index.php/notifications?get=count HTTP/1.1" 200 24 "http://www.pacetest.dk/index.php/people/Jette" "Mozilla/5.0 (Windows NT 6.2; WOW64; rv:26.0) Gecko/20100101 Firefox/26.0"
87.58.241.191 - - [05/Jan/2014:16:30:14 -0500] "GET /index.php/notifications?get=count HTTP/1.1" 200 24 "http://www.pacetest.dk/index.php/notes/571" "Mozilla/5.0 (Macintosh; Intel Mac OS X 10_9_1) AppleWebKit/537.73.11 (KHTML, like Gecko) Version/7.0.1 Safari/537.73.11"
87.58.246.97 - - [05/Jan/2014:16:30:21 -0500] "GET /index.php/people/561/settings?edit=account HTTP/1.1" 200 15435 "http://www.pacetest.dk/index.php/people/561/settings" "Mozilla/5.0 (compatible; MSIE 9.0; Windows NT 6.0; Trident/5.0)"
87.58.241.191 - - [05/Jan/2014:16:30:26 -0500] "GET /index.php/notifications?get=count HTTP/1.1" 200 24 "http://www.pacetest.dk/index.php/pages/437-deltagerliste-sj%C3%A6lland-10-11-12-januar-2014?layout=edit" "Mozilla/5.0 (Macintosh; Intel Mac OS X 10_9_1) AppleWebKit/537.73.11 (KHTML, like Gecko) Version/7.0.1 Safari/537.73.11"
87.58.246.97 - - [05/Jan/2014:16:30:25 -0500] "GET /index.php/people/561/settings?edit=account HTTP/1.1" 200 15435 "http://www.pacetest.dk/index.php/people/561/settings?edit=account" "Mozilla/5.0 (compatible; MSIE 9.0; Windows NT 6.0; Trident/5.0)"
- - - [05/Jan/2014:16:30:28 -0500] "OPTIONS * HTTP/1.0" 200 - "-" "Apache/2.2.22 (Red Hat Enterprise Web Server) (internal dummy connection)"
94.145.68.182 - - [05/Jan/2014:16:30:30 -0500] "GET /index.php/notifications?get=count HTTP/1.1" 200 24 "http://www.pacetest.dk/index.php/people/Jette" "Mozilla/5.0 (Windows NT 6.2; WOW64; rv:26.0) Gecko/20100101 Firefox/26.0"
87.58.241.191 - - [05/Jan/2014:16:30:44 -0500] "GET /index.php/notifications?get=count HTTP/1.1" 200 24 "http://www.pacetest.dk/index.php/notes/571" "Mozilla/5.0 (Macintosh; Intel Mac OS X 10_9_1) AppleWebKit/537.73.11 (KHTML, like Gecko) Version/7.0.1 Safari/537.73.11"
87.58.241.191 - - [05/Jan/2014:16:30:56 -0500] "GET /index.php/notifications?get=count HTTP/1.1" 200 24 "http://www.pacetest.dk/index.php/pages/437-deltagerliste-sj%C3%A6lland-10-11-12-januar-2014?layout=edit" "Mozilla/5.0 (Macintosh; Intel Mac OS X 10_9_1) AppleWebKit/537.73.11 (KHTML, like Gecko) Version/7.0.1 Safari/537.73.11"
94.145.68.182 - - [05/Jan/2014:16:31:00 -0500] "GET /index.php/notifications?get=count HTTP/1.1" 200 24 "http://www.pacetest.dk/index.php/people/Jette" "Mozilla/5.0 (Windows NT 6.2; WOW64; rv:26.0) Gecko/20100101 Firefox/26.0"
87.58.241.191 - - [05/Jan/2014:16:31:14 -0500] "GET /index.php/notifications?get=count HTTP/1.1" 200 24 "http://www.pacetest.dk/index.php/notes/571" "Mozilla/5.0 (Macintosh; Intel Mac OS X 10_9_1) AppleWebKit/537.73.11 (KHTML, like Gecko) Version/7.0.1 Safari/537.73.11"
87.58.246.97 - - [05/Jan/2014:16:31:17 -0500] "GET /index.php/menu/groups HTTP/1.1" 200 7106 "http://www.pacetest.dk/index.php/people/561/settings?edit=account" "Mozilla/5.0 (compatible; MSIE 9.0; Windows NT 6.0; Trident/5.0)"
94.145.68.182 - - [05/Jan/2014:16:31:27 -0500] "GET /templates/base/css/images/spinner.gif HTTP/1.1" 304 - "http://www.pacetest.dk/templates/shiraz/css/style1/style.css" "Mozilla/5.0 (Windows NT 6.2; WOW64; rv:26.0) Gecko/20100101 Firefox/26.0"
87.58.241.191 - - [05/Jan/2014:16:31:26 -0500] "GET /index.php/notifications?get=count HTTP/1.1" 200 24 "http://www.pacetest.dk/index.php/pages/437-deltagerliste-sj%C3%A6lland-10-11-12-januar-2014?layout=edit" "Mozilla/5.0 (Macintosh; Intel Mac OS X 10_9_1) AppleWebKit/537.73.11 (KHTML, like Gecko) Version/7.0.1 Safari/537.73.11"
- - - [05/Jan/2014:16:31:28 -0500] "OPTIONS * HTTP/1.0" 200 - "-" "Apache/2.2.22 (Red Hat Enterprise Web Server) (internal dummy connection)"
87.58.246.97 - - [05/Jan/2014:16:31:25 -0500] "GET /index.php/menu/groups HTTP/1.1" 200 7106 "http://www.pacetest.dk/index.php/menu/groups" "Mozilla/5.0 (compatible; MSIE 9.0; Windows NT 6.0; Trident/5.0)"
94.145.68.182 - - [05/Jan/2014:16:31:27 -0500] "GET /index.php/notifications?layout=popover&hq2tc913 HTTP/1.1" 404 40 "http://www.pacetest.dk/index.php/people/Jette" "Mozilla/5.0 (Windows NT 6.2; WOW64; rv:26.0) Gecko/20100101 Firefox/26.0"
- - - [05/Jan/2014:16:31:30 -0500] "OPTIONS * HTTP/1.0" 200 - "-" "Apache/2.2.22 (Red Hat Enterprise Web Server) (internal dummy connection)"
94.145.68.182 - - [05/Jan/2014:16:31:30 -0500] "GET /index.php/notifications?get=count HTTP/1.1" 404 40 "http://www.pacetest.dk/index.php/people/Jette" "Mozilla/5.0 (Windows NT 6.2; WOW64; rv:26.0) Gecko/20100101 Firefox/26.0"
- - - [05/Jan/2014:16:31:31 -0500] "OPTIONS * HTTP/1.0" 200 - "-" "Apache/2.2.22 (Red Hat Enterprise Web Server) (internal dummy connection)"
87.58.246.97 - - [05/Jan/2014:16:31:37 -0500] "GET /index.php/menu/people HTTP/1.1" 200 18934 "http://www.pacetest.dk/index.php/menu/groups" "Mozilla/5.0 (compatible; MSIE 9.0; Windows NT 6.0; Trident/5.0)"
87.58.241.191 - - [05/Jan/2014:16:31:44 -0500] "GET /index.php/notifications?get=count HTTP/1.1" 200 24 "http://www.pacetest.dk/index.php/notes/571" "Mozilla/5.0 (Macintosh; Intel Mac OS X 10_9_1) AppleWebKit/537.73.11 (KHTML, like Gecko) Version/7.0.1 Safari/537.73.11"
94.145.68.182 - - [05/Jan/2014:16:31:54 -0500] "GET /index.php/notifications?layout=popover&hq2tc914 HTTP/1.1" 404 40 "http://www.pacetest.dk/index.php/people/Jette" "Mozilla/5.0 (Windows NT 6.2; WOW64; rv:26.0) Gecko/20100101 Firefox/26.0"
94.145.68.182 - - [05/Jan/2014:16:32:00 -0500] "GET /index.php/notifications?get=count HTTP/1.1" 404 40 "http://www.pacetest.dk/index.php/people/Jette" "Mozilla/5.0 (Windows NT 6.2; WOW64; rv:26.0) Gecko/20100101 Firefox/26.0"
87.58.241.191 - - [05/Jan/2014:16:32:14 -0500] "GET /index.php/notifications?get=count HTTP/1.1" 200 24 "http://www.pacetest.dk/index.php/notes/571" "Mozilla/5.0 (Macintosh; Intel Mac OS X 10_9_1) AppleWebKit/537.73.11 (KHTML, like Gecko) Version/7.0.1 Safari/537.73.11"
94.145.68.182 - - [05/Jan/2014:16:32:17 -0500] "GET / HTTP/1.1" 200 7814 "http://www.pacetest.dk/index.php/people/Jette" "Mozilla/5.0 (Windows NT 6.2; WOW64; rv:26.0) Gecko/20100101 Firefox/26.0"
94.145.68.182 - - [05/Jan/2014:16:32:18 -0500] "GET / HTTP/1.1" 200 7814 "http://www.pacetest.dk/index.php/people/Jette" "Mozilla/5.0 (Windows NT 6.2; WOW64; rv:26.0) Gecko/20100101 Firefox/26.0"
94.145.68.182 - - [05/Jan/2014:16:32:22 -0500] "GET /index.php/people/session?layout=modal&return=aHR0cDovL3d3dy5wYWNldGVzdC5kay8%3D&hq2tgj9e HTTP/1.1" 200 1443 "http://www.pacetest.dk/" "Mozilla/5.0 (Windows NT 6.2; WOW64; rv:26.0) Gecko/20100101 Firefox/26.0"
94.145.68.182 - - [05/Jan/2014:16:32:36 -0500] "POST /index.php/people/session?layout=modal HTTP/1.1" 303 - "http://www.pacetest.dk/" "Mozilla/5.0 (Windows NT 6.2; WOW64; rv:26.0) Gecko/20100101 Firefox/26.0"
87.58.241.191 - - [05/Jan/2014:16:32:44 -0500] "GET /index.php/notifications?get=count HTTP/1.1" 200 24 "http://www.pacetest.dk/index.php/notes/571" "Mozilla/5.0 (Macintosh; Intel Mac OS X 10_9_1) AppleWebKit/537.73.11 (KHTML, like Gecko) Version/7.0.1 Safari/537.73.11"
94.145.68.182 - - [05/Jan/2014:16:32:37 -0500] "GET / HTTP/1.1" 200 100038 "http://www.pacetest.dk/" "Mozilla/5.0 (Windows NT 6.2; WOW64; rv:26.0) Gecko/20100101 Firefox/26.0"
- - - [05/Jan/2014:16:32:47 -0500] "OPTIONS * HTTP/1.0" 200 - "-" "Apache/2.2.22 (Red Hat Enterprise Web Server) (internal dummy connection)"
94.145.68.182 - - [05/Jan/2014:16:32:47 -0500] "GET /index.php/stories?layout=list&filter=leaders&start=20&limit=20 HTTP/1.1" 200 40041 "http://www.pacetest.dk/" "Mozilla/5.0 (Windows NT 6.2; WOW64; rv:26.0) Gecko/20100101 Firefox/26.0"
94.145.68.182 - - [05/Jan/2014:16:32:49 -0500] "GET /index.php/notifications?layout=popover&hq2th44d HTTP/1.1" 200 21066 "http://www.pacetest.dk/" "Mozilla/5.0 (Windows NT 6.2; WOW64; rv:26.0) Gecko/20100101 Firefox/26.0"
94.145.68.182 - - [05/Jan/2014:16:32:47 -0500] "GET /index.php/stories?layout=list&filter=leaders&start=40&limit=20 HTTP/1.1" 200 53238 "http://www.pacetest.dk/" "Mozilla/5.0 (Windows NT 6.2; WOW64; rv:26.0) Gecko/20100101 Firefox/26.0"
- - - [05/Jan/2014:16:33:04 -0500] "OPTIONS * HTTP/1.0" 200 - "-" "Apache/2.2.22 (Red Hat Enterprise Web Server) (internal dummy connection)"
87.58.246.97 - - [05/Jan/2014:16:32:56 -0500] "GET /index.php/people/Mette HTTP/1.1" 200 12558 "http://www.pacetest.dk/index.php/menu/people" "Mozilla/5.0 (compatible; MSIE 9.0; Windows NT 6.0; Trident/5.0)"
94.145.68.182 - - [05/Jan/2014:16:33:06 -0500] "GET /index.php/groups/209/settings?edit=requests HTTP/1.1" 200 14574 "http://www.pacetest.dk/" "Mozilla/5.0 (Windows NT 6.2; WOW64; rv:26.0) Gecko/20100101 Firefox/26.0"
87.58.246.97 - - [05/Jan/2014:16:33:09 -0500] "GET /index.php/people/Mette/graph/followers?layout=gadget&hq2thlg1 HTTP/1.1" 200 3905 "http://www.pacetest.dk/" "Mozilla/5.0 (compatible; MSIE 9.0; Windows NT 6.0; Trident/5.0)"
94.145.68.182 - - [05/Jan/2014:16:32:59 -0500] "GET /index.php/stories?layout=list&filter=leaders&start=60&limit=20 HTTP/1.1" 200 102858 "http://www.pacetest.dk/" "Mozilla/5.0 (Windows NT 6.2; WOW64; rv:26.0) Gecko/20100101 Firefox/26.0"
87.58.241.191 - - [05/Jan/2014:16:33:14 -0500] "GET /index.php/notifications?get=count HTTP/1.1" 200 24 "http://www.pacetest.dk/index.php/notes/571" "Mozilla/5.0 (Macintosh; Intel Mac OS X 10_9_1) AppleWebKit/537.73.11 (KHTML, like Gecko) Version/7.0.1 Safari/537.73.11"
- - - [05/Jan/2014:16:33:20 -0500] "OPTIONS * HTTP/1.0" 200 - "-" "Apache/2.2.22 (Red Hat Enterprise Web Server) (internal dummy connection)"
94.145.68.182 - - [05/Jan/2014:16:33:17 -0500] "GET /index.php/notifications?get=count HTTP/1.1" 200 24 "http://www.pacetest.dk/" "Mozilla/5.0 (Windows NT 6.2; WOW64; rv:26.0) Gecko/20100101 Firefox/26.0"
94.145.68.182 - - [05/Jan/2014:16:33:12 -0500] "GET /index.php/groups/209/settings?edit=requests HTTP/1.1" 200 14574 "http://www.pacetest.dk/" "Mozilla/5.0 (Windows NT 6.2; WOW64; rv:26.0) Gecko/20100101 Firefox/26.0"
- - - [05/Jan/2014:16:33:21 -0500] "OPTIONS * HTTP/1.0" 200 - "-" "Apache/2.2.22 (Red Hat Enterprise Web Server) (internal dummy connection)"
- - - [05/Jan/2014:16:33:21 -0500] "OPTIONS * HTTP/1.0" 200 - "-" "Apache/2.2.22 (Red Hat Enterprise Web Server) (internal dummy connection)"
94.145.68.182 - - [05/Jan/2014:16:33:24 -0500] "POST /index.php/groups/209-ga-nextlevel-sj%C3%A6lland?action=confirmrequester&requester=561 HTTP/1.1" 303 - "http://www.pacetest.dk/index.php/groups/209/settings?edit=requests" "Mozilla/5.0 (Windows NT 6.2; WOW64; rv:26.0) Gecko/20100101 Firefox/26.0"
94.145.68.182 - - [05/Jan/2014:16:33:26 -0500] "GET /index.php/groups/209/settings?edit=requests HTTP/1.1" 200 12763 "http://www.pacetest.dk/index.php/groups/209/settings?edit=requests" "Mozilla/5.0 (Windows NT 6.2; WOW64; rv:26.0) Gecko/20100101 Firefox/26.0"
87.58.246.97 - - [05/Jan/2014:16:33:37 -0500] "GET /index.php/menu/groups HTTP/1.1" 200 7106 "http://www.pacetest.dk/index.php/people/Mette" "Mozilla/5.0 (compatible; MSIE 9.0; Windows NT 6.0; Trident/5.0)"
87.58.241.191 - - [05/Jan/2014:16:33:44 -0500] "GET /index.php/notifications?get=count HTTP/1.1" 200 24 "http://www.pacetest.dk/index.php/notes/571" "Mozilla/5.0 (Macintosh; Intel Mac OS X 10_9_1) AppleWebKit/537.73.11 (KHTML, like Gecko) Version/7.0.1 Safari/537.73.11"
87.58.246.97 - - [05/Jan/2014:16:33:45 -0500] "GET /index.php/menu/people HTTP/1.1" 200 18934 "http://www.pacetest.dk/index.php/menu/groups" "Mozilla/5.0 (compatible; MSIE 9.0; Windows NT 6.0; Trident/5.0)"
- - - [05/Jan/2014:16:33:47 -0500] "OPTIONS * HTTP/1.0" 200 - "-" "Apache/2.2.22 (Red Hat Enterprise Web Server) (internal dummy connection)"
87.58.246.97 - - [05/Jan/2014:16:33:56 -0500] "GET / HTTP/1.1" 200 7814 "http://www.pacetest.dk/index.php/menu/people" "Mozilla/5.0 (compatible; MSIE 9.0; Windows NT 6.0; Trident/5.0)"
94.145.68.182 - - [05/Jan/2014:16:33:58 -0500] "GET /index.php/notifications?get=count HTTP/1.1" 200 24 "http://www.pacetest.dk/index.php/groups/209/settings?edit=requests" "Mozilla/5.0 (Windows NT 6.2; WOW64; rv:26.0) Gecko/20100101 Firefox/26.0"
87.58.246.97 - - [05/Jan/2014:16:34:01 -0500] "GET /index.php/people/session?layout=modal&return=aHR0cDovL3d3dy5wYWNldGVzdC5kay8%3D&hq2tin18 HTTP/1.1" 200 1443 "http://www.pacetest.dk/" "Mozilla/5.0 (compatible; MSIE 9.0; Windows NT 6.0; Trident/5.0)"
87.58.246.97 - - [05/Jan/2014:16:34:10 -0500] "POST /index.php/people/session?layout=modal HTTP/1.1" 303 - "http://www.pacetest.dk/" "Mozilla/5.0 (compatible; MSIE 9.0; Windows NT 6.0; Trident/5.0)"
87.58.246.97 - - [05/Jan/2014:16:34:11 -0500] "GET /index.php/people/session HTTP/1.1" 200 6955 "http://www.pacetest.dk/" "Mozilla/5.0 (compatible; MSIE 9.0; Windows NT 6.0; Trident/5.0)"
87.58.241.191 - - [05/Jan/2014:16:34:14 -0500] "GET /index.php/notifications?get=count HTTP/1.1" 200 24 "http://www.pacetest.dk/index.php/notes/571" "Mozilla/5.0 (Macintosh; Intel Mac OS X 10_9_1) AppleWebKit/537.73.11 (KHTML, like Gecko) Version/7.0.1 Safari/537.73.11"
94.145.68.182 - - [05/Jan/2014:16:34:28 -0500] "GET /index.php/notifications?get=count HTTP/1.1" 200 24 "http://www.pacetest.dk/index.php/groups/209/settings?edit=requests" "Mozilla/5.0 (Windows NT 6.2; WOW64; rv:26.0) Gecko/20100101 Firefox/26.0"
87.58.246.97 - - [05/Jan/2014:16:34:34 -0500] "POST /index.php/people/session HTTP/1.1" 303 - "http://www.pacetest.dk/index.php/people/session" "Mozilla/5.0 (compatible; MSIE 9.0; Windows NT 6.0; Trident/5.0)"
87.58.246.97 - - [05/Jan/2014:16:34:35 -0500] "GET / HTTP/1.1" 200 26932 "http://www.pacetest.dk/index.php/people/session" "Mozilla/5.0 (compatible; MSIE 9.0; Windows NT 6.0; Trident/5.0)"
87.58.241.191 - - [05/Jan/2014:16:34:44 -0500] "GET /index.php/notifications?get=count HTTP/1.1" 200 24 "http://www.pacetest.dk/index.php/notes/571" "Mozilla/5.0 (Macintosh; Intel Mac OS X 10_9_1) AppleWebKit/537.73.11 (KHTML, like Gecko) Version/7.0.1 Safari/537.73.11"
94.145.68.182 - - [05/Jan/2014:16:34:58 -0500] "GET /index.php/notifications?get=count HTTP/1.1" 200 24 "http://www.pacetest.dk/index.php/groups/209/settings?edit=requests" "Mozilla/5.0 (Windows NT 6.2; WOW64; rv:26.0) Gecko/20100101 Firefox/26.0"
87.58.241.191 - - [05/Jan/2014:16:35:14 -0500] "GET /index.php/notifications?get=count HTTP/1.1" 200 24 "http://www.pacetest.dk/index.php/notes/571" "Mozilla/5.0 (Macintosh; Intel Mac OS X 10_9_1) AppleWebKit/537.73.11 (KHTML, like Gecko) Version/7.0.1 Safari/537.73.11"
94.145.68.182 - - [05/Jan/2014:16:35:28 -0500] "GET /index.php/notifications?get=count HTTP/1.1" 200 24 "http://www.pacetest.dk/index.php/groups/209/settings?edit=requests" "Mozilla/5.0 (Windows NT 6.2; WOW64; rv:26.0) Gecko/20100101 Firefox/26.0"
87.58.246.97 - - [05/Jan/2014:16:35:39 -0500] "GET /index.php/pages/437-deltagerliste-sj%C3%A6lland-10-11-12-januar-2014 HTTP/1.1" 200 17389 "http://www.pacetest.dk/" "Mozilla/5.0 (compatible; MSIE 9.0; Windows NT 6.0; Trident/5.0)"
87.58.246.97 - - [05/Jan/2014:16:35:42 -0500] "GET /media/com_pages/js/pages.js HTTP/1.1" 200 622 "http://www.pacetest.dk/index.php/pages/437-deltagerliste-sj\xc3\xa6lland-10-11-12-januar-2014" "Mozilla/5.0 (compatible; MSIE 9.0; Windows NT 6.0; Trident/5.0)"
87.58.241.191 - - [05/Jan/2014:16:35:44 -0500] "GET /index.php/notifications?get=count HTTP/1.1" 200 24 "http://www.pacetest.dk/index.php/notes/571" "Mozilla/5.0 (Macintosh; Intel Mac OS X 10_9_1) AppleWebKit/537.73.11 (KHTML, like Gecko) Version/7.0.1 Safari/537.73.11"
94.145.68.182 - - [05/Jan/2014:16:35:58 -0500] "GET /index.php/notifications?get=count HTTP/1.1" 200 24 "http://www.pacetest.dk/index.php/groups/209/settings?edit=requests" "Mozilla/5.0 (Windows NT 6.2; WOW64; rv:26.0) Gecko/20100101 Firefox/26.0"
87.58.241.191 - - [05/Jan/2014:16:36:14 -0500] "GET /index.php/notifications?get=count HTTP/1.1" 200 24 "http://www.pacetest.dk/index.php/notes/571" "Mozilla/5.0 (Macintosh; Intel Mac OS X 10_9_1) AppleWebKit/537.73.11 (KHTML, like Gecko) Version/7.0.1 Safari/537.73.11"
94.145.68.182 - - [05/Jan/2014:16:36:28 -0500] "GET /index.php/notifications?get=count HTTP/1.1" 200 24 "http://www.pacetest.dk/index.php/groups/209/settings?edit=requests" "Mozilla/5.0 (Windows NT 6.2; WOW64; rv:26.0) Gecko/20100101 Firefox/26.0"
87.58.241.191 - - [05/Jan/2014:16:36:44 -0500] "GET /index.php/notifications?get=count HTTP/1.1" 200 24 "http://www.pacetest.dk/index.php/notes/571" "Mozilla/5.0 (Macintosh; Intel Mac OS X 10_9_1) AppleWebKit/537.73.11 (KHTML, like Gecko) Version/7.0.1 Safari/537.73.11"
94.145.68.182 - - [05/Jan/2014:16:36:58 -0500] "GET /index.php/notifications?get=count HTTP/1.1" 200 24 "http://www.pacetest.dk/index.php/groups/209/settings?edit=requests" "Mozilla/5.0 (Windows NT 6.2; WOW64; rv:26.0) Gecko/20100101 Firefox/26.0"
87.58.246.97 - - [05/Jan/2014:16:37:11 -0500] "POST /index.php/pages/437-deltagerliste-sj%E6lland-10-11-12-januar-2014?hq2tkvfw HTTP/1.1" 201 2117 "http://www.pacetest.dk/" "Mozilla/5.0 (compatible; MSIE 9.0; Windows NT 6.0; Trident/5.0)"
87.58.241.191 - - [05/Jan/2014:16:37:14 -0500] "GET /index.php/notifications?get=count HTTP/1.1" 200 24 "http://www.pacetest.dk/index.php/notes/571" "Mozilla/5.0 (Macintosh; Intel Mac OS X 10_9_1) AppleWebKit/537.73.11 (KHTML, like Gecko) Version/7.0.1 Safari/537.73.11"
94.145.68.182 - - [05/Jan/2014:16:37:28 -0500] "GET /index.php/notifications?get=count HTTP/1.1" 200 24 "http://www.pacetest.dk/index.php/groups/209/settings?edit=requests" "Mozilla/5.0 (Windows NT 6.2; WOW64; rv:26.0) Gecko/20100101 Firefox/26.0"
87.58.241.191 - - [05/Jan/2014:16:37:44 -0500] "GET /index.php/notifications?get=count HTTP/1.1" 200 24 "http://www.pacetest.dk/index.php/notes/571" "Mozilla/5.0 (Macintosh; Intel Mac OS X 10_9_1) AppleWebKit/537.73.11 (KHTML, like Gecko) Version/7.0.1 Safari/537.73.11"
94.145.68.182 - - [05/Jan/2014:16:37:58 -0500] "GET /index.php/notifications?get=count HTTP/1.1" 200 24 "http://www.pacetest.dk/index.php/groups/209/settings?edit=requests" "Mozilla/5.0 (Windows NT 6.2; WOW64; rv:26.0) Gecko/20100101 Firefox/26.0"
87.58.246.97 - - [05/Jan/2014:16:38:05 -0500] "GET /index.php/people/marietoftegaard HTTP/1.1" 200 11730 "http://www.pacetest.dk/index.php/pages/437-deltagerliste-sj\xc3\xa6lland-10-11-12-januar-2014" "Mozilla/5.0 (compatible; MSIE 9.0; Windows NT 6.0; Trident/5.0)"
87.58.241.191 - - [05/Jan/2014:16:38:14 -0500] "GET /index.php/notifications?get=count HTTP/1.1" 200 24 "http://www.pacetest.dk/index.php/notes/571" "Mozilla/5.0 (Macintosh; Intel Mac OS X 10_9_1) AppleWebKit/537.73.11 (KHTML, like Gecko) Version/7.0.1 Safari/537.73.11"
87.58.246.97 - - [05/Jan/2014:16:38:21 -0500] "GET /index.php/people/marietoftegaard/graph/followers?layout=gadget&hq2to9lx HTTP/1.1" 200 800 "http://www.pacetest.dk/" "Mozilla/5.0 (compatible; MSIE 9.0; Windows NT 6.0; Trident/5.0)"
94.145.68.182 - - [05/Jan/2014:16:38:28 -0500] "GET /index.php/notifications?get=count HTTP/1.1" 200 24 "http://www.pacetest.dk/index.php/groups/209/settings?edit=requests" "Mozilla/5.0 (Windows NT 6.2; WOW64; rv:26.0) Gecko/20100101 Firefox/26.0"
87.58.246.97 - - [05/Jan/2014:16:38:32 -0500] "GET /index.php/people/561/settings HTTP/1.1" 200 11806 "http://www.pacetest.dk/index.php/people/marietoftegaard" "Mozilla/5.0 (compatible; MSIE 9.0; Windows NT 6.0; Trident/5.0)"
87.58.241.191 - - [05/Jan/2014:16:38:44 -0500] "GET /index.php/notifications?get=count HTTP/1.1" 200 24 "http://www.pacetest.dk/index.php/notes/571" "Mozilla/5.0 (Macintosh; Intel Mac OS X 10_9_1) AppleWebKit/537.73.11 (KHTML, like Gecko) Version/7.0.1 Safari/537.73.11"
87.58.246.97 - - [05/Jan/2014:16:38:44 -0500] "GET /index.php/people/561/settings?edit=profile HTTP/1.1" 200 11806 "http://www.pacetest.dk/index.php/people/561/settings" "Mozilla/5.0 (compatible; MSIE 9.0; Windows NT 6.0; Trident/5.0)"
- - - [05/Jan/2014:16:38:47 -0500] "OPTIONS * HTTP/1.0" 200 - "-" "Apache/2.2.22 (Red Hat Enterprise Web Server) (internal dummy connection)"
94.145.68.182 - - [05/Jan/2014:16:38:58 -0500] "GET /index.php/notifications?get=count HTTP/1.1" 200 24 "http://www.pacetest.dk/index.php/groups/209/settings?edit=requests" "Mozilla/5.0 (Windows NT 6.2; WOW64; rv:26.0) Gecko/20100101 Firefox/26.0"
87.58.246.97 - - [05/Jan/2014:16:39:12 -0500] "GET /index.php/people/561/settings?edit=avatar HTTP/1.1" 200 11124 "http://www.pacetest.dk/index.php/people/561/settings?edit=profile" "Mozilla/5.0 (compatible; MSIE 9.0; Windows NT 6.0; Trident/5.0)"
87.58.241.191 - - [05/Jan/2014:16:39:14 -0500] "GET /index.php/notifications?get=count HTTP/1.1" 200 24 "http://www.pacetest.dk/index.php/notes/571" "Mozilla/5.0 (Macintosh; Intel Mac OS X 10_9_1) AppleWebKit/537.73.11 (KHTML, like Gecko) Version/7.0.1 Safari/537.73.11"
94.145.68.182 - - [05/Jan/2014:16:39:24 -0500] "GET /index.php/notifications?layout=popover&hq2ti073 HTTP/1.1" 200 21003 "http://www.pacetest.dk/index.php/groups/209/settings?edit=requests" "Mozilla/5.0 (Windows NT 6.2; WOW64; rv:26.0) Gecko/20100101 Firefox/26.0"
94.145.68.182 - - [05/Jan/2014:16:39:28 -0500] "GET /index.php/notifications?get=count HTTP/1.1" 200 24 "http://www.pacetest.dk/index.php/groups/209/settings?edit=requests" "Mozilla/5.0 (Windows NT 6.2; WOW64; rv:26.0) Gecko/20100101 Firefox/26.0"
94.145.68.182 - - [05/Jan/2014:16:39:33 -0500] "GET /index.php/pages/437-deltagerliste-sj%C3%A6lland-10-11-12-januar-2014 HTTP/1.1" 200 21922 "http://www.pacetest.dk/index.php/groups/209/settings?edit=requests" "Mozilla/5.0 (Windows NT 6.2; WOW64; rv:26.0) Gecko/20100101 Firefox/26.0"
87.58.241.191 - - [05/Jan/2014:16:39:44 -0500] "GET /index.php/notifications?get=count HTTP/1.1" 200 24 "http://www.pacetest.dk/index.php/notes/571" "Mozilla/5.0 (Macintosh; Intel Mac OS X 10_9_1) AppleWebKit/537.73.11 (KHTML, like Gecko) Version/7.0.1 Safari/537.73.11"
94.145.68.182 - - [05/Jan/2014:16:40:06 -0500] "GET /index.php/notifications?get=count HTTP/1.1" 200 24 "http://www.pacetest.dk/index.php/pages/437-deltagerliste-sj%C3%A6lland-10-11-12-januar-2014" "Mozilla/5.0 (Windows NT 6.2; WOW64; rv:26.0) Gecko/20100101 Firefox/26.0"
87.58.241.191 - - [05/Jan/2014:16:40:14 -0500] "GET /index.php/notifications?get=count HTTP/1.1" 200 24 "http://www.pacetest.dk/index.php/notes/571" "Mozilla/5.0 (Macintosh; Intel Mac OS X 10_9_1) AppleWebKit/537.73.11 (KHTML, like Gecko) Version/7.0.1 Safari/537.73.11"
94.145.68.182 - - [05/Jan/2014:16:40:36 -0500] "GET /index.php/notifications?get=count HTTP/1.1" 200 24 "http://www.pacetest.dk/index.php/pages/437-deltagerliste-sj%C3%A6lland-10-11-12-januar-2014" "Mozilla/5.0 (Windows NT 6.2; WOW64; rv:26.0) Gecko/20100101 Firefox/26.0"
87.58.241.191 - - [05/Jan/2014:16:40:44 -0500] "GET /index.php/notifications?get=count HTTP/1.1" 200 24 "http://www.pacetest.dk/index.php/notes/571" "Mozilla/5.0 (Macintosh; Intel Mac OS X 10_9_1) AppleWebKit/537.73.11 (KHTML, like Gecko) Version/7.0.1 Safari/537.73.11"
87.58.246.97 - - [05/Jan/2014:16:40:45 -0500] "POST /index.php/people/marietoftegaard?edit=avatar HTTP/1.1" 303 - "http://www.pacetest.dk/index.php/people/561/settings?edit=avatar" "Mozilla/5.0 (compatible; MSIE 9.0; Windows NT 6.0; Trident/5.0)"
87.58.246.97 - - [05/Jan/2014:16:41:01 -0500] "GET /index.php/people/561/settings?edit=avatar HTTP/1.1" 200 11550 "http://www.pacetest.dk/index.php/people/561/settings?edit=avatar" "Mozilla/5.0 (compatible; MSIE 9.0; Windows NT 6.0; Trident/5.0)"
94.145.68.182 - - [05/Jan/2014:16:41:01 -0500] "POST /index.php/pages/437-deltagerliste-sj%C3%A6lland-10-11-12-januar-2014?hq2tpw7p HTTP/1.1" 201 2381 "http://www.pacetest.dk/index.php/pages/437-deltagerliste-sj%C3%A6lland-10-11-12-januar-2014" "Mozilla/5.0 (Windows NT 6.2; WOW64; rv:26.0) Gecko/20100101 Firefox/26.0"
94.145.68.182 - - [05/Jan/2014:16:41:06 -0500] "GET /index.php/notifications?get=count HTTP/1.1" 200 24 "http://www.pacetest.dk/index.php/pages/437-deltagerliste-sj%C3%A6lland-10-11-12-januar-2014" "Mozilla/5.0 (Windows NT 6.2; WOW64; rv:26.0) Gecko/20100101 Firefox/26.0"
87.58.246.97 - - [05/Jan/2014:16:41:05 -0500] "GET /index.php/people/561/settings?edit=avatar HTTP/1.1" 200 11550 "http://www.pacetest.dk/index.php/people/561/settings?edit=profile" "Mozilla/5.0 (compatible; MSIE 9.0; Windows NT 6.0; Trident/5.0)"
- - - [05/Jan/2014:16:41:11 -0500] "OPTIONS * HTTP/1.0" 200 - "-" "Apache/2.2.22 (Red Hat Enterprise Web Server) (internal dummy connection)"
87.58.246.97 - - [05/Jan/2014:16:41:11 -0500] "GET /media/lib_anahita/js/production/site.uncompressed.js HTTP/1.1" 304 - "http://www.pacetest.dk/index.php/people/561/settings?edit=avatar" "Mozilla/5.0 (compatible; MSIE 9.0; Windows NT 6.0; Trident/5.0)"
87.58.246.97 - - [05/Jan/2014:16:41:11 -0500] "GET /templates/shiraz/css/style1/style.css HTTP/1.1" 304 - "http://www.pacetest.dk/index.php/people/561/settings?edit=avatar" "Mozilla/5.0 (compatible; MSIE 9.0; Windows NT 6.0; Trident/5.0)"
87.58.246.97 - - [05/Jan/2014:16:41:12 -0500] "GET /templates/base/css/images/logo.png HTTP/1.1" 304 - "http://www.pacetest.dk/index.php/people/561/settings?edit=avatar" "Mozilla/5.0 (compatible; MSIE 9.0; Windows NT 6.0; Trident/5.0)"
87.58.241.191 - - [05/Jan/2014:16:41:14 -0500] "GET /index.php/notifications?get=count HTTP/1.1" 200 24 "http://www.pacetest.dk/index.php/notes/571" "Mozilla/5.0 (Macintosh; Intel Mac OS X 10_9_1) AppleWebKit/537.73.11 (KHTML, like Gecko) Version/7.0.1 Safari/537.73.11"
87.58.246.97 - - [05/Jan/2014:16:41:27 -0500] "GET /index.php/people/marietoftegaard HTTP/1.1" 200 13480 "http://www.pacetest.dk/index.php/people/561/settings?edit=avatar" "Mozilla/5.0 (compatible; MSIE 9.0; Windows NT 6.0; Trident/5.0)"
87.58.246.97 - - [05/Jan/2014:16:41:31 -0500] "GET /index.php/people/marietoftegaard/graph/followers?layout=gadget&hq2tschs HTTP/1.1" 200 800 "http://www.pacetest.dk/" "Mozilla/5.0 (compatible; MSIE 9.0; Windows NT 6.0; Trident/5.0)"
94.145.68.182 - - [05/Jan/2014:16:41:36 -0500] "GET /index.php/notifications?get=count HTTP/1.1" 200 24 "http://www.pacetest.dk/index.php/pages/437-deltagerliste-sj%C3%A6lland-10-11-12-januar-2014" "Mozilla/5.0 (Windows NT 6.2; WOW64; rv:26.0) Gecko/20100101 Firefox/26.0"
87.58.246.97 - - [05/Jan/2014:16:41:53 -0500] "GET /index.php/notifications?layout=popover&hq2tscht HTTP/1.1" 200 1299 "http://www.pacetest.dk/" "Mozilla/5.0 (compatible; MSIE 9.0; Windows NT 6.0; Trident/5.0)"
87.58.246.97 - - [05/Jan/2014:16:42:03 -0500] "GET /index.php/pages/437-deltagerliste-sj%C3%A6lland-10-11-12-januar-2014 HTTP/1.1" 200 21726 "http://www.pacetest.dk/index.php/people/marietoftegaard" "Mozilla/5.0 (compatible; MSIE 9.0; Windows NT 6.0; Trident/5.0)"
94.145.68.182 - - [05/Jan/2014:16:42:07 -0500] "GET /index.php/notifications?get=count HTTP/1.1" 200 24 "http://www.pacetest.dk/index.php/pages/437-deltagerliste-sj%C3%A6lland-10-11-12-januar-2014" "Mozilla/5.0 (Windows NT 6.2; WOW64; rv:26.0) Gecko/20100101 Firefox/26.0"
94.145.68.182 - - [05/Jan/2014:16:42:36 -0500] "GET /index.php/notifications?get=count HTTP/1.1" 200 24 "http://www.pacetest.dk/index.php/pages/437-deltagerliste-sj%C3%A6lland-10-11-12-januar-2014" "Mozilla/5.0 (Windows NT 6.2; WOW64; rv:26.0) Gecko/20100101 Firefox/26.0"
94.145.68.182 - - [05/Jan/2014:16:43:06 -0500] "GET /index.php/notifications?get=count HTTP/1.1" 200 24 "http://www.pacetest.dk/index.php/pages/437-deltagerliste-sj%C3%A6lland-10-11-12-januar-2014" "Mozilla/5.0 (Windows NT 6.2; WOW64; rv:26.0) Gecko/20100101 Firefox/26.0"
87.58.246.97 - - [05/Jan/2014:16:43:03 -0500] "GET /index.php/people/BentRS HTTP/1.1" 200 33399 "http://www.pacetest.dk/index.php/pages/437-deltagerliste-sj\xc3\xa6lland-10-11-12-januar-2014" "Mozilla/5.0 (compatible; MSIE 9.0; Windows NT 6.0; Trident/5.0)"
- - - [05/Jan/2014:16:43:14 -0500] "OPTIONS * HTTP/1.0" 200 - "-" "Apache/2.2.22 (Red Hat Enterprise Web Server) (internal dummy connection)"
87.58.246.97 - - [05/Jan/2014:16:43:04 -0500] "GET /index.php/people/BentRS HTTP/1.1" 200 33399 "http://www.pacetest.dk/index.php/pages/437-deltagerliste-sj\xc3\xa6lland-10-11-12-januar-2014" "Mozilla/5.0 (compatible; MSIE 9.0; Windows NT 6.0; Trident/5.0)"
- - - [05/Jan/2014:16:43:14 -0500] "OPTIONS * HTTP/1.0" 200 - "-" "Apache/2.2.22 (Red Hat Enterprise Web Server) (internal dummy connection)"
87.58.246.97 - - [05/Jan/2014:16:43:15 -0500] "GET /index.php/people/BentRS/graph/followers?layout=gadget&hq2tukuj HTTP/1.1" 200 5640 "http://www.pacetest.dk/" "Mozilla/5.0 (compatible; MSIE 9.0; Windows NT 6.0; Trident/5.0)"
94.145.68.182 - - [05/Jan/2014:16:43:36 -0500] "GET /index.php/notifications?get=count HTTP/1.1" 200 24 "http://www.pacetest.dk/index.php/pages/437-deltagerliste-sj%C3%A6lland-10-11-12-januar-2014" "Mozilla/5.0 (Windows NT 6.2; WOW64; rv:26.0) Gecko/20100101 Firefox/26.0"
94.145.68.182 - - [05/Jan/2014:16:44:06 -0500] "GET /index.php/notifications?get=count HTTP/1.1" 200 24 "http://www.pacetest.dk/index.php/pages/437-deltagerliste-sj%C3%A6lland-10-11-12-januar-2014" "Mozilla/5.0 (Windows NT 6.2; WOW64; rv:26.0) Gecko/20100101 Firefox/26.0"
94.145.68.182 - - [05/Jan/2014:16:44:36 -0500] "GET /index.php/notifications?get=count HTTP/1.1" 200 24 "http://www.pacetest.dk/index.php/pages/437-deltagerliste-sj%C3%A6lland-10-11-12-januar-2014" "Mozilla/5.0 (Windows NT 6.2; WOW64; rv:26.0) Gecko/20100101 Firefox/26.0"
87.58.246.97 - - [05/Jan/2014:16:44:47 -0500] "GET /index.php/pages/437-deltagerliste-sj%E6lland-10-11-12-januar-2014?cid=579&comment%5Blayout%5D=form&hq2tuq8d HTTP/1.1" 200 1603 "http://www.pacetest.dk/" "Mozilla/5.0 (compatible; MSIE 9.0; Windows NT 6.0; Trident/5.0)"
94.145.68.182 - - [05/Jan/2014:16:45:06 -0500] "GET /index.php/notifications?get=count HTTP/1.1" 200 24 "http://www.pacetest.dk/index.php/pages/437-deltagerliste-sj%C3%A6lland-10-11-12-januar-2014" "Mozilla/5.0 (Windows NT 6.2; WOW64; rv:26.0) Gecko/20100101 Firefox/26.0"
94.145.68.182 - - [05/Jan/2014:16:45:36 -0500] "GET /index.php/notifications?get=count HTTP/1.1" 200 24 "http://www.pacetest.dk/index.php/pages/437-deltagerliste-sj%C3%A6lland-10-11-12-januar-2014" "Mozilla/5.0 (Windows NT 6.2; WOW64; rv:26.0) Gecko/20100101 Firefox/26.0"
87.58.246.97 - - [05/Jan/2014:16:45:44 -0500] "GET /index.php/pages/437-deltagerliste-sj%E6lland-10-11-12-januar-2014?cid=579&comment%5Blayout%5D=list&comment%5Beditor%5D=&hq2tuq8g&_action=editcomment&body=Marie%20Toftegaard HTTP/1.1" 200 2207 "http://www.pacetest.dk/" "Mozilla/5.0 (compatible; MSIE 9.0; Windows NT 6.0; Trident/5.0)"
94.145.68.182 - - [05/Jan/2014:16:46:06 -0500] "GET /index.php/notifications?get=count HTTP/1.1" 200 24 "http://www.pacetest.dk/index.php/pages/437-deltagerliste-sj%C3%A6lland-10-11-12-januar-2014" "Mozilla/5.0 (Windows NT 6.2; WOW64; rv:26.0) Gecko/20100101 Firefox/26.0"
87.58.246.97 - - [05/Jan/2014:16:46:06 -0500] "GET /index.php/pages/@209 HTTP/1.1" 200 12811 "http://www.pacetest.dk/index.php/pages/437-deltagerliste-sj\xc3\xa6lland-10-11-12-januar-2014" "Mozilla/5.0 (compatible; MSIE 9.0; Windows NT 6.0; Trident/5.0)"
- - - [05/Jan/2014:16:46:11 -0500] "OPTIONS * HTTP/1.0" 200 - "-" "Apache/2.2.22 (Red Hat Enterprise Web Server) (internal dummy connection)"
87.58.246.97 - - [05/Jan/2014:16:46:20 -0500] "GET /index.php/pages/437-deltagerliste-sj%C3%A6lland-10-11-12-januar-2014?layout=edit HTTP/1.1" 200 12155 "http://www.pacetest.dk/index.php/pages/@209" "Mozilla/5.0 (compatible; MSIE 9.0; Windows NT 6.0; Trident/5.0)"
87.58.246.97 - - [05/Jan/2014:16:46:22 -0500] "GET /media/lib_anahita/js/editor/editor.js HTTP/1.1" 200 11576 "http://www.pacetest.dk/index.php/pages/437-deltagerliste-sj\xc3\xa6lland-10-11-12-januar-2014?layout=edit" "Mozilla/5.0 (compatible; MSIE 9.0; Windows NT 6.0; Trident/5.0)"
87.58.246.97 - - [05/Jan/2014:16:46:22 -0500] "GET /media/lib_anahita/js/editor/tiny_mce.js HTTP/1.1" 200 203808 "http://www.pacetest.dk/index.php/pages/437-deltagerliste-sj\xc3\xa6lland-10-11-12-januar-2014?layout=edit" "Mozilla/5.0 (compatible; MSIE 9.0; Windows NT 6.0; Trident/5.0)"
87.58.246.97 - - [05/Jan/2014:16:46:22 -0500] "GET /media/lib_anahita/js/editor/encoder.js HTTP/1.1" 200 10452 "http://www.pacetest.dk/index.php/pages/437-deltagerliste-sj\xc3\xa6lland-10-11-12-januar-2014?layout=edit" "Mozilla/5.0 (compatible; MSIE 9.0; Windows NT 6.0; Trident/5.0)"
87.58.246.97 - - [05/Jan/2014:16:46:23 -0500] "GET /media/lib_anahita/js/editor/langs/en.js HTTP/1.1" 200 5718 "http://www.pacetest.dk/index.php/pages/437-deltagerliste-sj\xc3\xa6lland-10-11-12-januar-2014?layout=edit" "Mozilla/5.0 (compatible; MSIE 9.0; Windows NT 6.0; Trident/5.0)"
87.58.246.97 - - [05/Jan/2014:16:46:23 -0500] "GET /media/lib_anahita/js/editor/plugins/anahita/editor_plugin.js HTTP/1.1" 200 2647 "http://www.pacetest.dk/index.php/pages/437-deltagerliste-sj\xc3\xa6lland-10-11-12-januar-2014?layout=edit" "Mozilla/5.0 (compatible; MSIE 9.0; Windows NT 6.0; Trident/5.0)"
87.58.246.97 - - [05/Jan/2014:16:46:23 -0500] "GET /media/lib_anahita/js/editor/themes/advanced/editor_template.js HTTP/1.1" 200 25151 "http://www.pacetest.dk/index.php/pages/437-deltagerliste-sj\xc3\xa6lland-10-11-12-januar-2014?layout=edit" "Mozilla/5.0 (compatible; MSIE 9.0; Windows NT 6.0; Trident/5.0)"
87.58.246.97 - - [05/Jan/2014:16:46:23 -0500] "GET /media/lib_anahita/js/editor/plugins/autoresize/editor_plugin.js HTTP/1.1" 200 1639 "http://www.pacetest.dk/index.php/pages/437-deltagerliste-sj\xc3\xa6lland-10-11-12-januar-2014?layout=edit" "Mozilla/5.0 (compatible; MSIE 9.0; Windows NT 6.0; Trident/5.0)"
87.58.246.97 - - [05/Jan/2014:16:46:23 -0500] "GET /media/lib_anahita/js/editor/themes/advanced/langs/en.js HTTP/1.1" 200 2019 "http://www.pacetest.dk/index.php/pages/437-deltagerliste-sj\xc3\xa6lland-10-11-12-januar-2014?layout=edit" "Mozilla/5.0 (compatible; MSIE 9.0; Windows NT 6.0; Trident/5.0)"
87.58.246.97 - - [05/Jan/2014:16:46:24 -0500] "GET /media/lib_anahita/js/editor/themes/advanced/skins/default/ui.css HTTP/1.1" 200 15525 "http://www.pacetest.dk/index.php/pages/437-deltagerliste-sj\xc3\xa6lland-10-11-12-januar-2014?layout=edit" "Mozilla/5.0 (compatible; MSIE 9.0; Windows NT 6.0; Trident/5.0)"
87.58.246.97 - - [05/Jan/2014:16:46:24 -0500] "GET /media/lib_anahita/js/editor/themes/advanced/skins/default/content.css HTTP/1.1" 200 2715 "http://www.pacetest.dk/index.php/pages/437-deltagerliste-sj\xc3\xa6lland-10-11-12-januar-2014?layout=edit" "Mozilla/5.0 (compatible; MSIE 9.0; Windows NT 6.0; Trident/5.0)"
87.58.246.97 - - [05/Jan/2014:16:46:24 -0500] "GET /media/lib_anahita/js/editor/themes/advanced/skins/default/content.css HTTP/1.1" 200 2715 "http://www.pacetest.dk/index.php/pages/437-deltagerliste-sj\xc3\xa6lland-10-11-12-januar-2014?layout=edit" "Mozilla/5.0 (compatible; MSIE 9.0; Windows NT 6.0; Trident/5.0)"
87.58.246.97 - - [05/Jan/2014:16:46:24 -0500] "GET /media/lib_anahita/js/editor/themes/advanced/img/icons.gif HTTP/1.1" 200 11794 "http://www.pacetest.dk/index.php/pages/437-deltagerliste-sj\xc3\xa6lland-10-11-12-januar-2014?layout=edit" "Mozilla/5.0 (compatible; MSIE 9.0; Windows NT 6.0; Trident/5.0)"
94.145.68.182 - - [05/Jan/2014:16:46:36 -0500] "GET /index.php/notifications?get=count HTTP/1.1" 200 24 "http://www.pacetest.dk/index.php/pages/437-deltagerliste-sj%C3%A6lland-10-11-12-januar-2014" "Mozilla/5.0 (Windows NT 6.2; WOW64; rv:26.0) Gecko/20100101 Firefox/26.0"
87.58.246.97 - - [05/Jan/2014:16:47:03 -0500] "POST /index.php/pages/@209/437-deltagerliste-sj%C3%A6lland-10-11-12-januar-2014 HTTP/1.1" 303 - "http://www.pacetest.dk/index.php/pages/437-deltagerliste-sj\xc3\xa6lland-10-11-12-januar-2014?layout=edit" "Mozilla/5.0 (compatible; MSIE 9.0; Windows NT 6.0; Trident/5.0)"
94.145.68.182 - - [05/Jan/2014:16:47:06 -0500] "GET /index.php/notifications?get=count HTTP/1.1" 200 24 "http://www.pacetest.dk/index.php/pages/437-deltagerliste-sj%C3%A6lland-10-11-12-januar-2014" "Mozilla/5.0 (Windows NT 6.2; WOW64; rv:26.0) Gecko/20100101 Firefox/26.0"
87.58.246.97 - - [05/Jan/2014:16:47:06 -0500] "GET /index.php/pages/437-deltagerliste-sj%C3%A6lland-10-11-12-januar-2014?layout=edit HTTP/1.1" 200 12352 "http://www.pacetest.dk/index.php/pages/437-deltagerliste-sj\xc3\xa6lland-10-11-12-januar-2014?layout=edit" "Mozilla/5.0 (compatible; MSIE 9.0; Windows NT 6.0; Trident/5.0)"
- - - [05/Jan/2014:16:47:10 -0500] "OPTIONS * HTTP/1.0" 200 - "-" "Apache/2.2.22 (Red Hat Enterprise Web Server) (internal dummy connection)"
87.58.246.97 - - [05/Jan/2014:16:47:22 -0500] "GET /index.php/pages/@209 HTTP/1.1" 200 12823 "http://www.pacetest.dk/index.php/pages/437-deltagerliste-sj\xc3\xa6lland-10-11-12-januar-2014?layout=edit" "Mozilla/5.0 (compatible; MSIE 9.0; Windows NT 6.0; Trident/5.0)"
87.58.246.97 - - [05/Jan/2014:16:47:30 -0500] "GET /index.php/pages/437-deltagerliste-sj%C3%A6lland-10-11-12-januar-2014 HTTP/1.1" 200 21782 "http://www.pacetest.dk/index.php/pages/@209" "Mozilla/5.0 (compatible; MSIE 9.0; Windows NT 6.0; Trident/5.0)"
94.145.68.182 - - [05/Jan/2014:16:47:36 -0500] "GET /index.php/notifications?get=count HTTP/1.1" 200 24 "http://www.pacetest.dk/index.php/pages/437-deltagerliste-sj%C3%A6lland-10-11-12-januar-2014" "Mozilla/5.0 (Windows NT 6.2; WOW64; rv:26.0) Gecko/20100101 Firefox/26.0"
94.145.68.182 - - [05/Jan/2014:16:48:06 -0500] "GET /index.php/notifications?get=count HTTP/1.1" 200 24 "http://www.pacetest.dk/index.php/pages/437-deltagerliste-sj%C3%A6lland-10-11-12-januar-2014" "Mozilla/5.0 (Windows NT 6.2; WOW64; rv:26.0) Gecko/20100101 Firefox/26.0"
94.145.68.182 - - [05/Jan/2014:16:48:36 -0500] "GET /index.php/notifications?get=count HTTP/1.1" 200 24 "http://www.pacetest.dk/index.php/pages/437-deltagerliste-sj%C3%A6lland-10-11-12-januar-2014" "Mozilla/5.0 (Windows NT 6.2; WOW64; rv:26.0) Gecko/20100101 Firefox/26.0"
94.145.68.182 - - [05/Jan/2014:16:49:06 -0500] "GET /index.php/notifications?get=count HTTP/1.1" 200 24 "http://www.pacetest.dk/index.php/pages/437-deltagerliste-sj%C3%A6lland-10-11-12-januar-2014" "Mozilla/5.0 (Windows NT 6.2; WOW64; rv:26.0) Gecko/20100101 Firefox/26.0"
87.58.246.97 - - [05/Jan/2014:16:49:17 -0500] "POST /index.php/pages/437-deltagerliste-sj%E6lland-10-11-12-januar-2014?hq2u04dm HTTP/1.1" 201 2225 "http://www.pacetest.dk/" "Mozilla/5.0 (compatible; MSIE 9.0; Windows NT 6.0; Trident/5.0)"
94.145.68.182 - - [05/Jan/2014:16:49:36 -0500] "GET /index.php/notifications?get=count HTTP/1.1" 200 24 "http://www.pacetest.dk/index.php/pages/437-deltagerliste-sj%C3%A6lland-10-11-12-januar-2014" "Mozilla/5.0 (Windows NT 6.2; WOW64; rv:26.0) Gecko/20100101 Firefox/26.0"
87.58.246.97 - - [05/Jan/2014:16:49:49 -0500] "GET /index.php/pages/@209 HTTP/1.1" 200 12822 "http://www.pacetest.dk/index.php/pages/437-deltagerliste-sj\xc3\xa6lland-10-11-12-januar-2014" "Mozilla/5.0 (compatible; MSIE 9.0; Windows NT 6.0; Trident/5.0)"
94.145.68.182 - - [05/Jan/2014:16:50:06 -0500] "GET /index.php/notifications?get=count HTTP/1.1" 200 24 "http://www.pacetest.dk/index.php/pages/437-deltagerliste-sj%C3%A6lland-10-11-12-januar-2014" "Mozilla/5.0 (Windows NT 6.2; WOW64; rv:26.0) Gecko/20100101 Firefox/26.0"
87.58.246.97 - - [05/Jan/2014:16:50:30 -0500] "GET /index.php/pages/@209?order=creationTime&layout=list&hq2u33q6 HTTP/1.1" 200 2386 "http://www.pacetest.dk/" "Mozilla/5.0 (compatible; MSIE 9.0; Windows NT 6.0; Trident/5.0)"
94.145.68.182 - - [05/Jan/2014:16:50:36 -0500] "GET /index.php/notifications?get=count HTTP/1.1" 200 24 "http://www.pacetest.dk/index.php/pages/437-deltagerliste-sj%C3%A6lland-10-11-12-januar-2014" "Mozilla/5.0 (Windows NT 6.2; WOW64; rv:26.0) Gecko/20100101 Firefox/26.0"
87.58.246.97 - - [05/Jan/2014:16:50:42 -0500] "GET /index.php/people/marietoftegaard HTTP/1.1" 200 13465 "http://www.pacetest.dk/index.php/pages/@209" "Mozilla/5.0 (compatible; MSIE 9.0; Windows NT 6.0; Trident/5.0)"
87.58.246.97 - - [05/Jan/2014:16:50:45 -0500] "GET /index.php/people/marietoftegaard/graph/followers?layout=gadget&hq2u48h0 HTTP/1.1" 200 800 "http://www.pacetest.dk/" "Mozilla/5.0 (compatible; MSIE 9.0; Windows NT 6.0; Trident/5.0)"
87.58.246.97 - - [05/Jan/2014:16:50:57 -0500] "GET /index.php/menu/people HTTP/1.1" 200 32568 "http://www.pacetest.dk/index.php/people/marietoftegaard" "Mozilla/5.0 (compatible; MSIE 9.0; Windows NT 6.0; Trident/5.0)"
94.145.68.182 - - [05/Jan/2014:16:51:06 -0500] "GET /index.php/notifications?get=count HTTP/1.1" 200 24 "http://www.pacetest.dk/index.php/pages/437-deltagerliste-sj%C3%A6lland-10-11-12-januar-2014" "Mozilla/5.0 (Windows NT 6.2; WOW64; rv:26.0) Gecko/20100101 Firefox/26.0"
94.145.68.182 - - [05/Jan/2014:16:51:07 -0500] "GET /index.php/notifications?layout=popover&hq2tpw7q HTTP/1.1" 200 21226 "http://www.pacetest.dk/index.php/pages/437-deltagerliste-sj%C3%A6lland-10-11-12-januar-2014" "Mozilla/5.0 (Windows NT 6.2; WOW64; rv:26.0) Gecko/20100101 Firefox/26.0"
94.145.68.182 - - [05/Jan/2014:16:51:15 -0500] "GET /index.php/pages/437-deltagerliste-sj%C3%A6lland-10-11-12-januar-2014 HTTP/1.1" 200 26677 "http://www.pacetest.dk/index.php/pages/437-deltagerliste-sj%C3%A6lland-10-11-12-januar-2014" "Mozilla/5.0 (Windows NT 6.2; WOW64; rv:26.0) Gecko/20100101 Firefox/26.0"
94.145.68.182 - - [05/Jan/2014:16:51:24 -0500] "POST /index.php/pages/437-deltagerliste-sj%C3%A6lland-10-11-12-januar-2014?cid=587&_action=votecomment&hq2u4xwy HTTP/1.1" 201 89 "http://www.pacetest.dk/index.php/pages/437-deltagerliste-sj%C3%A6lland-10-11-12-januar-2014" "Mozilla/5.0 (Windows NT 6.2; WOW64; rv:26.0) Gecko/20100101 Firefox/26.0"
94.145.68.182 - - [05/Jan/2014:16:51:30 -0500] "GET /index.php/pages/437-deltagerliste-sj%C3%A6lland-10-11-12-januar-2014?cid=587&comment%5Blayout%5D=form&hq2u4xx1 HTTP/1.1" 200 1621 "http://www.pacetest.dk/index.php/pages/437-deltagerliste-sj%C3%A6lland-10-11-12-januar-2014" "Mozilla/5.0 (Windows NT 6.2; WOW64; rv:26.0) Gecko/20100101 Firefox/26.0"
87.58.246.97 - - [05/Jan/2014:16:51:38 -0500] "GET /index.php/people/Lykke HTTP/1.1" 200 49499 "http://www.pacetest.dk/index.php/menu/people" "Mozilla/5.0 (compatible; MSIE 9.0; Windows NT 6.0; Trident/5.0)"
87.58.246.97 - - [05/Jan/2014:16:51:45 -0500] "GET /index.php/people/Lykke/graph/followers?layout=gadget&hq2u5hs9 HTTP/1.1" 200 5652 "http://www.pacetest.dk/" "Mozilla/5.0 (compatible; MSIE 9.0; Windows NT 6.0; Trident/5.0)"
94.145.68.182 - - [05/Jan/2014:16:51:48 -0500] "GET /index.php/notifications?get=count HTTP/1.1" 200 24 "http://www.pacetest.dk/index.php/pages/437-deltagerliste-sj%C3%A6lland-10-11-12-januar-2014" "Mozilla/5.0 (Windows NT 6.2; WOW64; rv:26.0) Gecko/20100101 Firefox/26.0"
94.145.68.182 - - [05/Jan/2014:16:51:49 -0500] "POST /index.php/pages/437-deltagerliste-sj%C3%A6lland-10-11-12-januar-2014?hq2u4xx4 HTTP/1.1" 201 2194 "http://www.pacetest.dk/index.php/pages/437-deltagerliste-sj%C3%A6lland-10-11-12-januar-2014" "Mozilla/5.0 (Windows NT 6.2; WOW64; rv:26.0) Gecko/20100101 Firefox/26.0"
94.145.68.182 - - [05/Jan/2014:16:52:18 -0500] "GET /index.php/notifications?get=count HTTP/1.1" 200 24 "http://www.pacetest.dk/index.php/pages/437-deltagerliste-sj%C3%A6lland-10-11-12-januar-2014" "Mozilla/5.0 (Windows NT 6.2; WOW64; rv:26.0) Gecko/20100101 Firefox/26.0"
94.145.68.182 - - [05/Jan/2014:16:52:48 -0500] "GET /index.php/notifications?get=count HTTP/1.1" 200 24 "http://www.pacetest.dk/index.php/pages/437-deltagerliste-sj%C3%A6lland-10-11-12-januar-2014" "Mozilla/5.0 (Windows NT 6.2; WOW64; rv:26.0) Gecko/20100101 Firefox/26.0"
94.145.68.182 - - [05/Jan/2014:16:53:18 -0500] "GET /index.php/notifications?get=count HTTP/1.1" 200 24 "http://www.pacetest.dk/index.php/pages/437-deltagerliste-sj%C3%A6lland-10-11-12-januar-2014" "Mozilla/5.0 (Windows NT 6.2; WOW64; rv:26.0) Gecko/20100101 Firefox/26.0"
94.145.68.182 - - [05/Jan/2014:16:53:48 -0500] "GET /index.php/notifications?get=count HTTP/1.1" 200 24 "http://www.pacetest.dk/index.php/pages/437-deltagerliste-sj%C3%A6lland-10-11-12-januar-2014" "Mozilla/5.0 (Windows NT 6.2; WOW64; rv:26.0) Gecko/20100101 Firefox/26.0"
94.145.68.182 - - [05/Jan/2014:16:54:18 -0500] "GET /index.php/notifications?get=count HTTP/1.1" 200 24 "http://www.pacetest.dk/index.php/pages/437-deltagerliste-sj%C3%A6lland-10-11-12-januar-2014" "Mozilla/5.0 (Windows NT 6.2; WOW64; rv:26.0) Gecko/20100101 Firefox/26.0"
87.58.246.97 - - [05/Jan/2014:16:54:38 -0500] "POST /index.php/people/session?action=delete&return=aHR0cDovL3d3dy5wYWNldGVzdC5kay8%3D HTTP/1.1" 303 - "http://www.pacetest.dk/index.php/people/Lykke" "Mozilla/5.0 (compatible; MSIE 9.0; Windows NT 6.0; Trident/5.0)"
87.58.246.97 - - [05/Jan/2014:16:54:39 -0500] "GET /index.php HTTP/1.1" 200 7826 "http://www.pacetest.dk/index.php/people/Lykke" "Mozilla/5.0 (compatible; MSIE 9.0; Windows NT 6.0; Trident/5.0)"
94.145.68.182 - - [05/Jan/2014:16:54:48 -0500] "GET /index.php/notifications?get=count HTTP/1.1" 200 24 "http://www.pacetest.dk/index.php/pages/437-deltagerliste-sj%C3%A6lland-10-11-12-januar-2014" "Mozilla/5.0 (Windows NT 6.2; WOW64; rv:26.0) Gecko/20100101 Firefox/26.0"
94.145.68.182 - - [05/Jan/2014:16:55:18 -0500] "GET /index.php/notifications?get=count HTTP/1.1" 200 24 "http://www.pacetest.dk/index.php/pages/437-deltagerliste-sj%C3%A6lland-10-11-12-januar-2014" "Mozilla/5.0 (Windows NT 6.2; WOW64; rv:26.0) Gecko/20100101 Firefox/26.0"
94.145.68.182 - - [05/Jan/2014:16:55:48 -0500] "GET /index.php/notifications?get=count HTTP/1.1" 200 24 "http://www.pacetest.dk/index.php/pages/437-deltagerliste-sj%C3%A6lland-10-11-12-januar-2014" "Mozilla/5.0 (Windows NT 6.2; WOW64; rv:26.0) Gecko/20100101 Firefox/26.0"
94.145.68.182 - - [05/Jan/2014:16:56:19 -0500] "GET /index.php/notifications?get=count HTTP/1.1" 200 24 "http://www.pacetest.dk/index.php/pages/437-deltagerliste-sj%C3%A6lland-10-11-12-januar-2014" "Mozilla/5.0 (Windows NT 6.2; WOW64; rv:26.0) Gecko/20100101 Firefox/26.0"
94.145.68.182 - - [05/Jan/2014:16:56:48 -0500] "GET /index.php/notifications?get=count HTTP/1.1" 200 24 "http://www.pacetest.dk/index.php/pages/437-deltagerliste-sj%C3%A6lland-10-11-12-januar-2014" "Mozilla/5.0 (Windows NT 6.2; WOW64; rv:26.0) Gecko/20100101 Firefox/26.0"
94.145.68.182 - - [05/Jan/2014:16:57:18 -0500] "GET /index.php/notifications?get=count HTTP/1.1" 200 24 "http://www.pacetest.dk/index.php/pages/437-deltagerliste-sj%C3%A6lland-10-11-12-januar-2014" "Mozilla/5.0 (Windows NT 6.2; WOW64; rv:26.0) Gecko/20100101 Firefox/26.0"
94.145.68.182 - - [05/Jan/2014:16:57:49 -0500] "GET /index.php/notifications?get=count HTTP/1.1" 200 24 "http://www.pacetest.dk/index.php/pages/437-deltagerliste-sj%C3%A6lland-10-11-12-januar-2014" "Mozilla/5.0 (Windows NT 6.2; WOW64; rv:26.0) Gecko/20100101 Firefox/26.0"
94.145.68.182 - - [05/Jan/2014:16:58:18 -0500] "GET /index.php/notifications?get=count HTTP/1.1" 200 24 "http://www.pacetest.dk/index.php/pages/437-deltagerliste-sj%C3%A6lland-10-11-12-januar-2014" "Mozilla/5.0 (Windows NT 6.2; WOW64; rv:26.0) Gecko/20100101 Firefox/26.0"
94.145.68.182 - - [05/Jan/2014:16:58:48 -0500] "GET /index.php/notifications?get=count HTTP/1.1" 200 24 "http://www.pacetest.dk/index.php/pages/437-deltagerliste-sj%C3%A6lland-10-11-12-januar-2014" "Mozilla/5.0 (Windows NT 6.2; WOW64; rv:26.0) Gecko/20100101 Firefox/26.0"
