94.145.68.182 - - [16/Jan/2014:15:38:29 -0500] "GET /notifications?get=count HTTP/1.1" 200 24 "http://www.pacetest.dk/pages/439-deltagerliste-og-program-jylland-18-19-januar-2014" "Mozilla/5.0 (Windows NT 6.2; WOW64; rv:26.0) Gecko/20100101 Firefox/26.0"
94.145.68.182 - - [16/Jan/2014:15:38:59 -0500] "GET /notifications?get=count HTTP/1.1" 200 24 "http://www.pacetest.dk/pages/439-deltagerliste-og-program-jylland-18-19-januar-2014" "Mozilla/5.0 (Windows NT 6.2; WOW64; rv:26.0) Gecko/20100101 Firefox/26.0"
94.145.68.182 - - [16/Jan/2014:15:39:29 -0500] "GET /notifications?get=count HTTP/1.1" 200 24 "http://www.pacetest.dk/pages/439-deltagerliste-og-program-jylland-18-19-januar-2014" "Mozilla/5.0 (Windows NT 6.2; WOW64; rv:26.0) Gecko/20100101 Firefox/26.0"
94.145.68.182 - - [16/Jan/2014:15:39:56 -0500] "POST /pages/439-deltagerliste-og-program-jylland-18-19-januar-2014?hqih80qq HTTP/1.1" 201 2259 "http://www.pacetest.dk/pages/439-deltagerliste-og-program-jylland-18-19-januar-2014" "Mozilla/5.0 (Windows NT 6.2; WOW64; rv:26.0) Gecko/20100101 Firefox/26.0"
94.145.68.182 - - [16/Jan/2014:15:39:59 -0500] "GET /notifications?get=count HTTP/1.1" 200 24 "http://www.pacetest.dk/pages/439-deltagerliste-og-program-jylland-18-19-januar-2014" "Mozilla/5.0 (Windows NT 6.2; WOW64; rv:26.0) Gecko/20100101 Firefox/26.0"
94.145.68.182 - - [16/Jan/2014:15:40:05 -0500] "GET /pages/439-deltagerliste-og-program-jylland-18-19-januar-2014?cid=778&comment%5Blayout%5D=form&hqih80qt HTTP/1.1" 200 1688 "http://www.pacetest.dk/pages/439-deltagerliste-og-program-jylland-18-19-januar-2014" "Mozilla/5.0 (Windows NT 6.2; WOW64; rv:26.0) Gecko/20100101 Firefox/26.0"
94.145.68.182 - - [16/Jan/2014:15:40:20 -0500] "POST /pages/439-deltagerliste-og-program-jylland-18-19-januar-2014?cid=778&hqih80qw HTTP/1.1" 200 2266 "http://www.pacetest.dk/pages/439-deltagerliste-og-program-jylland-18-19-januar-2014" "Mozilla/5.0 (Windows NT 6.2; WOW64; rv:26.0) Gecko/20100101 Firefox/26.0"
94.145.68.182 - - [16/Jan/2014:15:40:29 -0500] "GET /notifications?get=count HTTP/1.1" 200 24 "http://www.pacetest.dk/pages/439-deltagerliste-og-program-jylland-18-19-januar-2014" "Mozilla/5.0 (Windows NT 6.2; WOW64; rv:26.0) Gecko/20100101 Firefox/26.0"
94.145.68.182 - - [16/Jan/2014:15:40:59 -0500] "GET /notifications?get=count HTTP/1.1" 200 24 "http://www.pacetest.dk/pages/439-deltagerliste-og-program-jylland-18-19-januar-2014" "Mozilla/5.0 (Windows NT 6.2; WOW64; rv:26.0) Gecko/20100101 Firefox/26.0"
94.145.68.182 - - [16/Jan/2014:15:41:29 -0500] "GET /notifications?get=count HTTP/1.1" 200 24 "http://www.pacetest.dk/pages/439-deltagerliste-og-program-jylland-18-19-januar-2014" "Mozilla/5.0 (Windows NT 6.2; WOW64; rv:26.0) Gecko/20100101 Firefox/26.0"
94.145.68.182 - - [16/Jan/2014:15:41:56 -0500] "GET /pages/439-deltagerliste-og-program-jylland-18-19-januar-2014?layout=edit HTTP/1.1" 200 13543 "http://www.pacetest.dk/pages/439-deltagerliste-og-program-jylland-18-19-januar-2014" "Mozilla/5.0 (Windows NT 6.2; WOW64; rv:26.0) Gecko/20100101 Firefox/26.0"
94.145.68.182 - - [16/Jan/2014:15:41:59 -0500] "GET /pages/@197/revisions?layout=gadget&pid=439&hqihiaqn HTTP/1.1" 200 4152 "http://www.pacetest.dk/pages/439-deltagerliste-og-program-jylland-18-19-januar-2014?layout=edit" "Mozilla/5.0 (Windows NT 6.2; WOW64; rv:26.0) Gecko/20100101 Firefox/26.0"
94.145.68.182 - - [16/Jan/2014:15:42:14 -0500] "POST /pages/@197/439-deltagerliste-og-program-jylland-18-19-januar-2014 HTTP/1.1" 303 - "http://www.pacetest.dk/pages/439-deltagerliste-og-program-jylland-18-19-januar-2014?layout=edit" "Mozilla/5.0 (Windows NT 6.2; WOW64; rv:26.0) Gecko/20100101 Firefox/26.0"
94.145.68.182 - - [16/Jan/2014:15:42:16 -0500] "GET /pages/439-deltagerliste-og-program-jylland-18-19-januar-2014?layout=edit HTTP/1.1" 200 13707 "http://www.pacetest.dk/pages/439-deltagerliste-og-program-jylland-18-19-januar-2014?layout=edit" "Mozilla/5.0 (Windows NT 6.2; WOW64; rv:26.0) Gecko/20100101 Firefox/26.0"
94.145.68.182 - - [16/Jan/2014:15:42:19 -0500] "GET /pages/@197/revisions?layout=gadget&pid=439&hqihiqly HTTP/1.1" 200 4158 "http://www.pacetest.dk/pages/439-deltagerliste-og-program-jylland-18-19-januar-2014?layout=edit" "Mozilla/5.0 (Windows NT 6.2; WOW64; rv:26.0) Gecko/20100101 Firefox/26.0"
94.145.68.182 - - [16/Jan/2014:15:42:30 -0500] "GET /pages/@197 HTTP/1.1" 200 18496 "http://www.pacetest.dk/pages/439-deltagerliste-og-program-jylland-18-19-januar-2014?layout=edit" "Mozilla/5.0 (Windows NT 6.2; WOW64; rv:26.0) Gecko/20100101 Firefox/26.0"
94.145.68.182 - - [16/Jan/2014:15:42:45 -0500] "GET /pages/439-deltagerliste-og-program-jylland-18-19-januar-2014 HTTP/1.1" 200 37255 "http://www.pacetest.dk/pages/@197" "Mozilla/5.0 (Windows NT 6.2; WOW64; rv:26.0) Gecko/20100101 Firefox/26.0"
94.145.68.182 - - [16/Jan/2014:15:43:01 -0500] "GET /pages/439-deltagerliste-og-program-jylland-18-19-januar-2014?layout=edit HTTP/1.1" 200 13545 "http://www.pacetest.dk/pages/439-deltagerliste-og-program-jylland-18-19-januar-2014" "Mozilla/5.0 (Windows NT 6.2; WOW64; rv:26.0) Gecko/20100101 Firefox/26.0"
94.145.68.182 - - [16/Jan/2014:15:43:07 -0500] "GET /pages/@197/revisions?layout=gadget&pid=439&hqihjrgt HTTP/1.1" 200 4159 "http://www.pacetest.dk/pages/439-deltagerliste-og-program-jylland-18-19-januar-2014?layout=edit" "Mozilla/5.0 (Windows NT 6.2; WOW64; rv:26.0) Gecko/20100101 Firefox/26.0"
94.145.68.182 - - [16/Jan/2014:15:43:37 -0500] "GET /notifications?get=count HTTP/1.1" 200 24 "http://www.pacetest.dk/pages/439-deltagerliste-og-program-jylland-18-19-januar-2014?layout=edit" "Mozilla/5.0 (Windows NT 6.2; WOW64; rv:26.0) Gecko/20100101 Firefox/26.0"
94.145.68.182 - - [16/Jan/2014:15:44:07 -0500] "GET /notifications?get=count HTTP/1.1" 200 24 "http://www.pacetest.dk/pages/439-deltagerliste-og-program-jylland-18-19-januar-2014?layout=edit" "Mozilla/5.0 (Windows NT 6.2; WOW64; rv:26.0) Gecko/20100101 Firefox/26.0"
94.145.68.182 - - [16/Jan/2014:15:44:37 -0500] "GET /notifications?get=count HTTP/1.1" 200 24 "http://www.pacetest.dk/pages/439-deltagerliste-og-program-jylland-18-19-januar-2014?layout=edit" "Mozilla/5.0 (Windows NT 6.2; WOW64; rv:26.0) Gecko/20100101 Firefox/26.0"
94.145.68.182 - - [16/Jan/2014:15:45:02 -0500] "POST /pages/@197/439-deltagerliste-og-program-jylland-18-19-januar-2014 HTTP/1.1" 303 - "http://www.pacetest.dk/pages/439-deltagerliste-og-program-jylland-18-19-januar-2014?layout=edit" "Mozilla/5.0 (Windows NT 6.2; WOW64; rv:26.0) Gecko/20100101 Firefox/26.0"
94.145.68.182 - - [16/Jan/2014:15:45:05 -0500] "GET /pages/439-deltagerliste-og-program-jylland-18-19-januar-2014?layout=edit HTTP/1.1" 200 13746 "http://www.pacetest.dk/pages/439-deltagerliste-og-program-jylland-18-19-januar-2014?layout=edit" "Mozilla/5.0 (Windows NT 6.2; WOW64; rv:26.0) Gecko/20100101 Firefox/26.0"
94.145.68.182 - - [16/Jan/2014:15:45:07 -0500] "GET /notifications?get=count HTTP/1.1" 200 24 "http://www.pacetest.dk/pages/439-deltagerliste-og-program-jylland-18-19-januar-2014?layout=edit" "Mozilla/5.0 (Windows NT 6.2; WOW64; rv:26.0) Gecko/20100101 Firefox/26.0"
94.145.68.182 - - [16/Jan/2014:15:45:08 -0500] "GET /pages/@197/revisions?layout=gadget&pid=439&hqihmd2z HTTP/1.1" 200 4168 "http://www.pacetest.dk/pages/439-deltagerliste-og-program-jylland-18-19-januar-2014?layout=edit" "Mozilla/5.0 (Windows NT 6.2; WOW64; rv:26.0) Gecko/20100101 Firefox/26.0"
- - - [16/Jan/2014:15:45:12 -0500] "OPTIONS * HTTP/1.0" 200 - "-" "Apache/2.2.22 (Red Hat Enterprise Web Server) (internal dummy connection)"
94.145.68.182 - - [16/Jan/2014:15:45:38 -0500] "GET /notifications?get=count HTTP/1.1" 200 24 "http://www.pacetest.dk/pages/439-deltagerliste-og-program-jylland-18-19-januar-2014?layout=edit" "Mozilla/5.0 (Windows NT 6.2; WOW64; rv:26.0) Gecko/20100101 Firefox/26.0"
94.145.68.182 - - [16/Jan/2014:15:46:08 -0500] "GET /notifications?get=count HTTP/1.1" 200 24 "http://www.pacetest.dk/pages/439-deltagerliste-og-program-jylland-18-19-januar-2014?layout=edit" "Mozilla/5.0 (Windows NT 6.2; WOW64; rv:26.0) Gecko/20100101 Firefox/26.0"
94.145.68.182 - - [16/Jan/2014:15:46:24 -0500] "POST /pages/@197/439-deltagerliste-og-program-jylland-18-19-januar-2014 HTTP/1.1" 303 - "http://www.pacetest.dk/pages/439-deltagerliste-og-program-jylland-18-19-januar-2014?layout=edit" "Mozilla/5.0 (Windows NT 6.2; WOW64; rv:26.0) Gecko/20100101 Firefox/26.0"
94.145.68.182 - - [16/Jan/2014:15:46:26 -0500] "GET /pages/439-deltagerliste-og-program-jylland-18-19-januar-2014?layout=edit HTTP/1.1" 200 13752 "http://www.pacetest.dk/pages/439-deltagerliste-og-program-jylland-18-19-januar-2014?layout=edit" "Mozilla/5.0 (Windows NT 6.2; WOW64; rv:26.0) Gecko/20100101 Firefox/26.0"
94.145.68.182 - - [16/Jan/2014:15:46:30 -0500] "GET /pages/@197/revisions?layout=gadget&pid=439&hqiho3tu HTTP/1.1" 200 4157 "http://www.pacetest.dk/pages/439-deltagerliste-og-program-jylland-18-19-januar-2014?layout=edit" "Mozilla/5.0 (Windows NT 6.2; WOW64; rv:26.0) Gecko/20100101 Firefox/26.0"
94.145.68.182 - - [16/Jan/2014:15:47:00 -0500] "GET /notifications?get=count HTTP/1.1" 200 24 "http://www.pacetest.dk/pages/439-deltagerliste-og-program-jylland-18-19-januar-2014?layout=edit" "Mozilla/5.0 (Windows NT 6.2; WOW64; rv:26.0) Gecko/20100101 Firefox/26.0"
94.145.68.182 - - [16/Jan/2014:15:47:30 -0500] "GET /notifications?get=count HTTP/1.1" 200 24 "http://www.pacetest.dk/pages/439-deltagerliste-og-program-jylland-18-19-januar-2014?layout=edit" "Mozilla/5.0 (Windows NT 6.2; WOW64; rv:26.0) Gecko/20100101 Firefox/26.0"
94.145.68.182 - - [16/Jan/2014:15:48:00 -0500] "GET /notifications?get=count HTTP/1.1" 200 24 "http://www.pacetest.dk/pages/439-deltagerliste-og-program-jylland-18-19-januar-2014?layout=edit" "Mozilla/5.0 (Windows NT 6.2; WOW64; rv:26.0) Gecko/20100101 Firefox/26.0"
94.145.68.182 - - [16/Jan/2014:15:48:07 -0500] "GET /pages/@197 HTTP/1.1" 200 18495 "http://www.pacetest.dk/pages/439-deltagerliste-og-program-jylland-18-19-januar-2014?layout=edit" "Mozilla/5.0 (Windows NT 6.2; WOW64; rv:26.0) Gecko/20100101 Firefox/26.0"
94.145.68.182 - - [16/Jan/2014:15:48:19 -0500] "GET /pages/439-deltagerliste-og-program-jylland-18-19-januar-2014 HTTP/1.1" 200 37299 "http://www.pacetest.dk/pages/@197" "Mozilla/5.0 (Windows NT 6.2; WOW64; rv:26.0) Gecko/20100101 Firefox/26.0"
94.145.68.182 - - [16/Jan/2014:15:48:33 -0500] "GET /pages/439-deltagerliste-og-program-jylland-18-19-januar-2014?layout=edit HTTP/1.1" 200 13590 "http://www.pacetest.dk/pages/439-deltagerliste-og-program-jylland-18-19-januar-2014" "Mozilla/5.0 (Windows NT 6.2; WOW64; rv:26.0) Gecko/20100101 Firefox/26.0"
94.145.68.182 - - [16/Jan/2014:15:48:36 -0500] "GET /pages/@197/revisions?layout=gadget&pid=439&hqihqtft HTTP/1.1" 200 4158 "http://www.pacetest.dk/pages/439-deltagerliste-og-program-jylland-18-19-januar-2014?layout=edit" "Mozilla/5.0 (Windows NT 6.2; WOW64; rv:26.0) Gecko/20100101 Firefox/26.0"
94.145.68.182 - - [16/Jan/2014:15:49:06 -0500] "GET /notifications?get=count HTTP/1.1" 200 24 "http://www.pacetest.dk/pages/439-deltagerliste-og-program-jylland-18-19-januar-2014?layout=edit" "Mozilla/5.0 (Windows NT 6.2; WOW64; rv:26.0) Gecko/20100101 Firefox/26.0"
94.145.68.182 - - [16/Jan/2014:15:49:36 -0500] "GET /notifications?get=count HTTP/1.1" 200 24 "http://www.pacetest.dk/pages/439-deltagerliste-og-program-jylland-18-19-januar-2014?layout=edit" "Mozilla/5.0 (Windows NT 6.2; WOW64; rv:26.0) Gecko/20100101 Firefox/26.0"
94.145.68.182 - - [16/Jan/2014:15:50:06 -0500] "GET /notifications?get=count HTTP/1.1" 200 24 "http://www.pacetest.dk/pages/439-deltagerliste-og-program-jylland-18-19-januar-2014?layout=edit" "Mozilla/5.0 (Windows NT 6.2; WOW64; rv:26.0) Gecko/20100101 Firefox/26.0"
94.145.68.182 - - [16/Jan/2014:15:50:14 -0500] "POST /pages/@197/439-deltagerliste-og-program-jylland-18-19-januar-2014 HTTP/1.1" 303 - "http://www.pacetest.dk/pages/439-deltagerliste-og-program-jylland-18-19-januar-2014?layout=edit" "Mozilla/5.0 (Windows NT 6.2; WOW64; rv:26.0) Gecko/20100101 Firefox/26.0"
94.145.68.182 - - [16/Jan/2014:15:50:17 -0500] "GET /pages/439-deltagerliste-og-program-jylland-18-19-januar-2014?layout=edit HTTP/1.1" 200 13721 "http://www.pacetest.dk/pages/439-deltagerliste-og-program-jylland-18-19-januar-2014?layout=edit" "Mozilla/5.0 (Windows NT 6.2; WOW64; rv:26.0) Gecko/20100101 Firefox/26.0"
94.145.68.182 - - [16/Jan/2014:15:50:20 -0500] "GET /pages/@197/revisions?layout=gadget&pid=439&hqiht1h0 HTTP/1.1" 200 4160 "http://www.pacetest.dk/pages/439-deltagerliste-og-program-jylland-18-19-januar-2014?layout=edit" "Mozilla/5.0 (Windows NT 6.2; WOW64; rv:26.0) Gecko/20100101 Firefox/26.0"
94.145.68.182 - - [16/Jan/2014:15:50:50 -0500] "GET /notifications?get=count HTTP/1.1" 200 24 "http://www.pacetest.dk/pages/439-deltagerliste-og-program-jylland-18-19-januar-2014?layout=edit" "Mozilla/5.0 (Windows NT 6.2; WOW64; rv:26.0) Gecko/20100101 Firefox/26.0"
94.145.68.182 - - [16/Jan/2014:15:51:20 -0500] "GET /notifications?get=count HTTP/1.1" 200 24 "http://www.pacetest.dk/pages/439-deltagerliste-og-program-jylland-18-19-januar-2014?layout=edit" "Mozilla/5.0 (Windows NT 6.2; WOW64; rv:26.0) Gecko/20100101 Firefox/26.0"
94.145.68.182 - - [16/Jan/2014:15:51:50 -0500] "GET /notifications?get=count HTTP/1.1" 200 24 "http://www.pacetest.dk/pages/439-deltagerliste-og-program-jylland-18-19-januar-2014?layout=edit" "Mozilla/5.0 (Windows NT 6.2; WOW64; rv:26.0) Gecko/20100101 Firefox/26.0"
94.145.68.182 - - [16/Jan/2014:15:52:20 -0500] "GET /notifications?get=count HTTP/1.1" 200 24 "http://www.pacetest.dk/pages/439-deltagerliste-og-program-jylland-18-19-januar-2014?layout=edit" "Mozilla/5.0 (Windows NT 6.2; WOW64; rv:26.0) Gecko/20100101 Firefox/26.0"
94.145.68.182 - - [16/Jan/2014:15:52:50 -0500] "GET /notifications?get=count HTTP/1.1" 200 24 "http://www.pacetest.dk/pages/439-deltagerliste-og-program-jylland-18-19-januar-2014?layout=edit" "Mozilla/5.0 (Windows NT 6.2; WOW64; rv:26.0) Gecko/20100101 Firefox/26.0"
94.145.68.182 - - [16/Jan/2014:15:53:20 -0500] "GET /notifications?get=count HTTP/1.1" 200 24 "http://www.pacetest.dk/pages/439-deltagerliste-og-program-jylland-18-19-januar-2014?layout=edit" "Mozilla/5.0 (Windows NT 6.2; WOW64; rv:26.0) Gecko/20100101 Firefox/26.0"
94.145.68.182 - - [16/Jan/2014:15:53:50 -0500] "GET /notifications?get=count HTTP/1.1" 200 24 "http://www.pacetest.dk/pages/439-deltagerliste-og-program-jylland-18-19-januar-2014?layout=edit" "Mozilla/5.0 (Windows NT 6.2; WOW64; rv:26.0) Gecko/20100101 Firefox/26.0"
94.145.68.182 - - [16/Jan/2014:15:54:20 -0500] "GET /notifications?get=count HTTP/1.1" 200 24 "http://www.pacetest.dk/pages/439-deltagerliste-og-program-jylland-18-19-januar-2014?layout=edit" "Mozilla/5.0 (Windows NT 6.2; WOW64; rv:26.0) Gecko/20100101 Firefox/26.0"
94.145.68.182 - - [16/Jan/2014:15:54:50 -0500] "GET /notifications?get=count HTTP/1.1" 200 24 "http://www.pacetest.dk/pages/439-deltagerliste-og-program-jylland-18-19-januar-2014?layout=edit" "Mozilla/5.0 (Windows NT 6.2; WOW64; rv:26.0) Gecko/20100101 Firefox/26.0"
94.145.68.182 - - [16/Jan/2014:15:55:20 -0500] "GET /notifications?get=count HTTP/1.1" 200 24 "http://www.pacetest.dk/pages/439-deltagerliste-og-program-jylland-18-19-januar-2014?layout=edit" "Mozilla/5.0 (Windows NT 6.2; WOW64; rv:26.0) Gecko/20100101 Firefox/26.0"
94.145.68.182 - - [16/Jan/2014:15:55:50 -0500] "GET /notifications?get=count HTTP/1.1" 200 24 "http://www.pacetest.dk/pages/439-deltagerliste-og-program-jylland-18-19-januar-2014?layout=edit" "Mozilla/5.0 (Windows NT 6.2; WOW64; rv:26.0) Gecko/20100101 Firefox/26.0"
94.145.68.182 - - [16/Jan/2014:15:56:20 -0500] "GET /notifications?get=count HTTP/1.1" 200 24 "http://www.pacetest.dk/pages/439-deltagerliste-og-program-jylland-18-19-januar-2014?layout=edit" "Mozilla/5.0 (Windows NT 6.2; WOW64; rv:26.0) Gecko/20100101 Firefox/26.0"
94.145.68.182 - - [16/Jan/2014:15:56:50 -0500] "GET /notifications?get=count HTTP/1.1" 200 24 "http://www.pacetest.dk/pages/439-deltagerliste-og-program-jylland-18-19-januar-2014?layout=edit" "Mozilla/5.0 (Windows NT 6.2; WOW64; rv:26.0) Gecko/20100101 Firefox/26.0"
94.145.68.182 - - [16/Jan/2014:15:57:20 -0500] "GET /notifications?get=count HTTP/1.1" 200 24 "http://www.pacetest.dk/pages/439-deltagerliste-og-program-jylland-18-19-januar-2014?layout=edit" "Mozilla/5.0 (Windows NT 6.2; WOW64; rv:26.0) Gecko/20100101 Firefox/26.0"
94.145.68.182 - - [16/Jan/2014:15:57:50 -0500] "GET /notifications?get=count HTTP/1.1" 200 24 "http://www.pacetest.dk/pages/439-deltagerliste-og-program-jylland-18-19-januar-2014?layout=edit" "Mozilla/5.0 (Windows NT 6.2; WOW64; rv:26.0) Gecko/20100101 Firefox/26.0"
94.145.68.182 - - [16/Jan/2014:15:58:20 -0500] "GET /notifications?get=count HTTP/1.1" 200 24 "http://www.pacetest.dk/pages/439-deltagerliste-og-program-jylland-18-19-januar-2014?layout=edit" "Mozilla/5.0 (Windows NT 6.2; WOW64; rv:26.0) Gecko/20100101 Firefox/26.0"
94.145.68.182 - - [16/Jan/2014:15:58:50 -0500] "GET /notifications?get=count HTTP/1.1" 200 24 "http://www.pacetest.dk/pages/439-deltagerliste-og-program-jylland-18-19-januar-2014?layout=edit" "Mozilla/5.0 (Windows NT 6.2; WOW64; rv:26.0) Gecko/20100101 Firefox/26.0"
94.145.68.182 - - [16/Jan/2014:15:59:20 -0500] "GET /notifications?get=count HTTP/1.1" 200 24 "http://www.pacetest.dk/pages/439-deltagerliste-og-program-jylland-18-19-januar-2014?layout=edit" "Mozilla/5.0 (Windows NT 6.2; WOW64; rv:26.0) Gecko/20100101 Firefox/26.0"
94.145.68.182 - - [16/Jan/2014:15:59:50 -0500] "GET /notifications?get=count HTTP/1.1" 200 24 "http://www.pacetest.dk/pages/439-deltagerliste-og-program-jylland-18-19-januar-2014?layout=edit" "Mozilla/5.0 (Windows NT 6.2; WOW64; rv:26.0) Gecko/20100101 Firefox/26.0"
94.145.68.182 - - [16/Jan/2014:16:00:20 -0500] "GET /notifications?get=count HTTP/1.1" 200 24 "http://www.pacetest.dk/pages/439-deltagerliste-og-program-jylland-18-19-januar-2014?layout=edit" "Mozilla/5.0 (Windows NT 6.2; WOW64; rv:26.0) Gecko/20100101 Firefox/26.0"
94.145.68.182 - - [16/Jan/2014:16:00:50 -0500] "GET /notifications?get=count HTTP/1.1" 200 24 "http://www.pacetest.dk/pages/439-deltagerliste-og-program-jylland-18-19-januar-2014?layout=edit" "Mozilla/5.0 (Windows NT 6.2; WOW64; rv:26.0) Gecko/20100101 Firefox/26.0"
94.145.68.182 - - [16/Jan/2014:16:01:20 -0500] "GET /notifications?get=count HTTP/1.1" 200 24 "http://www.pacetest.dk/pages/439-deltagerliste-og-program-jylland-18-19-januar-2014?layout=edit" "Mozilla/5.0 (Windows NT 6.2; WOW64; rv:26.0) Gecko/20100101 Firefox/26.0"
94.145.68.182 - - [16/Jan/2014:16:01:50 -0500] "GET /notifications?get=count HTTP/1.1" 200 24 "http://www.pacetest.dk/pages/439-deltagerliste-og-program-jylland-18-19-januar-2014?layout=edit" "Mozilla/5.0 (Windows NT 6.2; WOW64; rv:26.0) Gecko/20100101 Firefox/26.0"
94.145.68.182 - - [16/Jan/2014:16:02:20 -0500] "GET /notifications?get=count HTTP/1.1" 200 24 "http://www.pacetest.dk/pages/439-deltagerliste-og-program-jylland-18-19-januar-2014?layout=edit" "Mozilla/5.0 (Windows NT 6.2; WOW64; rv:26.0) Gecko/20100101 Firefox/26.0"
94.145.68.182 - - [16/Jan/2014:16:02:50 -0500] "GET /notifications?get=count HTTP/1.1" 200 24 "http://www.pacetest.dk/pages/439-deltagerliste-og-program-jylland-18-19-januar-2014?layout=edit" "Mozilla/5.0 (Windows NT 6.2; WOW64; rv:26.0) Gecko/20100101 Firefox/26.0"
94.145.68.182 - - [16/Jan/2014:16:03:20 -0500] "GET /notifications?get=count HTTP/1.1" 200 24 "http://www.pacetest.dk/pages/439-deltagerliste-og-program-jylland-18-19-januar-2014?layout=edit" "Mozilla/5.0 (Windows NT 6.2; WOW64; rv:26.0) Gecko/20100101 Firefox/26.0"
94.145.68.182 - - [16/Jan/2014:16:03:50 -0500] "GET /notifications?get=count HTTP/1.1" 200 24 "http://www.pacetest.dk/pages/439-deltagerliste-og-program-jylland-18-19-januar-2014?layout=edit" "Mozilla/5.0 (Windows NT 6.2; WOW64; rv:26.0) Gecko/20100101 Firefox/26.0"
94.145.68.182 - - [16/Jan/2014:16:04:20 -0500] "GET /notifications?get=count HTTP/1.1" 200 24 "http://www.pacetest.dk/pages/439-deltagerliste-og-program-jylland-18-19-januar-2014?layout=edit" "Mozilla/5.0 (Windows NT 6.2; WOW64; rv:26.0) Gecko/20100101 Firefox/26.0"
94.145.68.182 - - [16/Jan/2014:16:04:50 -0500] "GET /notifications?get=count HTTP/1.1" 200 24 "http://www.pacetest.dk/pages/439-deltagerliste-og-program-jylland-18-19-januar-2014?layout=edit" "Mozilla/5.0 (Windows NT 6.2; WOW64; rv:26.0) Gecko/20100101 Firefox/26.0"
94.145.68.182 - - [16/Jan/2014:16:05:20 -0500] "GET /notifications?get=count HTTP/1.1" 200 24 "http://www.pacetest.dk/pages/439-deltagerliste-og-program-jylland-18-19-januar-2014?layout=edit" "Mozilla/5.0 (Windows NT 6.2; WOW64; rv:26.0) Gecko/20100101 Firefox/26.0"
94.145.68.182 - - [16/Jan/2014:16:05:50 -0500] "GET /notifications?get=count HTTP/1.1" 200 24 "http://www.pacetest.dk/pages/439-deltagerliste-og-program-jylland-18-19-januar-2014?layout=edit" "Mozilla/5.0 (Windows NT 6.2; WOW64; rv:26.0) Gecko/20100101 Firefox/26.0"
94.145.68.182 - - [16/Jan/2014:16:06:20 -0500] "GET /notifications?get=count HTTP/1.1" 200 24 "http://www.pacetest.dk/pages/439-deltagerliste-og-program-jylland-18-19-januar-2014?layout=edit" "Mozilla/5.0 (Windows NT 6.2; WOW64; rv:26.0) Gecko/20100101 Firefox/26.0"
94.145.68.182 - - [16/Jan/2014:16:06:50 -0500] "GET /notifications?get=count HTTP/1.1" 200 24 "http://www.pacetest.dk/pages/439-deltagerliste-og-program-jylland-18-19-januar-2014?layout=edit" "Mozilla/5.0 (Windows NT 6.2; WOW64; rv:26.0) Gecko/20100101 Firefox/26.0"
94.145.68.182 - - [16/Jan/2014:16:07:20 -0500] "GET /notifications?get=count HTTP/1.1" 200 24 "http://www.pacetest.dk/pages/439-deltagerliste-og-program-jylland-18-19-januar-2014?layout=edit" "Mozilla/5.0 (Windows NT 6.2; WOW64; rv:26.0) Gecko/20100101 Firefox/26.0"
94.145.68.182 - - [16/Jan/2014:16:07:50 -0500] "GET /notifications?get=count HTTP/1.1" 200 24 "http://www.pacetest.dk/pages/439-deltagerliste-og-program-jylland-18-19-januar-2014?layout=edit" "Mozilla/5.0 (Windows NT 6.2; WOW64; rv:26.0) Gecko/20100101 Firefox/26.0"
94.145.68.182 - - [16/Jan/2014:16:08:20 -0500] "GET /notifications?get=count HTTP/1.1" 200 24 "http://www.pacetest.dk/pages/439-deltagerliste-og-program-jylland-18-19-januar-2014?layout=edit" "Mozilla/5.0 (Windows NT 6.2; WOW64; rv:26.0) Gecko/20100101 Firefox/26.0"
94.145.68.182 - - [16/Jan/2014:16:08:50 -0500] "GET /notifications?get=count HTTP/1.1" 200 24 "http://www.pacetest.dk/pages/439-deltagerliste-og-program-jylland-18-19-januar-2014?layout=edit" "Mozilla/5.0 (Windows NT 6.2; WOW64; rv:26.0) Gecko/20100101 Firefox/26.0"
94.145.68.182 - - [16/Jan/2014:16:09:20 -0500] "GET /notifications?get=count HTTP/1.1" 200 24 "http://www.pacetest.dk/pages/439-deltagerliste-og-program-jylland-18-19-januar-2014?layout=edit" "Mozilla/5.0 (Windows NT 6.2; WOW64; rv:26.0) Gecko/20100101 Firefox/26.0"
94.145.68.182 - - [16/Jan/2014:16:09:50 -0500] "GET /notifications?get=count HTTP/1.1" 200 24 "http://www.pacetest.dk/pages/439-deltagerliste-og-program-jylland-18-19-januar-2014?layout=edit" "Mozilla/5.0 (Windows NT 6.2; WOW64; rv:26.0) Gecko/20100101 Firefox/26.0"
10.110.62.41 - - [16/Jan/2014:16:10:18 -0500] "GET / HTTP/1.1" 200 7852 "-" "Ruby"
94.145.68.182 - - [16/Jan/2014:16:10:20 -0500] "GET /notifications?get=count HTTP/1.1" 200 24 "http://www.pacetest.dk/pages/439-deltagerliste-og-program-jylland-18-19-januar-2014?layout=edit" "Mozilla/5.0 (Windows NT 6.2; WOW64; rv:26.0) Gecko/20100101 Firefox/26.0"
10.110.62.41 - - [16/Jan/2014:16:10:20 -0500] "GET / HTTP/1.1" 200 7855 "-" "Ruby"
- - - [16/Jan/2014:16:10:22 -0500] "OPTIONS * HTTP/1.0" 200 - "-" "Apache/2.2.22 (Red Hat Enterprise Web Server) (internal dummy connection)"
94.145.68.182 - - [16/Jan/2014:16:10:50 -0500] "GET /notifications?get=count HTTP/1.1" 200 24 "http://www.pacetest.dk/pages/439-deltagerliste-og-program-jylland-18-19-januar-2014?layout=edit" "Mozilla/5.0 (Windows NT 6.2; WOW64; rv:26.0) Gecko/20100101 Firefox/26.0"
94.145.68.182 - - [16/Jan/2014:16:11:20 -0500] "GET /notifications?get=count HTTP/1.1" 200 24 "http://www.pacetest.dk/pages/439-deltagerliste-og-program-jylland-18-19-januar-2014?layout=edit" "Mozilla/5.0 (Windows NT 6.2; WOW64; rv:26.0) Gecko/20100101 Firefox/26.0"
94.145.68.182 - - [16/Jan/2014:16:11:50 -0500] "GET /notifications?get=count HTTP/1.1" 200 24 "http://www.pacetest.dk/pages/439-deltagerliste-og-program-jylland-18-19-januar-2014?layout=edit" "Mozilla/5.0 (Windows NT 6.2; WOW64; rv:26.0) Gecko/20100101 Firefox/26.0"
66.249.76.126 - - [16/Jan/2014:16:12:08 -0500] "GET /people/Cthrane/graph/mutuals HTTP/1.1" 200 12865 "-" "Mozilla/5.0 (compatible; Googlebot/2.1; +http://www.google.com/bot.html)"
94.145.68.182 - - [16/Jan/2014:16:12:20 -0500] "GET /notifications?get=count HTTP/1.1" 200 24 "http://www.pacetest.dk/pages/439-deltagerliste-og-program-jylland-18-19-januar-2014?layout=edit" "Mozilla/5.0 (Windows NT 6.2; WOW64; rv:26.0) Gecko/20100101 Firefox/26.0"
94.145.68.182 - - [16/Jan/2014:16:12:50 -0500] "GET /notifications?get=count HTTP/1.1" 200 24 "http://www.pacetest.dk/pages/439-deltagerliste-og-program-jylland-18-19-januar-2014?layout=edit" "Mozilla/5.0 (Windows NT 6.2; WOW64; rv:26.0) Gecko/20100101 Firefox/26.0"
94.145.68.182 - - [16/Jan/2014:16:13:20 -0500] "GET /notifications?get=count HTTP/1.1" 200 24 "http://www.pacetest.dk/pages/439-deltagerliste-og-program-jylland-18-19-januar-2014?layout=edit" "Mozilla/5.0 (Windows NT 6.2; WOW64; rv:26.0) Gecko/20100101 Firefox/26.0"
94.145.68.182 - - [16/Jan/2014:16:13:50 -0500] "GET /notifications?get=count HTTP/1.1" 200 24 "http://www.pacetest.dk/pages/439-deltagerliste-og-program-jylland-18-19-januar-2014?layout=edit" "Mozilla/5.0 (Windows NT 6.2; WOW64; rv:26.0) Gecko/20100101 Firefox/26.0"
94.145.68.182 - - [16/Jan/2014:16:14:20 -0500] "GET /notifications?get=count HTTP/1.1" 200 24 "http://www.pacetest.dk/pages/439-deltagerliste-og-program-jylland-18-19-januar-2014?layout=edit" "Mozilla/5.0 (Windows NT 6.2; WOW64; rv:26.0) Gecko/20100101 Firefox/26.0"
66.249.76.119 - - [16/Jan/2014:16:14:22 -0500] "GET /people/PeterFrederiksen HTTP/1.1" 200 12827 "-" "Mozilla/5.0 (compatible; Googlebot/2.1; +http://www.google.com/bot.html)"
66.249.76.123 - - [16/Jan/2014:16:14:27 -0500] "GET /people/LotteAndreassen HTTP/1.1" 200 12679 "-" "Mozilla/5.0 (compatible; Googlebot/2.1; +http://www.google.com/bot.html)"
94.145.68.182 - - [16/Jan/2014:16:14:50 -0500] "GET /notifications?get=count HTTP/1.1" 200 24 "http://www.pacetest.dk/pages/439-deltagerliste-og-program-jylland-18-19-januar-2014?layout=edit" "Mozilla/5.0 (Windows NT 6.2; WOW64; rv:26.0) Gecko/20100101 Firefox/26.0"
94.145.68.182 - - [16/Jan/2014:16:15:20 -0500] "GET /notifications?get=count HTTP/1.1" 200 24 "http://www.pacetest.dk/pages/439-deltagerliste-og-program-jylland-18-19-januar-2014?layout=edit" "Mozilla/5.0 (Windows NT 6.2; WOW64; rv:26.0) Gecko/20100101 Firefox/26.0"
94.145.68.182 - - [16/Jan/2014:16:15:50 -0500] "GET /notifications?get=count HTTP/1.1" 200 24 "http://www.pacetest.dk/pages/439-deltagerliste-og-program-jylland-18-19-januar-2014?layout=edit" "Mozilla/5.0 (Windows NT 6.2; WOW64; rv:26.0) Gecko/20100101 Firefox/26.0"
94.145.68.182 - - [16/Jan/2014:16:16:20 -0500] "GET /notifications?get=count HTTP/1.1" 200 24 "http://www.pacetest.dk/pages/439-deltagerliste-og-program-jylland-18-19-januar-2014?layout=edit" "Mozilla/5.0 (Windows NT 6.2; WOW64; rv:26.0) Gecko/20100101 Firefox/26.0"
94.145.68.182 - - [16/Jan/2014:16:16:50 -0500] "GET /notifications?get=count HTTP/1.1" 200 24 "http://www.pacetest.dk/pages/439-deltagerliste-og-program-jylland-18-19-januar-2014?layout=edit" "Mozilla/5.0 (Windows NT 6.2; WOW64; rv:26.0) Gecko/20100101 Firefox/26.0"
94.145.68.182 - - [16/Jan/2014:16:17:20 -0500] "GET /notifications?get=count HTTP/1.1" 200 24 "http://www.pacetest.dk/pages/439-deltagerliste-og-program-jylland-18-19-januar-2014?layout=edit" "Mozilla/5.0 (Windows NT 6.2; WOW64; rv:26.0) Gecko/20100101 Firefox/26.0"
94.145.68.182 - - [16/Jan/2014:16:17:50 -0500] "GET /notifications?get=count HTTP/1.1" 200 24 "http://www.pacetest.dk/pages/439-deltagerliste-og-program-jylland-18-19-januar-2014?layout=edit" "Mozilla/5.0 (Windows NT 6.2; WOW64; rv:26.0) Gecko/20100101 Firefox/26.0"
94.145.68.182 - - [16/Jan/2014:16:18:20 -0500] "GET /notifications?get=count HTTP/1.1" 200 24 "http://www.pacetest.dk/pages/439-deltagerliste-og-program-jylland-18-19-januar-2014?layout=edit" "Mozilla/5.0 (Windows NT 6.2; WOW64; rv:26.0) Gecko/20100101 Firefox/26.0"
94.145.68.182 - - [16/Jan/2014:16:18:50 -0500] "GET /notifications?get=count HTTP/1.1" 200 24 "http://www.pacetest.dk/pages/439-deltagerliste-og-program-jylland-18-19-januar-2014?layout=edit" "Mozilla/5.0 (Windows NT 6.2; WOW64; rv:26.0) Gecko/20100101 Firefox/26.0"
94.145.68.182 - - [16/Jan/2014:16:19:20 -0500] "GET /notifications?get=count HTTP/1.1" 200 24 "http://www.pacetest.dk/pages/439-deltagerliste-og-program-jylland-18-19-januar-2014?layout=edit" "Mozilla/5.0 (Windows NT 6.2; WOW64; rv:26.0) Gecko/20100101 Firefox/26.0"
94.145.68.182 - - [16/Jan/2014:16:19:50 -0500] "GET /notifications?get=count HTTP/1.1" 200 24 "http://www.pacetest.dk/pages/439-deltagerliste-og-program-jylland-18-19-januar-2014?layout=edit" "Mozilla/5.0 (Windows NT 6.2; WOW64; rv:26.0) Gecko/20100101 Firefox/26.0"
94.145.68.182 - - [16/Jan/2014:16:20:20 -0500] "GET /notifications?get=count HTTP/1.1" 200 24 "http://www.pacetest.dk/pages/439-deltagerliste-og-program-jylland-18-19-januar-2014?layout=edit" "Mozilla/5.0 (Windows NT 6.2; WOW64; rv:26.0) Gecko/20100101 Firefox/26.0"
94.145.68.182 - - [16/Jan/2014:16:20:50 -0500] "GET /notifications?get=count HTTP/1.1" 200 24 "http://www.pacetest.dk/pages/439-deltagerliste-og-program-jylland-18-19-januar-2014?layout=edit" "Mozilla/5.0 (Windows NT 6.2; WOW64; rv:26.0) Gecko/20100101 Firefox/26.0"
94.145.68.182 - - [16/Jan/2014:16:21:20 -0500] "GET /notifications?get=count HTTP/1.1" 200 24 "http://www.pacetest.dk/pages/439-deltagerliste-og-program-jylland-18-19-januar-2014?layout=edit" "Mozilla/5.0 (Windows NT 6.2; WOW64; rv:26.0) Gecko/20100101 Firefox/26.0"
94.145.68.182 - - [16/Jan/2014:16:21:50 -0500] "GET /notifications?get=count HTTP/1.1" 200 24 "http://www.pacetest.dk/pages/439-deltagerliste-og-program-jylland-18-19-januar-2014?layout=edit" "Mozilla/5.0 (Windows NT 6.2; WOW64; rv:26.0) Gecko/20100101 Firefox/26.0"
188.180.160.53 - - [16/Jan/2014:16:21:59 -0500] "GET /pages/439-deltagerliste-jylland-17-18-19-januar-2014 HTTP/1.1" 303 - "-" "Mozilla/5.0 (iPhone; CPU iPhone OS 6_1_3 like Mac OS X) AppleWebKit/536.26 (KHTML, like Gecko) Version/6.0 Mobile/10B329 Safari/8536.25"
188.180.160.53 - - [16/Jan/2014:16:22:01 -0500] "GET /people/session?return=aHR0cDovL3d3dy5wYWNldGVzdC5kay9wYWdlcy80MzktZGVsdGFnZXJsaXN0ZS1qeWxsYW5kLTE3LTE4LTE5LWphbnVhci0yMDE0 HTTP/1.1" 200 6984 "-" "Mozilla/5.0 (iPhone; CPU iPhone OS 6_1_3 like Mac OS X) AppleWebKit/536.26 (KHTML, like Gecko) Version/6.0 Mobile/10B329 Safari/8536.25"
188.180.160.53 - - [16/Jan/2014:16:22:03 -0500] "GET /templates/shiraz/css/style1/style.css HTTP/1.1" 304 - "http://www.pacetest.dk/people/session?return=aHR0cDovL3d3dy5wYWNldGVzdC5kay9wYWdlcy80MzktZGVsdGFnZXJsaXN0ZS1qeWxsYW5kLTE3LTE4LTE5LWphbnVhci0yMDE0" "Mozilla/5.0 (iPhone; CPU iPhone OS 6_1_3 like Mac OS X) AppleWebKit/536.26 (KHTML, like Gecko) Version/6.0 Mobile/10B329 Safari/8536.25"
188.180.160.53 - - [16/Jan/2014:16:22:03 -0500] "GET /media/lib_anahita/js/production/site.js HTTP/1.1" 304 - "http://www.pacetest.dk/people/session?return=aHR0cDovL3d3dy5wYWNldGVzdC5kay9wYWdlcy80MzktZGVsdGFnZXJsaXN0ZS1qeWxsYW5kLTE3LTE4LTE5LWphbnVhci0yMDE0" "Mozilla/5.0 (iPhone; CPU iPhone OS 6_1_3 like Mac OS X) AppleWebKit/536.26 (KHTML, like Gecko) Version/6.0 Mobile/10B329 Safari/8536.25"
94.145.68.182 - - [16/Jan/2014:16:22:20 -0500] "GET /notifications?get=count HTTP/1.1" 200 24 "http://www.pacetest.dk/pages/439-deltagerliste-og-program-jylland-18-19-januar-2014?layout=edit" "Mozilla/5.0 (Windows NT 6.2; WOW64; rv:26.0) Gecko/20100101 Firefox/26.0"
94.145.68.182 - - [16/Jan/2014:16:22:50 -0500] "GET /notifications?get=count HTTP/1.1" 200 24 "http://www.pacetest.dk/pages/439-deltagerliste-og-program-jylland-18-19-januar-2014?layout=edit" "Mozilla/5.0 (Windows NT 6.2; WOW64; rv:26.0) Gecko/20100101 Firefox/26.0"
94.145.68.182 - - [16/Jan/2014:16:23:20 -0500] "GET /notifications?get=count HTTP/1.1" 200 24 "http://www.pacetest.dk/pages/439-deltagerliste-og-program-jylland-18-19-januar-2014?layout=edit" "Mozilla/5.0 (Windows NT 6.2; WOW64; rv:26.0) Gecko/20100101 Firefox/26.0"
94.145.68.182 - - [16/Jan/2014:16:23:50 -0500] "GET /notifications?get=count HTTP/1.1" 200 24 "http://www.pacetest.dk/pages/439-deltagerliste-og-program-jylland-18-19-januar-2014?layout=edit" "Mozilla/5.0 (Windows NT 6.2; WOW64; rv:26.0) Gecko/20100101 Firefox/26.0"
188.180.160.53 - - [16/Jan/2014:16:23:59 -0500] "GET /pages/439-deltagerliste-jylland-17-18-19-januar-2014 HTTP/1.1" 303 - "-" "Mozilla/5.0 (iPhone; CPU iPhone OS 6_1_3 like Mac OS X) AppleWebKit/536.26 (KHTML, like Gecko) Version/6.0 Mobile/10B329 Safari/8536.25"
188.180.160.53 - - [16/Jan/2014:16:24:01 -0500] "GET /people/session?return=aHR0cDovL3d3dy5wYWNldGVzdC5kay9wYWdlcy80MzktZGVsdGFnZXJsaXN0ZS1qeWxsYW5kLTE3LTE4LTE5LWphbnVhci0yMDE0 HTTP/1.1" 200 6984 "-" "Mozilla/5.0 (iPhone; CPU iPhone OS 6_1_3 like Mac OS X) AppleWebKit/536.26 (KHTML, like Gecko) Version/6.0 Mobile/10B329 Safari/8536.25"
94.145.68.182 - - [16/Jan/2014:16:24:20 -0500] "GET /notifications?get=count HTTP/1.1" 200 24 "http://www.pacetest.dk/pages/439-deltagerliste-og-program-jylland-18-19-januar-2014?layout=edit" "Mozilla/5.0 (Windows NT 6.2; WOW64; rv:26.0) Gecko/20100101 Firefox/26.0"
66.249.76.119 - - [16/Jan/2014:16:24:24 -0500] "GET /people/PeterFrederiksen/graph/followers HTTP/1.1" 200 14755 "-" "Mozilla/5.0 (compatible; Googlebot/2.1; +http://www.google.com/bot.html)"
66.249.76.124 - - [16/Jan/2014:16:24:34 -0500] "GET /people/LotteAndreassen/graph/followers HTTP/1.1" 200 14750 "-" "Mozilla/5.0 (compatible; Googlebot/2.1; +http://www.google.com/bot.html)"
94.145.68.182 - - [16/Jan/2014:16:24:50 -0500] "GET /notifications?get=count HTTP/1.1" 200 24 "http://www.pacetest.dk/pages/439-deltagerliste-og-program-jylland-18-19-januar-2014?layout=edit" "Mozilla/5.0 (Windows NT 6.2; WOW64; rv:26.0) Gecko/20100101 Firefox/26.0"
188.180.160.53 - - [16/Jan/2014:16:24:51 -0500] "POST /people/session HTTP/1.1" 303 - "http://www.pacetest.dk/people/session?return=aHR0cDovL3d3dy5wYWNldGVzdC5kay9wYWdlcy80MzktZGVsdGFnZXJsaXN0ZS1qeWxsYW5kLTE3LTE4LTE5LWphbnVhci0yMDE0" "Mozilla/5.0 (iPhone; CPU iPhone OS 6_1_3 like Mac OS X) AppleWebKit/536.26 (KHTML, like Gecko) Version/6.0 Mobile/10B329 Safari/8536.25"
66.249.76.121 - - [16/Jan/2014:16:24:51 -0500] "GET /actors?layout=modal&ids%5B0%5D=1&ids%5B1%5D=32&ids%5B2%5D=35&ids%5B3%5D=37&ids%5B4%5D=112&ids%5B5%5D=181&ids%5B6%5D=174&ids%5B7%5D=204&ids%5B8%5D=215&ids%5B9%5D=236&ids%5B10%5D=241&ids%5B11%5D=242&ids%5B12%5D=243 HTTP/1.1" 200 16867 "-" "Mozilla/5.0 (compatible; Googlebot/2.1; +http://www.google.com/bot.html)"
188.180.160.53 - - [16/Jan/2014:16:24:54 -0500] "GET /people/session HTTP/1.1" 200 7045 "http://www.pacetest.dk/people/session?return=aHR0cDovL3d3dy5wYWNldGVzdC5kay9wYWdlcy80MzktZGVsdGFnZXJsaXN0ZS1qeWxsYW5kLTE3LTE4LTE5LWphbnVhci0yMDE0" "Mozilla/5.0 (iPhone; CPU iPhone OS 6_1_3 like Mac OS X) AppleWebKit/536.26 (KHTML, like Gecko) Version/6.0 Mobile/10B329 Safari/8536.25"
- - - [16/Jan/2014:16:24:56 -0500] "OPTIONS * HTTP/1.0" 200 - "-" "Apache/2.2.22 (Red Hat Enterprise Web Server) (internal dummy connection)"
66.249.76.118 - - [16/Jan/2014:16:25:05 -0500] "GET /actors?layout=modal&ids%5B0%5D=1&ids%5B1%5D=32&ids%5B2%5D=37&ids%5B3%5D=174&ids%5B4%5D=35&ids%5B5%5D=112&ids%5B6%5D=181&ids%5B7%5D=216&ids%5B8%5D=204&ids%5B9%5D=215&ids%5B10%5D=236&ids%5B11%5D=242&ids%5B12%5D=243 HTTP/1.1" 200 16871 "-" "Mozilla/5.0 (compatible; Googlebot/2.1; +http://www.google.com/bot.html)"
94.145.68.182 - - [16/Jan/2014:16:25:20 -0500] "GET /notifications?get=count HTTP/1.1" 200 24 "http://www.pacetest.dk/pages/439-deltagerliste-og-program-jylland-18-19-januar-2014?layout=edit" "Mozilla/5.0 (Windows NT 6.2; WOW64; rv:26.0) Gecko/20100101 Firefox/26.0"
94.145.68.182 - - [16/Jan/2014:16:25:50 -0500] "GET /notifications?get=count HTTP/1.1" 200 24 "http://www.pacetest.dk/pages/439-deltagerliste-og-program-jylland-18-19-januar-2014?layout=edit" "Mozilla/5.0 (Windows NT 6.2; WOW64; rv:26.0) Gecko/20100101 Firefox/26.0"
94.145.68.182 - - [16/Jan/2014:16:26:20 -0500] "GET /notifications?get=count HTTP/1.1" 200 24 "http://www.pacetest.dk/pages/439-deltagerliste-og-program-jylland-18-19-januar-2014?layout=edit" "Mozilla/5.0 (Windows NT 6.2; WOW64; rv:26.0) Gecko/20100101 Firefox/26.0"
188.180.160.53 - - [16/Jan/2014:16:26:21 -0500] "POST /people/session HTTP/1.1" 303 - "http://www.pacetest.dk/people/session" "Mozilla/5.0 (iPhone; CPU iPhone OS 6_1_3 like Mac OS X) AppleWebKit/536.26 (KHTML, like Gecko) Version/6.0 Mobile/10B329 Safari/8536.25"
188.180.160.53 - - [16/Jan/2014:16:26:23 -0500] "GET /people/session HTTP/1.1" 200 7045 "http://www.pacetest.dk/people/session" "Mozilla/5.0 (iPhone; CPU iPhone OS 6_1_3 like Mac OS X) AppleWebKit/536.26 (KHTML, like Gecko) Version/6.0 Mobile/10B329 Safari/8536.25"
- - - [16/Jan/2014:16:26:25 -0500] "OPTIONS * HTTP/1.0" 200 - "-" "Apache/2.2.22 (Red Hat Enterprise Web Server) (internal dummy connection)"
94.145.68.182 - - [16/Jan/2014:16:26:50 -0500] "GET /notifications?get=count HTTP/1.1" 200 24 "http://www.pacetest.dk/pages/439-deltagerliste-og-program-jylland-18-19-januar-2014?layout=edit" "Mozilla/5.0 (Windows NT 6.2; WOW64; rv:26.0) Gecko/20100101 Firefox/26.0"
188.180.160.53 - - [16/Jan/2014:16:27:04 -0500] "GET /people/token HTTP/1.1" 200 7006 "http://www.pacetest.dk/people/session" "Mozilla/5.0 (iPhone; CPU iPhone OS 6_1_3 like Mac OS X) AppleWebKit/536.26 (KHTML, like Gecko) Version/6.0 Mobile/10B329 Safari/8536.25"
188.180.160.53 - - [16/Jan/2014:16:27:07 -0500] "GET /templates/base/css/images/logo.png HTTP/1.1" 200 5272 "http://www.pacetest.dk/people/token" "Mozilla/5.0 (iPhone; CPU iPhone OS 6_1_3 like Mac OS X) AppleWebKit/536.26 (KHTML, like Gecko) Version/6.0 Mobile/10B329 Safari/8536.25"
94.145.68.182 - - [16/Jan/2014:16:27:20 -0500] "GET /notifications?get=count HTTP/1.1" 200 24 "http://www.pacetest.dk/pages/439-deltagerliste-og-program-jylland-18-19-januar-2014?layout=edit" "Mozilla/5.0 (Windows NT 6.2; WOW64; rv:26.0) Gecko/20100101 Firefox/26.0"
188.180.160.53 - - [16/Jan/2014:16:27:39 -0500] "POST /people/token?hqij43ls HTTP/1.1" 201 763 "http://www.pacetest.dk/people/token" "Mozilla/5.0 (iPhone; CPU iPhone OS 6_1_3 like Mac OS X) AppleWebKit/536.26 (KHTML, like Gecko) Version/6.0 Mobile/10B329 Safari/8536.25"
188.180.160.53 - - [16/Jan/2014:16:27:41 -0500] "GET /templates/base/css/images/spinner.gif HTTP/1.1" 200 723 "http://www.pacetest.dk/people/token" "Mozilla/5.0 (iPhone; CPU iPhone OS 6_1_3 like Mac OS X) AppleWebKit/536.26 (KHTML, like Gecko) Version/6.0 Mobile/10B329 Safari/8536.25"
94.145.68.182 - - [16/Jan/2014:16:27:50 -0500] "GET /notifications?get=count HTTP/1.1" 200 24 "http://www.pacetest.dk/pages/439-deltagerliste-og-program-jylland-18-19-januar-2014?layout=edit" "Mozilla/5.0 (Windows NT 6.2; WOW64; rv:26.0) Gecko/20100101 Firefox/26.0"
94.145.68.182 - - [16/Jan/2014:16:28:20 -0500] "GET /notifications?get=count HTTP/1.1" 200 24 "http://www.pacetest.dk/pages/439-deltagerliste-og-program-jylland-18-19-januar-2014?layout=edit" "Mozilla/5.0 (Windows NT 6.2; WOW64; rv:26.0) Gecko/20100101 Firefox/26.0"
94.145.68.182 - - [16/Jan/2014:16:28:50 -0500] "GET /notifications?get=count HTTP/1.1" 200 24 "http://www.pacetest.dk/pages/439-deltagerliste-og-program-jylland-18-19-januar-2014?layout=edit" "Mozilla/5.0 (Windows NT 6.2; WOW64; rv:26.0) Gecko/20100101 Firefox/26.0"
94.145.68.182 - - [16/Jan/2014:16:29:20 -0500] "GET /notifications?get=count HTTP/1.1" 200 24 "http://www.pacetest.dk/pages/439-deltagerliste-og-program-jylland-18-19-januar-2014?layout=edit" "Mozilla/5.0 (Windows NT 6.2; WOW64; rv:26.0) Gecko/20100101 Firefox/26.0"
94.145.68.182 - - [16/Jan/2014:16:29:50 -0500] "GET /notifications?get=count HTTP/1.1" 200 24 "http://www.pacetest.dk/pages/439-deltagerliste-og-program-jylland-18-19-januar-2014?layout=edit" "Mozilla/5.0 (Windows NT 6.2; WOW64; rv:26.0) Gecko/20100101 Firefox/26.0"
94.145.68.182 - - [16/Jan/2014:16:30:20 -0500] "GET /notifications?get=count HTTP/1.1" 200 24 "http://www.pacetest.dk/pages/439-deltagerliste-og-program-jylland-18-19-januar-2014?layout=edit" "Mozilla/5.0 (Windows NT 6.2; WOW64; rv:26.0) Gecko/20100101 Firefox/26.0"
94.145.68.182 - - [16/Jan/2014:16:30:50 -0500] "GET /notifications?get=count HTTP/1.1" 200 24 "http://www.pacetest.dk/pages/439-deltagerliste-og-program-jylland-18-19-januar-2014?layout=edit" "Mozilla/5.0 (Windows NT 6.2; WOW64; rv:26.0) Gecko/20100101 Firefox/26.0"
94.145.68.182 - - [16/Jan/2014:16:31:20 -0500] "GET /notifications?get=count HTTP/1.1" 200 24 "http://www.pacetest.dk/pages/439-deltagerliste-og-program-jylland-18-19-januar-2014?layout=edit" "Mozilla/5.0 (Windows NT 6.2; WOW64; rv:26.0) Gecko/20100101 Firefox/26.0"
94.145.68.182 - - [16/Jan/2014:16:31:50 -0500] "GET /notifications?get=count HTTP/1.1" 200 24 "http://www.pacetest.dk/pages/439-deltagerliste-og-program-jylland-18-19-januar-2014?layout=edit" "Mozilla/5.0 (Windows NT 6.2; WOW64; rv:26.0) Gecko/20100101 Firefox/26.0"
94.145.68.182 - - [16/Jan/2014:16:32:20 -0500] "GET /notifications?get=count HTTP/1.1" 200 24 "http://www.pacetest.dk/pages/439-deltagerliste-og-program-jylland-18-19-januar-2014?layout=edit" "Mozilla/5.0 (Windows NT 6.2; WOW64; rv:26.0) Gecko/20100101 Firefox/26.0"
94.145.68.182 - - [16/Jan/2014:16:32:50 -0500] "GET /notifications?get=count HTTP/1.1" 200 24 "http://www.pacetest.dk/pages/439-deltagerliste-og-program-jylland-18-19-januar-2014?layout=edit" "Mozilla/5.0 (Windows NT 6.2; WOW64; rv:26.0) Gecko/20100101 Firefox/26.0"
94.145.68.182 - - [16/Jan/2014:16:33:20 -0500] "GET /notifications?get=count HTTP/1.1" 200 24 "http://www.pacetest.dk/pages/439-deltagerliste-og-program-jylland-18-19-januar-2014?layout=edit" "Mozilla/5.0 (Windows NT 6.2; WOW64; rv:26.0) Gecko/20100101 Firefox/26.0"
94.145.68.182 - - [16/Jan/2014:16:33:50 -0500] "GET /notifications?get=count HTTP/1.1" 200 24 "http://www.pacetest.dk/pages/439-deltagerliste-og-program-jylland-18-19-januar-2014?layout=edit" "Mozilla/5.0 (Windows NT 6.2; WOW64; rv:26.0) Gecko/20100101 Firefox/26.0"
94.145.68.182 - - [16/Jan/2014:16:34:20 -0500] "GET /notifications?get=count HTTP/1.1" 200 24 "http://www.pacetest.dk/pages/439-deltagerliste-og-program-jylland-18-19-januar-2014?layout=edit" "Mozilla/5.0 (Windows NT 6.2; WOW64; rv:26.0) Gecko/20100101 Firefox/26.0"
66.249.76.127 - - [16/Jan/2014:16:34:27 -0500] "GET /people/Mette HTTP/1.1" 200 12395 "-" "Mozilla/5.0 (compatible; Googlebot/2.1; +http://www.google.com/bot.html)"
66.249.76.139 - - [16/Jan/2014:16:34:33 -0500] "GET /people/Jette HTTP/1.1" 200 12583 "-" "Mozilla/5.0 (compatible; Googlebot/2.1; +http://www.google.com/bot.html)"
66.249.76.126 - - [16/Jan/2014:16:34:41 -0500] "GET /people/Krafla HTTP/1.1" 200 12294 "-" "Mozilla/5.0 (compatible; Googlebot/2.1; +http://www.google.com/bot.html)"
188.180.160.53 - - [16/Jan/2014:16:34:48 -0500] "GET / HTTP/1.1" 200 7760 "http://www.google.dk/url?sa=t&rct=j&q=&esrc=s&source=web&cd=1&ved=0CC4QFjAA&url=http%3A%2F%2Fwww.pacetest.dk%2F&ei=dFDYUr2yGeqp4ATGhYDAAQ&usg=AFQjCNF6nkr7y63WgWcIdfUoXl9YYgY-yA&bvm=bv.59568121,d.bGE" "Mozilla/5.0 (Windows NT 6.1; WOW64; Trident/7.0; MALC; rv:11.0) like Gecko"
188.180.160.53 - - [16/Jan/2014:16:34:53 -0500] "GET /templates/base/css/images/logo.png HTTP/1.1" 200 5272 "http://www.pacetest.dk/" "Mozilla/5.0 (Windows NT 6.1; WOW64; Trident/7.0; MALC; rv:11.0) like Gecko"
188.180.160.53 - - [16/Jan/2014:16:34:53 -0500] "GET /templates/base/css/images/icon-socialmedia.png HTTP/1.1" 200 6399 "http://www.pacetest.dk/" "Mozilla/5.0 (Windows NT 6.1; WOW64; Trident/7.0; MALC; rv:11.0) like Gecko"
188.180.160.53 - - [16/Jan/2014:16:34:53 -0500] "GET /templates/base/css/images/icon-socialmedia-white.png HTTP/1.1" 200 5419 "http://www.pacetest.dk/" "Mozilla/5.0 (Windows NT 6.1; WOW64; Trident/7.0; MALC; rv:11.0) like Gecko"
- - - [16/Jan/2014:16:34:53 -0500] "OPTIONS * HTTP/1.0" 200 - "-" "Apache/2.2.22 (Red Hat Enterprise Web Server) (internal dummy connection)"
188.180.160.53 - - [16/Jan/2014:16:34:54 -0500] "GET /templates/base/css/images/favicon.ico HTTP/1.1" 200 1150 "-" "Mozilla/5.0 (Windows NT 6.1; WOW64; Trident/7.0; MALC; rv:11.0) like Gecko"
66.249.76.112 - - [16/Jan/2014:16:34:45 -0500] "GET /people/Malene HTTP/1.1" 200 12521 "-" "Mozilla/5.0 (compatible; Googlebot/2.1; +http://www.google.com/bot.html)"
- - - [16/Jan/2014:16:34:55 -0500] "OPTIONS * HTTP/1.0" 200 - "-" "Apache/2.2.22 (Red Hat Enterprise Web Server) (internal dummy connection)"
94.145.68.182 - - [16/Jan/2014:16:34:50 -0500] "GET /notifications?get=count HTTP/1.1" 200 24 "http://www.pacetest.dk/pages/439-deltagerliste-og-program-jylland-18-19-januar-2014?layout=edit" "Mozilla/5.0 (Windows NT 6.2; WOW64; rv:26.0) Gecko/20100101 Firefox/26.0"
66.249.76.126 - - [16/Jan/2014:16:34:49 -0500] "GET /people/LotteAndreassen/graph/leaders HTTP/1.1" 200 17456 "-" "Mozilla/5.0 (compatible; Googlebot/2.1; +http://www.google.com/bot.html)"
66.249.76.132 - - [16/Jan/2014:16:34:55 -0500] "GET /people/LotteAndreassen/graph/mutuals HTTP/1.1" 200 14740 "-" "Mozilla/5.0 (compatible; Googlebot/2.1; +http://www.google.com/bot.html)"
- - - [16/Jan/2014:16:35:02 -0500] "OPTIONS * HTTP/1.0" 200 - "-" "Apache/2.2.22 (Red Hat Enterprise Web Server) (internal dummy connection)"
66.249.76.141 - - [16/Jan/2014:16:34:58 -0500] "GET /people/PeterFrederiksen/graph/leaders HTTP/1.1" 200 17461 "-" "Mozilla/5.0 (compatible; Googlebot/2.1; +http://www.google.com/bot.html)"
66.249.76.106 - - [16/Jan/2014:16:35:02 -0500] "GET /people/PeterFrederiksen/graph/mutuals HTTP/1.1" 200 14745 "-" "Mozilla/5.0 (compatible; Googlebot/2.1; +http://www.google.com/bot.html)"
- - - [16/Jan/2014:16:35:06 -0500] "OPTIONS * HTTP/1.0" 200 - "-" "Apache/2.2.22 (Red Hat Enterprise Web Server) (internal dummy connection)"
66.249.76.124 - - [16/Jan/2014:16:35:08 -0500] "GET /people/LotteAndreassen/graph/commonleaders HTTP/1.1" 200 9270 "-" "Mozilla/5.0 (compatible; Googlebot/2.1; +http://www.google.com/bot.html)"
188.180.160.53 - - [16/Jan/2014:16:35:11 -0500] "GET /templates/base/css/images/spinner.gif HTTP/1.1" 200 723 "http://www.pacetest.dk/" "Mozilla/5.0 (Windows NT 6.1; WOW64; Trident/7.0; MALC; rv:11.0) like Gecko"
188.180.160.53 - - [16/Jan/2014:16:35:11 -0500] "GET /people/session?layout=modal&return=aHR0cDovL3d3dy5wYWNldGVzdC5kay8%3D&hqije40t HTTP/1.1" 200 1413 "http://www.pacetest.dk/" "Mozilla/4.0 (compatible; MSIE 7.0; Windows NT 6.1; WOW64; Trident/7.0; SLCC2; .NET CLR 2.0.50727; .NET CLR 3.5.30729; .NET CLR 3.0.30729; Media Center PC 6.0; .NET4.0C; InfoPath.2; MALC)"
66.249.76.134 - - [16/Jan/2014:16:35:16 -0500] "GET /people/PeterFrederiksen/graph/commonleaders HTTP/1.1" 200 9321 "-" "Mozilla/5.0 (compatible; Googlebot/2.1; +http://www.google.com/bot.html)"
94.145.68.182 - - [16/Jan/2014:16:35:20 -0500] "GET /notifications?get=count HTTP/1.1" 200 24 "http://www.pacetest.dk/pages/439-deltagerliste-og-program-jylland-18-19-januar-2014?layout=edit" "Mozilla/5.0 (Windows NT 6.2; WOW64; rv:26.0) Gecko/20100101 Firefox/26.0"
188.180.160.53 - - [16/Jan/2014:16:35:37 -0500] "POST /people/session?layout=modal HTTP/1.1" 303 - "http://www.pacetest.dk/" "Mozilla/5.0 (Windows NT 6.1; WOW64; Trident/7.0; MALC; rv:11.0) like Gecko"
188.180.160.53 - - [16/Jan/2014:16:35:38 -0500] "GET / HTTP/1.1" 200 92038 "http://www.pacetest.dk/" "Mozilla/5.0 (Windows NT 6.1; WOW64; Trident/7.0; MALC; rv:11.0) like Gecko"
94.145.68.182 - - [16/Jan/2014:16:35:50 -0500] "GET /notifications?get=count HTTP/1.1" 200 24 "http://www.pacetest.dk/pages/439-deltagerliste-og-program-jylland-18-19-januar-2014?layout=edit" "Mozilla/5.0 (Windows NT 6.2; WOW64; rv:26.0) Gecko/20100101 Firefox/26.0"
188.180.160.53 - - [16/Jan/2014:16:35:46 -0500] "GET /stories?layout=list&filter=leaders&start=20&limit=20 HTTP/1.1" 200 30373 "http://www.pacetest.dk/" "Mozilla/5.0 (Windows NT 6.1; WOW64; Trident/7.0; MALC; rv:11.0) like Gecko"
- - - [16/Jan/2014:16:35:59 -0500] "OPTIONS * HTTP/1.0" 200 - "-" "Apache/2.2.22 (Red Hat Enterprise Web Server) (internal dummy connection)"
188.180.160.53 - - [16/Jan/2014:16:35:46 -0500] "GET /stories?layout=list&filter=leaders&start=40&limit=20 HTTP/1.1" 200 38139 "http://www.pacetest.dk/" "Mozilla/5.0 (Windows NT 6.1; WOW64; Trident/7.0; MALC; rv:11.0) like Gecko"
188.180.160.53 - - [16/Jan/2014:16:35:59 -0500] "GET /stories?layout=list&filter=leaders&start=60&limit=20 HTTP/1.1" 200 75 "http://www.pacetest.dk/" "Mozilla/5.0 (Windows NT 6.1; WOW64; Trident/7.0; MALC; rv:11.0) like Gecko"
- - - [16/Jan/2014:16:36:04 -0500] "OPTIONS * HTTP/1.0" 200 - "-" "Apache/2.2.22 (Red Hat Enterprise Web Server) (internal dummy connection)"
188.180.160.53 - - [16/Jan/2014:16:36:05 -0500] "GET /pages/439-deltagerliste-og-program-jylland-18-19-januar-2014 HTTP/1.1" 200 32083 "http://www.pacetest.dk/" "Mozilla/5.0 (Windows NT 6.1; WOW64; Trident/7.0; MALC; rv:11.0) like Gecko"
94.145.68.182 - - [16/Jan/2014:16:36:20 -0500] "GET /notifications?get=count HTTP/1.1" 200 24 "http://www.pacetest.dk/pages/439-deltagerliste-og-program-jylland-18-19-januar-2014?layout=edit" "Mozilla/5.0 (Windows NT 6.2; WOW64; rv:26.0) Gecko/20100101 Firefox/26.0"
188.180.160.53 - - [16/Jan/2014:16:36:39 -0500] "GET /notifications?get=count HTTP/1.1" 200 24 "http://www.pacetest.dk/" "Mozilla/5.0 (Windows NT 6.1; WOW64; Trident/7.0; MALC; rv:11.0) like Gecko"
94.145.68.182 - - [16/Jan/2014:16:36:50 -0500] "GET /notifications?get=count HTTP/1.1" 200 24 "http://www.pacetest.dk/pages/439-deltagerliste-og-program-jylland-18-19-januar-2014?layout=edit" "Mozilla/5.0 (Windows NT 6.2; WOW64; rv:26.0) Gecko/20100101 Firefox/26.0"
