94.145.68.182 - - [25/Nov/2013:07:04:41 -0500] "GET /index.php/notifications?get=count HTTP/1.1" 200 24 "http://www.pacetest.dk/index.php/menu/people" "Mozilla/5.0 (Windows NT 6.2; WOW64; rv:25.0) Gecko/20100101 Firefox/25.0"
94.145.68.182 - - [25/Nov/2013:07:04:44 -0500] "GET /index.php/notifications?get=count HTTP/1.1" 200 24 "http://www.pacetest.dk/" "Mozilla/5.0 (Windows NT 6.2; WOW64; rv:25.0) Gecko/20100101 Firefox/25.0"
94.145.68.182 - - [25/Nov/2013:07:05:11 -0500] "GET /index.php/notifications?get=count HTTP/1.1" 200 24 "http://www.pacetest.dk/index.php/menu/people" "Mozilla/5.0 (Windows NT 6.2; WOW64; rv:25.0) Gecko/20100101 Firefox/25.0"
94.145.68.182 - - [25/Nov/2013:07:05:14 -0500] "GET /index.php/notifications?get=count HTTP/1.1" 200 24 "http://www.pacetest.dk/" "Mozilla/5.0 (Windows NT 6.2; WOW64; rv:25.0) Gecko/20100101 Firefox/25.0"
94.145.68.182 - - [25/Nov/2013:07:05:41 -0500] "GET /index.php/notifications?get=count HTTP/1.1" 200 24 "http://www.pacetest.dk/index.php/menu/people" "Mozilla/5.0 (Windows NT 6.2; WOW64; rv:25.0) Gecko/20100101 Firefox/25.0"
94.145.68.182 - - [25/Nov/2013:07:05:44 -0500] "GET /index.php/notifications?get=count HTTP/1.1" 200 24 "http://www.pacetest.dk/" "Mozilla/5.0 (Windows NT 6.2; WOW64; rv:25.0) Gecko/20100101 Firefox/25.0"
94.145.68.182 - - [25/Nov/2013:07:06:11 -0500] "GET /index.php/notifications?get=count HTTP/1.1" 200 24 "http://www.pacetest.dk/index.php/menu/people" "Mozilla/5.0 (Windows NT 6.2; WOW64; rv:25.0) Gecko/20100101 Firefox/25.0"
94.145.68.182 - - [25/Nov/2013:07:06:14 -0500] "GET /index.php/notifications?get=count HTTP/1.1" 200 24 "http://www.pacetest.dk/" "Mozilla/5.0 (Windows NT 6.2; WOW64; rv:25.0) Gecko/20100101 Firefox/25.0"
94.145.68.182 - - [25/Nov/2013:07:06:41 -0500] "GET /index.php/notifications?get=count HTTP/1.1" 200 24 "http://www.pacetest.dk/index.php/menu/people" "Mozilla/5.0 (Windows NT 6.2; WOW64; rv:25.0) Gecko/20100101 Firefox/25.0"
94.145.68.182 - - [25/Nov/2013:07:06:44 -0500] "GET /index.php/notifications?get=count HTTP/1.1" 200 24 "http://www.pacetest.dk/" "Mozilla/5.0 (Windows NT 6.2; WOW64; rv:25.0) Gecko/20100101 Firefox/25.0"
94.145.68.182 - - [25/Nov/2013:07:07:11 -0500] "GET /index.php/notifications?get=count HTTP/1.1" 200 24 "http://www.pacetest.dk/index.php/menu/people" "Mozilla/5.0 (Windows NT 6.2; WOW64; rv:25.0) Gecko/20100101 Firefox/25.0"
94.145.68.182 - - [25/Nov/2013:07:07:14 -0500] "GET /index.php/notifications?get=count HTTP/1.1" 200 24 "http://www.pacetest.dk/" "Mozilla/5.0 (Windows NT 6.2; WOW64; rv:25.0) Gecko/20100101 Firefox/25.0"
94.145.68.182 - - [25/Nov/2013:07:07:41 -0500] "GET /index.php/notifications?get=count HTTP/1.1" 200 24 "http://www.pacetest.dk/index.php/menu/people" "Mozilla/5.0 (Windows NT 6.2; WOW64; rv:25.0) Gecko/20100101 Firefox/25.0"
94.145.68.182 - - [25/Nov/2013:07:07:44 -0500] "GET /index.php/notifications?get=count HTTP/1.1" 200 24 "http://www.pacetest.dk/" "Mozilla/5.0 (Windows NT 6.2; WOW64; rv:25.0) Gecko/20100101 Firefox/25.0"
94.145.68.182 - - [25/Nov/2013:07:08:11 -0500] "GET /index.php/notifications?get=count HTTP/1.1" 200 24 "http://www.pacetest.dk/index.php/menu/people" "Mozilla/5.0 (Windows NT 6.2; WOW64; rv:25.0) Gecko/20100101 Firefox/25.0"
94.145.68.182 - - [25/Nov/2013:07:08:14 -0500] "GET /index.php/notifications?get=count HTTP/1.1" 200 24 "http://www.pacetest.dk/" "Mozilla/5.0 (Windows NT 6.2; WOW64; rv:25.0) Gecko/20100101 Firefox/25.0"
94.145.68.182 - - [25/Nov/2013:07:08:41 -0500] "GET /index.php/notifications?get=count HTTP/1.1" 200 24 "http://www.pacetest.dk/index.php/menu/people" "Mozilla/5.0 (Windows NT 6.2; WOW64; rv:25.0) Gecko/20100101 Firefox/25.0"
94.145.68.182 - - [25/Nov/2013:07:08:44 -0500] "GET /index.php/notifications?get=count HTTP/1.1" 200 24 "http://www.pacetest.dk/" "Mozilla/5.0 (Windows NT 6.2; WOW64; rv:25.0) Gecko/20100101 Firefox/25.0"
94.145.68.182 - - [25/Nov/2013:07:09:11 -0500] "GET /index.php/notifications?get=count HTTP/1.1" 200 24 "http://www.pacetest.dk/index.php/menu/people" "Mozilla/5.0 (Windows NT 6.2; WOW64; rv:25.0) Gecko/20100101 Firefox/25.0"
94.145.68.182 - - [25/Nov/2013:07:09:14 -0500] "GET /index.php/notifications?get=count HTTP/1.1" 200 24 "http://www.pacetest.dk/" "Mozilla/5.0 (Windows NT 6.2; WOW64; rv:25.0) Gecko/20100101 Firefox/25.0"
94.145.68.182 - - [25/Nov/2013:07:09:41 -0500] "GET /index.php/notifications?get=count HTTP/1.1" 200 24 "http://www.pacetest.dk/index.php/menu/people" "Mozilla/5.0 (Windows NT 6.2; WOW64; rv:25.0) Gecko/20100101 Firefox/25.0"
94.145.68.182 - - [25/Nov/2013:07:09:44 -0500] "GET /index.php/notifications?get=count HTTP/1.1" 200 24 "http://www.pacetest.dk/" "Mozilla/5.0 (Windows NT 6.2; WOW64; rv:25.0) Gecko/20100101 Firefox/25.0"
87.57.96.202 - - [25/Nov/2013:07:10:07 -0500] "GET / HTTP/1.1" 200 8072 "-" "Mozilla/5.0 (compatible; MSIE 10.0; Windows NT 6.2; WOW64; Trident/6.0)"
10.110.62.41 - - [25/Nov/2013:07:10:06 -0500] "GET / HTTP/1.1" 200 8164 "-" "Ruby"
87.57.96.202 - - [25/Nov/2013:07:10:09 -0500] "GET /templates/shiraz/css/style1/style.css HTTP/1.1" 200 175909 "http://www.pacetest.dk/" "Mozilla/5.0 (compatible; MSIE 10.0; Windows NT 6.2; WOW64; Trident/6.0)"
87.57.96.202 - - [25/Nov/2013:07:10:09 -0500] "GET /media/lib_anahita/js/production/site.js HTTP/1.1" 200 313277 "http://www.pacetest.dk/" "Mozilla/5.0 (compatible; MSIE 10.0; Windows NT 6.2; WOW64; Trident/6.0)"
10.110.62.41 - - [25/Nov/2013:07:10:09 -0500] "GET / HTTP/1.1" 200 8167 "-" "Ruby"
- - - [25/Nov/2013:07:10:10 -0500] "OPTIONS * HTTP/1.0" 200 - "-" "Apache/2.2.22 (Red Hat Enterprise Web Server) (internal dummy connection)"
87.57.96.202 - - [25/Nov/2013:07:10:10 -0500] "GET /templates/base/css/images/icon-socialmedia-white.png HTTP/1.1" 200 5419 "http://www.pacetest.dk/" "Mozilla/5.0 (compatible; MSIE 10.0; Windows NT 6.2; WOW64; Trident/6.0)"
87.57.96.202 - - [25/Nov/2013:07:10:10 -0500] "GET /templates/base/css/images/icon-socialmedia.png HTTP/1.1" 200 6399 "http://www.pacetest.dk/" "Mozilla/5.0 (compatible; MSIE 10.0; Windows NT 6.2; WOW64; Trident/6.0)"
87.57.96.202 - - [25/Nov/2013:07:10:10 -0500] "GET /templates/base/css/images/logo.png HTTP/1.1" 200 5272 "http://www.pacetest.dk/" "Mozilla/5.0 (compatible; MSIE 10.0; Windows NT 6.2; WOW64; Trident/6.0)"
87.57.96.202 - - [25/Nov/2013:07:10:11 -0500] "GET /favicon.ico HTTP/1.1" 404 313 "-" "Mozilla/5.0 (compatible; MSIE 10.0; Windows NT 6.2; Win64; x64; Trident/6.0)"
94.145.68.182 - - [25/Nov/2013:07:10:11 -0500] "GET /index.php/notifications?get=count HTTP/1.1" 200 24 "http://www.pacetest.dk/index.php/menu/people" "Mozilla/5.0 (Windows NT 6.2; WOW64; rv:25.0) Gecko/20100101 Firefox/25.0"
94.145.68.182 - - [25/Nov/2013:07:10:14 -0500] "GET /index.php/notifications?get=count HTTP/1.1" 200 24 "http://www.pacetest.dk/" "Mozilla/5.0 (Windows NT 6.2; WOW64; rv:25.0) Gecko/20100101 Firefox/25.0"
94.145.68.182 - - [25/Nov/2013:07:10:41 -0500] "GET /index.php/notifications?get=count HTTP/1.1" 200 24 "http://www.pacetest.dk/index.php/menu/people" "Mozilla/5.0 (Windows NT 6.2; WOW64; rv:25.0) Gecko/20100101 Firefox/25.0"
94.145.68.182 - - [25/Nov/2013:07:10:44 -0500] "GET /index.php/notifications?get=count HTTP/1.1" 200 24 "http://www.pacetest.dk/" "Mozilla/5.0 (Windows NT 6.2; WOW64; rv:25.0) Gecko/20100101 Firefox/25.0"
87.57.96.202 - - [25/Nov/2013:07:10:53 -0500] "GET / HTTP/1.1" 200 8072 "-" "Mozilla/5.0 (compatible; MSIE 10.0; Windows NT 6.2; WOW64; Trident/6.0)"
87.57.96.202 - - [25/Nov/2013:07:10:54 -0500] "GET /favicon.ico HTTP/1.1" 404 313 "-" "Mozilla/5.0 (compatible; MSIE 10.0; Windows NT 6.2; Win64; x64; Trident/6.0)"
87.57.96.202 - - [25/Nov/2013:07:11:01 -0500] "GET /templates/base/css/images/spinner.gif HTTP/1.1" 200 723 "http://www.pacetest.dk/" "Mozilla/5.0 (compatible; MSIE 10.0; Windows NT 6.2; WOW64; Trident/6.0)"
87.57.96.202 - - [25/Nov/2013:07:11:01 -0500] "GET /index.php/people/session?layout=modal&return=aHR0cDovL3d3dy5wYWNldGVzdC5kay8%3D&hofock02 HTTP/1.1" 200 1462 "http://www.pacetest.dk/" "Mozilla/5.0 (compatible; MSIE 10.0; Windows NT 6.2; WOW64; Trident/6.0)"
94.145.68.182 - - [25/Nov/2013:07:11:11 -0500] "GET /index.php/notifications?get=count HTTP/1.1" 200 24 "http://www.pacetest.dk/index.php/menu/people" "Mozilla/5.0 (Windows NT 6.2; WOW64; rv:25.0) Gecko/20100101 Firefox/25.0"
94.145.68.182 - - [25/Nov/2013:07:11:14 -0500] "GET /index.php/notifications?get=count HTTP/1.1" 200 24 "http://www.pacetest.dk/" "Mozilla/5.0 (Windows NT 6.2; WOW64; rv:25.0) Gecko/20100101 Firefox/25.0"
94.145.68.182 - - [25/Nov/2013:07:11:41 -0500] "GET /index.php/notifications?get=count HTTP/1.1" 200 24 "http://www.pacetest.dk/index.php/menu/people" "Mozilla/5.0 (Windows NT 6.2; WOW64; rv:25.0) Gecko/20100101 Firefox/25.0"
94.145.68.182 - - [25/Nov/2013:07:11:44 -0500] "GET /index.php/notifications?get=count HTTP/1.1" 200 24 "http://www.pacetest.dk/" "Mozilla/5.0 (Windows NT 6.2; WOW64; rv:25.0) Gecko/20100101 Firefox/25.0"
94.145.68.182 - - [25/Nov/2013:07:12:11 -0500] "GET /index.php/notifications?get=count HTTP/1.1" 200 24 "http://www.pacetest.dk/index.php/menu/people" "Mozilla/5.0 (Windows NT 6.2; WOW64; rv:25.0) Gecko/20100101 Firefox/25.0"
94.145.68.182 - - [25/Nov/2013:07:12:14 -0500] "GET /index.php/notifications?get=count HTTP/1.1" 200 24 "http://www.pacetest.dk/" "Mozilla/5.0 (Windows NT 6.2; WOW64; rv:25.0) Gecko/20100101 Firefox/25.0"
94.145.68.182 - - [25/Nov/2013:07:12:41 -0500] "GET /index.php/notifications?get=count HTTP/1.1" 200 24 "http://www.pacetest.dk/index.php/menu/people" "Mozilla/5.0 (Windows NT 6.2; WOW64; rv:25.0) Gecko/20100101 Firefox/25.0"
94.145.68.182 - - [25/Nov/2013:07:12:44 -0500] "GET /index.php/notifications?get=count HTTP/1.1" 200 24 "http://www.pacetest.dk/" "Mozilla/5.0 (Windows NT 6.2; WOW64; rv:25.0) Gecko/20100101 Firefox/25.0"
94.145.68.182 - - [25/Nov/2013:07:13:11 -0500] "GET /index.php/notifications?get=count HTTP/1.1" 200 24 "http://www.pacetest.dk/index.php/menu/people" "Mozilla/5.0 (Windows NT 6.2; WOW64; rv:25.0) Gecko/20100101 Firefox/25.0"
94.145.68.182 - - [25/Nov/2013:07:13:14 -0500] "GET /index.php/notifications?get=count HTTP/1.1" 200 24 "http://www.pacetest.dk/" "Mozilla/5.0 (Windows NT 6.2; WOW64; rv:25.0) Gecko/20100101 Firefox/25.0"
94.145.68.182 - - [25/Nov/2013:07:13:41 -0500] "GET /index.php/notifications?get=count HTTP/1.1" 200 24 "http://www.pacetest.dk/index.php/menu/people" "Mozilla/5.0 (Windows NT 6.2; WOW64; rv:25.0) Gecko/20100101 Firefox/25.0"
94.145.68.182 - - [25/Nov/2013:07:13:44 -0500] "GET /index.php/notifications?get=count HTTP/1.1" 200 24 "http://www.pacetest.dk/" "Mozilla/5.0 (Windows NT 6.2; WOW64; rv:25.0) Gecko/20100101 Firefox/25.0"
94.145.68.182 - - [25/Nov/2013:07:14:11 -0500] "GET /index.php/notifications?get=count HTTP/1.1" 200 24 "http://www.pacetest.dk/index.php/menu/people" "Mozilla/5.0 (Windows NT 6.2; WOW64; rv:25.0) Gecko/20100101 Firefox/25.0"
94.145.68.182 - - [25/Nov/2013:07:14:14 -0500] "GET /index.php/notifications?get=count HTTP/1.1" 200 24 "http://www.pacetest.dk/" "Mozilla/5.0 (Windows NT 6.2; WOW64; rv:25.0) Gecko/20100101 Firefox/25.0"
94.145.68.182 - - [25/Nov/2013:07:14:41 -0500] "GET /index.php/notifications?get=count HTTP/1.1" 200 24 "http://www.pacetest.dk/index.php/menu/people" "Mozilla/5.0 (Windows NT 6.2; WOW64; rv:25.0) Gecko/20100101 Firefox/25.0"
94.145.68.182 - - [25/Nov/2013:07:14:44 -0500] "GET /index.php/notifications?get=count HTTP/1.1" 200 24 "http://www.pacetest.dk/" "Mozilla/5.0 (Windows NT 6.2; WOW64; rv:25.0) Gecko/20100101 Firefox/25.0"
94.145.68.182 - - [25/Nov/2013:07:15:11 -0500] "GET /index.php/notifications?get=count HTTP/1.1" 200 24 "http://www.pacetest.dk/index.php/menu/people" "Mozilla/5.0 (Windows NT 6.2; WOW64; rv:25.0) Gecko/20100101 Firefox/25.0"
94.145.68.182 - - [25/Nov/2013:07:15:14 -0500] "GET /index.php/notifications?get=count HTTP/1.1" 200 24 "http://www.pacetest.dk/" "Mozilla/5.0 (Windows NT 6.2; WOW64; rv:25.0) Gecko/20100101 Firefox/25.0"
94.145.68.182 - - [25/Nov/2013:07:15:41 -0500] "GET /index.php/notifications?get=count HTTP/1.1" 200 24 "http://www.pacetest.dk/index.php/menu/people" "Mozilla/5.0 (Windows NT 6.2; WOW64; rv:25.0) Gecko/20100101 Firefox/25.0"
94.145.68.182 - - [25/Nov/2013:07:15:44 -0500] "GET /index.php/notifications?get=count HTTP/1.1" 200 24 "http://www.pacetest.dk/" "Mozilla/5.0 (Windows NT 6.2; WOW64; rv:25.0) Gecko/20100101 Firefox/25.0"
94.145.68.182 - - [25/Nov/2013:07:16:11 -0500] "GET /index.php/notifications?get=count HTTP/1.1" 200 24 "http://www.pacetest.dk/index.php/menu/people" "Mozilla/5.0 (Windows NT 6.2; WOW64; rv:25.0) Gecko/20100101 Firefox/25.0"
94.145.68.182 - - [25/Nov/2013:07:16:14 -0500] "GET /index.php/notifications?get=count HTTP/1.1" 200 24 "http://www.pacetest.dk/" "Mozilla/5.0 (Windows NT 6.2; WOW64; rv:25.0) Gecko/20100101 Firefox/25.0"
94.145.68.182 - - [25/Nov/2013:07:16:41 -0500] "GET /index.php/notifications?get=count HTTP/1.1" 200 24 "http://www.pacetest.dk/index.php/menu/people" "Mozilla/5.0 (Windows NT 6.2; WOW64; rv:25.0) Gecko/20100101 Firefox/25.0"
94.145.68.182 - - [25/Nov/2013:07:16:44 -0500] "GET /index.php/notifications?get=count HTTP/1.1" 200 24 "http://www.pacetest.dk/" "Mozilla/5.0 (Windows NT 6.2; WOW64; rv:25.0) Gecko/20100101 Firefox/25.0"
94.145.68.182 - - [25/Nov/2013:07:17:11 -0500] "GET /index.php/notifications?get=count HTTP/1.1" 200 24 "http://www.pacetest.dk/index.php/menu/people" "Mozilla/5.0 (Windows NT 6.2; WOW64; rv:25.0) Gecko/20100101 Firefox/25.0"
94.145.68.182 - - [25/Nov/2013:07:17:14 -0500] "GET /index.php/notifications?get=count HTTP/1.1" 200 24 "http://www.pacetest.dk/" "Mozilla/5.0 (Windows NT 6.2; WOW64; rv:25.0) Gecko/20100101 Firefox/25.0"
94.145.68.182 - - [25/Nov/2013:07:17:41 -0500] "GET /index.php/notifications?get=count HTTP/1.1" 200 24 "http://www.pacetest.dk/index.php/menu/people" "Mozilla/5.0 (Windows NT 6.2; WOW64; rv:25.0) Gecko/20100101 Firefox/25.0"
94.145.68.182 - - [25/Nov/2013:07:17:44 -0500] "GET /index.php/notifications?get=count HTTP/1.1" 200 24 "http://www.pacetest.dk/" "Mozilla/5.0 (Windows NT 6.2; WOW64; rv:25.0) Gecko/20100101 Firefox/25.0"
94.145.68.182 - - [25/Nov/2013:07:18:11 -0500] "GET /index.php/notifications?get=count HTTP/1.1" 200 24 "http://www.pacetest.dk/index.php/menu/people" "Mozilla/5.0 (Windows NT 6.2; WOW64; rv:25.0) Gecko/20100101 Firefox/25.0"
94.145.68.182 - - [25/Nov/2013:07:18:14 -0500] "GET /index.php/notifications?get=count HTTP/1.1" 200 24 "http://www.pacetest.dk/" "Mozilla/5.0 (Windows NT 6.2; WOW64; rv:25.0) Gecko/20100101 Firefox/25.0"
94.145.68.182 - - [25/Nov/2013:07:18:41 -0500] "GET /index.php/notifications?get=count HTTP/1.1" 200 24 "http://www.pacetest.dk/index.php/menu/people" "Mozilla/5.0 (Windows NT 6.2; WOW64; rv:25.0) Gecko/20100101 Firefox/25.0"
94.145.68.182 - - [25/Nov/2013:07:18:44 -0500] "GET /index.php/notifications?get=count HTTP/1.1" 200 24 "http://www.pacetest.dk/" "Mozilla/5.0 (Windows NT 6.2; WOW64; rv:25.0) Gecko/20100101 Firefox/25.0"
94.145.68.182 - - [25/Nov/2013:07:19:11 -0500] "GET /index.php/notifications?get=count HTTP/1.1" 200 24 "http://www.pacetest.dk/index.php/menu/people" "Mozilla/5.0 (Windows NT 6.2; WOW64; rv:25.0) Gecko/20100101 Firefox/25.0"
94.145.68.182 - - [25/Nov/2013:07:19:14 -0500] "GET /index.php/notifications?get=count HTTP/1.1" 200 24 "http://www.pacetest.dk/" "Mozilla/5.0 (Windows NT 6.2; WOW64; rv:25.0) Gecko/20100101 Firefox/25.0"
94.145.68.182 - - [25/Nov/2013:07:19:41 -0500] "GET /index.php/notifications?get=count HTTP/1.1" 200 24 "http://www.pacetest.dk/index.php/menu/people" "Mozilla/5.0 (Windows NT 6.2; WOW64; rv:25.0) Gecko/20100101 Firefox/25.0"
94.145.68.182 - - [25/Nov/2013:07:19:44 -0500] "GET /index.php/notifications?get=count HTTP/1.1" 200 24 "http://www.pacetest.dk/" "Mozilla/5.0 (Windows NT 6.2; WOW64; rv:25.0) Gecko/20100101 Firefox/25.0"
94.145.68.182 - - [25/Nov/2013:07:20:11 -0500] "GET /index.php/notifications?get=count HTTP/1.1" 200 24 "http://www.pacetest.dk/index.php/menu/people" "Mozilla/5.0 (Windows NT 6.2; WOW64; rv:25.0) Gecko/20100101 Firefox/25.0"
94.145.68.182 - - [25/Nov/2013:07:20:14 -0500] "GET /index.php/notifications?get=count HTTP/1.1" 200 24 "http://www.pacetest.dk/" "Mozilla/5.0 (Windows NT 6.2; WOW64; rv:25.0) Gecko/20100101 Firefox/25.0"
94.145.68.182 - - [25/Nov/2013:07:20:41 -0500] "GET /index.php/notifications?get=count HTTP/1.1" 200 24 "http://www.pacetest.dk/index.php/menu/people" "Mozilla/5.0 (Windows NT 6.2; WOW64; rv:25.0) Gecko/20100101 Firefox/25.0"
94.145.68.182 - - [25/Nov/2013:07:20:44 -0500] "GET /index.php/notifications?get=count HTTP/1.1" 200 24 "http://www.pacetest.dk/" "Mozilla/5.0 (Windows NT 6.2; WOW64; rv:25.0) Gecko/20100101 Firefox/25.0"
94.145.68.182 - - [25/Nov/2013:07:21:11 -0500] "GET /index.php/notifications?get=count HTTP/1.1" 200 24 "http://www.pacetest.dk/index.php/menu/people" "Mozilla/5.0 (Windows NT 6.2; WOW64; rv:25.0) Gecko/20100101 Firefox/25.0"
94.145.68.182 - - [25/Nov/2013:07:21:14 -0500] "GET /index.php/notifications?get=count HTTP/1.1" 200 24 "http://www.pacetest.dk/" "Mozilla/5.0 (Windows NT 6.2; WOW64; rv:25.0) Gecko/20100101 Firefox/25.0"
94.145.68.182 - - [25/Nov/2013:07:21:41 -0500] "GET /index.php/notifications?get=count HTTP/1.1" 200 24 "http://www.pacetest.dk/index.php/menu/people" "Mozilla/5.0 (Windows NT 6.2; WOW64; rv:25.0) Gecko/20100101 Firefox/25.0"
94.145.68.182 - - [25/Nov/2013:07:21:44 -0500] "GET /index.php/notifications?get=count HTTP/1.1" 200 24 "http://www.pacetest.dk/" "Mozilla/5.0 (Windows NT 6.2; WOW64; rv:25.0) Gecko/20100101 Firefox/25.0"
94.145.68.182 - - [25/Nov/2013:07:22:11 -0500] "GET /index.php/notifications?get=count HTTP/1.1" 200 24 "http://www.pacetest.dk/index.php/menu/people" "Mozilla/5.0 (Windows NT 6.2; WOW64; rv:25.0) Gecko/20100101 Firefox/25.0"
94.145.68.182 - - [25/Nov/2013:07:22:14 -0500] "GET /index.php/notifications?get=count HTTP/1.1" 200 24 "http://www.pacetest.dk/" "Mozilla/5.0 (Windows NT 6.2; WOW64; rv:25.0) Gecko/20100101 Firefox/25.0"
94.145.68.182 - - [25/Nov/2013:07:22:41 -0500] "GET /index.php/notifications?get=count HTTP/1.1" 200 24 "http://www.pacetest.dk/index.php/menu/people" "Mozilla/5.0 (Windows NT 6.2; WOW64; rv:25.0) Gecko/20100101 Firefox/25.0"
94.145.68.182 - - [25/Nov/2013:07:22:44 -0500] "GET /index.php/notifications?get=count HTTP/1.1" 200 24 "http://www.pacetest.dk/" "Mozilla/5.0 (Windows NT 6.2; WOW64; rv:25.0) Gecko/20100101 Firefox/25.0"
94.145.68.182 - - [25/Nov/2013:07:23:11 -0500] "GET /index.php/notifications?get=count HTTP/1.1" 200 24 "http://www.pacetest.dk/index.php/menu/people" "Mozilla/5.0 (Windows NT 6.2; WOW64; rv:25.0) Gecko/20100101 Firefox/25.0"
94.145.68.182 - - [25/Nov/2013:07:23:14 -0500] "GET /index.php/notifications?get=count HTTP/1.1" 200 24 "http://www.pacetest.dk/" "Mozilla/5.0 (Windows NT 6.2; WOW64; rv:25.0) Gecko/20100101 Firefox/25.0"
94.145.68.182 - - [25/Nov/2013:07:23:41 -0500] "GET /index.php/notifications?get=count HTTP/1.1" 200 24 "http://www.pacetest.dk/index.php/menu/people" "Mozilla/5.0 (Windows NT 6.2; WOW64; rv:25.0) Gecko/20100101 Firefox/25.0"
94.145.68.182 - - [25/Nov/2013:07:23:44 -0500] "GET /index.php/notifications?get=count HTTP/1.1" 200 24 "http://www.pacetest.dk/" "Mozilla/5.0 (Windows NT 6.2; WOW64; rv:25.0) Gecko/20100101 Firefox/25.0"
94.145.68.182 - - [25/Nov/2013:07:24:11 -0500] "GET /index.php/notifications?get=count HTTP/1.1" 200 24 "http://www.pacetest.dk/index.php/menu/people" "Mozilla/5.0 (Windows NT 6.2; WOW64; rv:25.0) Gecko/20100101 Firefox/25.0"
94.145.68.182 - - [25/Nov/2013:07:24:14 -0500] "GET /index.php/notifications?get=count HTTP/1.1" 200 24 "http://www.pacetest.dk/" "Mozilla/5.0 (Windows NT 6.2; WOW64; rv:25.0) Gecko/20100101 Firefox/25.0"
94.145.68.182 - - [25/Nov/2013:07:24:41 -0500] "GET /index.php/notifications?get=count HTTP/1.1" 200 24 "http://www.pacetest.dk/index.php/menu/people" "Mozilla/5.0 (Windows NT 6.2; WOW64; rv:25.0) Gecko/20100101 Firefox/25.0"
94.145.68.182 - - [25/Nov/2013:07:24:44 -0500] "GET /index.php/notifications?get=count HTTP/1.1" 200 24 "http://www.pacetest.dk/" "Mozilla/5.0 (Windows NT 6.2; WOW64; rv:25.0) Gecko/20100101 Firefox/25.0"
94.145.68.182 - - [25/Nov/2013:07:43:45 -0500] "GET /index.php/notifications?get=count HTTP/1.1" 200 24 "http://www.pacetest.dk/" "Mozilla/5.0 (Windows NT 6.2; WOW64; rv:25.0) Gecko/20100101 Firefox/25.0"
94.145.68.182 - - [25/Nov/2013:07:43:46 -0500] "GET /index.php/notifications?get=count HTTP/1.1" 200 24 "http://www.pacetest.dk/index.php/menu/people" "Mozilla/5.0 (Windows NT 6.2; WOW64; rv:25.0) Gecko/20100101 Firefox/25.0"
94.145.68.182 - - [25/Nov/2013:07:43:47 -0500] "GET /index.php/notifications?get=count HTTP/1.1" 200 24 "http://www.pacetest.dk/" "Mozilla/5.0 (Windows NT 6.2; WOW64; rv:25.0) Gecko/20100101 Firefox/25.0"
94.145.68.182 - - [25/Nov/2013:07:43:48 -0500] "GET /index.php/notifications?get=count HTTP/1.1" 200 24 "http://www.pacetest.dk/index.php/menu/people" "Mozilla/5.0 (Windows NT 6.2; WOW64; rv:25.0) Gecko/20100101 Firefox/25.0"
94.145.68.182 - - [25/Nov/2013:07:43:50 -0500] "GET /index.php/menu/people HTTP/1.1" 200 11286 "http://www.pacetest.dk/" "Mozilla/5.0 (Windows NT 6.2; WOW64; rv:25.0) Gecko/20100101 Firefox/25.0"
94.145.68.182 - - [25/Nov/2013:07:43:51 -0500] "GET /templates/shiraz/css/style1/style.css HTTP/1.1" 304 - "http://www.pacetest.dk/index.php/menu/people" "Mozilla/5.0 (Windows NT 6.2; WOW64; rv:25.0) Gecko/20100101 Firefox/25.0"
94.145.68.182 - - [25/Nov/2013:07:43:51 -0500] "GET /media/lib_anahita/js/production/site.js HTTP/1.1" 304 - "http://www.pacetest.dk/index.php/menu/people" "Mozilla/5.0 (Windows NT 6.2; WOW64; rv:25.0) Gecko/20100101 Firefox/25.0"
94.145.68.182 - - [25/Nov/2013:07:43:51 -0500] "GET /media/lib_anahita/images/avatar/square_default.gif HTTP/1.1" 304 - "http://www.pacetest.dk/index.php/menu/people" "Mozilla/5.0 (Windows NT 6.2; WOW64; rv:25.0) Gecko/20100101 Firefox/25.0"
94.145.68.182 - - [25/Nov/2013:07:43:51 -0500] "GET /templates/base/css/images/logo.png HTTP/1.1" 304 - "http://www.pacetest.dk/templates/shiraz/css/style1/style.css" "Mozilla/5.0 (Windows NT 6.2; WOW64; rv:25.0) Gecko/20100101 Firefox/25.0"
94.145.68.182 - - [25/Nov/2013:07:44:15 -0500] "GET /index.php/notifications?get=count HTTP/1.1" 200 24 "http://www.pacetest.dk/" "Mozilla/5.0 (Windows NT 6.2; WOW64; rv:25.0) Gecko/20100101 Firefox/25.0"
94.145.68.182 - - [25/Nov/2013:07:44:21 -0500] "GET /index.php/notifications?get=count HTTP/1.1" 200 24 "http://www.pacetest.dk/index.php/menu/people" "Mozilla/5.0 (Windows NT 6.2; WOW64; rv:25.0) Gecko/20100101 Firefox/25.0"
94.145.68.182 - - [25/Nov/2013:07:44:45 -0500] "GET /index.php/notifications?get=count HTTP/1.1" 200 24 "http://www.pacetest.dk/" "Mozilla/5.0 (Windows NT 6.2; WOW64; rv:25.0) Gecko/20100101 Firefox/25.0"
94.145.68.182 - - [25/Nov/2013:07:44:51 -0500] "GET /index.php/notifications?get=count HTTP/1.1" 200 24 "http://www.pacetest.dk/index.php/menu/people" "Mozilla/5.0 (Windows NT 6.2; WOW64; rv:25.0) Gecko/20100101 Firefox/25.0"
94.145.68.182 - - [25/Nov/2013:07:45:15 -0500] "GET /index.php/notifications?get=count HTTP/1.1" 200 24 "http://www.pacetest.dk/" "Mozilla/5.0 (Windows NT 6.2; WOW64; rv:25.0) Gecko/20100101 Firefox/25.0"
94.145.68.182 - - [25/Nov/2013:07:45:21 -0500] "GET /index.php/notifications?get=count HTTP/1.1" 200 24 "http://www.pacetest.dk/index.php/menu/people" "Mozilla/5.0 (Windows NT 6.2; WOW64; rv:25.0) Gecko/20100101 Firefox/25.0"
94.145.68.182 - - [25/Nov/2013:07:45:45 -0500] "GET /index.php/notifications?get=count HTTP/1.1" 200 24 "http://www.pacetest.dk/" "Mozilla/5.0 (Windows NT 6.2; WOW64; rv:25.0) Gecko/20100101 Firefox/25.0"
94.145.68.182 - - [25/Nov/2013:07:45:51 -0500] "GET /index.php/notifications?get=count HTTP/1.1" 200 24 "http://www.pacetest.dk/index.php/menu/people" "Mozilla/5.0 (Windows NT 6.2; WOW64; rv:25.0) Gecko/20100101 Firefox/25.0"
94.145.68.182 - - [25/Nov/2013:07:46:16 -0500] "GET /index.php/notifications?get=count HTTP/1.1" 200 24 "http://www.pacetest.dk/" "Mozilla/5.0 (Windows NT 6.2; WOW64; rv:25.0) Gecko/20100101 Firefox/25.0"
94.145.68.182 - - [25/Nov/2013:07:46:21 -0500] "GET /index.php/notifications?get=count HTTP/1.1" 200 24 "http://www.pacetest.dk/index.php/menu/people" "Mozilla/5.0 (Windows NT 6.2; WOW64; rv:25.0) Gecko/20100101 Firefox/25.0"
94.145.68.182 - - [25/Nov/2013:07:46:45 -0500] "GET /index.php/notifications?get=count HTTP/1.1" 200 24 "http://www.pacetest.dk/" "Mozilla/5.0 (Windows NT 6.2; WOW64; rv:25.0) Gecko/20100101 Firefox/25.0"
94.145.68.182 - - [25/Nov/2013:07:46:51 -0500] "GET /index.php/notifications?get=count HTTP/1.1" 200 24 "http://www.pacetest.dk/index.php/menu/people" "Mozilla/5.0 (Windows NT 6.2; WOW64; rv:25.0) Gecko/20100101 Firefox/25.0"
94.145.68.182 - - [25/Nov/2013:07:47:15 -0500] "GET /index.php/notifications?get=count HTTP/1.1" 200 24 "http://www.pacetest.dk/" "Mozilla/5.0 (Windows NT 6.2; WOW64; rv:25.0) Gecko/20100101 Firefox/25.0"
94.145.68.182 - - [25/Nov/2013:07:47:21 -0500] "GET /index.php/notifications?get=count HTTP/1.1" 200 24 "http://www.pacetest.dk/index.php/menu/people" "Mozilla/5.0 (Windows NT 6.2; WOW64; rv:25.0) Gecko/20100101 Firefox/25.0"
94.145.68.182 - - [25/Nov/2013:07:47:45 -0500] "GET /index.php/notifications?get=count HTTP/1.1" 200 24 "http://www.pacetest.dk/" "Mozilla/5.0 (Windows NT 6.2; WOW64; rv:25.0) Gecko/20100101 Firefox/25.0"
94.145.68.182 - - [25/Nov/2013:07:47:51 -0500] "GET /index.php/notifications?get=count HTTP/1.1" 200 24 "http://www.pacetest.dk/index.php/menu/people" "Mozilla/5.0 (Windows NT 6.2; WOW64; rv:25.0) Gecko/20100101 Firefox/25.0"
94.145.68.182 - - [25/Nov/2013:07:48:15 -0500] "GET /index.php/notifications?get=count HTTP/1.1" 200 24 "http://www.pacetest.dk/" "Mozilla/5.0 (Windows NT 6.2; WOW64; rv:25.0) Gecko/20100101 Firefox/25.0"
94.145.68.182 - - [25/Nov/2013:07:48:21 -0500] "GET /index.php/notifications?get=count HTTP/1.1" 200 24 "http://www.pacetest.dk/index.php/menu/people" "Mozilla/5.0 (Windows NT 6.2; WOW64; rv:25.0) Gecko/20100101 Firefox/25.0"
94.145.68.182 - - [25/Nov/2013:07:48:45 -0500] "GET /index.php/notifications?get=count HTTP/1.1" 200 24 "http://www.pacetest.dk/" "Mozilla/5.0 (Windows NT 6.2; WOW64; rv:25.0) Gecko/20100101 Firefox/25.0"
94.145.68.182 - - [25/Nov/2013:07:48:51 -0500] "GET /index.php/notifications?get=count HTTP/1.1" 200 24 "http://www.pacetest.dk/index.php/menu/people" "Mozilla/5.0 (Windows NT 6.2; WOW64; rv:25.0) Gecko/20100101 Firefox/25.0"
94.145.68.182 - - [25/Nov/2013:07:49:15 -0500] "GET /index.php/notifications?get=count HTTP/1.1" 200 24 "http://www.pacetest.dk/" "Mozilla/5.0 (Windows NT 6.2; WOW64; rv:25.0) Gecko/20100101 Firefox/25.0"
94.145.68.182 - - [25/Nov/2013:07:49:21 -0500] "GET /index.php/notifications?get=count HTTP/1.1" 200 24 "http://www.pacetest.dk/index.php/menu/people" "Mozilla/5.0 (Windows NT 6.2; WOW64; rv:25.0) Gecko/20100101 Firefox/25.0"
94.145.68.182 - - [25/Nov/2013:07:49:45 -0500] "GET /index.php/notifications?get=count HTTP/1.1" 200 24 "http://www.pacetest.dk/" "Mozilla/5.0 (Windows NT 6.2; WOW64; rv:25.0) Gecko/20100101 Firefox/25.0"
94.145.68.182 - - [25/Nov/2013:07:49:51 -0500] "GET /index.php/notifications?get=count HTTP/1.1" 200 24 "http://www.pacetest.dk/index.php/menu/people" "Mozilla/5.0 (Windows NT 6.2; WOW64; rv:25.0) Gecko/20100101 Firefox/25.0"
94.145.68.182 - - [25/Nov/2013:07:50:15 -0500] "GET /index.php/notifications?get=count HTTP/1.1" 200 24 "http://www.pacetest.dk/" "Mozilla/5.0 (Windows NT 6.2; WOW64; rv:25.0) Gecko/20100101 Firefox/25.0"
94.145.68.182 - - [25/Nov/2013:07:50:21 -0500] "GET /index.php/notifications?get=count HTTP/1.1" 200 24 "http://www.pacetest.dk/index.php/menu/people" "Mozilla/5.0 (Windows NT 6.2; WOW64; rv:25.0) Gecko/20100101 Firefox/25.0"
94.145.68.182 - - [25/Nov/2013:07:50:45 -0500] "GET /index.php/notifications?get=count HTTP/1.1" 200 24 "http://www.pacetest.dk/" "Mozilla/5.0 (Windows NT 6.2; WOW64; rv:25.0) Gecko/20100101 Firefox/25.0"
94.145.68.182 - - [25/Nov/2013:07:50:51 -0500] "GET /index.php/notifications?get=count HTTP/1.1" 200 24 "http://www.pacetest.dk/index.php/menu/people" "Mozilla/5.0 (Windows NT 6.2; WOW64; rv:25.0) Gecko/20100101 Firefox/25.0"
94.145.68.182 - - [25/Nov/2013:07:51:15 -0500] "GET /index.php/notifications?get=count HTTP/1.1" 200 24 "http://www.pacetest.dk/" "Mozilla/5.0 (Windows NT 6.2; WOW64; rv:25.0) Gecko/20100101 Firefox/25.0"
94.145.68.182 - - [25/Nov/2013:07:51:17 -0500] "GET /index.php/menu/people HTTP/1.1" 200 11286 "http://www.pacetest.dk/" "Mozilla/5.0 (Windows NT 6.2; WOW64; rv:25.0) Gecko/20100101 Firefox/25.0"
94.145.68.182 - - [25/Nov/2013:07:51:19 -0500] "GET /templates/shiraz/css/style1/style.css HTTP/1.1" 304 - "http://www.pacetest.dk/index.php/menu/people" "Mozilla/5.0 (Windows NT 6.2; WOW64; rv:25.0) Gecko/20100101 Firefox/25.0"
94.145.68.182 - - [25/Nov/2013:07:51:19 -0500] "GET /media/lib_anahita/js/production/site.js HTTP/1.1" 304 - "http://www.pacetest.dk/index.php/menu/people" "Mozilla/5.0 (Windows NT 6.2; WOW64; rv:25.0) Gecko/20100101 Firefox/25.0"
94.145.68.182 - - [25/Nov/2013:07:51:20 -0500] "GET /media/lib_anahita/images/avatar/square_default.gif HTTP/1.1" 304 - "http://www.pacetest.dk/index.php/menu/people" "Mozilla/5.0 (Windows NT 6.2; WOW64; rv:25.0) Gecko/20100101 Firefox/25.0"
94.145.68.182 - - [25/Nov/2013:07:51:20 -0500] "GET /templates/base/css/images/logo.png HTTP/1.1" 304 - "http://www.pacetest.dk/templates/shiraz/css/style1/style.css" "Mozilla/5.0 (Windows NT 6.2; WOW64; rv:25.0) Gecko/20100101 Firefox/25.0"
94.145.68.182 - - [25/Nov/2013:07:51:45 -0500] "GET /index.php/notifications?get=count HTTP/1.1" 200 24 "http://www.pacetest.dk/" "Mozilla/5.0 (Windows NT 6.2; WOW64; rv:25.0) Gecko/20100101 Firefox/25.0"
94.145.68.182 - - [25/Nov/2013:07:51:50 -0500] "GET /index.php/notifications?get=count HTTP/1.1" 200 24 "http://www.pacetest.dk/index.php/menu/people" "Mozilla/5.0 (Windows NT 6.2; WOW64; rv:25.0) Gecko/20100101 Firefox/25.0"
94.145.68.182 - - [25/Nov/2013:07:52:15 -0500] "GET /index.php/notifications?get=count HTTP/1.1" 200 24 "http://www.pacetest.dk/" "Mozilla/5.0 (Windows NT 6.2; WOW64; rv:25.0) Gecko/20100101 Firefox/25.0"
94.145.68.182 - - [25/Nov/2013:07:52:20 -0500] "GET /index.php/notifications?get=count HTTP/1.1" 200 24 "http://www.pacetest.dk/index.php/menu/people" "Mozilla/5.0 (Windows NT 6.2; WOW64; rv:25.0) Gecko/20100101 Firefox/25.0"
94.145.68.182 - - [25/Nov/2013:07:52:45 -0500] "GET /index.php/notifications?get=count HTTP/1.1" 200 24 "http://www.pacetest.dk/" "Mozilla/5.0 (Windows NT 6.2; WOW64; rv:25.0) Gecko/20100101 Firefox/25.0"
94.145.68.182 - - [25/Nov/2013:07:52:50 -0500] "GET /index.php/notifications?get=count HTTP/1.1" 200 24 "http://www.pacetest.dk/index.php/menu/people" "Mozilla/5.0 (Windows NT 6.2; WOW64; rv:25.0) Gecko/20100101 Firefox/25.0"
94.145.68.182 - - [25/Nov/2013:07:53:15 -0500] "GET /index.php/notifications?get=count HTTP/1.1" 200 24 "http://www.pacetest.dk/" "Mozilla/5.0 (Windows NT 6.2; WOW64; rv:25.0) Gecko/20100101 Firefox/25.0"
94.145.68.182 - - [25/Nov/2013:07:53:20 -0500] "GET /index.php/notifications?get=count HTTP/1.1" 200 24 "http://www.pacetest.dk/index.php/menu/people" "Mozilla/5.0 (Windows NT 6.2; WOW64; rv:25.0) Gecko/20100101 Firefox/25.0"
94.145.68.182 - - [25/Nov/2013:07:53:45 -0500] "GET /index.php/notifications?get=count HTTP/1.1" 200 24 "http://www.pacetest.dk/" "Mozilla/5.0 (Windows NT 6.2; WOW64; rv:25.0) Gecko/20100101 Firefox/25.0"
94.145.68.182 - - [25/Nov/2013:07:53:50 -0500] "GET /index.php/notifications?get=count HTTP/1.1" 200 24 "http://www.pacetest.dk/index.php/menu/people" "Mozilla/5.0 (Windows NT 6.2; WOW64; rv:25.0) Gecko/20100101 Firefox/25.0"
94.145.68.182 - - [25/Nov/2013:07:54:15 -0500] "GET /index.php/notifications?get=count HTTP/1.1" 200 24 "http://www.pacetest.dk/" "Mozilla/5.0 (Windows NT 6.2; WOW64; rv:25.0) Gecko/20100101 Firefox/25.0"
94.145.68.182 - - [25/Nov/2013:07:54:20 -0500] "GET /index.php/notifications?get=count HTTP/1.1" 200 24 "http://www.pacetest.dk/index.php/menu/people" "Mozilla/5.0 (Windows NT 6.2; WOW64; rv:25.0) Gecko/20100101 Firefox/25.0"
94.145.68.182 - - [25/Nov/2013:07:54:45 -0500] "GET /index.php/notifications?get=count HTTP/1.1" 200 24 "http://www.pacetest.dk/" "Mozilla/5.0 (Windows NT 6.2; WOW64; rv:25.0) Gecko/20100101 Firefox/25.0"
94.145.68.182 - - [25/Nov/2013:07:54:50 -0500] "GET /index.php/notifications?get=count HTTP/1.1" 200 24 "http://www.pacetest.dk/index.php/menu/people" "Mozilla/5.0 (Windows NT 6.2; WOW64; rv:25.0) Gecko/20100101 Firefox/25.0"
94.145.68.182 - - [25/Nov/2013:07:55:15 -0500] "GET /index.php/notifications?get=count HTTP/1.1" 200 24 "http://www.pacetest.dk/" "Mozilla/5.0 (Windows NT 6.2; WOW64; rv:25.0) Gecko/20100101 Firefox/25.0"
94.145.68.182 - - [25/Nov/2013:07:55:20 -0500] "GET /index.php/notifications?get=count HTTP/1.1" 200 24 "http://www.pacetest.dk/index.php/menu/people" "Mozilla/5.0 (Windows NT 6.2; WOW64; rv:25.0) Gecko/20100101 Firefox/25.0"
94.145.68.182 - - [25/Nov/2013:07:55:45 -0500] "GET /index.php/notifications?get=count HTTP/1.1" 200 24 "http://www.pacetest.dk/" "Mozilla/5.0 (Windows NT 6.2; WOW64; rv:25.0) Gecko/20100101 Firefox/25.0"
94.145.68.182 - - [25/Nov/2013:07:55:50 -0500] "GET /index.php/notifications?get=count HTTP/1.1" 200 24 "http://www.pacetest.dk/index.php/menu/people" "Mozilla/5.0 (Windows NT 6.2; WOW64; rv:25.0) Gecko/20100101 Firefox/25.0"
94.145.68.182 - - [25/Nov/2013:07:56:15 -0500] "GET /index.php/notifications?get=count HTTP/1.1" 200 24 "http://www.pacetest.dk/" "Mozilla/5.0 (Windows NT 6.2; WOW64; rv:25.0) Gecko/20100101 Firefox/25.0"
94.145.68.182 - - [25/Nov/2013:07:56:20 -0500] "GET /index.php/notifications?get=count HTTP/1.1" 200 24 "http://www.pacetest.dk/index.php/menu/people" "Mozilla/5.0 (Windows NT 6.2; WOW64; rv:25.0) Gecko/20100101 Firefox/25.0"
94.145.68.182 - - [25/Nov/2013:07:56:45 -0500] "GET /index.php/notifications?get=count HTTP/1.1" 200 24 "http://www.pacetest.dk/" "Mozilla/5.0 (Windows NT 6.2; WOW64; rv:25.0) Gecko/20100101 Firefox/25.0"
94.145.68.182 - - [25/Nov/2013:07:56:50 -0500] "GET /index.php/notifications?get=count HTTP/1.1" 200 24 "http://www.pacetest.dk/index.php/menu/people" "Mozilla/5.0 (Windows NT 6.2; WOW64; rv:25.0) Gecko/20100101 Firefox/25.0"
94.145.68.182 - - [25/Nov/2013:07:57:15 -0500] "GET /index.php/notifications?get=count HTTP/1.1" 200 24 "http://www.pacetest.dk/" "Mozilla/5.0 (Windows NT 6.2; WOW64; rv:25.0) Gecko/20100101 Firefox/25.0"
94.145.68.182 - - [25/Nov/2013:07:57:20 -0500] "GET /index.php/notifications?get=count HTTP/1.1" 200 24 "http://www.pacetest.dk/index.php/menu/people" "Mozilla/5.0 (Windows NT 6.2; WOW64; rv:25.0) Gecko/20100101 Firefox/25.0"
94.145.68.182 - - [25/Nov/2013:07:57:45 -0500] "GET /index.php/notifications?get=count HTTP/1.1" 200 24 "http://www.pacetest.dk/" "Mozilla/5.0 (Windows NT 6.2; WOW64; rv:25.0) Gecko/20100101 Firefox/25.0"
94.145.68.182 - - [25/Nov/2013:07:57:50 -0500] "GET /index.php/notifications?get=count HTTP/1.1" 200 24 "http://www.pacetest.dk/index.php/menu/people" "Mozilla/5.0 (Windows NT 6.2; WOW64; rv:25.0) Gecko/20100101 Firefox/25.0"
94.145.68.182 - - [25/Nov/2013:07:58:15 -0500] "GET /index.php/notifications?get=count HTTP/1.1" 200 24 "http://www.pacetest.dk/" "Mozilla/5.0 (Windows NT 6.2; WOW64; rv:25.0) Gecko/20100101 Firefox/25.0"
94.145.68.182 - - [25/Nov/2013:07:58:20 -0500] "GET /index.php/notifications?get=count HTTP/1.1" 200 24 "http://www.pacetest.dk/index.php/menu/people" "Mozilla/5.0 (Windows NT 6.2; WOW64; rv:25.0) Gecko/20100101 Firefox/25.0"
94.145.68.182 - - [25/Nov/2013:07:58:45 -0500] "GET /index.php/notifications?get=count HTTP/1.1" 200 24 "http://www.pacetest.dk/" "Mozilla/5.0 (Windows NT 6.2; WOW64; rv:25.0) Gecko/20100101 Firefox/25.0"
94.145.68.182 - - [25/Nov/2013:07:58:50 -0500] "GET /index.php/notifications?get=count HTTP/1.1" 200 24 "http://www.pacetest.dk/index.php/menu/people" "Mozilla/5.0 (Windows NT 6.2; WOW64; rv:25.0) Gecko/20100101 Firefox/25.0"
94.145.68.182 - - [25/Nov/2013:07:59:15 -0500] "GET /index.php/notifications?get=count HTTP/1.1" 200 24 "http://www.pacetest.dk/" "Mozilla/5.0 (Windows NT 6.2; WOW64; rv:25.0) Gecko/20100101 Firefox/25.0"
94.145.68.182 - - [25/Nov/2013:07:59:20 -0500] "GET /index.php/notifications?get=count HTTP/1.1" 200 24 "http://www.pacetest.dk/index.php/menu/people" "Mozilla/5.0 (Windows NT 6.2; WOW64; rv:25.0) Gecko/20100101 Firefox/25.0"
94.145.68.182 - - [25/Nov/2013:07:59:45 -0500] "GET /index.php/notifications?get=count HTTP/1.1" 200 24 "http://www.pacetest.dk/" "Mozilla/5.0 (Windows NT 6.2; WOW64; rv:25.0) Gecko/20100101 Firefox/25.0"
94.145.68.182 - - [25/Nov/2013:07:59:50 -0500] "GET /index.php/notifications?get=count HTTP/1.1" 200 24 "http://www.pacetest.dk/index.php/menu/people" "Mozilla/5.0 (Windows NT 6.2; WOW64; rv:25.0) Gecko/20100101 Firefox/25.0"
94.145.68.182 - - [25/Nov/2013:08:00:15 -0500] "GET /index.php/notifications?get=count HTTP/1.1" 200 24 "http://www.pacetest.dk/" "Mozilla/5.0 (Windows NT 6.2; WOW64; rv:25.0) Gecko/20100101 Firefox/25.0"
94.145.68.182 - - [25/Nov/2013:08:00:20 -0500] "GET /index.php/notifications?get=count HTTP/1.1" 200 24 "http://www.pacetest.dk/index.php/menu/people" "Mozilla/5.0 (Windows NT 6.2; WOW64; rv:25.0) Gecko/20100101 Firefox/25.0"
94.145.68.182 - - [25/Nov/2013:08:00:45 -0500] "GET /index.php/notifications?get=count HTTP/1.1" 200 24 "http://www.pacetest.dk/" "Mozilla/5.0 (Windows NT 6.2; WOW64; rv:25.0) Gecko/20100101 Firefox/25.0"
94.145.68.182 - - [25/Nov/2013:08:00:50 -0500] "GET /index.php/notifications?get=count HTTP/1.1" 200 24 "http://www.pacetest.dk/index.php/menu/people" "Mozilla/5.0 (Windows NT 6.2; WOW64; rv:25.0) Gecko/20100101 Firefox/25.0"
94.145.68.182 - - [25/Nov/2013:08:01:15 -0500] "GET /index.php/notifications?get=count HTTP/1.1" 200 24 "http://www.pacetest.dk/" "Mozilla/5.0 (Windows NT 6.2; WOW64; rv:25.0) Gecko/20100101 Firefox/25.0"
94.145.68.182 - - [25/Nov/2013:08:01:20 -0500] "GET /index.php/notifications?get=count HTTP/1.1" 200 24 "http://www.pacetest.dk/index.php/menu/people" "Mozilla/5.0 (Windows NT 6.2; WOW64; rv:25.0) Gecko/20100101 Firefox/25.0"
87.57.96.202 - - [25/Nov/2013:08:01:22 -0500] "GET / HTTP/1.1" 200 8072 "-" "Mozilla/5.0 (compatible; MSIE 10.0; Windows NT 6.2; WOW64; Trident/6.0)"
87.57.96.202 - - [25/Nov/2013:08:01:35 -0500] "GET /index.php/people/session?layout=modal&return=aHR0cDovL3d3dy5wYWNldGVzdC5kay8%3D&hofq5g3t HTTP/1.1" 200 1462 "http://www.pacetest.dk/" "Mozilla/5.0 (compatible; MSIE 10.0; Windows NT 6.2; WOW64; Trident/6.0)"
94.145.68.182 - - [25/Nov/2013:08:01:45 -0500] "GET /index.php/notifications?get=count HTTP/1.1" 200 24 "http://www.pacetest.dk/" "Mozilla/5.0 (Windows NT 6.2; WOW64; rv:25.0) Gecko/20100101 Firefox/25.0"
94.145.68.182 - - [25/Nov/2013:08:01:50 -0500] "GET /index.php/notifications?get=count HTTP/1.1" 200 24 "http://www.pacetest.dk/index.php/menu/people" "Mozilla/5.0 (Windows NT 6.2; WOW64; rv:25.0) Gecko/20100101 Firefox/25.0"
87.57.96.202 - - [25/Nov/2013:08:01:54 -0500] "GET /index.php/people/person?layout=add&return=aHR0cDovL3d3dy5wYWNldGVzdC5kay8%3D HTTP/1.1" 200 8692 "http://www.pacetest.dk/" "Mozilla/5.0 (compatible; MSIE 10.0; Windows NT 6.2; WOW64; Trident/6.0)"
87.57.96.202 - - [25/Nov/2013:08:02:09 -0500] "POST /index.php/people/person HTTP/1.1" 200 - "http://www.pacetest.dk/" "Mozilla/5.0 (compatible; MSIE 10.0; Windows NT 6.2; WOW64; Trident/6.0)"
94.145.68.182 - - [25/Nov/2013:08:02:15 -0500] "GET /index.php/notifications?get=count HTTP/1.1" 200 24 "http://www.pacetest.dk/" "Mozilla/5.0 (Windows NT 6.2; WOW64; rv:25.0) Gecko/20100101 Firefox/25.0"
94.145.68.182 - - [25/Nov/2013:08:02:20 -0500] "GET /index.php/notifications?get=count HTTP/1.1" 200 24 "http://www.pacetest.dk/index.php/menu/people" "Mozilla/5.0 (Windows NT 6.2; WOW64; rv:25.0) Gecko/20100101 Firefox/25.0"
87.57.96.202 - - [25/Nov/2013:08:02:20 -0500] "POST /index.php/people/person HTTP/1.1" 200 - "http://www.pacetest.dk/" "Mozilla/5.0 (compatible; MSIE 10.0; Windows NT 6.2; WOW64; Trident/6.0)"
87.57.96.202 - - [25/Nov/2013:08:02:29 -0500] "POST /index.php/people/person HTTP/1.1" 303 - "http://www.pacetest.dk/index.php/people/person?layout=add&return=aHR0cDovL3d3dy5wYWNldGVzdC5kay8%3D" "Mozilla/5.0 (compatible; MSIE 10.0; Windows NT 6.2; WOW64; Trident/6.0)"
87.57.96.202 - - [25/Nov/2013:08:02:30 -0500] "GET /index.php/people/session HTTP/1.1" 200 6870 "http://www.pacetest.dk/index.php/people/person?layout=add&return=aHR0cDovL3d3dy5wYWNldGVzdC5kay8%3D" "Mozilla/5.0 (compatible; MSIE 10.0; Windows NT 6.2; WOW64; Trident/6.0)"
94.145.68.182 - - [25/Nov/2013:08:02:45 -0500] "GET /index.php/notifications?get=count HTTP/1.1" 200 24 "http://www.pacetest.dk/" "Mozilla/5.0 (Windows NT 6.2; WOW64; rv:25.0) Gecko/20100101 Firefox/25.0"
87.57.96.202 - - [25/Nov/2013:08:02:46 -0500] "POST /index.php/people/session HTTP/1.1" 403 6332 "http://www.pacetest.dk/index.php/people/session" "Mozilla/5.0 (compatible; MSIE 10.0; Windows NT 6.2; WOW64; Trident/6.0)"
94.145.68.182 - - [25/Nov/2013:08:02:50 -0500] "GET /index.php/notifications?get=count HTTP/1.1" 200 24 "http://www.pacetest.dk/index.php/menu/people" "Mozilla/5.0 (Windows NT 6.2; WOW64; rv:25.0) Gecko/20100101 Firefox/25.0"
87.57.96.202 - - [25/Nov/2013:08:02:54 -0500] "GET /index.php/people/session?layout=modal&return=aHR0cDovL3d3dy5wYWNldGVzdC5kay9pbmRleC5waHAvcGVvcGxlL3Nlc3Npb24%3D&hofq794w HTTP/1.1" 200 1526 "http://www.pacetest.dk/" "Mozilla/5.0 (compatible; MSIE 10.0; Windows NT 6.2; WOW64; Trident/6.0)"
87.57.96.202 - - [25/Nov/2013:08:03:03 -0500] "GET /index.php/people/person?layout=add&return=aHR0cDovL3d3dy5wYWNldGVzdC5kay9pbmRleC5waHAvcGVvcGxlL3Nlc3Npb24%3D HTTP/1.1" 200 9151 "http://www.pacetest.dk/index.php/people/session" "Mozilla/5.0 (compatible; MSIE 10.0; Windows NT 6.2; WOW64; Trident/6.0)"
94.145.68.182 - - [25/Nov/2013:08:03:15 -0500] "GET /index.php/notifications?get=count HTTP/1.1" 200 24 "http://www.pacetest.dk/" "Mozilla/5.0 (Windows NT 6.2; WOW64; rv:25.0) Gecko/20100101 Firefox/25.0"
94.145.68.182 - - [25/Nov/2013:08:03:20 -0500] "GET /index.php/notifications?get=count HTTP/1.1" 200 24 "http://www.pacetest.dk/index.php/menu/people" "Mozilla/5.0 (Windows NT 6.2; WOW64; rv:25.0) Gecko/20100101 Firefox/25.0"
94.145.68.182 - - [25/Nov/2013:08:03:45 -0500] "GET /index.php/notifications?get=count HTTP/1.1" 200 24 "http://www.pacetest.dk/" "Mozilla/5.0 (Windows NT 6.2; WOW64; rv:25.0) Gecko/20100101 Firefox/25.0"
94.145.68.182 - - [25/Nov/2013:08:03:50 -0500] "GET /index.php/notifications?get=count HTTP/1.1" 200 24 "http://www.pacetest.dk/index.php/menu/people" "Mozilla/5.0 (Windows NT 6.2; WOW64; rv:25.0) Gecko/20100101 Firefox/25.0"
94.145.68.182 - - [25/Nov/2013:08:04:15 -0500] "GET /index.php/notifications?get=count HTTP/1.1" 200 24 "http://www.pacetest.dk/" "Mozilla/5.0 (Windows NT 6.2; WOW64; rv:25.0) Gecko/20100101 Firefox/25.0"
94.145.68.182 - - [25/Nov/2013:08:04:20 -0500] "GET /index.php/notifications?get=count HTTP/1.1" 200 24 "http://www.pacetest.dk/index.php/menu/people" "Mozilla/5.0 (Windows NT 6.2; WOW64; rv:25.0) Gecko/20100101 Firefox/25.0"
87.57.96.202 - - [25/Nov/2013:08:04:26 -0500] "POST /index.php/people/person HTTP/1.1" 412 - "http://www.pacetest.dk/" "Mozilla/5.0 (compatible; MSIE 10.0; Windows NT 6.2; WOW64; Trident/6.0)"
94.145.68.182 - - [25/Nov/2013:08:04:45 -0500] "GET /index.php/notifications?get=count HTTP/1.1" 200 24 "http://www.pacetest.dk/" "Mozilla/5.0 (Windows NT 6.2; WOW64; rv:25.0) Gecko/20100101 Firefox/25.0"
94.145.68.182 - - [25/Nov/2013:08:04:50 -0500] "GET /index.php/notifications?get=count HTTP/1.1" 200 24 "http://www.pacetest.dk/index.php/menu/people" "Mozilla/5.0 (Windows NT 6.2; WOW64; rv:25.0) Gecko/20100101 Firefox/25.0"
87.57.96.202 - - [25/Nov/2013:08:04:55 -0500] "POST /index.php/people/person HTTP/1.1" 200 - "http://www.pacetest.dk/" "Mozilla/5.0 (compatible; MSIE 10.0; Windows NT 6.2; WOW64; Trident/6.0)"
87.57.96.202 - - [25/Nov/2013:08:04:56 -0500] "POST /index.php/people/person HTTP/1.1" 412 - "http://www.pacetest.dk/" "Mozilla/5.0 (compatible; MSIE 10.0; Windows NT 6.2; WOW64; Trident/6.0)"
87.57.96.202 - - [25/Nov/2013:08:05:07 -0500] "GET /index.php/people/session?layout=modal&return=aHR0cDovL3d3dy5wYWNldGVzdC5kay9pbmRleC5waHAvcGVvcGxlL3BlcnNvbj9sYXlvdXQ9YWRkJnJldHVybj1hSFIwY0RvdkwzZDNkeTV3WVdObGRHVnpkQzVrYXk5cGJtUmxlQzV3YUhBdmNHVnZjR3hsTDNObGMzTnBiMjQlM0Q%3D&hofq7mrn HTTP/1.1" 200 1750 "http://www.pacetest.dk/" "Mozilla/5.0 (compatible; MSIE 10.0; Windows NT 6.2; WOW64; Trident/6.0)"
94.145.68.182 - - [25/Nov/2013:08:05:15 -0500] "GET /index.php/notifications?get=count HTTP/1.1" 200 24 "http://www.pacetest.dk/" "Mozilla/5.0 (Windows NT 6.2; WOW64; rv:25.0) Gecko/20100101 Firefox/25.0"
94.145.68.182 - - [25/Nov/2013:08:05:20 -0500] "GET /index.php/notifications?get=count HTTP/1.1" 200 24 "http://www.pacetest.dk/index.php/menu/people" "Mozilla/5.0 (Windows NT 6.2; WOW64; rv:25.0) Gecko/20100101 Firefox/25.0"
87.57.96.202 - - [25/Nov/2013:08:05:24 -0500] "POST /index.php/people/session?layout=modal HTTP/1.1" 403 6348 "http://www.pacetest.dk/index.php/people/person?layout=add&return=aHR0cDovL3d3dy5wYWNldGVzdC5kay9pbmRleC5waHAvcGVvcGxlL3Nlc3Npb24%3D" "Mozilla/5.0 (compatible; MSIE 10.0; Windows NT 6.2; WOW64; Trident/6.0)"
94.145.68.182 - - [25/Nov/2013:08:05:45 -0500] "GET /index.php/notifications?get=count HTTP/1.1" 200 24 "http://www.pacetest.dk/" "Mozilla/5.0 (Windows NT 6.2; WOW64; rv:25.0) Gecko/20100101 Firefox/25.0"
94.145.68.182 - - [25/Nov/2013:08:05:50 -0500] "GET /index.php/notifications?get=count HTTP/1.1" 200 24 "http://www.pacetest.dk/index.php/menu/people" "Mozilla/5.0 (Windows NT 6.2; WOW64; rv:25.0) Gecko/20100101 Firefox/25.0"
87.57.96.202 - - [25/Nov/2013:08:06:13 -0500] "GET / HTTP/1.1" 200 8260 "-" "Mozilla/5.0 (compatible; MSIE 10.0; Windows NT 6.2; WOW64; Trident/6.0)"
94.145.68.182 - - [25/Nov/2013:08:06:15 -0500] "GET /index.php/notifications?get=count HTTP/1.1" 200 24 "http://www.pacetest.dk/" "Mozilla/5.0 (Windows NT 6.2; WOW64; rv:25.0) Gecko/20100101 Firefox/25.0"
94.145.68.182 - - [25/Nov/2013:08:06:20 -0500] "GET /index.php/notifications?get=count HTTP/1.1" 200 24 "http://www.pacetest.dk/index.php/menu/people" "Mozilla/5.0 (Windows NT 6.2; WOW64; rv:25.0) Gecko/20100101 Firefox/25.0"
87.57.96.202 - - [25/Nov/2013:08:06:22 -0500] "GET /index.php/people/session?layout=modal&return=aHR0cDovL3d3dy5wYWNldGVzdC5kay8%3D&hofqbp0b HTTP/1.1" 200 1462 "http://www.pacetest.dk/" "Mozilla/5.0 (compatible; MSIE 10.0; Windows NT 6.2; WOW64; Trident/6.0)"
87.57.96.202 - - [25/Nov/2013:08:06:29 -0500] "GET /index.php/people/token HTTP/1.1" 200 7338 "http://www.pacetest.dk/" "Mozilla/5.0 (compatible; MSIE 10.0; Windows NT 6.2; WOW64; Trident/6.0)"
87.57.96.202 - - [25/Nov/2013:08:06:43 -0500] "POST /index.php/people/token?hofqc12y HTTP/1.1" 201 773 "http://www.pacetest.dk/" "Mozilla/5.0 (compatible; MSIE 10.0; Windows NT 6.2; WOW64; Trident/6.0)"
94.145.68.182 - - [25/Nov/2013:08:06:45 -0500] "GET /index.php/notifications?get=count HTTP/1.1" 200 24 "http://www.pacetest.dk/" "Mozilla/5.0 (Windows NT 6.2; WOW64; rv:25.0) Gecko/20100101 Firefox/25.0"
94.145.68.182 - - [25/Nov/2013:08:06:50 -0500] "GET /index.php/notifications?get=count HTTP/1.1" 200 24 "http://www.pacetest.dk/index.php/menu/people" "Mozilla/5.0 (Windows NT 6.2; WOW64; rv:25.0) Gecko/20100101 Firefox/25.0"
94.145.68.182 - - [25/Nov/2013:08:07:15 -0500] "GET /index.php/notifications?get=count HTTP/1.1" 200 24 "http://www.pacetest.dk/" "Mozilla/5.0 (Windows NT 6.2; WOW64; rv:25.0) Gecko/20100101 Firefox/25.0"
94.145.68.182 - - [25/Nov/2013:08:07:20 -0500] "GET /index.php/notifications?get=count HTTP/1.1" 200 24 "http://www.pacetest.dk/index.php/menu/people" "Mozilla/5.0 (Windows NT 6.2; WOW64; rv:25.0) Gecko/20100101 Firefox/25.0"
94.145.68.182 - - [25/Nov/2013:08:07:45 -0500] "GET /index.php/notifications?get=count HTTP/1.1" 200 24 "http://www.pacetest.dk/" "Mozilla/5.0 (Windows NT 6.2; WOW64; rv:25.0) Gecko/20100101 Firefox/25.0"
94.145.68.182 - - [25/Nov/2013:08:07:50 -0500] "GET /index.php/notifications?get=count HTTP/1.1" 200 24 "http://www.pacetest.dk/index.php/menu/people" "Mozilla/5.0 (Windows NT 6.2; WOW64; rv:25.0) Gecko/20100101 Firefox/25.0"
94.145.68.182 - - [25/Nov/2013:08:08:15 -0500] "GET /index.php/notifications?get=count HTTP/1.1" 200 24 "http://www.pacetest.dk/" "Mozilla/5.0 (Windows NT 6.2; WOW64; rv:25.0) Gecko/20100101 Firefox/25.0"
94.145.68.182 - - [25/Nov/2013:08:08:20 -0500] "GET /index.php/notifications?get=count HTTP/1.1" 200 24 "http://www.pacetest.dk/index.php/menu/people" "Mozilla/5.0 (Windows NT 6.2; WOW64; rv:25.0) Gecko/20100101 Firefox/25.0"
94.145.68.182 - - [25/Nov/2013:08:08:45 -0500] "GET /index.php/notifications?get=count HTTP/1.1" 200 24 "http://www.pacetest.dk/" "Mozilla/5.0 (Windows NT 6.2; WOW64; rv:25.0) Gecko/20100101 Firefox/25.0"
94.145.68.182 - - [25/Nov/2013:08:08:50 -0500] "GET /index.php/notifications?get=count HTTP/1.1" 200 24 "http://www.pacetest.dk/index.php/menu/people" "Mozilla/5.0 (Windows NT 6.2; WOW64; rv:25.0) Gecko/20100101 Firefox/25.0"
87.57.96.202 - - [25/Nov/2013:08:08:59 -0500] "POST /index.php/people/token?hofqc131 HTTP/1.1" 201 773 "http://www.pacetest.dk/" "Mozilla/5.0 (compatible; MSIE 10.0; Windows NT 6.2; WOW64; Trident/6.0)"
87.57.96.202 - - [25/Nov/2013:08:09:05 -0500] "GET /index.php/people/session?layout=modal&return=aHR0cDovL3d3dy5wYWNldGVzdC5kay9pbmRleC5waHAvcGVvcGxlL3Rva2Vu&hofqc133 HTTP/1.1" 200 1516 "http://www.pacetest.dk/" "Mozilla/5.0 (compatible; MSIE 10.0; Windows NT 6.2; WOW64; Trident/6.0)"
94.145.68.182 - - [25/Nov/2013:08:09:15 -0500] "GET /index.php/notifications?get=count HTTP/1.1" 200 24 "http://www.pacetest.dk/" "Mozilla/5.0 (Windows NT 6.2; WOW64; rv:25.0) Gecko/20100101 Firefox/25.0"
