87.58.241.191 - - [10/Jan/2014:13:50:20 -0500] "GET /groups/209-ga-nextlevel-sj%C3%A6lland HTTP/1.1" 200 88333 "http://www.pacetest.dk/menu/groups" "Mozilla/5.0 (Macintosh; Intel Mac OS X 10_9_1) AppleWebKit/537.73.11 (KHTML, like Gecko) Version/7.0.1 Safari/537.73.11"
- - - [10/Jan/2014:13:50:32 -0500] "OPTIONS * HTTP/1.0" 200 - "-" "Apache/2.2.22 (Red Hat Enterprise Web Server) (internal dummy connection)"
87.58.241.191 - - [10/Jan/2014:13:50:32 -0500] "GET /groups/209/graph/followers?layout=gadget&hq9svnbq HTTP/1.1" 200 2245 "http://www.pacetest.dk/groups/209-ga-nextlevel-sj%C3%A6lland" "Mozilla/5.0 (Macintosh; Intel Mac OS X 10_9_1) AppleWebKit/537.73.11 (KHTML, like Gecko) Version/7.0.1 Safari/537.73.11"
94.145.68.182 - - [10/Jan/2014:13:50:48 -0500] "GET /notifications?get=count HTTP/1.1" 200 24 "http://www.pacetest.dk/pages/437-deltagerliste-og-program-sj%C3%A6lland-11-12-januar-2014?" "Mozilla/5.0 (Windows NT 6.2; WOW64; rv:26.0) Gecko/20100101 Firefox/26.0"
94.145.68.182 - - [10/Jan/2014:13:50:55 -0500] "GET /notifications?get=count HTTP/1.1" 200 24 "http://www.pacetest.dk/pages/641-div?layout=edit" "Mozilla/5.0 (Windows NT 6.2; WOW64; rv:26.0) Gecko/20100101 Firefox/26.0"
87.58.241.191 - - [10/Jan/2014:13:51:02 -0500] "GET /notifications?get=count HTTP/1.1" 200 24 "http://www.pacetest.dk/groups/209-ga-nextlevel-sj%C3%A6lland" "Mozilla/5.0 (Macintosh; Intel Mac OS X 10_9_1) AppleWebKit/537.73.11 (KHTML, like Gecko) Version/7.0.1 Safari/537.73.11"
94.145.68.182 - - [10/Jan/2014:13:51:18 -0500] "GET /notifications?get=count HTTP/1.1" 200 24 "http://www.pacetest.dk/pages/437-deltagerliste-og-program-sj%C3%A6lland-11-12-januar-2014?" "Mozilla/5.0 (Windows NT 6.2; WOW64; rv:26.0) Gecko/20100101 Firefox/26.0"
94.145.68.182 - - [10/Jan/2014:13:51:25 -0500] "GET /notifications?get=count HTTP/1.1" 200 24 "http://www.pacetest.dk/pages/641-div?layout=edit" "Mozilla/5.0 (Windows NT 6.2; WOW64; rv:26.0) Gecko/20100101 Firefox/26.0"
87.58.241.191 - - [10/Jan/2014:13:51:32 -0500] "GET /notifications?get=count HTTP/1.1" 200 24 "http://www.pacetest.dk/groups/209-ga-nextlevel-sj%C3%A6lland" "Mozilla/5.0 (Macintosh; Intel Mac OS X 10_9_1) AppleWebKit/537.73.11 (KHTML, like Gecko) Version/7.0.1 Safari/537.73.11"
94.145.68.182 - - [10/Jan/2014:13:51:48 -0500] "GET /notifications?get=count HTTP/1.1" 200 24 "http://www.pacetest.dk/pages/437-deltagerliste-og-program-sj%C3%A6lland-11-12-januar-2014?" "Mozilla/5.0 (Windows NT 6.2; WOW64; rv:26.0) Gecko/20100101 Firefox/26.0"
94.145.68.182 - - [10/Jan/2014:13:51:55 -0500] "GET /notifications?get=count HTTP/1.1" 200 24 "http://www.pacetest.dk/pages/641-div?layout=edit" "Mozilla/5.0 (Windows NT 6.2; WOW64; rv:26.0) Gecko/20100101 Firefox/26.0"
87.58.241.191 - - [10/Jan/2014:13:52:02 -0500] "GET /notifications?get=count HTTP/1.1" 200 24 "http://www.pacetest.dk/groups/209-ga-nextlevel-sj%C3%A6lland" "Mozilla/5.0 (Macintosh; Intel Mac OS X 10_9_1) AppleWebKit/537.73.11 (KHTML, like Gecko) Version/7.0.1 Safari/537.73.11"
94.145.68.182 - - [10/Jan/2014:13:52:18 -0500] "GET /notifications?get=count HTTP/1.1" 200 24 "http://www.pacetest.dk/pages/437-deltagerliste-og-program-sj%C3%A6lland-11-12-januar-2014?" "Mozilla/5.0 (Windows NT 6.2; WOW64; rv:26.0) Gecko/20100101 Firefox/26.0"
94.145.68.182 - - [10/Jan/2014:13:52:25 -0500] "GET /notifications?get=count HTTP/1.1" 200 24 "http://www.pacetest.dk/pages/641-div?layout=edit" "Mozilla/5.0 (Windows NT 6.2; WOW64; rv:26.0) Gecko/20100101 Firefox/26.0"
87.58.241.191 - - [10/Jan/2014:13:52:24 -0500] "POST /pages/437-deltagerliste-og-program-sj%C3%A6lland-11-12-januar-2014?hq9svnbt HTTP/1.1" 201 2299 "http://www.pacetest.dk/groups/209-ga-nextlevel-sj%C3%A6lland" "Mozilla/5.0 (Macintosh; Intel Mac OS X 10_9_1) AppleWebKit/537.73.11 (KHTML, like Gecko) Version/7.0.1 Safari/537.73.11"
- - - [10/Jan/2014:13:52:29 -0500] "OPTIONS * HTTP/1.0" 200 - "-" "Apache/2.2.22 (Red Hat Enterprise Web Server) (internal dummy connection)"
87.58.241.191 - - [10/Jan/2014:13:52:32 -0500] "GET /notifications?get=count HTTP/1.1" 200 24 "http://www.pacetest.dk/groups/209-ga-nextlevel-sj%C3%A6lland" "Mozilla/5.0 (Macintosh; Intel Mac OS X 10_9_1) AppleWebKit/537.73.11 (KHTML, like Gecko) Version/7.0.1 Safari/537.73.11"
94.145.68.182 - - [10/Jan/2014:13:52:48 -0500] "GET /notifications?get=count HTTP/1.1" 200 24 "http://www.pacetest.dk/pages/437-deltagerliste-og-program-sj%C3%A6lland-11-12-januar-2014?" "Mozilla/5.0 (Windows NT 6.2; WOW64; rv:26.0) Gecko/20100101 Firefox/26.0"
94.145.68.182 - - [10/Jan/2014:13:52:55 -0500] "GET /notifications?get=count HTTP/1.1" 200 24 "http://www.pacetest.dk/pages/641-div?layout=edit" "Mozilla/5.0 (Windows NT 6.2; WOW64; rv:26.0) Gecko/20100101 Firefox/26.0"
87.58.241.191 - - [10/Jan/2014:13:53:02 -0500] "GET /notifications?get=count HTTP/1.1" 200 24 "http://www.pacetest.dk/groups/209-ga-nextlevel-sj%C3%A6lland" "Mozilla/5.0 (Macintosh; Intel Mac OS X 10_9_1) AppleWebKit/537.73.11 (KHTML, like Gecko) Version/7.0.1 Safari/537.73.11"
94.145.68.182 - - [10/Jan/2014:13:53:18 -0500] "GET /notifications?get=count HTTP/1.1" 200 24 "http://www.pacetest.dk/pages/437-deltagerliste-og-program-sj%C3%A6lland-11-12-januar-2014?" "Mozilla/5.0 (Windows NT 6.2; WOW64; rv:26.0) Gecko/20100101 Firefox/26.0"
94.145.68.182 - - [10/Jan/2014:13:53:25 -0500] "GET /notifications?get=count HTTP/1.1" 200 24 "http://www.pacetest.dk/pages/641-div?layout=edit" "Mozilla/5.0 (Windows NT 6.2; WOW64; rv:26.0) Gecko/20100101 Firefox/26.0"
87.58.241.191 - - [10/Jan/2014:13:53:32 -0500] "GET /notifications?get=count HTTP/1.1" 200 24 "http://www.pacetest.dk/groups/209-ga-nextlevel-sj%C3%A6lland" "Mozilla/5.0 (Macintosh; Intel Mac OS X 10_9_1) AppleWebKit/537.73.11 (KHTML, like Gecko) Version/7.0.1 Safari/537.73.11"
94.145.68.182 - - [10/Jan/2014:13:53:48 -0500] "GET /notifications?get=count HTTP/1.1" 200 24 "http://www.pacetest.dk/pages/437-deltagerliste-og-program-sj%C3%A6lland-11-12-januar-2014?" "Mozilla/5.0 (Windows NT 6.2; WOW64; rv:26.0) Gecko/20100101 Firefox/26.0"
94.145.68.182 - - [10/Jan/2014:13:53:55 -0500] "GET /notifications?get=count HTTP/1.1" 200 24 "http://www.pacetest.dk/pages/641-div?layout=edit" "Mozilla/5.0 (Windows NT 6.2; WOW64; rv:26.0) Gecko/20100101 Firefox/26.0"
87.58.241.191 - - [10/Jan/2014:13:54:02 -0500] "GET /notifications?get=count HTTP/1.1" 200 24 "http://www.pacetest.dk/groups/209-ga-nextlevel-sj%C3%A6lland" "Mozilla/5.0 (Macintosh; Intel Mac OS X 10_9_1) AppleWebKit/537.73.11 (KHTML, like Gecko) Version/7.0.1 Safari/537.73.11"
94.145.68.182 - - [10/Jan/2014:13:54:18 -0500] "GET /notifications?get=count HTTP/1.1" 200 24 "http://www.pacetest.dk/pages/437-deltagerliste-og-program-sj%C3%A6lland-11-12-januar-2014?" "Mozilla/5.0 (Windows NT 6.2; WOW64; rv:26.0) Gecko/20100101 Firefox/26.0"
94.145.68.182 - - [10/Jan/2014:13:54:25 -0500] "GET /notifications?get=count HTTP/1.1" 200 24 "http://www.pacetest.dk/pages/641-div?layout=edit" "Mozilla/5.0 (Windows NT 6.2; WOW64; rv:26.0) Gecko/20100101 Firefox/26.0"
87.58.241.191 - - [10/Jan/2014:13:54:32 -0500] "GET /notifications?get=count HTTP/1.1" 200 24 "http://www.pacetest.dk/groups/209-ga-nextlevel-sj%C3%A6lland" "Mozilla/5.0 (Macintosh; Intel Mac OS X 10_9_1) AppleWebKit/537.73.11 (KHTML, like Gecko) Version/7.0.1 Safari/537.73.11"
94.145.68.182 - - [10/Jan/2014:13:54:48 -0500] "GET /notifications?get=count HTTP/1.1" 200 24 "http://www.pacetest.dk/pages/437-deltagerliste-og-program-sj%C3%A6lland-11-12-januar-2014?" "Mozilla/5.0 (Windows NT 6.2; WOW64; rv:26.0) Gecko/20100101 Firefox/26.0"
94.145.68.182 - - [10/Jan/2014:13:54:55 -0500] "GET /notifications?get=count HTTP/1.1" 200 24 "http://www.pacetest.dk/pages/641-div?layout=edit" "Mozilla/5.0 (Windows NT 6.2; WOW64; rv:26.0) Gecko/20100101 Firefox/26.0"
87.58.241.191 - - [10/Jan/2014:13:55:02 -0500] "GET /notifications?get=count HTTP/1.1" 200 24 "http://www.pacetest.dk/groups/209-ga-nextlevel-sj%C3%A6lland" "Mozilla/5.0 (Macintosh; Intel Mac OS X 10_9_1) AppleWebKit/537.73.11 (KHTML, like Gecko) Version/7.0.1 Safari/537.73.11"
94.145.68.182 - - [10/Jan/2014:13:55:18 -0500] "GET /notifications?get=count HTTP/1.1" 200 24 "http://www.pacetest.dk/pages/437-deltagerliste-og-program-sj%C3%A6lland-11-12-januar-2014?" "Mozilla/5.0 (Windows NT 6.2; WOW64; rv:26.0) Gecko/20100101 Firefox/26.0"
94.145.68.182 - - [10/Jan/2014:13:55:25 -0500] "GET /notifications?get=count HTTP/1.1" 200 24 "http://www.pacetest.dk/pages/641-div?layout=edit" "Mozilla/5.0 (Windows NT 6.2; WOW64; rv:26.0) Gecko/20100101 Firefox/26.0"
87.58.241.191 - - [10/Jan/2014:13:55:32 -0500] "GET /notifications?get=count HTTP/1.1" 200 24 "http://www.pacetest.dk/groups/209-ga-nextlevel-sj%C3%A6lland" "Mozilla/5.0 (Macintosh; Intel Mac OS X 10_9_1) AppleWebKit/537.73.11 (KHTML, like Gecko) Version/7.0.1 Safari/537.73.11"
94.145.68.182 - - [10/Jan/2014:13:55:48 -0500] "GET /notifications?get=count HTTP/1.1" 200 24 "http://www.pacetest.dk/pages/437-deltagerliste-og-program-sj%C3%A6lland-11-12-januar-2014?" "Mozilla/5.0 (Windows NT 6.2; WOW64; rv:26.0) Gecko/20100101 Firefox/26.0"
94.145.68.182 - - [10/Jan/2014:13:55:55 -0500] "GET /notifications?get=count HTTP/1.1" 200 24 "http://www.pacetest.dk/pages/641-div?layout=edit" "Mozilla/5.0 (Windows NT 6.2; WOW64; rv:26.0) Gecko/20100101 Firefox/26.0"
87.58.241.191 - - [10/Jan/2014:13:56:02 -0500] "GET /notifications?get=count HTTP/1.1" 200 24 "http://www.pacetest.dk/groups/209-ga-nextlevel-sj%C3%A6lland" "Mozilla/5.0 (Macintosh; Intel Mac OS X 10_9_1) AppleWebKit/537.73.11 (KHTML, like Gecko) Version/7.0.1 Safari/537.73.11"
94.145.68.182 - - [10/Jan/2014:13:56:18 -0500] "GET /notifications?get=count HTTP/1.1" 200 24 "http://www.pacetest.dk/pages/437-deltagerliste-og-program-sj%C3%A6lland-11-12-januar-2014?" "Mozilla/5.0 (Windows NT 6.2; WOW64; rv:26.0) Gecko/20100101 Firefox/26.0"
94.145.68.182 - - [10/Jan/2014:13:56:25 -0500] "GET /notifications?get=count HTTP/1.1" 200 24 "http://www.pacetest.dk/pages/641-div?layout=edit" "Mozilla/5.0 (Windows NT 6.2; WOW64; rv:26.0) Gecko/20100101 Firefox/26.0"
87.58.241.191 - - [10/Jan/2014:13:56:32 -0500] "GET /notifications?get=count HTTP/1.1" 200 24 "http://www.pacetest.dk/groups/209-ga-nextlevel-sj%C3%A6lland" "Mozilla/5.0 (Macintosh; Intel Mac OS X 10_9_1) AppleWebKit/537.73.11 (KHTML, like Gecko) Version/7.0.1 Safari/537.73.11"
94.145.68.182 - - [10/Jan/2014:13:56:48 -0500] "GET /notifications?get=count HTTP/1.1" 200 24 "http://www.pacetest.dk/pages/437-deltagerliste-og-program-sj%C3%A6lland-11-12-januar-2014?" "Mozilla/5.0 (Windows NT 6.2; WOW64; rv:26.0) Gecko/20100101 Firefox/26.0"
94.145.68.182 - - [10/Jan/2014:13:56:55 -0500] "GET /notifications?get=count HTTP/1.1" 200 24 "http://www.pacetest.dk/pages/641-div?layout=edit" "Mozilla/5.0 (Windows NT 6.2; WOW64; rv:26.0) Gecko/20100101 Firefox/26.0"
87.58.241.191 - - [10/Jan/2014:13:57:02 -0500] "GET /notifications?get=count HTTP/1.1" 200 24 "http://www.pacetest.dk/groups/209-ga-nextlevel-sj%C3%A6lland" "Mozilla/5.0 (Macintosh; Intel Mac OS X 10_9_1) AppleWebKit/537.73.11 (KHTML, like Gecko) Version/7.0.1 Safari/537.73.11"
94.145.68.182 - - [10/Jan/2014:13:57:18 -0500] "GET /notifications?get=count HTTP/1.1" 200 24 "http://www.pacetest.dk/pages/437-deltagerliste-og-program-sj%C3%A6lland-11-12-januar-2014?" "Mozilla/5.0 (Windows NT 6.2; WOW64; rv:26.0) Gecko/20100101 Firefox/26.0"
94.145.68.182 - - [10/Jan/2014:13:57:25 -0500] "GET /notifications?get=count HTTP/1.1" 200 24 "http://www.pacetest.dk/pages/641-div?layout=edit" "Mozilla/5.0 (Windows NT 6.2; WOW64; rv:26.0) Gecko/20100101 Firefox/26.0"
87.58.241.191 - - [10/Jan/2014:13:57:32 -0500] "GET /notifications?get=count HTTP/1.1" 200 24 "http://www.pacetest.dk/groups/209-ga-nextlevel-sj%C3%A6lland" "Mozilla/5.0 (Macintosh; Intel Mac OS X 10_9_1) AppleWebKit/537.73.11 (KHTML, like Gecko) Version/7.0.1 Safari/537.73.11"
94.145.68.182 - - [10/Jan/2014:13:57:48 -0500] "GET /notifications?get=count HTTP/1.1" 200 24 "http://www.pacetest.dk/pages/437-deltagerliste-og-program-sj%C3%A6lland-11-12-januar-2014?" "Mozilla/5.0 (Windows NT 6.2; WOW64; rv:26.0) Gecko/20100101 Firefox/26.0"
94.145.68.182 - - [10/Jan/2014:13:57:55 -0500] "GET /notifications?get=count HTTP/1.1" 200 24 "http://www.pacetest.dk/pages/641-div?layout=edit" "Mozilla/5.0 (Windows NT 6.2; WOW64; rv:26.0) Gecko/20100101 Firefox/26.0"
87.58.241.191 - - [10/Jan/2014:13:58:02 -0500] "GET /notifications?get=count HTTP/1.1" 200 24 "http://www.pacetest.dk/groups/209-ga-nextlevel-sj%C3%A6lland" "Mozilla/5.0 (Macintosh; Intel Mac OS X 10_9_1) AppleWebKit/537.73.11 (KHTML, like Gecko) Version/7.0.1 Safari/537.73.11"
94.145.68.182 - - [10/Jan/2014:13:58:18 -0500] "GET /notifications?get=count HTTP/1.1" 200 24 "http://www.pacetest.dk/pages/437-deltagerliste-og-program-sj%C3%A6lland-11-12-januar-2014?" "Mozilla/5.0 (Windows NT 6.2; WOW64; rv:26.0) Gecko/20100101 Firefox/26.0"
94.145.68.182 - - [10/Jan/2014:13:58:25 -0500] "GET /notifications?get=count HTTP/1.1" 200 24 "http://www.pacetest.dk/pages/641-div?layout=edit" "Mozilla/5.0 (Windows NT 6.2; WOW64; rv:26.0) Gecko/20100101 Firefox/26.0"
87.58.241.191 - - [10/Jan/2014:13:58:32 -0500] "GET /notifications?get=count HTTP/1.1" 200 24 "http://www.pacetest.dk/groups/209-ga-nextlevel-sj%C3%A6lland" "Mozilla/5.0 (Macintosh; Intel Mac OS X 10_9_1) AppleWebKit/537.73.11 (KHTML, like Gecko) Version/7.0.1 Safari/537.73.11"
94.145.68.182 - - [10/Jan/2014:13:58:48 -0500] "GET /notifications?get=count HTTP/1.1" 200 24 "http://www.pacetest.dk/pages/437-deltagerliste-og-program-sj%C3%A6lland-11-12-januar-2014?" "Mozilla/5.0 (Windows NT 6.2; WOW64; rv:26.0) Gecko/20100101 Firefox/26.0"
94.145.68.182 - - [10/Jan/2014:13:58:55 -0500] "GET /notifications?get=count HTTP/1.1" 200 24 "http://www.pacetest.dk/pages/641-div?layout=edit" "Mozilla/5.0 (Windows NT 6.2; WOW64; rv:26.0) Gecko/20100101 Firefox/26.0"
87.58.241.191 - - [10/Jan/2014:13:59:02 -0500] "GET /notifications?get=count HTTP/1.1" 200 24 "http://www.pacetest.dk/groups/209-ga-nextlevel-sj%C3%A6lland" "Mozilla/5.0 (Macintosh; Intel Mac OS X 10_9_1) AppleWebKit/537.73.11 (KHTML, like Gecko) Version/7.0.1 Safari/537.73.11"
94.145.68.182 - - [10/Jan/2014:13:59:18 -0500] "GET /notifications?get=count HTTP/1.1" 200 24 "http://www.pacetest.dk/pages/437-deltagerliste-og-program-sj%C3%A6lland-11-12-januar-2014?" "Mozilla/5.0 (Windows NT 6.2; WOW64; rv:26.0) Gecko/20100101 Firefox/26.0"
94.145.68.182 - - [10/Jan/2014:13:59:25 -0500] "GET /notifications?get=count HTTP/1.1" 200 24 "http://www.pacetest.dk/pages/641-div?layout=edit" "Mozilla/5.0 (Windows NT 6.2; WOW64; rv:26.0) Gecko/20100101 Firefox/26.0"
87.58.241.191 - - [10/Jan/2014:13:59:32 -0500] "GET /notifications?get=count HTTP/1.1" 200 24 "http://www.pacetest.dk/groups/209-ga-nextlevel-sj%C3%A6lland" "Mozilla/5.0 (Macintosh; Intel Mac OS X 10_9_1) AppleWebKit/537.73.11 (KHTML, like Gecko) Version/7.0.1 Safari/537.73.11"
94.145.68.182 - - [10/Jan/2014:13:59:32 -0500] "GET / HTTP/1.1" 200 7760 "-" "Mozilla/5.0 (X11; Ubuntu; Linux x86_64; rv:25.0) Gecko/20100101 Firefox/25.0"
- - - [10/Jan/2014:13:59:35 -0500] "OPTIONS * HTTP/1.0" 200 - "-" "Apache/2.2.22 (Red Hat Enterprise Web Server) (internal dummy connection)"
94.145.68.182 - - [10/Jan/2014:13:59:35 -0500] "GET /templates/base/css/images/icon-socialmedia-white.png HTTP/1.1" 304 - "http://www.pacetest.dk/templates/shiraz/css/style1/style.css" "Mozilla/5.0 (X11; Ubuntu; Linux x86_64; rv:25.0) Gecko/20100101 Firefox/25.0"
94.145.68.182 - - [10/Jan/2014:13:59:35 -0500] "GET /templates/base/css/images/icon-socialmedia.png HTTP/1.1" 304 - "http://www.pacetest.dk/templates/shiraz/css/style1/style.css" "Mozilla/5.0 (X11; Ubuntu; Linux x86_64; rv:25.0) Gecko/20100101 Firefox/25.0"
94.145.68.182 - - [10/Jan/2014:13:59:41 -0500] "GET /people/session?layout=modal&return=aHR0cDovL3d3dy5wYWNldGVzdC5kay8%3D&hq9t7anj HTTP/1.1" 200 1413 "http://www.pacetest.dk/" "Mozilla/5.0 (X11; Ubuntu; Linux x86_64; rv:25.0) Gecko/20100101 Firefox/25.0"
94.145.68.182 - - [10/Jan/2014:13:59:48 -0500] "GET /notifications?get=count HTTP/1.1" 200 24 "http://www.pacetest.dk/pages/437-deltagerliste-og-program-sj%C3%A6lland-11-12-januar-2014?" "Mozilla/5.0 (Windows NT 6.2; WOW64; rv:26.0) Gecko/20100101 Firefox/26.0"
94.145.68.182 - - [10/Jan/2014:13:59:55 -0500] "GET /notifications?get=count HTTP/1.1" 200 24 "http://www.pacetest.dk/pages/641-div?layout=edit" "Mozilla/5.0 (Windows NT 6.2; WOW64; rv:26.0) Gecko/20100101 Firefox/26.0"
87.58.241.191 - - [10/Jan/2014:14:00:02 -0500] "GET /notifications?get=count HTTP/1.1" 200 24 "http://www.pacetest.dk/groups/209-ga-nextlevel-sj%C3%A6lland" "Mozilla/5.0 (Macintosh; Intel Mac OS X 10_9_1) AppleWebKit/537.73.11 (KHTML, like Gecko) Version/7.0.1 Safari/537.73.11"
94.145.68.182 - - [10/Jan/2014:14:00:04 -0500] "POST /people/session?layout=modal HTTP/1.1" 303 - "http://www.pacetest.dk/" "Mozilla/5.0 (X11; Ubuntu; Linux x86_64; rv:25.0) Gecko/20100101 Firefox/25.0"
94.145.68.182 - - [10/Jan/2014:14:00:06 -0500] "GET / HTTP/1.1" 200 136548 "http://www.pacetest.dk/" "Mozilla/5.0 (X11; Ubuntu; Linux x86_64; rv:25.0) Gecko/20100101 Firefox/25.0"
94.145.68.182 - - [10/Jan/2014:14:00:18 -0500] "GET /notifications?get=count HTTP/1.1" 200 24 "http://www.pacetest.dk/pages/437-deltagerliste-og-program-sj%C3%A6lland-11-12-januar-2014?" "Mozilla/5.0 (Windows NT 6.2; WOW64; rv:26.0) Gecko/20100101 Firefox/26.0"
94.145.68.182 - - [10/Jan/2014:14:00:25 -0500] "GET /notifications?get=count HTTP/1.1" 200 24 "http://www.pacetest.dk/pages/641-div?layout=edit" "Mozilla/5.0 (Windows NT 6.2; WOW64; rv:26.0) Gecko/20100101 Firefox/26.0"
- - - [10/Jan/2014:14:00:30 -0500] "OPTIONS * HTTP/1.0" 200 - "-" "Apache/2.2.22 (Red Hat Enterprise Web Server) (internal dummy connection)"
94.145.68.182 - - [10/Jan/2014:14:00:15 -0500] "GET /stories?layout=list&filter=leaders&start=40&limit=20 HTTP/1.1" 200 39030 "http://www.pacetest.dk/" "Mozilla/5.0 (X11; Ubuntu; Linux x86_64; rv:25.0) Gecko/20100101 Firefox/25.0"
94.145.68.182 - - [10/Jan/2014:14:00:20 -0500] "GET /notifications?layout=popover&hq9t85h3 HTTP/1.1" 200 19876 "http://www.pacetest.dk/" "Mozilla/5.0 (X11; Ubuntu; Linux x86_64; rv:25.0) Gecko/20100101 Firefox/25.0"
87.58.241.191 - - [10/Jan/2014:14:00:32 -0500] "GET /notifications?get=count HTTP/1.1" 200 24 "http://www.pacetest.dk/groups/209-ga-nextlevel-sj%C3%A6lland" "Mozilla/5.0 (Macintosh; Intel Mac OS X 10_9_1) AppleWebKit/537.73.11 (KHTML, like Gecko) Version/7.0.1 Safari/537.73.11"
- - - [10/Jan/2014:14:00:36 -0500] "OPTIONS * HTTP/1.0" 200 - "-" "Apache/2.2.22 (Red Hat Enterprise Web Server) (internal dummy connection)"
94.145.68.182 - - [10/Jan/2014:14:00:15 -0500] "GET /stories?layout=list&filter=leaders&start=20&limit=20 HTTP/1.1" 200 83953 "http://www.pacetest.dk/" "Mozilla/5.0 (X11; Ubuntu; Linux x86_64; rv:25.0) Gecko/20100101 Firefox/25.0"
- - - [10/Jan/2014:14:00:38 -0500] "OPTIONS * HTTP/1.0" 200 - "-" "Apache/2.2.22 (Red Hat Enterprise Web Server) (internal dummy connection)"
94.145.68.182 - - [10/Jan/2014:14:00:33 -0500] "GET /stories?layout=list&filter=leaders&start=60&limit=20 HTTP/1.1" 200 51728 "http://www.pacetest.dk/" "Mozilla/5.0 (X11; Ubuntu; Linux x86_64; rv:25.0) Gecko/20100101 Firefox/25.0"
94.145.68.182 - - [10/Jan/2014:14:00:41 -0500] "GET /pages/437-deltagerliste-og-program-sj%C3%A6lland-11-12-januar-2014 HTTP/1.1" 200 40675 "http://www.pacetest.dk/" "Mozilla/5.0 (X11; Ubuntu; Linux x86_64; rv:25.0) Gecko/20100101 Firefox/25.0"
94.145.68.182 - - [10/Jan/2014:14:00:45 -0500] "GET /notifications?get=count HTTP/1.1" 200 24 "http://www.pacetest.dk/" "Mozilla/5.0 (X11; Ubuntu; Linux x86_64; rv:25.0) Gecko/20100101 Firefox/25.0"
- - - [10/Jan/2014:14:00:48 -0500] "OPTIONS * HTTP/1.0" 200 - "-" "Apache/2.2.22 (Red Hat Enterprise Web Server) (internal dummy connection)"
94.145.68.182 - - [10/Jan/2014:14:00:48 -0500] "GET /notifications?get=count HTTP/1.1" 200 24 "http://www.pacetest.dk/pages/437-deltagerliste-og-program-sj%C3%A6lland-11-12-januar-2014?" "Mozilla/5.0 (Windows NT 6.2; WOW64; rv:26.0) Gecko/20100101 Firefox/26.0"
94.145.68.182 - - [10/Jan/2014:14:00:46 -0500] "GET /pages/437-deltagerliste-og-program-sj%C3%A6lland-11-12-januar-2014 HTTP/1.1" 200 40675 "http://www.pacetest.dk/" "Mozilla/5.0 (X11; Ubuntu; Linux x86_64; rv:25.0) Gecko/20100101 Firefox/25.0"
- - - [10/Jan/2014:14:00:53 -0500] "OPTIONS * HTTP/1.0" 200 - "-" "Apache/2.2.22 (Red Hat Enterprise Web Server) (internal dummy connection)"
94.145.68.182 - - [10/Jan/2014:14:00:55 -0500] "GET /notifications?get=count HTTP/1.1" 200 24 "http://www.pacetest.dk/pages/641-div?layout=edit" "Mozilla/5.0 (Windows NT 6.2; WOW64; rv:26.0) Gecko/20100101 Firefox/26.0"
87.58.241.191 - - [10/Jan/2014:14:01:02 -0500] "GET /notifications?get=count HTTP/1.1" 200 24 "http://www.pacetest.dk/groups/209-ga-nextlevel-sj%C3%A6lland" "Mozilla/5.0 (Macintosh; Intel Mac OS X 10_9_1) AppleWebKit/537.73.11 (KHTML, like Gecko) Version/7.0.1 Safari/537.73.11"
94.145.68.182 - - [10/Jan/2014:14:01:18 -0500] "GET /notifications?get=count HTTP/1.1" 200 24 "http://www.pacetest.dk/pages/437-deltagerliste-og-program-sj%C3%A6lland-11-12-januar-2014?" "Mozilla/5.0 (Windows NT 6.2; WOW64; rv:26.0) Gecko/20100101 Firefox/26.0"
94.145.68.182 - - [10/Jan/2014:14:01:22 -0500] "GET /notifications?get=count HTTP/1.1" 200 24 "http://www.pacetest.dk/pages/437-deltagerliste-og-program-sj%C3%A6lland-11-12-januar-2014" "Mozilla/5.0 (X11; Ubuntu; Linux x86_64; rv:25.0) Gecko/20100101 Firefox/25.0"
94.145.68.182 - - [10/Jan/2014:14:01:25 -0500] "GET /notifications?get=count HTTP/1.1" 200 24 "http://www.pacetest.dk/pages/641-div?layout=edit" "Mozilla/5.0 (Windows NT 6.2; WOW64; rv:26.0) Gecko/20100101 Firefox/26.0"
87.58.241.191 - - [10/Jan/2014:14:01:32 -0500] "GET /notifications?get=count HTTP/1.1" 200 24 "http://www.pacetest.dk/groups/209-ga-nextlevel-sj%C3%A6lland" "Mozilla/5.0 (Macintosh; Intel Mac OS X 10_9_1) AppleWebKit/537.73.11 (KHTML, like Gecko) Version/7.0.1 Safari/537.73.11"
94.145.68.182 - - [10/Jan/2014:14:01:33 -0500] "POST /pages/437-deltagerliste-og-program-sj%C3%A6lland-11-12-januar-2014?cid=683&_action=votecomment&hq9t8y09 HTTP/1.1" 201 89 "http://www.pacetest.dk/pages/437-deltagerliste-og-program-sj%C3%A6lland-11-12-januar-2014" "Mozilla/5.0 (X11; Ubuntu; Linux x86_64; rv:25.0) Gecko/20100101 Firefox/25.0"
94.145.68.182 - - [10/Jan/2014:14:01:35 -0500] "POST /pages/437-deltagerliste-og-program-sj%C3%A6lland-11-12-januar-2014?cid=692&_action=votecomment&hq9t8y0c HTTP/1.1" 201 89 "http://www.pacetest.dk/pages/437-deltagerliste-og-program-sj%C3%A6lland-11-12-januar-2014" "Mozilla/5.0 (X11; Ubuntu; Linux x86_64; rv:25.0) Gecko/20100101 Firefox/25.0"
- - - [10/Jan/2014:14:01:39 -0500] "OPTIONS * HTTP/1.0" 200 - "-" "Apache/2.2.22 (Red Hat Enterprise Web Server) (internal dummy connection)"
94.145.68.182 - - [10/Jan/2014:14:01:41 -0500] "POST /pages/437-deltagerliste-og-program-sj%C3%A6lland-11-12-januar-2014?cid=695&_action=votecomment&hq9t8y0f HTTP/1.1" 201 89 "http://www.pacetest.dk/pages/437-deltagerliste-og-program-sj%C3%A6lland-11-12-januar-2014" "Mozilla/5.0 (X11; Ubuntu; Linux x86_64; rv:25.0) Gecko/20100101 Firefox/25.0"
94.145.68.182 - - [10/Jan/2014:14:01:48 -0500] "GET /notifications?get=count HTTP/1.1" 200 24 "http://www.pacetest.dk/pages/437-deltagerliste-og-program-sj%C3%A6lland-11-12-januar-2014?" "Mozilla/5.0 (Windows NT 6.2; WOW64; rv:26.0) Gecko/20100101 Firefox/26.0"
94.145.68.182 - - [10/Jan/2014:14:01:52 -0500] "GET /notifications?get=count HTTP/1.1" 200 24 "http://www.pacetest.dk/pages/437-deltagerliste-og-program-sj%C3%A6lland-11-12-januar-2014" "Mozilla/5.0 (X11; Ubuntu; Linux x86_64; rv:25.0) Gecko/20100101 Firefox/25.0"
94.145.68.182 - - [10/Jan/2014:14:01:55 -0500] "GET /notifications?get=count HTTP/1.1" 200 24 "http://www.pacetest.dk/pages/641-div?layout=edit" "Mozilla/5.0 (Windows NT 6.2; WOW64; rv:26.0) Gecko/20100101 Firefox/26.0"
87.58.241.191 - - [10/Jan/2014:14:02:02 -0500] "GET /notifications?get=count HTTP/1.1" 200 24 "http://www.pacetest.dk/groups/209-ga-nextlevel-sj%C3%A6lland" "Mozilla/5.0 (Macintosh; Intel Mac OS X 10_9_1) AppleWebKit/537.73.11 (KHTML, like Gecko) Version/7.0.1 Safari/537.73.11"
94.145.68.182 - - [10/Jan/2014:14:02:18 -0500] "GET /notifications?get=count HTTP/1.1" 200 24 "http://www.pacetest.dk/pages/437-deltagerliste-og-program-sj%C3%A6lland-11-12-januar-2014?" "Mozilla/5.0 (Windows NT 6.2; WOW64; rv:26.0) Gecko/20100101 Firefox/26.0"
94.145.68.182 - - [10/Jan/2014:14:02:22 -0500] "GET /notifications?get=count HTTP/1.1" 200 24 "http://www.pacetest.dk/pages/437-deltagerliste-og-program-sj%C3%A6lland-11-12-januar-2014" "Mozilla/5.0 (X11; Ubuntu; Linux x86_64; rv:25.0) Gecko/20100101 Firefox/25.0"
94.145.68.182 - - [10/Jan/2014:14:02:25 -0500] "GET /notifications?get=count HTTP/1.1" 200 24 "http://www.pacetest.dk/pages/641-div?layout=edit" "Mozilla/5.0 (Windows NT 6.2; WOW64; rv:26.0) Gecko/20100101 Firefox/26.0"
87.58.241.191 - - [10/Jan/2014:14:02:32 -0500] "GET /notifications?get=count HTTP/1.1" 200 24 "http://www.pacetest.dk/groups/209-ga-nextlevel-sj%C3%A6lland" "Mozilla/5.0 (Macintosh; Intel Mac OS X 10_9_1) AppleWebKit/537.73.11 (KHTML, like Gecko) Version/7.0.1 Safari/537.73.11"
94.145.68.182 - - [10/Jan/2014:14:02:48 -0500] "GET /notifications?get=count HTTP/1.1" 200 24 "http://www.pacetest.dk/pages/437-deltagerliste-og-program-sj%C3%A6lland-11-12-januar-2014?" "Mozilla/5.0 (Windows NT 6.2; WOW64; rv:26.0) Gecko/20100101 Firefox/26.0"
94.145.68.182 - - [10/Jan/2014:14:02:52 -0500] "GET /notifications?get=count HTTP/1.1" 200 24 "http://www.pacetest.dk/pages/437-deltagerliste-og-program-sj%C3%A6lland-11-12-januar-2014" "Mozilla/5.0 (X11; Ubuntu; Linux x86_64; rv:25.0) Gecko/20100101 Firefox/25.0"
94.145.68.182 - - [10/Jan/2014:14:02:55 -0500] "GET /notifications?get=count HTTP/1.1" 200 24 "http://www.pacetest.dk/pages/641-div?layout=edit" "Mozilla/5.0 (Windows NT 6.2; WOW64; rv:26.0) Gecko/20100101 Firefox/26.0"
87.58.241.191 - - [10/Jan/2014:14:03:02 -0500] "GET /notifications?get=count HTTP/1.1" 200 24 "http://www.pacetest.dk/groups/209-ga-nextlevel-sj%C3%A6lland" "Mozilla/5.0 (Macintosh; Intel Mac OS X 10_9_1) AppleWebKit/537.73.11 (KHTML, like Gecko) Version/7.0.1 Safari/537.73.11"
94.145.68.182 - - [10/Jan/2014:14:03:18 -0500] "GET /notifications?get=count HTTP/1.1" 200 24 "http://www.pacetest.dk/pages/437-deltagerliste-og-program-sj%C3%A6lland-11-12-januar-2014?" "Mozilla/5.0 (Windows NT 6.2; WOW64; rv:26.0) Gecko/20100101 Firefox/26.0"
94.145.68.182 - - [10/Jan/2014:14:03:22 -0500] "GET /notifications?get=count HTTP/1.1" 200 24 "http://www.pacetest.dk/pages/437-deltagerliste-og-program-sj%C3%A6lland-11-12-januar-2014" "Mozilla/5.0 (X11; Ubuntu; Linux x86_64; rv:25.0) Gecko/20100101 Firefox/25.0"
94.145.68.182 - - [10/Jan/2014:14:03:25 -0500] "GET /notifications?get=count HTTP/1.1" 200 24 "http://www.pacetest.dk/pages/641-div?layout=edit" "Mozilla/5.0 (Windows NT 6.2; WOW64; rv:26.0) Gecko/20100101 Firefox/26.0"
87.58.241.191 - - [10/Jan/2014:14:03:32 -0500] "GET /notifications?get=count HTTP/1.1" 200 24 "http://www.pacetest.dk/groups/209-ga-nextlevel-sj%C3%A6lland" "Mozilla/5.0 (Macintosh; Intel Mac OS X 10_9_1) AppleWebKit/537.73.11 (KHTML, like Gecko) Version/7.0.1 Safari/537.73.11"
94.145.68.182 - - [10/Jan/2014:14:03:48 -0500] "GET /notifications?get=count HTTP/1.1" 200 24 "http://www.pacetest.dk/pages/437-deltagerliste-og-program-sj%C3%A6lland-11-12-januar-2014?" "Mozilla/5.0 (Windows NT 6.2; WOW64; rv:26.0) Gecko/20100101 Firefox/26.0"
94.145.68.182 - - [10/Jan/2014:14:03:52 -0500] "GET /notifications?get=count HTTP/1.1" 200 24 "http://www.pacetest.dk/pages/437-deltagerliste-og-program-sj%C3%A6lland-11-12-januar-2014" "Mozilla/5.0 (X11; Ubuntu; Linux x86_64; rv:25.0) Gecko/20100101 Firefox/25.0"
94.145.68.182 - - [10/Jan/2014:14:03:55 -0500] "GET /notifications?get=count HTTP/1.1" 200 24 "http://www.pacetest.dk/pages/641-div?layout=edit" "Mozilla/5.0 (Windows NT 6.2; WOW64; rv:26.0) Gecko/20100101 Firefox/26.0"
87.58.241.191 - - [10/Jan/2014:14:04:02 -0500] "GET /notifications?get=count HTTP/1.1" 200 24 "http://www.pacetest.dk/groups/209-ga-nextlevel-sj%C3%A6lland" "Mozilla/5.0 (Macintosh; Intel Mac OS X 10_9_1) AppleWebKit/537.73.11 (KHTML, like Gecko) Version/7.0.1 Safari/537.73.11"
94.145.68.182 - - [10/Jan/2014:14:04:18 -0500] "GET /notifications?get=count HTTP/1.1" 200 24 "http://www.pacetest.dk/pages/437-deltagerliste-og-program-sj%C3%A6lland-11-12-januar-2014?" "Mozilla/5.0 (Windows NT 6.2; WOW64; rv:26.0) Gecko/20100101 Firefox/26.0"
94.145.68.182 - - [10/Jan/2014:14:04:22 -0500] "GET /notifications?get=count HTTP/1.1" 200 24 "http://www.pacetest.dk/pages/437-deltagerliste-og-program-sj%C3%A6lland-11-12-januar-2014" "Mozilla/5.0 (X11; Ubuntu; Linux x86_64; rv:25.0) Gecko/20100101 Firefox/25.0"
94.145.68.182 - - [10/Jan/2014:14:04:25 -0500] "GET /notifications?get=count HTTP/1.1" 200 24 "http://www.pacetest.dk/pages/641-div?layout=edit" "Mozilla/5.0 (Windows NT 6.2; WOW64; rv:26.0) Gecko/20100101 Firefox/26.0"
87.58.241.191 - - [10/Jan/2014:14:04:32 -0500] "GET /notifications?get=count HTTP/1.1" 200 24 "http://www.pacetest.dk/groups/209-ga-nextlevel-sj%C3%A6lland" "Mozilla/5.0 (Macintosh; Intel Mac OS X 10_9_1) AppleWebKit/537.73.11 (KHTML, like Gecko) Version/7.0.1 Safari/537.73.11"
94.145.68.182 - - [10/Jan/2014:14:04:48 -0500] "GET /notifications?get=count HTTP/1.1" 200 24 "http://www.pacetest.dk/pages/437-deltagerliste-og-program-sj%C3%A6lland-11-12-januar-2014?" "Mozilla/5.0 (Windows NT 6.2; WOW64; rv:26.0) Gecko/20100101 Firefox/26.0"
94.145.68.182 - - [10/Jan/2014:14:04:52 -0500] "GET /notifications?get=count HTTP/1.1" 200 24 "http://www.pacetest.dk/pages/437-deltagerliste-og-program-sj%C3%A6lland-11-12-januar-2014" "Mozilla/5.0 (X11; Ubuntu; Linux x86_64; rv:25.0) Gecko/20100101 Firefox/25.0"
94.145.68.182 - - [10/Jan/2014:14:04:55 -0500] "GET /notifications?get=count HTTP/1.1" 200 24 "http://www.pacetest.dk/pages/641-div?layout=edit" "Mozilla/5.0 (Windows NT 6.2; WOW64; rv:26.0) Gecko/20100101 Firefox/26.0"
87.58.241.191 - - [10/Jan/2014:14:05:02 -0500] "GET /notifications?get=count HTTP/1.1" 200 24 "http://www.pacetest.dk/groups/209-ga-nextlevel-sj%C3%A6lland" "Mozilla/5.0 (Macintosh; Intel Mac OS X 10_9_1) AppleWebKit/537.73.11 (KHTML, like Gecko) Version/7.0.1 Safari/537.73.11"
94.145.68.182 - - [10/Jan/2014:14:05:18 -0500] "GET /notifications?get=count HTTP/1.1" 200 24 "http://www.pacetest.dk/pages/437-deltagerliste-og-program-sj%C3%A6lland-11-12-januar-2014?" "Mozilla/5.0 (Windows NT 6.2; WOW64; rv:26.0) Gecko/20100101 Firefox/26.0"
94.145.68.182 - - [10/Jan/2014:14:05:22 -0500] "GET /notifications?get=count HTTP/1.1" 200 24 "http://www.pacetest.dk/pages/437-deltagerliste-og-program-sj%C3%A6lland-11-12-januar-2014" "Mozilla/5.0 (X11; Ubuntu; Linux x86_64; rv:25.0) Gecko/20100101 Firefox/25.0"
94.145.68.182 - - [10/Jan/2014:14:05:25 -0500] "GET /notifications?get=count HTTP/1.1" 200 24 "http://www.pacetest.dk/pages/641-div?layout=edit" "Mozilla/5.0 (Windows NT 6.2; WOW64; rv:26.0) Gecko/20100101 Firefox/26.0"
87.58.241.191 - - [10/Jan/2014:14:05:32 -0500] "GET /notifications?get=count HTTP/1.1" 200 24 "http://www.pacetest.dk/groups/209-ga-nextlevel-sj%C3%A6lland" "Mozilla/5.0 (Macintosh; Intel Mac OS X 10_9_1) AppleWebKit/537.73.11 (KHTML, like Gecko) Version/7.0.1 Safari/537.73.11"
94.145.68.182 - - [10/Jan/2014:14:05:48 -0500] "GET /notifications?get=count HTTP/1.1" 200 24 "http://www.pacetest.dk/pages/437-deltagerliste-og-program-sj%C3%A6lland-11-12-januar-2014?" "Mozilla/5.0 (Windows NT 6.2; WOW64; rv:26.0) Gecko/20100101 Firefox/26.0"
94.145.68.182 - - [10/Jan/2014:14:05:52 -0500] "GET /notifications?get=count HTTP/1.1" 200 24 "http://www.pacetest.dk/pages/437-deltagerliste-og-program-sj%C3%A6lland-11-12-januar-2014" "Mozilla/5.0 (X11; Ubuntu; Linux x86_64; rv:25.0) Gecko/20100101 Firefox/25.0"
94.145.68.182 - - [10/Jan/2014:14:05:55 -0500] "GET /notifications?get=count HTTP/1.1" 200 24 "http://www.pacetest.dk/pages/641-div?layout=edit" "Mozilla/5.0 (Windows NT 6.2; WOW64; rv:26.0) Gecko/20100101 Firefox/26.0"
87.58.241.191 - - [10/Jan/2014:14:06:02 -0500] "GET /notifications?get=count HTTP/1.1" 200 24 "http://www.pacetest.dk/groups/209-ga-nextlevel-sj%C3%A6lland" "Mozilla/5.0 (Macintosh; Intel Mac OS X 10_9_1) AppleWebKit/537.73.11 (KHTML, like Gecko) Version/7.0.1 Safari/537.73.11"
94.145.68.182 - - [10/Jan/2014:14:06:18 -0500] "GET /notifications?get=count HTTP/1.1" 200 24 "http://www.pacetest.dk/pages/437-deltagerliste-og-program-sj%C3%A6lland-11-12-januar-2014?" "Mozilla/5.0 (Windows NT 6.2; WOW64; rv:26.0) Gecko/20100101 Firefox/26.0"
94.145.68.182 - - [10/Jan/2014:14:06:22 -0500] "GET /notifications?get=count HTTP/1.1" 200 24 "http://www.pacetest.dk/pages/437-deltagerliste-og-program-sj%C3%A6lland-11-12-januar-2014" "Mozilla/5.0 (X11; Ubuntu; Linux x86_64; rv:25.0) Gecko/20100101 Firefox/25.0"
94.145.68.182 - - [10/Jan/2014:14:06:25 -0500] "GET /notifications?get=count HTTP/1.1" 200 24 "http://www.pacetest.dk/pages/641-div?layout=edit" "Mozilla/5.0 (Windows NT 6.2; WOW64; rv:26.0) Gecko/20100101 Firefox/26.0"
87.58.241.191 - - [10/Jan/2014:14:06:32 -0500] "GET /notifications?get=count HTTP/1.1" 200 24 "http://www.pacetest.dk/groups/209-ga-nextlevel-sj%C3%A6lland" "Mozilla/5.0 (Macintosh; Intel Mac OS X 10_9_1) AppleWebKit/537.73.11 (KHTML, like Gecko) Version/7.0.1 Safari/537.73.11"
94.145.68.182 - - [10/Jan/2014:14:06:48 -0500] "GET /notifications?get=count HTTP/1.1" 200 24 "http://www.pacetest.dk/pages/437-deltagerliste-og-program-sj%C3%A6lland-11-12-januar-2014?" "Mozilla/5.0 (Windows NT 6.2; WOW64; rv:26.0) Gecko/20100101 Firefox/26.0"
94.145.68.182 - - [10/Jan/2014:14:06:52 -0500] "GET /notifications?get=count HTTP/1.1" 200 24 "http://www.pacetest.dk/pages/437-deltagerliste-og-program-sj%C3%A6lland-11-12-januar-2014" "Mozilla/5.0 (X11; Ubuntu; Linux x86_64; rv:25.0) Gecko/20100101 Firefox/25.0"
94.145.68.182 - - [10/Jan/2014:14:06:55 -0500] "GET /notifications?get=count HTTP/1.1" 200 24 "http://www.pacetest.dk/pages/641-div?layout=edit" "Mozilla/5.0 (Windows NT 6.2; WOW64; rv:26.0) Gecko/20100101 Firefox/26.0"
- - - [10/Jan/2014:14:06:57 -0500] "OPTIONS * HTTP/1.0" 200 - "-" "Apache/2.2.22 (Red Hat Enterprise Web Server) (internal dummy connection)"
87.58.241.191 - - [10/Jan/2014:14:07:02 -0500] "GET /notifications?get=count HTTP/1.1" 200 24 "http://www.pacetest.dk/groups/209-ga-nextlevel-sj%C3%A6lland" "Mozilla/5.0 (Macintosh; Intel Mac OS X 10_9_1) AppleWebKit/537.73.11 (KHTML, like Gecko) Version/7.0.1 Safari/537.73.11"
94.145.68.182 - - [10/Jan/2014:14:07:18 -0500] "GET /notifications?get=count HTTP/1.1" 200 24 "http://www.pacetest.dk/pages/437-deltagerliste-og-program-sj%C3%A6lland-11-12-januar-2014?" "Mozilla/5.0 (Windows NT 6.2; WOW64; rv:26.0) Gecko/20100101 Firefox/26.0"
94.145.68.182 - - [10/Jan/2014:14:07:22 -0500] "GET /notifications?get=count HTTP/1.1" 200 24 "http://www.pacetest.dk/pages/437-deltagerliste-og-program-sj%C3%A6lland-11-12-januar-2014" "Mozilla/5.0 (X11; Ubuntu; Linux x86_64; rv:25.0) Gecko/20100101 Firefox/25.0"
94.145.68.182 - - [10/Jan/2014:14:07:25 -0500] "GET /notifications?get=count HTTP/1.1" 200 24 "http://www.pacetest.dk/pages/641-div?layout=edit" "Mozilla/5.0 (Windows NT 6.2; WOW64; rv:26.0) Gecko/20100101 Firefox/26.0"
87.58.241.191 - - [10/Jan/2014:14:07:32 -0500] "GET /notifications?get=count HTTP/1.1" 200 24 "http://www.pacetest.dk/groups/209-ga-nextlevel-sj%C3%A6lland" "Mozilla/5.0 (Macintosh; Intel Mac OS X 10_9_1) AppleWebKit/537.73.11 (KHTML, like Gecko) Version/7.0.1 Safari/537.73.11"
94.145.68.182 - - [10/Jan/2014:14:07:48 -0500] "GET /notifications?get=count HTTP/1.1" 200 24 "http://www.pacetest.dk/pages/437-deltagerliste-og-program-sj%C3%A6lland-11-12-januar-2014?" "Mozilla/5.0 (Windows NT 6.2; WOW64; rv:26.0) Gecko/20100101 Firefox/26.0"
94.145.68.182 - - [10/Jan/2014:14:07:52 -0500] "GET /notifications?get=count HTTP/1.1" 200 24 "http://www.pacetest.dk/pages/437-deltagerliste-og-program-sj%C3%A6lland-11-12-januar-2014" "Mozilla/5.0 (X11; Ubuntu; Linux x86_64; rv:25.0) Gecko/20100101 Firefox/25.0"
94.145.68.182 - - [10/Jan/2014:14:07:55 -0500] "GET /notifications?get=count HTTP/1.1" 200 24 "http://www.pacetest.dk/pages/641-div?layout=edit" "Mozilla/5.0 (Windows NT 6.2; WOW64; rv:26.0) Gecko/20100101 Firefox/26.0"
87.58.241.191 - - [10/Jan/2014:14:08:02 -0500] "GET /notifications?get=count HTTP/1.1" 200 24 "http://www.pacetest.dk/groups/209-ga-nextlevel-sj%C3%A6lland" "Mozilla/5.0 (Macintosh; Intel Mac OS X 10_9_1) AppleWebKit/537.73.11 (KHTML, like Gecko) Version/7.0.1 Safari/537.73.11"
94.145.68.182 - - [10/Jan/2014:14:08:18 -0500] "GET /notifications?get=count HTTP/1.1" 200 24 "http://www.pacetest.dk/pages/437-deltagerliste-og-program-sj%C3%A6lland-11-12-januar-2014?" "Mozilla/5.0 (Windows NT 6.2; WOW64; rv:26.0) Gecko/20100101 Firefox/26.0"
94.145.68.182 - - [10/Jan/2014:14:08:22 -0500] "GET /notifications?get=count HTTP/1.1" 200 24 "http://www.pacetest.dk/pages/437-deltagerliste-og-program-sj%C3%A6lland-11-12-januar-2014" "Mozilla/5.0 (X11; Ubuntu; Linux x86_64; rv:25.0) Gecko/20100101 Firefox/25.0"
94.145.68.182 - - [10/Jan/2014:14:08:25 -0500] "GET /notifications?get=count HTTP/1.1" 200 24 "http://www.pacetest.dk/pages/641-div?layout=edit" "Mozilla/5.0 (Windows NT 6.2; WOW64; rv:26.0) Gecko/20100101 Firefox/26.0"
87.58.241.191 - - [10/Jan/2014:14:08:32 -0500] "GET /notifications?get=count HTTP/1.1" 200 24 "http://www.pacetest.dk/groups/209-ga-nextlevel-sj%C3%A6lland" "Mozilla/5.0 (Macintosh; Intel Mac OS X 10_9_1) AppleWebKit/537.73.11 (KHTML, like Gecko) Version/7.0.1 Safari/537.73.11"
94.145.68.182 - - [10/Jan/2014:14:08:48 -0500] "GET /notifications?get=count HTTP/1.1" 200 24 "http://www.pacetest.dk/pages/437-deltagerliste-og-program-sj%C3%A6lland-11-12-januar-2014?" "Mozilla/5.0 (Windows NT 6.2; WOW64; rv:26.0) Gecko/20100101 Firefox/26.0"
94.145.68.182 - - [10/Jan/2014:14:08:52 -0500] "GET /notifications?get=count HTTP/1.1" 200 24 "http://www.pacetest.dk/pages/437-deltagerliste-og-program-sj%C3%A6lland-11-12-januar-2014" "Mozilla/5.0 (X11; Ubuntu; Linux x86_64; rv:25.0) Gecko/20100101 Firefox/25.0"
94.145.68.182 - - [10/Jan/2014:14:08:55 -0500] "GET /notifications?get=count HTTP/1.1" 200 24 "http://www.pacetest.dk/pages/641-div?layout=edit" "Mozilla/5.0 (Windows NT 6.2; WOW64; rv:26.0) Gecko/20100101 Firefox/26.0"
87.58.241.191 - - [10/Jan/2014:14:09:02 -0500] "GET /notifications?get=count HTTP/1.1" 200 24 "http://www.pacetest.dk/groups/209-ga-nextlevel-sj%C3%A6lland" "Mozilla/5.0 (Macintosh; Intel Mac OS X 10_9_1) AppleWebKit/537.73.11 (KHTML, like Gecko) Version/7.0.1 Safari/537.73.11"
94.145.68.182 - - [10/Jan/2014:14:09:18 -0500] "GET /notifications?get=count HTTP/1.1" 200 24 "http://www.pacetest.dk/pages/437-deltagerliste-og-program-sj%C3%A6lland-11-12-januar-2014?" "Mozilla/5.0 (Windows NT 6.2; WOW64; rv:26.0) Gecko/20100101 Firefox/26.0"
94.145.68.182 - - [10/Jan/2014:14:09:22 -0500] "GET /notifications?get=count HTTP/1.1" 200 24 "http://www.pacetest.dk/pages/437-deltagerliste-og-program-sj%C3%A6lland-11-12-januar-2014" "Mozilla/5.0 (X11; Ubuntu; Linux x86_64; rv:25.0) Gecko/20100101 Firefox/25.0"
94.145.68.182 - - [10/Jan/2014:14:09:25 -0500] "GET /notifications?get=count HTTP/1.1" 200 24 "http://www.pacetest.dk/pages/641-div?layout=edit" "Mozilla/5.0 (Windows NT 6.2; WOW64; rv:26.0) Gecko/20100101 Firefox/26.0"
87.58.241.191 - - [10/Jan/2014:14:09:32 -0500] "GET /notifications?get=count HTTP/1.1" 200 24 "http://www.pacetest.dk/groups/209-ga-nextlevel-sj%C3%A6lland" "Mozilla/5.0 (Macintosh; Intel Mac OS X 10_9_1) AppleWebKit/537.73.11 (KHTML, like Gecko) Version/7.0.1 Safari/537.73.11"
94.145.68.182 - - [10/Jan/2014:14:09:48 -0500] "GET /notifications?get=count HTTP/1.1" 200 24 "http://www.pacetest.dk/pages/437-deltagerliste-og-program-sj%C3%A6lland-11-12-januar-2014?" "Mozilla/5.0 (Windows NT 6.2; WOW64; rv:26.0) Gecko/20100101 Firefox/26.0"
94.145.68.182 - - [10/Jan/2014:14:09:52 -0500] "GET /notifications?get=count HTTP/1.1" 200 24 "http://www.pacetest.dk/pages/437-deltagerliste-og-program-sj%C3%A6lland-11-12-januar-2014" "Mozilla/5.0 (X11; Ubuntu; Linux x86_64; rv:25.0) Gecko/20100101 Firefox/25.0"
94.145.68.182 - - [10/Jan/2014:14:09:55 -0500] "GET /notifications?get=count HTTP/1.1" 200 24 "http://www.pacetest.dk/pages/641-div?layout=edit" "Mozilla/5.0 (Windows NT 6.2; WOW64; rv:26.0) Gecko/20100101 Firefox/26.0"
87.58.241.191 - - [10/Jan/2014:14:10:02 -0500] "GET /notifications?get=count HTTP/1.1" 200 24 "http://www.pacetest.dk/groups/209-ga-nextlevel-sj%C3%A6lland" "Mozilla/5.0 (Macintosh; Intel Mac OS X 10_9_1) AppleWebKit/537.73.11 (KHTML, like Gecko) Version/7.0.1 Safari/537.73.11"
10.110.62.41 - - [10/Jan/2014:14:10:18 -0500] "GET / HTTP/1.1" 200 7852 "-" "Ruby"
94.145.68.182 - - [10/Jan/2014:14:10:18 -0500] "GET /notifications?get=count HTTP/1.1" 200 24 "http://www.pacetest.dk/pages/437-deltagerliste-og-program-sj%C3%A6lland-11-12-januar-2014?" "Mozilla/5.0 (Windows NT 6.2; WOW64; rv:26.0) Gecko/20100101 Firefox/26.0"
10.110.62.41 - - [10/Jan/2014:14:10:21 -0500] "GET / HTTP/1.1" 200 7855 "-" "Ruby"
94.145.68.182 - - [10/Jan/2014:14:10:22 -0500] "GET /notifications?get=count HTTP/1.1" 200 24 "http://www.pacetest.dk/pages/437-deltagerliste-og-program-sj%C3%A6lland-11-12-januar-2014" "Mozilla/5.0 (X11; Ubuntu; Linux x86_64; rv:25.0) Gecko/20100101 Firefox/25.0"
- - - [10/Jan/2014:14:10:25 -0500] "OPTIONS * HTTP/1.0" 200 - "-" "Apache/2.2.22 (Red Hat Enterprise Web Server) (internal dummy connection)"
94.145.68.182 - - [10/Jan/2014:14:10:25 -0500] "GET /notifications?get=count HTTP/1.1" 200 24 "http://www.pacetest.dk/pages/641-div?layout=edit" "Mozilla/5.0 (Windows NT 6.2; WOW64; rv:26.0) Gecko/20100101 Firefox/26.0"
87.58.241.191 - - [10/Jan/2014:14:10:32 -0500] "GET /notifications?get=count HTTP/1.1" 200 24 "http://www.pacetest.dk/groups/209-ga-nextlevel-sj%C3%A6lland" "Mozilla/5.0 (Macintosh; Intel Mac OS X 10_9_1) AppleWebKit/537.73.11 (KHTML, like Gecko) Version/7.0.1 Safari/537.73.11"
94.145.68.182 - - [10/Jan/2014:14:10:48 -0500] "GET /notifications?get=count HTTP/1.1" 200 24 "http://www.pacetest.dk/pages/437-deltagerliste-og-program-sj%C3%A6lland-11-12-januar-2014?" "Mozilla/5.0 (Windows NT 6.2; WOW64; rv:26.0) Gecko/20100101 Firefox/26.0"
94.145.68.182 - - [10/Jan/2014:14:10:52 -0500] "GET /notifications?get=count HTTP/1.1" 200 24 "http://www.pacetest.dk/pages/437-deltagerliste-og-program-sj%C3%A6lland-11-12-januar-2014" "Mozilla/5.0 (X11; Ubuntu; Linux x86_64; rv:25.0) Gecko/20100101 Firefox/25.0"
94.145.68.182 - - [10/Jan/2014:14:10:55 -0500] "GET /notifications?get=count HTTP/1.1" 200 24 "http://www.pacetest.dk/pages/641-div?layout=edit" "Mozilla/5.0 (Windows NT 6.2; WOW64; rv:26.0) Gecko/20100101 Firefox/26.0"
87.58.241.191 - - [10/Jan/2014:14:11:02 -0500] "GET /notifications?get=count HTTP/1.1" 200 24 "http://www.pacetest.dk/groups/209-ga-nextlevel-sj%C3%A6lland" "Mozilla/5.0 (Macintosh; Intel Mac OS X 10_9_1) AppleWebKit/537.73.11 (KHTML, like Gecko) Version/7.0.1 Safari/537.73.11"
94.145.68.182 - - [10/Jan/2014:14:11:18 -0500] "GET /notifications?get=count HTTP/1.1" 200 24 "http://www.pacetest.dk/pages/437-deltagerliste-og-program-sj%C3%A6lland-11-12-januar-2014?" "Mozilla/5.0 (Windows NT 6.2; WOW64; rv:26.0) Gecko/20100101 Firefox/26.0"
94.145.68.182 - - [10/Jan/2014:14:11:22 -0500] "GET /notifications?get=count HTTP/1.1" 200 24 "http://www.pacetest.dk/pages/437-deltagerliste-og-program-sj%C3%A6lland-11-12-januar-2014" "Mozilla/5.0 (X11; Ubuntu; Linux x86_64; rv:25.0) Gecko/20100101 Firefox/25.0"
94.145.68.182 - - [10/Jan/2014:14:11:25 -0500] "GET /notifications?get=count HTTP/1.1" 200 24 "http://www.pacetest.dk/pages/641-div?layout=edit" "Mozilla/5.0 (Windows NT 6.2; WOW64; rv:26.0) Gecko/20100101 Firefox/26.0"
87.58.241.191 - - [10/Jan/2014:14:11:32 -0500] "GET /notifications?get=count HTTP/1.1" 200 24 "http://www.pacetest.dk/groups/209-ga-nextlevel-sj%C3%A6lland" "Mozilla/5.0 (Macintosh; Intel Mac OS X 10_9_1) AppleWebKit/537.73.11 (KHTML, like Gecko) Version/7.0.1 Safari/537.73.11"
94.145.68.182 - - [10/Jan/2014:14:11:48 -0500] "GET /notifications?get=count HTTP/1.1" 200 24 "http://www.pacetest.dk/pages/437-deltagerliste-og-program-sj%C3%A6lland-11-12-januar-2014?" "Mozilla/5.0 (Windows NT 6.2; WOW64; rv:26.0) Gecko/20100101 Firefox/26.0"
94.145.68.182 - - [10/Jan/2014:14:11:52 -0500] "GET /notifications?get=count HTTP/1.1" 200 24 "http://www.pacetest.dk/pages/437-deltagerliste-og-program-sj%C3%A6lland-11-12-januar-2014" "Mozilla/5.0 (X11; Ubuntu; Linux x86_64; rv:25.0) Gecko/20100101 Firefox/25.0"
94.145.68.182 - - [10/Jan/2014:14:11:55 -0500] "GET /notifications?get=count HTTP/1.1" 200 24 "http://www.pacetest.dk/pages/641-div?layout=edit" "Mozilla/5.0 (Windows NT 6.2; WOW64; rv:26.0) Gecko/20100101 Firefox/26.0"
87.58.241.191 - - [10/Jan/2014:14:12:02 -0500] "GET /notifications?get=count HTTP/1.1" 200 24 "http://www.pacetest.dk/groups/209-ga-nextlevel-sj%C3%A6lland" "Mozilla/5.0 (Macintosh; Intel Mac OS X 10_9_1) AppleWebKit/537.73.11 (KHTML, like Gecko) Version/7.0.1 Safari/537.73.11"
94.145.68.182 - - [10/Jan/2014:14:12:18 -0500] "GET /notifications?get=count HTTP/1.1" 200 24 "http://www.pacetest.dk/pages/437-deltagerliste-og-program-sj%C3%A6lland-11-12-januar-2014?" "Mozilla/5.0 (Windows NT 6.2; WOW64; rv:26.0) Gecko/20100101 Firefox/26.0"
94.145.68.182 - - [10/Jan/2014:14:12:22 -0500] "GET /notifications?get=count HTTP/1.1" 200 24 "http://www.pacetest.dk/pages/437-deltagerliste-og-program-sj%C3%A6lland-11-12-januar-2014" "Mozilla/5.0 (X11; Ubuntu; Linux x86_64; rv:25.0) Gecko/20100101 Firefox/25.0"
94.145.68.182 - - [10/Jan/2014:14:12:25 -0500] "GET /notifications?get=count HTTP/1.1" 200 24 "http://www.pacetest.dk/pages/641-div?layout=edit" "Mozilla/5.0 (Windows NT 6.2; WOW64; rv:26.0) Gecko/20100101 Firefox/26.0"
87.58.241.191 - - [10/Jan/2014:14:12:32 -0500] "GET /notifications?get=count HTTP/1.1" 200 24 "http://www.pacetest.dk/groups/209-ga-nextlevel-sj%C3%A6lland" "Mozilla/5.0 (Macintosh; Intel Mac OS X 10_9_1) AppleWebKit/537.73.11 (KHTML, like Gecko) Version/7.0.1 Safari/537.73.11"
94.145.68.182 - - [10/Jan/2014:14:12:48 -0500] "GET /notifications?get=count HTTP/1.1" 200 24 "http://www.pacetest.dk/pages/437-deltagerliste-og-program-sj%C3%A6lland-11-12-januar-2014?" "Mozilla/5.0 (Windows NT 6.2; WOW64; rv:26.0) Gecko/20100101 Firefox/26.0"
94.145.68.182 - - [10/Jan/2014:14:12:52 -0500] "GET /notifications?get=count HTTP/1.1" 200 24 "http://www.pacetest.dk/pages/437-deltagerliste-og-program-sj%C3%A6lland-11-12-januar-2014" "Mozilla/5.0 (X11; Ubuntu; Linux x86_64; rv:25.0) Gecko/20100101 Firefox/25.0"
94.145.68.182 - - [10/Jan/2014:14:12:55 -0500] "GET /notifications?get=count HTTP/1.1" 200 24 "http://www.pacetest.dk/pages/641-div?layout=edit" "Mozilla/5.0 (Windows NT 6.2; WOW64; rv:26.0) Gecko/20100101 Firefox/26.0"
87.58.241.191 - - [10/Jan/2014:14:13:02 -0500] "GET /notifications?get=count HTTP/1.1" 200 24 "http://www.pacetest.dk/groups/209-ga-nextlevel-sj%C3%A6lland" "Mozilla/5.0 (Macintosh; Intel Mac OS X 10_9_1) AppleWebKit/537.73.11 (KHTML, like Gecko) Version/7.0.1 Safari/537.73.11"
94.145.68.182 - - [10/Jan/2014:14:13:18 -0500] "GET /notifications?get=count HTTP/1.1" 200 24 "http://www.pacetest.dk/pages/437-deltagerliste-og-program-sj%C3%A6lland-11-12-januar-2014?" "Mozilla/5.0 (Windows NT 6.2; WOW64; rv:26.0) Gecko/20100101 Firefox/26.0"
94.145.68.182 - - [10/Jan/2014:14:13:22 -0500] "GET /notifications?get=count HTTP/1.1" 200 24 "http://www.pacetest.dk/pages/437-deltagerliste-og-program-sj%C3%A6lland-11-12-januar-2014" "Mozilla/5.0 (X11; Ubuntu; Linux x86_64; rv:25.0) Gecko/20100101 Firefox/25.0"
94.145.68.182 - - [10/Jan/2014:14:13:25 -0500] "GET /notifications?get=count HTTP/1.1" 200 24 "http://www.pacetest.dk/pages/641-div?layout=edit" "Mozilla/5.0 (Windows NT 6.2; WOW64; rv:26.0) Gecko/20100101 Firefox/26.0"
87.58.241.191 - - [10/Jan/2014:14:13:32 -0500] "GET /notifications?get=count HTTP/1.1" 200 24 "http://www.pacetest.dk/groups/209-ga-nextlevel-sj%C3%A6lland" "Mozilla/5.0 (Macintosh; Intel Mac OS X 10_9_1) AppleWebKit/537.73.11 (KHTML, like Gecko) Version/7.0.1 Safari/537.73.11"
94.145.68.182 - - [10/Jan/2014:14:13:48 -0500] "GET /notifications?get=count HTTP/1.1" 200 24 "http://www.pacetest.dk/pages/437-deltagerliste-og-program-sj%C3%A6lland-11-12-januar-2014?" "Mozilla/5.0 (Windows NT 6.2; WOW64; rv:26.0) Gecko/20100101 Firefox/26.0"
94.145.68.182 - - [10/Jan/2014:14:13:52 -0500] "GET /notifications?get=count HTTP/1.1" 200 24 "http://www.pacetest.dk/pages/437-deltagerliste-og-program-sj%C3%A6lland-11-12-januar-2014" "Mozilla/5.0 (X11; Ubuntu; Linux x86_64; rv:25.0) Gecko/20100101 Firefox/25.0"
94.145.68.182 - - [10/Jan/2014:14:13:55 -0500] "GET /notifications?get=count HTTP/1.1" 200 24 "http://www.pacetest.dk/pages/641-div?layout=edit" "Mozilla/5.0 (Windows NT 6.2; WOW64; rv:26.0) Gecko/20100101 Firefox/26.0"
87.58.241.191 - - [10/Jan/2014:14:14:02 -0500] "GET /notifications?get=count HTTP/1.1" 200 24 "http://www.pacetest.dk/groups/209-ga-nextlevel-sj%C3%A6lland" "Mozilla/5.0 (Macintosh; Intel Mac OS X 10_9_1) AppleWebKit/537.73.11 (KHTML, like Gecko) Version/7.0.1 Safari/537.73.11"
94.145.68.182 - - [10/Jan/2014:14:14:18 -0500] "GET /notifications?get=count HTTP/1.1" 200 24 "http://www.pacetest.dk/pages/437-deltagerliste-og-program-sj%C3%A6lland-11-12-januar-2014?" "Mozilla/5.0 (Windows NT 6.2; WOW64; rv:26.0) Gecko/20100101 Firefox/26.0"
94.145.68.182 - - [10/Jan/2014:14:14:22 -0500] "GET /notifications?get=count HTTP/1.1" 200 24 "http://www.pacetest.dk/pages/437-deltagerliste-og-program-sj%C3%A6lland-11-12-januar-2014" "Mozilla/5.0 (X11; Ubuntu; Linux x86_64; rv:25.0) Gecko/20100101 Firefox/25.0"
94.145.68.182 - - [10/Jan/2014:14:14:25 -0500] "GET /notifications?get=count HTTP/1.1" 200 24 "http://www.pacetest.dk/pages/641-div?layout=edit" "Mozilla/5.0 (Windows NT 6.2; WOW64; rv:26.0) Gecko/20100101 Firefox/26.0"
