94.145.68.182 - - [04/Jan/2014:12:09:45 -0500] "GET /index.php/notifications?get=count HTTP/1.1" 200 24 "http://www.pacetest.dk/index.php/pages/439-deltagerliste-jylland-17-18-19-januar-2014" "Mozilla/5.0 (X11; Ubuntu; Linux x86_64; rv:25.0) Gecko/20100101 Firefox/25.0"
94.145.68.182 - - [04/Jan/2014:12:10:15 -0500] "GET /index.php/notifications?get=count HTTP/1.1" 200 24 "http://www.pacetest.dk/index.php/pages/439-deltagerliste-jylland-17-18-19-januar-2014" "Mozilla/5.0 (X11; Ubuntu; Linux x86_64; rv:25.0) Gecko/20100101 Firefox/25.0"
10.110.62.41 - - [04/Jan/2014:12:10:17 -0500] "GET / HTTP/1.1" 200 7906 "-" "Ruby"
10.110.62.41 - - [04/Jan/2014:12:10:18 -0500] "GET / HTTP/1.1" 200 7909 "-" "Ruby"
94.145.68.182 - - [04/Jan/2014:12:10:45 -0500] "GET /index.php/notifications?get=count HTTP/1.1" 200 24 "http://www.pacetest.dk/index.php/pages/439-deltagerliste-jylland-17-18-19-januar-2014" "Mozilla/5.0 (X11; Ubuntu; Linux x86_64; rv:25.0) Gecko/20100101 Firefox/25.0"
94.145.68.182 - - [04/Jan/2014:12:11:15 -0500] "GET /index.php/notifications?get=count HTTP/1.1" 200 24 "http://www.pacetest.dk/index.php/pages/439-deltagerliste-jylland-17-18-19-januar-2014" "Mozilla/5.0 (X11; Ubuntu; Linux x86_64; rv:25.0) Gecko/20100101 Firefox/25.0"
94.145.68.182 - - [04/Jan/2014:12:11:45 -0500] "GET /index.php/notifications?get=count HTTP/1.1" 200 24 "http://www.pacetest.dk/index.php/pages/439-deltagerliste-jylland-17-18-19-januar-2014" "Mozilla/5.0 (X11; Ubuntu; Linux x86_64; rv:25.0) Gecko/20100101 Firefox/25.0"
94.145.68.182 - - [04/Jan/2014:12:12:15 -0500] "GET /index.php/notifications?get=count HTTP/1.1" 200 24 "http://www.pacetest.dk/index.php/pages/439-deltagerliste-jylland-17-18-19-januar-2014" "Mozilla/5.0 (X11; Ubuntu; Linux x86_64; rv:25.0) Gecko/20100101 Firefox/25.0"
94.145.68.182 - - [04/Jan/2014:12:12:45 -0500] "GET /index.php/notifications?get=count HTTP/1.1" 200 24 "http://www.pacetest.dk/index.php/pages/439-deltagerliste-jylland-17-18-19-januar-2014" "Mozilla/5.0 (X11; Ubuntu; Linux x86_64; rv:25.0) Gecko/20100101 Firefox/25.0"
94.145.68.182 - - [04/Jan/2014:12:13:15 -0500] "GET /index.php/notifications?get=count HTTP/1.1" 200 24 "http://www.pacetest.dk/index.php/pages/439-deltagerliste-jylland-17-18-19-januar-2014" "Mozilla/5.0 (X11; Ubuntu; Linux x86_64; rv:25.0) Gecko/20100101 Firefox/25.0"
94.145.68.182 - - [04/Jan/2014:12:13:45 -0500] "GET /index.php/notifications?get=count HTTP/1.1" 200 24 "http://www.pacetest.dk/index.php/pages/439-deltagerliste-jylland-17-18-19-januar-2014" "Mozilla/5.0 (X11; Ubuntu; Linux x86_64; rv:25.0) Gecko/20100101 Firefox/25.0"
94.145.68.182 - - [04/Jan/2014:12:14:15 -0500] "GET /index.php/notifications?get=count HTTP/1.1" 200 24 "http://www.pacetest.dk/index.php/pages/439-deltagerliste-jylland-17-18-19-januar-2014" "Mozilla/5.0 (X11; Ubuntu; Linux x86_64; rv:25.0) Gecko/20100101 Firefox/25.0"
94.145.68.182 - - [04/Jan/2014:12:14:45 -0500] "GET /index.php/notifications?get=count HTTP/1.1" 200 24 "http://www.pacetest.dk/index.php/pages/439-deltagerliste-jylland-17-18-19-januar-2014" "Mozilla/5.0 (X11; Ubuntu; Linux x86_64; rv:25.0) Gecko/20100101 Firefox/25.0"
94.145.68.182 - - [04/Jan/2014:12:15:15 -0500] "GET /index.php/notifications?get=count HTTP/1.1" 200 24 "http://www.pacetest.dk/index.php/pages/439-deltagerliste-jylland-17-18-19-januar-2014" "Mozilla/5.0 (X11; Ubuntu; Linux x86_64; rv:25.0) Gecko/20100101 Firefox/25.0"
94.145.68.182 - - [04/Jan/2014:12:15:45 -0500] "GET /index.php/notifications?get=count HTTP/1.1" 200 24 "http://www.pacetest.dk/index.php/pages/439-deltagerliste-jylland-17-18-19-januar-2014" "Mozilla/5.0 (X11; Ubuntu; Linux x86_64; rv:25.0) Gecko/20100101 Firefox/25.0"
94.145.68.182 - - [04/Jan/2014:12:16:15 -0500] "GET /index.php/notifications?get=count HTTP/1.1" 200 24 "http://www.pacetest.dk/index.php/pages/439-deltagerliste-jylland-17-18-19-januar-2014" "Mozilla/5.0 (X11; Ubuntu; Linux x86_64; rv:25.0) Gecko/20100101 Firefox/25.0"
94.145.68.182 - - [04/Jan/2014:12:16:45 -0500] "GET /index.php/notifications?get=count HTTP/1.1" 200 24 "http://www.pacetest.dk/index.php/pages/439-deltagerliste-jylland-17-18-19-januar-2014" "Mozilla/5.0 (X11; Ubuntu; Linux x86_64; rv:25.0) Gecko/20100101 Firefox/25.0"
94.145.68.182 - - [04/Jan/2014:12:17:15 -0500] "GET /index.php/notifications?get=count HTTP/1.1" 200 24 "http://www.pacetest.dk/index.php/pages/439-deltagerliste-jylland-17-18-19-januar-2014" "Mozilla/5.0 (X11; Ubuntu; Linux x86_64; rv:25.0) Gecko/20100101 Firefox/25.0"
94.145.68.182 - - [04/Jan/2014:12:17:45 -0500] "GET /index.php/notifications?get=count HTTP/1.1" 200 24 "http://www.pacetest.dk/index.php/pages/439-deltagerliste-jylland-17-18-19-januar-2014" "Mozilla/5.0 (X11; Ubuntu; Linux x86_64; rv:25.0) Gecko/20100101 Firefox/25.0"
94.145.68.182 - - [04/Jan/2014:12:18:15 -0500] "GET /index.php/notifications?get=count HTTP/1.1" 200 24 "http://www.pacetest.dk/index.php/pages/439-deltagerliste-jylland-17-18-19-januar-2014" "Mozilla/5.0 (X11; Ubuntu; Linux x86_64; rv:25.0) Gecko/20100101 Firefox/25.0"
94.145.68.182 - - [04/Jan/2014:12:18:45 -0500] "GET /index.php/notifications?get=count HTTP/1.1" 200 24 "http://www.pacetest.dk/index.php/pages/439-deltagerliste-jylland-17-18-19-januar-2014" "Mozilla/5.0 (X11; Ubuntu; Linux x86_64; rv:25.0) Gecko/20100101 Firefox/25.0"
94.145.68.182 - - [04/Jan/2014:12:19:15 -0500] "GET /index.php/notifications?get=count HTTP/1.1" 200 24 "http://www.pacetest.dk/index.php/pages/439-deltagerliste-jylland-17-18-19-januar-2014" "Mozilla/5.0 (X11; Ubuntu; Linux x86_64; rv:25.0) Gecko/20100101 Firefox/25.0"
94.145.68.182 - - [04/Jan/2014:12:19:45 -0500] "GET /index.php/notifications?get=count HTTP/1.1" 200 24 "http://www.pacetest.dk/index.php/pages/439-deltagerliste-jylland-17-18-19-januar-2014" "Mozilla/5.0 (X11; Ubuntu; Linux x86_64; rv:25.0) Gecko/20100101 Firefox/25.0"
94.145.68.182 - - [04/Jan/2014:12:20:15 -0500] "GET /index.php/notifications?get=count HTTP/1.1" 200 24 "http://www.pacetest.dk/index.php/pages/439-deltagerliste-jylland-17-18-19-januar-2014" "Mozilla/5.0 (X11; Ubuntu; Linux x86_64; rv:25.0) Gecko/20100101 Firefox/25.0"
94.145.68.182 - - [04/Jan/2014:12:20:45 -0500] "GET /index.php/notifications?get=count HTTP/1.1" 200 24 "http://www.pacetest.dk/index.php/pages/439-deltagerliste-jylland-17-18-19-januar-2014" "Mozilla/5.0 (X11; Ubuntu; Linux x86_64; rv:25.0) Gecko/20100101 Firefox/25.0"
94.145.68.182 - - [04/Jan/2014:12:21:15 -0500] "GET /index.php/notifications?get=count HTTP/1.1" 200 24 "http://www.pacetest.dk/index.php/pages/439-deltagerliste-jylland-17-18-19-januar-2014" "Mozilla/5.0 (X11; Ubuntu; Linux x86_64; rv:25.0) Gecko/20100101 Firefox/25.0"
94.145.68.182 - - [04/Jan/2014:12:21:45 -0500] "GET /index.php/notifications?get=count HTTP/1.1" 200 24 "http://www.pacetest.dk/index.php/pages/439-deltagerliste-jylland-17-18-19-januar-2014" "Mozilla/5.0 (X11; Ubuntu; Linux x86_64; rv:25.0) Gecko/20100101 Firefox/25.0"
94.145.68.182 - - [04/Jan/2014:12:22:15 -0500] "GET /index.php/notifications?get=count HTTP/1.1" 200 24 "http://www.pacetest.dk/index.php/pages/439-deltagerliste-jylland-17-18-19-januar-2014" "Mozilla/5.0 (X11; Ubuntu; Linux x86_64; rv:25.0) Gecko/20100101 Firefox/25.0"
94.145.68.182 - - [04/Jan/2014:12:22:45 -0500] "GET /index.php/notifications?get=count HTTP/1.1" 200 24 "http://www.pacetest.dk/index.php/pages/439-deltagerliste-jylland-17-18-19-januar-2014" "Mozilla/5.0 (X11; Ubuntu; Linux x86_64; rv:25.0) Gecko/20100101 Firefox/25.0"
94.145.68.182 - - [04/Jan/2014:12:23:15 -0500] "GET /index.php/notifications?get=count HTTP/1.1" 200 24 "http://www.pacetest.dk/index.php/pages/439-deltagerliste-jylland-17-18-19-januar-2014" "Mozilla/5.0 (X11; Ubuntu; Linux x86_64; rv:25.0) Gecko/20100101 Firefox/25.0"
94.145.68.182 - - [04/Jan/2014:12:23:45 -0500] "GET /index.php/notifications?get=count HTTP/1.1" 200 24 "http://www.pacetest.dk/index.php/pages/439-deltagerliste-jylland-17-18-19-januar-2014" "Mozilla/5.0 (X11; Ubuntu; Linux x86_64; rv:25.0) Gecko/20100101 Firefox/25.0"
94.145.68.182 - - [04/Jan/2014:12:24:15 -0500] "GET /index.php/notifications?get=count HTTP/1.1" 200 24 "http://www.pacetest.dk/index.php/pages/439-deltagerliste-jylland-17-18-19-januar-2014" "Mozilla/5.0 (X11; Ubuntu; Linux x86_64; rv:25.0) Gecko/20100101 Firefox/25.0"
94.145.68.182 - - [04/Jan/2014:12:24:45 -0500] "GET /index.php/notifications?get=count HTTP/1.1" 200 24 "http://www.pacetest.dk/index.php/pages/439-deltagerliste-jylland-17-18-19-januar-2014" "Mozilla/5.0 (X11; Ubuntu; Linux x86_64; rv:25.0) Gecko/20100101 Firefox/25.0"
94.145.68.182 - - [04/Jan/2014:12:25:15 -0500] "GET /index.php/notifications?get=count HTTP/1.1" 200 24 "http://www.pacetest.dk/index.php/pages/439-deltagerliste-jylland-17-18-19-januar-2014" "Mozilla/5.0 (X11; Ubuntu; Linux x86_64; rv:25.0) Gecko/20100101 Firefox/25.0"
94.145.68.182 - - [04/Jan/2014:12:25:45 -0500] "GET /index.php/notifications?get=count HTTP/1.1" 200 24 "http://www.pacetest.dk/index.php/pages/439-deltagerliste-jylland-17-18-19-januar-2014" "Mozilla/5.0 (X11; Ubuntu; Linux x86_64; rv:25.0) Gecko/20100101 Firefox/25.0"
94.145.68.182 - - [04/Jan/2014:12:26:15 -0500] "GET /index.php/notifications?get=count HTTP/1.1" 200 24 "http://www.pacetest.dk/index.php/pages/439-deltagerliste-jylland-17-18-19-januar-2014" "Mozilla/5.0 (X11; Ubuntu; Linux x86_64; rv:25.0) Gecko/20100101 Firefox/25.0"
94.145.68.182 - - [04/Jan/2014:12:26:45 -0500] "GET /index.php/notifications?get=count HTTP/1.1" 200 24 "http://www.pacetest.dk/index.php/pages/439-deltagerliste-jylland-17-18-19-januar-2014" "Mozilla/5.0 (X11; Ubuntu; Linux x86_64; rv:25.0) Gecko/20100101 Firefox/25.0"
94.145.68.182 - - [04/Jan/2014:12:27:15 -0500] "GET /index.php/notifications?get=count HTTP/1.1" 200 24 "http://www.pacetest.dk/index.php/pages/439-deltagerliste-jylland-17-18-19-januar-2014" "Mozilla/5.0 (X11; Ubuntu; Linux x86_64; rv:25.0) Gecko/20100101 Firefox/25.0"
94.145.68.182 - - [04/Jan/2014:12:27:45 -0500] "GET /index.php/notifications?get=count HTTP/1.1" 200 24 "http://www.pacetest.dk/index.php/pages/439-deltagerliste-jylland-17-18-19-januar-2014" "Mozilla/5.0 (X11; Ubuntu; Linux x86_64; rv:25.0) Gecko/20100101 Firefox/25.0"
94.145.68.182 - - [04/Jan/2014:12:28:15 -0500] "GET /index.php/notifications?get=count HTTP/1.1" 200 24 "http://www.pacetest.dk/index.php/pages/439-deltagerliste-jylland-17-18-19-januar-2014" "Mozilla/5.0 (X11; Ubuntu; Linux x86_64; rv:25.0) Gecko/20100101 Firefox/25.0"
94.145.68.182 - - [04/Jan/2014:12:28:45 -0500] "GET /index.php/notifications?get=count HTTP/1.1" 200 24 "http://www.pacetest.dk/index.php/pages/439-deltagerliste-jylland-17-18-19-januar-2014" "Mozilla/5.0 (X11; Ubuntu; Linux x86_64; rv:25.0) Gecko/20100101 Firefox/25.0"
94.145.68.182 - - [04/Jan/2014:12:29:15 -0500] "GET /index.php/notifications?get=count HTTP/1.1" 200 24 "http://www.pacetest.dk/index.php/pages/439-deltagerliste-jylland-17-18-19-januar-2014" "Mozilla/5.0 (X11; Ubuntu; Linux x86_64; rv:25.0) Gecko/20100101 Firefox/25.0"
94.145.68.182 - - [04/Jan/2014:12:29:45 -0500] "GET /index.php/notifications?get=count HTTP/1.1" 200 24 "http://www.pacetest.dk/index.php/pages/439-deltagerliste-jylland-17-18-19-januar-2014" "Mozilla/5.0 (X11; Ubuntu; Linux x86_64; rv:25.0) Gecko/20100101 Firefox/25.0"
94.145.68.182 - - [04/Jan/2014:12:30:15 -0500] "GET /index.php/notifications?get=count HTTP/1.1" 200 24 "http://www.pacetest.dk/index.php/pages/439-deltagerliste-jylland-17-18-19-januar-2014" "Mozilla/5.0 (X11; Ubuntu; Linux x86_64; rv:25.0) Gecko/20100101 Firefox/25.0"
94.145.68.182 - - [04/Jan/2014:12:30:45 -0500] "GET /index.php/notifications?get=count HTTP/1.1" 200 24 "http://www.pacetest.dk/index.php/pages/439-deltagerliste-jylland-17-18-19-januar-2014" "Mozilla/5.0 (X11; Ubuntu; Linux x86_64; rv:25.0) Gecko/20100101 Firefox/25.0"
94.145.68.182 - - [04/Jan/2014:12:31:15 -0500] "GET /index.php/notifications?get=count HTTP/1.1" 200 24 "http://www.pacetest.dk/index.php/pages/439-deltagerliste-jylland-17-18-19-januar-2014" "Mozilla/5.0 (X11; Ubuntu; Linux x86_64; rv:25.0) Gecko/20100101 Firefox/25.0"
94.145.68.182 - - [04/Jan/2014:12:31:45 -0500] "GET /index.php/notifications?get=count HTTP/1.1" 200 24 "http://www.pacetest.dk/index.php/pages/439-deltagerliste-jylland-17-18-19-januar-2014" "Mozilla/5.0 (X11; Ubuntu; Linux x86_64; rv:25.0) Gecko/20100101 Firefox/25.0"
94.145.68.182 - - [04/Jan/2014:12:32:15 -0500] "GET /index.php/notifications?get=count HTTP/1.1" 200 24 "http://www.pacetest.dk/index.php/pages/439-deltagerliste-jylland-17-18-19-januar-2014" "Mozilla/5.0 (X11; Ubuntu; Linux x86_64; rv:25.0) Gecko/20100101 Firefox/25.0"
94.145.68.182 - - [04/Jan/2014:12:32:45 -0500] "GET /index.php/notifications?get=count HTTP/1.1" 200 24 "http://www.pacetest.dk/index.php/pages/439-deltagerliste-jylland-17-18-19-januar-2014" "Mozilla/5.0 (X11; Ubuntu; Linux x86_64; rv:25.0) Gecko/20100101 Firefox/25.0"
94.145.68.182 - - [04/Jan/2014:12:33:15 -0500] "GET /index.php/notifications?get=count HTTP/1.1" 200 24 "http://www.pacetest.dk/index.php/pages/439-deltagerliste-jylland-17-18-19-januar-2014" "Mozilla/5.0 (X11; Ubuntu; Linux x86_64; rv:25.0) Gecko/20100101 Firefox/25.0"
94.145.68.182 - - [04/Jan/2014:12:33:45 -0500] "GET /index.php/notifications?get=count HTTP/1.1" 200 24 "http://www.pacetest.dk/index.php/pages/439-deltagerliste-jylland-17-18-19-januar-2014" "Mozilla/5.0 (X11; Ubuntu; Linux x86_64; rv:25.0) Gecko/20100101 Firefox/25.0"
94.145.68.182 - - [04/Jan/2014:12:34:15 -0500] "GET /index.php/notifications?get=count HTTP/1.1" 200 24 "http://www.pacetest.dk/index.php/pages/439-deltagerliste-jylland-17-18-19-januar-2014" "Mozilla/5.0 (X11; Ubuntu; Linux x86_64; rv:25.0) Gecko/20100101 Firefox/25.0"
94.145.68.182 - - [04/Jan/2014:12:34:45 -0500] "GET /index.php/notifications?get=count HTTP/1.1" 200 24 "http://www.pacetest.dk/index.php/pages/439-deltagerliste-jylland-17-18-19-januar-2014" "Mozilla/5.0 (X11; Ubuntu; Linux x86_64; rv:25.0) Gecko/20100101 Firefox/25.0"
94.145.68.182 - - [04/Jan/2014:12:35:15 -0500] "GET /index.php/notifications?get=count HTTP/1.1" 200 24 "http://www.pacetest.dk/index.php/pages/439-deltagerliste-jylland-17-18-19-januar-2014" "Mozilla/5.0 (X11; Ubuntu; Linux x86_64; rv:25.0) Gecko/20100101 Firefox/25.0"
94.145.68.182 - - [04/Jan/2014:12:35:45 -0500] "GET /index.php/notifications?get=count HTTP/1.1" 200 24 "http://www.pacetest.dk/index.php/pages/439-deltagerliste-jylland-17-18-19-januar-2014" "Mozilla/5.0 (X11; Ubuntu; Linux x86_64; rv:25.0) Gecko/20100101 Firefox/25.0"
94.145.68.182 - - [04/Jan/2014:12:36:15 -0500] "GET /index.php/notifications?get=count HTTP/1.1" 200 24 "http://www.pacetest.dk/index.php/pages/439-deltagerliste-jylland-17-18-19-januar-2014" "Mozilla/5.0 (X11; Ubuntu; Linux x86_64; rv:25.0) Gecko/20100101 Firefox/25.0"
94.145.68.182 - - [04/Jan/2014:12:36:45 -0500] "GET /index.php/notifications?get=count HTTP/1.1" 200 24 "http://www.pacetest.dk/index.php/pages/439-deltagerliste-jylland-17-18-19-januar-2014" "Mozilla/5.0 (X11; Ubuntu; Linux x86_64; rv:25.0) Gecko/20100101 Firefox/25.0"
94.145.68.182 - - [04/Jan/2014:12:37:15 -0500] "GET /index.php/notifications?get=count HTTP/1.1" 200 24 "http://www.pacetest.dk/index.php/pages/439-deltagerliste-jylland-17-18-19-januar-2014" "Mozilla/5.0 (X11; Ubuntu; Linux x86_64; rv:25.0) Gecko/20100101 Firefox/25.0"
94.145.68.182 - - [04/Jan/2014:12:37:45 -0500] "GET /index.php/notifications?get=count HTTP/1.1" 200 24 "http://www.pacetest.dk/index.php/pages/439-deltagerliste-jylland-17-18-19-januar-2014" "Mozilla/5.0 (X11; Ubuntu; Linux x86_64; rv:25.0) Gecko/20100101 Firefox/25.0"
94.145.68.182 - - [04/Jan/2014:12:38:15 -0500] "GET /index.php/notifications?get=count HTTP/1.1" 200 24 "http://www.pacetest.dk/index.php/pages/439-deltagerliste-jylland-17-18-19-januar-2014" "Mozilla/5.0 (X11; Ubuntu; Linux x86_64; rv:25.0) Gecko/20100101 Firefox/25.0"
93.163.233.131 - - [04/Jan/2014:12:38:43 -0500] "GET / HTTP/1.1" 200 7814 "http://www.google.dk/url?sa=t&rct=j&q=&esrc=s&frm=1&source=web&cd=1&ved=0CDIQohAwAA&url=http%3A%2F%2Fwww.pacetest.dk%2F&ei=C0fIUoSMNqWK4wTUp4Fw&usg=AFQjCNF6nkr7y63WgWcIdfUoXl9YYgY-yA&sig2=frsPI5O4QZZaO88888cE9Q&bvm=bv.58187178,d.bGE" "Mozilla/5.0 (compatible; MSIE 10.0; Windows NT 6.2; ARM; Trident/6.0; Touch; WebView/1.0)"
93.163.233.131 - - [04/Jan/2014:12:38:45 -0500] "GET /templates/shiraz/css/style1/style.css HTTP/1.1" 200 151926 "http://www.pacetest.dk/" "Mozilla/5.0 (compatible; MSIE 10.0; Windows NT 6.2; ARM; Trident/6.0; Touch; WebView/1.0)"
93.163.233.131 - - [04/Jan/2014:12:38:45 -0500] "GET /media/lib_anahita/js/production/site.uncompressed.js HTTP/1.1" 200 542855 "http://www.pacetest.dk/" "Mozilla/5.0 (compatible; MSIE 10.0; Windows NT 6.2; ARM; Trident/6.0; Touch; WebView/1.0)"
94.145.68.182 - - [04/Jan/2014:12:38:45 -0500] "GET /index.php/notifications?get=count HTTP/1.1" 200 24 "http://www.pacetest.dk/index.php/pages/439-deltagerliste-jylland-17-18-19-januar-2014" "Mozilla/5.0 (X11; Ubuntu; Linux x86_64; rv:25.0) Gecko/20100101 Firefox/25.0"
93.163.233.131 - - [04/Jan/2014:12:38:47 -0500] "GET /templates/base/css/images/icon-socialmedia.png HTTP/1.1" 200 6399 "http://www.pacetest.dk/" "Mozilla/5.0 (compatible; MSIE 10.0; Windows NT 6.2; ARM; Trident/6.0; Touch; WebView/1.0)"
93.163.233.131 - - [04/Jan/2014:12:38:47 -0500] "GET /templates/base/css/images/icon-socialmedia-white.png HTTP/1.1" 200 5419 "http://www.pacetest.dk/" "Mozilla/5.0 (compatible; MSIE 10.0; Windows NT 6.2; ARM; Trident/6.0; Touch; WebView/1.0)"
93.163.233.131 - - [04/Jan/2014:12:38:47 -0500] "GET /templates/base/css/images/logo.png HTTP/1.1" 200 5272 "http://www.pacetest.dk/" "Mozilla/5.0 (compatible; MSIE 10.0; Windows NT 6.2; ARM; Trident/6.0; Touch; WebView/1.0)"
93.163.233.131 - - [04/Jan/2014:12:38:50 -0500] "GET /templates/base/css/images/spinner.gif HTTP/1.1" 200 723 "http://www.pacetest.dk/" "Mozilla/5.0 (compatible; MSIE 10.0; Windows NT 6.2; ARM; Trident/6.0; Touch; WebView/1.0)"
93.163.233.131 - - [04/Jan/2014:12:38:50 -0500] "GET /index.php/people/session?layout=modal&return=aHR0cDovL3d3dy5wYWNldGVzdC5kay8%3D&hq15o9bs HTTP/1.1" 200 1443 "http://www.pacetest.dk/" "Mozilla/5.0 (compatible; MSIE 10.0; Windows NT 6.2; ARM; Trident/6.0; Touch; WebView/1.0)"
94.145.68.182 - - [04/Jan/2014:12:39:15 -0500] "GET /index.php/notifications?get=count HTTP/1.1" 200 24 "http://www.pacetest.dk/index.php/pages/439-deltagerliste-jylland-17-18-19-januar-2014" "Mozilla/5.0 (X11; Ubuntu; Linux x86_64; rv:25.0) Gecko/20100101 Firefox/25.0"
93.163.233.131 - - [04/Jan/2014:12:39:23 -0500] "POST /index.php/people/session?layout=modal HTTP/1.1" 303 - "http://www.pacetest.dk/" "Mozilla/5.0 (compatible; MSIE 10.0; Windows NT 6.2; ARM; Trident/6.0; Touch; WebView/1.0)"
93.163.233.131 - - [04/Jan/2014:12:39:24 -0500] "GET /index.php/people/session HTTP/1.1" 200 6955 "http://www.pacetest.dk/" "Mozilla/5.0 (compatible; MSIE 10.0; Windows NT 6.2; ARM; Trident/6.0; Touch; WebView/1.0)"
94.145.68.182 - - [04/Jan/2014:12:39:45 -0500] "GET /index.php/notifications?get=count HTTP/1.1" 200 24 "http://www.pacetest.dk/index.php/pages/439-deltagerliste-jylland-17-18-19-januar-2014" "Mozilla/5.0 (X11; Ubuntu; Linux x86_64; rv:25.0) Gecko/20100101 Firefox/25.0"
94.145.68.182 - - [04/Jan/2014:12:40:15 -0500] "GET /index.php/notifications?get=count HTTP/1.1" 200 24 "http://www.pacetest.dk/index.php/pages/439-deltagerliste-jylland-17-18-19-januar-2014" "Mozilla/5.0 (X11; Ubuntu; Linux x86_64; rv:25.0) Gecko/20100101 Firefox/25.0"
94.145.68.182 - - [04/Jan/2014:12:40:45 -0500] "GET /index.php/notifications?get=count HTTP/1.1" 200 24 "http://www.pacetest.dk/index.php/pages/439-deltagerliste-jylland-17-18-19-januar-2014" "Mozilla/5.0 (X11; Ubuntu; Linux x86_64; rv:25.0) Gecko/20100101 Firefox/25.0"
94.145.68.182 - - [04/Jan/2014:12:41:15 -0500] "GET /index.php/notifications?get=count HTTP/1.1" 200 24 "http://www.pacetest.dk/index.php/pages/439-deltagerliste-jylland-17-18-19-januar-2014" "Mozilla/5.0 (X11; Ubuntu; Linux x86_64; rv:25.0) Gecko/20100101 Firefox/25.0"
94.145.68.182 - - [04/Jan/2014:12:41:45 -0500] "GET /index.php/notifications?get=count HTTP/1.1" 200 24 "http://www.pacetest.dk/index.php/pages/439-deltagerliste-jylland-17-18-19-januar-2014" "Mozilla/5.0 (X11; Ubuntu; Linux x86_64; rv:25.0) Gecko/20100101 Firefox/25.0"
93.163.233.131 - - [04/Jan/2014:12:41:51 -0500] "GET / HTTP/1.1" 200 7814 "-" "Mozilla/5.0 (compatible; MSIE 10.0; Windows NT 6.2; ARM; Trident/6.0; Touch)"
93.163.233.131 - - [04/Jan/2014:12:41:52 -0500] "GET /templates/shiraz/css/style1/style.css HTTP/1.1" 200 151926 "http://www.pacetest.dk/" "Mozilla/5.0 (compatible; MSIE 10.0; Windows NT 6.2; ARM; Trident/6.0; Touch)"
93.163.233.131 - - [04/Jan/2014:12:41:52 -0500] "GET /media/lib_anahita/js/production/site.uncompressed.js HTTP/1.1" 200 542855 "http://www.pacetest.dk/" "Mozilla/5.0 (compatible; MSIE 10.0; Windows NT 6.2; ARM; Trident/6.0; Touch)"
93.163.233.131 - - [04/Jan/2014:12:41:54 -0500] "GET /templates/base/css/images/logo.png HTTP/1.1" 200 5272 "http://www.pacetest.dk/" "Mozilla/5.0 (compatible; MSIE 10.0; Windows NT 6.2; ARM; Trident/6.0; Touch)"
93.163.233.131 - - [04/Jan/2014:12:41:54 -0500] "GET /templates/base/css/images/icon-socialmedia-white.png HTTP/1.1" 200 5419 "http://www.pacetest.dk/" "Mozilla/5.0 (compatible; MSIE 10.0; Windows NT 6.2; ARM; Trident/6.0; Touch)"
93.163.233.131 - - [04/Jan/2014:12:41:54 -0500] "GET /templates/base/css/images/icon-socialmedia.png HTTP/1.1" 200 6399 "http://www.pacetest.dk/" "Mozilla/5.0 (compatible; MSIE 10.0; Windows NT 6.2; ARM; Trident/6.0; Touch)"
93.163.233.131 - - [04/Jan/2014:12:41:55 -0500] "GET /favicon.ico HTTP/1.1" 404 313 "-" "Mozilla/5.0 (compatible; MSIE 10.0; Windows NT 6.2; ARM; Trident/6.0; Touch)"
94.145.68.182 - - [04/Jan/2014:12:42:10 -0500] "GET / HTTP/1.1" 200 7814 "-" "Mozilla/5.0 (Windows NT 6.2; WOW64; rv:26.0) Gecko/20100101 Firefox/26.0"
94.145.68.182 - - [04/Jan/2014:12:42:12 -0500] "GET /media/lib_anahita/js/production/site.uncompressed.js HTTP/1.1" 304 - "http://www.pacetest.dk/" "Mozilla/5.0 (Windows NT 6.2; WOW64; rv:26.0) Gecko/20100101 Firefox/26.0"
94.145.68.182 - - [04/Jan/2014:12:42:12 -0500] "GET /templates/base/css/images/favicon.ico HTTP/1.1" 304 - "-" "Mozilla/5.0 (Windows NT 6.2; WOW64; rv:26.0) Gecko/20100101 Firefox/26.0"
94.145.68.182 - - [04/Jan/2014:12:42:15 -0500] "GET /templates/base/css/images/spinner.gif HTTP/1.1" 200 723 "http://www.pacetest.dk/templates/shiraz/css/style1/style.css" "Mozilla/5.0 (Windows NT 6.2; WOW64; rv:26.0) Gecko/20100101 Firefox/26.0"
94.145.68.182 - - [04/Jan/2014:12:42:15 -0500] "GET /index.php/people/session?layout=modal&return=aHR0cDovL3d3dy5wYWNldGVzdC5kay8%3D&hq15spu0 HTTP/1.1" 200 1443 "http://www.pacetest.dk/" "Mozilla/5.0 (Windows NT 6.2; WOW64; rv:26.0) Gecko/20100101 Firefox/26.0"
94.145.68.182 - - [04/Jan/2014:12:42:15 -0500] "GET /index.php/notifications?get=count HTTP/1.1" 200 24 "http://www.pacetest.dk/index.php/pages/439-deltagerliste-jylland-17-18-19-januar-2014" "Mozilla/5.0 (X11; Ubuntu; Linux x86_64; rv:25.0) Gecko/20100101 Firefox/25.0"
- - - [04/Jan/2014:12:42:17 -0500] "OPTIONS * HTTP/1.0" 200 - "-" "Apache/2.2.22 (Red Hat Enterprise Web Server) (internal dummy connection)"
94.145.68.182 - - [04/Jan/2014:12:42:39 -0500] "POST /index.php/people/session?layout=modal HTTP/1.1" 303 - "http://www.pacetest.dk/" "Mozilla/5.0 (Windows NT 6.2; WOW64; rv:26.0) Gecko/20100101 Firefox/26.0"
94.145.68.182 - - [04/Jan/2014:12:42:45 -0500] "GET /index.php/notifications?get=count HTTP/1.1" 200 24 "http://www.pacetest.dk/index.php/pages/439-deltagerliste-jylland-17-18-19-januar-2014" "Mozilla/5.0 (X11; Ubuntu; Linux x86_64; rv:25.0) Gecko/20100101 Firefox/25.0"
94.145.68.182 - - [04/Jan/2014:12:42:48 -0500] "GET /media/com_stories/js/stories.js HTTP/1.1" 200 1707 "http://www.pacetest.dk/" "Mozilla/5.0 (Windows NT 6.2; WOW64; rv:26.0) Gecko/20100101 Firefox/26.0"
94.145.68.182 - - [04/Jan/2014:12:42:40 -0500] "GET / HTTP/1.1" 200 88738 "http://www.pacetest.dk/" "Mozilla/5.0 (Windows NT 6.2; WOW64; rv:26.0) Gecko/20100101 Firefox/26.0"
94.145.68.182 - - [04/Jan/2014:12:42:49 -0500] "GET /media/lib_anahita/js/vendors/mediabox.js HTTP/1.1" 200 45415 "http://www.pacetest.dk/" "Mozilla/5.0 (Windows NT 6.2; WOW64; rv:26.0) Gecko/20100101 Firefox/26.0"
94.145.68.182 - - [04/Jan/2014:12:42:49 -0500] "GET /media/com_composer/js/composer.js HTTP/1.1" 200 5682 "http://www.pacetest.dk/" "Mozilla/5.0 (Windows NT 6.2; WOW64; rv:26.0) Gecko/20100101 Firefox/26.0"
94.145.68.182 - - [04/Jan/2014:12:42:49 -0500] "GET /templates/base/css/images/glyphicons-halflings.png HTTP/1.1" 200 12799 "http://www.pacetest.dk/templates/shiraz/css/style1/style.css" "Mozilla/5.0 (Windows NT 6.2; WOW64; rv:26.0) Gecko/20100101 Firefox/26.0"
94.145.68.182 - - [04/Jan/2014:12:42:49 -0500] "GET /index.php/stories?layout=list&filter=leaders&start=20&limit=20 HTTP/1.1" 200 33176 "http://www.pacetest.dk/" "Mozilla/5.0 (Windows NT 6.2; WOW64; rv:26.0) Gecko/20100101 Firefox/26.0"
94.145.68.182 - - [04/Jan/2014:12:42:49 -0500] "GET /index.php/stories?layout=list&filter=leaders&start=40&limit=20 HTTP/1.1" 200 71752 "http://www.pacetest.dk/" "Mozilla/5.0 (Windows NT 6.2; WOW64; rv:26.0) Gecko/20100101 Firefox/26.0"
94.145.68.182 - - [04/Jan/2014:12:42:56 -0500] "GET /index.php/stories?layout=list&filter=leaders&start=60&limit=20 HTTP/1.1" 200 100010 "http://www.pacetest.dk/" "Mozilla/5.0 (Windows NT 6.2; WOW64; rv:26.0) Gecko/20100101 Firefox/26.0"
- - - [04/Jan/2014:12:43:03 -0500] "OPTIONS * HTTP/1.0" 200 - "-" "Apache/2.2.22 (Red Hat Enterprise Web Server) (internal dummy connection)"
94.145.68.182 - - [04/Jan/2014:12:43:15 -0500] "GET /index.php/notifications?get=count HTTP/1.1" 200 24 "http://www.pacetest.dk/index.php/pages/439-deltagerliste-jylland-17-18-19-januar-2014" "Mozilla/5.0 (X11; Ubuntu; Linux x86_64; rv:25.0) Gecko/20100101 Firefox/25.0"
94.145.68.182 - - [04/Jan/2014:12:43:19 -0500] "GET /index.php/notifications?get=count HTTP/1.1" 200 24 "http://www.pacetest.dk/" "Mozilla/5.0 (Windows NT 6.2; WOW64; rv:26.0) Gecko/20100101 Firefox/26.0"
94.145.68.182 - - [04/Jan/2014:12:43:45 -0500] "GET /index.php/notifications?get=count HTTP/1.1" 200 24 "http://www.pacetest.dk/index.php/pages/439-deltagerliste-jylland-17-18-19-januar-2014" "Mozilla/5.0 (X11; Ubuntu; Linux x86_64; rv:25.0) Gecko/20100101 Firefox/25.0"
94.145.68.182 - - [04/Jan/2014:12:43:49 -0500] "GET /index.php/notifications?get=count HTTP/1.1" 200 24 "http://www.pacetest.dk/" "Mozilla/5.0 (Windows NT 6.2; WOW64; rv:26.0) Gecko/20100101 Firefox/26.0"
94.145.68.182 - - [04/Jan/2014:12:44:15 -0500] "GET /index.php/notifications?get=count HTTP/1.1" 200 24 "http://www.pacetest.dk/index.php/pages/439-deltagerliste-jylland-17-18-19-januar-2014" "Mozilla/5.0 (X11; Ubuntu; Linux x86_64; rv:25.0) Gecko/20100101 Firefox/25.0"
94.145.68.182 - - [04/Jan/2014:12:44:19 -0500] "GET /index.php/notifications?get=count HTTP/1.1" 200 24 "http://www.pacetest.dk/" "Mozilla/5.0 (Windows NT 6.2; WOW64; rv:26.0) Gecko/20100101 Firefox/26.0"
94.145.68.182 - - [04/Jan/2014:12:44:13 -0500] "GET / HTTP/1.1" 200 88738 "http://www.pacetest.dk/" "Mozilla/5.0 (Windows NT 6.2; WOW64; rv:26.0) Gecko/20100101 Firefox/26.0"
- - - [04/Jan/2014:12:44:22 -0500] "OPTIONS * HTTP/1.0" 200 - "-" "Apache/2.2.22 (Red Hat Enterprise Web Server) (internal dummy connection)"
94.145.68.182 - - [04/Jan/2014:12:44:23 -0500] "GET /index.php/stories?layout=list&filter=leaders&start=20&limit=20 HTTP/1.1" 200 33176 "http://www.pacetest.dk/" "Mozilla/5.0 (Windows NT 6.2; WOW64; rv:26.0) Gecko/20100101 Firefox/26.0"
94.145.68.182 - - [04/Jan/2014:12:44:23 -0500] "GET /index.php/stories?layout=list&filter=leaders&start=40&limit=20 HTTP/1.1" 200 71752 "http://www.pacetest.dk/" "Mozilla/5.0 (Windows NT 6.2; WOW64; rv:26.0) Gecko/20100101 Firefox/26.0"
94.145.68.182 - - [04/Jan/2014:12:44:30 -0500] "GET /index.php/stories?layout=list&filter=leaders&start=60&limit=20 HTTP/1.1" 200 100010 "http://www.pacetest.dk/" "Mozilla/5.0 (Windows NT 6.2; WOW64; rv:26.0) Gecko/20100101 Firefox/26.0"
- - - [04/Jan/2014:12:44:36 -0500] "OPTIONS * HTTP/1.0" 200 - "-" "Apache/2.2.22 (Red Hat Enterprise Web Server) (internal dummy connection)"
94.145.68.182 - - [04/Jan/2014:12:44:38 -0500] "GET /index.php/actors?layout=modal&ids%5B0%5D=241&ids%5B1%5D=236&ids%5B2%5D=216&ids%5B3%5D=181&ids%5B4%5D=174&ids%5B5%5D=37&ids%5B6%5D=35&ids%5B7%5D=1&ids%5B8%5D=243&hq15vi91 HTTP/1.1" 200 10506 "http://www.pacetest.dk/" "Mozilla/5.0 (Windows NT 6.2; WOW64; rv:26.0) Gecko/20100101 Firefox/26.0"
94.145.68.182 - - [04/Jan/2014:12:44:45 -0500] "GET /index.php/notifications?get=count HTTP/1.1" 200 24 "http://www.pacetest.dk/index.php/pages/439-deltagerliste-jylland-17-18-19-januar-2014" "Mozilla/5.0 (X11; Ubuntu; Linux x86_64; rv:25.0) Gecko/20100101 Firefox/25.0"
94.145.68.182 - - [04/Jan/2014:12:44:52 -0500] "GET /index.php/notifications?get=count HTTP/1.1" 200 24 "http://www.pacetest.dk/" "Mozilla/5.0 (Windows NT 6.2; WOW64; rv:26.0) Gecko/20100101 Firefox/26.0"
94.145.68.182 - - [04/Jan/2014:12:45:15 -0500] "GET /index.php/notifications?get=count HTTP/1.1" 200 24 "http://www.pacetest.dk/index.php/pages/439-deltagerliste-jylland-17-18-19-januar-2014" "Mozilla/5.0 (X11; Ubuntu; Linux x86_64; rv:25.0) Gecko/20100101 Firefox/25.0"
94.145.68.182 - - [04/Jan/2014:12:45:22 -0500] "GET /index.php/notifications?get=count HTTP/1.1" 200 24 "http://www.pacetest.dk/" "Mozilla/5.0 (Windows NT 6.2; WOW64; rv:26.0) Gecko/20100101 Firefox/26.0"
94.145.68.182 - - [04/Jan/2014:12:45:45 -0500] "GET /index.php/notifications?get=count HTTP/1.1" 200 24 "http://www.pacetest.dk/index.php/pages/439-deltagerliste-jylland-17-18-19-januar-2014" "Mozilla/5.0 (X11; Ubuntu; Linux x86_64; rv:25.0) Gecko/20100101 Firefox/25.0"
94.145.68.182 - - [04/Jan/2014:12:45:53 -0500] "GET /index.php/notifications?get=count HTTP/1.1" 200 24 "http://www.pacetest.dk/" "Mozilla/5.0 (Windows NT 6.2; WOW64; rv:26.0) Gecko/20100101 Firefox/26.0"
93.163.233.131 - - [04/Jan/2014:12:46:09 -0500] "GET /index.php/people/person?layout=add&return=aHR0cDovL3d3dy5wYWNldGVzdC5kay8%3D HTTP/1.1" 200 7321 "http://www.pacetest.dk/index.php/people/session" "Mozilla/5.0 (compatible; MSIE 10.0; Windows NT 6.2; ARM; Trident/6.0; Touch; WebView/1.0)"
94.145.68.182 - - [04/Jan/2014:12:46:15 -0500] "GET /index.php/notifications?get=count HTTP/1.1" 200 24 "http://www.pacetest.dk/index.php/pages/439-deltagerliste-jylland-17-18-19-januar-2014" "Mozilla/5.0 (X11; Ubuntu; Linux x86_64; rv:25.0) Gecko/20100101 Firefox/25.0"
94.145.68.182 - - [04/Jan/2014:12:46:23 -0500] "GET /index.php/notifications?get=count HTTP/1.1" 200 24 "http://www.pacetest.dk/" "Mozilla/5.0 (Windows NT 6.2; WOW64; rv:26.0) Gecko/20100101 Firefox/26.0"
93.163.233.131 - - [04/Jan/2014:12:46:28 -0500] "POST /index.php/people/person HTTP/1.1" 200 - "http://www.pacetest.dk/" "Mozilla/5.0 (compatible; MSIE 10.0; Windows NT 6.2; ARM; Trident/6.0; Touch; WebView/1.0)"
93.163.233.131 - - [04/Jan/2014:12:46:43 -0500] "POST /index.php/people/person HTTP/1.1" 200 - "http://www.pacetest.dk/" "Mozilla/5.0 (compatible; MSIE 10.0; Windows NT 6.2; ARM; Trident/6.0; Touch; WebView/1.0)"
94.145.68.182 - - [04/Jan/2014:12:46:45 -0500] "GET /index.php/notifications?get=count HTTP/1.1" 200 24 "http://www.pacetest.dk/index.php/pages/439-deltagerliste-jylland-17-18-19-januar-2014" "Mozilla/5.0 (X11; Ubuntu; Linux x86_64; rv:25.0) Gecko/20100101 Firefox/25.0"
94.145.68.182 - - [04/Jan/2014:12:46:52 -0500] "GET /index.php/notifications?get=count HTTP/1.1" 200 24 "http://www.pacetest.dk/" "Mozilla/5.0 (Windows NT 6.2; WOW64; rv:26.0) Gecko/20100101 Firefox/26.0"
93.163.233.131 - - [04/Jan/2014:12:47:03 -0500] "POST /index.php/people/person HTTP/1.1" 412 - "http://www.pacetest.dk/" "Mozilla/5.0 (compatible; MSIE 10.0; Windows NT 6.2; ARM; Trident/6.0; Touch; WebView/1.0)"
94.145.68.182 - - [04/Jan/2014:12:47:15 -0500] "GET /index.php/notifications?get=count HTTP/1.1" 200 24 "http://www.pacetest.dk/index.php/pages/439-deltagerliste-jylland-17-18-19-januar-2014" "Mozilla/5.0 (X11; Ubuntu; Linux x86_64; rv:25.0) Gecko/20100101 Firefox/25.0"
94.145.68.182 - - [04/Jan/2014:12:47:22 -0500] "GET /index.php/notifications?get=count HTTP/1.1" 200 24 "http://www.pacetest.dk/" "Mozilla/5.0 (Windows NT 6.2; WOW64; rv:26.0) Gecko/20100101 Firefox/26.0"
93.163.233.131 - - [04/Jan/2014:12:47:28 -0500] "GET / HTTP/1.1" 200 7814 "http://www.google.dk/url?sa=t&rct=j&q=&esrc=s&frm=1&source=web&cd=1&ved=0CDIQohAwAA&url=http%3A%2F%2Fwww.pacetest.dk%2F&ei=J0nIUpviNqSO5ASQ9YDQCQ&usg=AFQjCNF6nkr7y63WgWcIdfUoXl9YYgY-yA&sig2=7TkytpdqQz6sElv585K55g&bvm=bv.58187178,d.bGE" "Mozilla/5.0 (compatible; MSIE 10.0; Windows NT 6.2; ARM; Trident/6.0; Touch; WebView/1.0)"
93.163.233.131 - - [04/Jan/2014:12:47:36 -0500] "GET /index.php/people/session?layout=modal&return=aHR0cDovL3d3dy5wYWNldGVzdC5kay8%3D&hq15zhfq HTTP/1.1" 200 1443 "http://www.pacetest.dk/" "Mozilla/5.0 (compatible; MSIE 10.0; Windows NT 6.2; ARM; Trident/6.0; Touch; WebView/1.0)"
94.145.68.182 - - [04/Jan/2014:12:47:45 -0500] "GET /index.php/notifications?get=count HTTP/1.1" 200 24 "http://www.pacetest.dk/index.php/pages/439-deltagerliste-jylland-17-18-19-januar-2014" "Mozilla/5.0 (X11; Ubuntu; Linux x86_64; rv:25.0) Gecko/20100101 Firefox/25.0"
94.145.68.182 - - [04/Jan/2014:12:47:52 -0500] "GET /index.php/notifications?get=count HTTP/1.1" 200 24 "http://www.pacetest.dk/" "Mozilla/5.0 (Windows NT 6.2; WOW64; rv:26.0) Gecko/20100101 Firefox/26.0"
93.163.233.131 - - [04/Jan/2014:12:48:01 -0500] "POST /index.php/people/session?layout=modal HTTP/1.1" 303 - "http://www.pacetest.dk/" "Mozilla/5.0 (compatible; MSIE 10.0; Windows NT 6.2; ARM; Trident/6.0; Touch; WebView/1.0)"
93.163.233.131 - - [04/Jan/2014:12:48:02 -0500] "GET /index.php/people/session HTTP/1.1" 200 6955 "http://www.pacetest.dk/" "Mozilla/5.0 (compatible; MSIE 10.0; Windows NT 6.2; ARM; Trident/6.0; Touch; WebView/1.0)"
94.145.68.182 - - [04/Jan/2014:12:48:15 -0500] "GET /index.php/notifications?get=count HTTP/1.1" 200 24 "http://www.pacetest.dk/index.php/pages/439-deltagerliste-jylland-17-18-19-januar-2014" "Mozilla/5.0 (X11; Ubuntu; Linux x86_64; rv:25.0) Gecko/20100101 Firefox/25.0"
93.163.233.131 - - [04/Jan/2014:12:48:21 -0500] "GET /index.php/people/token HTTP/1.1" 200 7080 "http://www.pacetest.dk/index.php/people/session" "Mozilla/5.0 (compatible; MSIE 10.0; Windows NT 6.2; ARM; Trident/6.0; Touch; WebView/1.0)"
94.145.68.182 - - [04/Jan/2014:12:48:22 -0500] "GET /index.php/notifications?get=count HTTP/1.1" 200 24 "http://www.pacetest.dk/" "Mozilla/5.0 (Windows NT 6.2; WOW64; rv:26.0) Gecko/20100101 Firefox/26.0"
93.163.233.131 - - [04/Jan/2014:12:48:40 -0500] "POST /index.php/people/token?hq160max HTTP/1.1" 201 773 "http://www.pacetest.dk/" "Mozilla/5.0 (compatible; MSIE 10.0; Windows NT 6.2; ARM; Trident/6.0; Touch; WebView/1.0)"
94.145.68.182 - - [04/Jan/2014:12:48:45 -0500] "GET /index.php/notifications?get=count HTTP/1.1" 200 24 "http://www.pacetest.dk/index.php/pages/439-deltagerliste-jylland-17-18-19-januar-2014" "Mozilla/5.0 (X11; Ubuntu; Linux x86_64; rv:25.0) Gecko/20100101 Firefox/25.0"
94.145.68.182 - - [04/Jan/2014:12:48:53 -0500] "GET /index.php/notifications?get=count HTTP/1.1" 200 24 "http://www.pacetest.dk/" "Mozilla/5.0 (Windows NT 6.2; WOW64; rv:26.0) Gecko/20100101 Firefox/26.0"
94.145.68.182 - - [04/Jan/2014:12:49:15 -0500] "GET /index.php/notifications?get=count HTTP/1.1" 200 24 "http://www.pacetest.dk/index.php/pages/439-deltagerliste-jylland-17-18-19-januar-2014" "Mozilla/5.0 (X11; Ubuntu; Linux x86_64; rv:25.0) Gecko/20100101 Firefox/25.0"
94.145.68.182 - - [04/Jan/2014:12:49:22 -0500] "GET /index.php/notifications?get=count HTTP/1.1" 200 24 "http://www.pacetest.dk/" "Mozilla/5.0 (Windows NT 6.2; WOW64; rv:26.0) Gecko/20100101 Firefox/26.0"
94.145.68.182 - - [04/Jan/2014:12:49:45 -0500] "GET /index.php/notifications?get=count HTTP/1.1" 200 24 "http://www.pacetest.dk/index.php/pages/439-deltagerliste-jylland-17-18-19-januar-2014" "Mozilla/5.0 (X11; Ubuntu; Linux x86_64; rv:25.0) Gecko/20100101 Firefox/25.0"
94.145.68.182 - - [04/Jan/2014:12:49:52 -0500] "GET /index.php/notifications?get=count HTTP/1.1" 200 24 "http://www.pacetest.dk/" "Mozilla/5.0 (Windows NT 6.2; WOW64; rv:26.0) Gecko/20100101 Firefox/26.0"
94.145.68.182 - - [04/Jan/2014:12:50:15 -0500] "GET /index.php/notifications?get=count HTTP/1.1" 200 24 "http://www.pacetest.dk/index.php/pages/439-deltagerliste-jylland-17-18-19-januar-2014" "Mozilla/5.0 (X11; Ubuntu; Linux x86_64; rv:25.0) Gecko/20100101 Firefox/25.0"
94.145.68.182 - - [04/Jan/2014:12:50:22 -0500] "GET /index.php/notifications?get=count HTTP/1.1" 200 24 "http://www.pacetest.dk/" "Mozilla/5.0 (Windows NT 6.2; WOW64; rv:26.0) Gecko/20100101 Firefox/26.0"
94.145.68.182 - - [04/Jan/2014:12:50:45 -0500] "GET /index.php/notifications?get=count HTTP/1.1" 200 24 "http://www.pacetest.dk/index.php/pages/439-deltagerliste-jylland-17-18-19-januar-2014" "Mozilla/5.0 (X11; Ubuntu; Linux x86_64; rv:25.0) Gecko/20100101 Firefox/25.0"
94.145.68.182 - - [04/Jan/2014:12:50:52 -0500] "GET /index.php/notifications?get=count HTTP/1.1" 200 24 "http://www.pacetest.dk/" "Mozilla/5.0 (Windows NT 6.2; WOW64; rv:26.0) Gecko/20100101 Firefox/26.0"
94.145.68.182 - - [04/Jan/2014:12:51:15 -0500] "GET /index.php/notifications?get=count HTTP/1.1" 200 24 "http://www.pacetest.dk/index.php/pages/439-deltagerliste-jylland-17-18-19-januar-2014" "Mozilla/5.0 (X11; Ubuntu; Linux x86_64; rv:25.0) Gecko/20100101 Firefox/25.0"
94.145.68.182 - - [04/Jan/2014:12:51:22 -0500] "GET /index.php/notifications?get=count HTTP/1.1" 200 24 "http://www.pacetest.dk/" "Mozilla/5.0 (Windows NT 6.2; WOW64; rv:26.0) Gecko/20100101 Firefox/26.0"
94.145.68.182 - - [04/Jan/2014:12:51:45 -0500] "GET /index.php/notifications?get=count HTTP/1.1" 200 24 "http://www.pacetest.dk/index.php/pages/439-deltagerliste-jylland-17-18-19-januar-2014" "Mozilla/5.0 (X11; Ubuntu; Linux x86_64; rv:25.0) Gecko/20100101 Firefox/25.0"
94.145.68.182 - - [04/Jan/2014:12:51:52 -0500] "GET /index.php/notifications?get=count HTTP/1.1" 200 24 "http://www.pacetest.dk/" "Mozilla/5.0 (Windows NT 6.2; WOW64; rv:26.0) Gecko/20100101 Firefox/26.0"
94.145.68.182 - - [04/Jan/2014:12:52:15 -0500] "GET /index.php/notifications?get=count HTTP/1.1" 200 24 "http://www.pacetest.dk/index.php/pages/439-deltagerliste-jylland-17-18-19-januar-2014" "Mozilla/5.0 (X11; Ubuntu; Linux x86_64; rv:25.0) Gecko/20100101 Firefox/25.0"
94.145.68.182 - - [04/Jan/2014:12:52:22 -0500] "GET /index.php/notifications?get=count HTTP/1.1" 200 24 "http://www.pacetest.dk/" "Mozilla/5.0 (Windows NT 6.2; WOW64; rv:26.0) Gecko/20100101 Firefox/26.0"
94.145.68.182 - - [04/Jan/2014:12:52:45 -0500] "GET /index.php/notifications?get=count HTTP/1.1" 200 24 "http://www.pacetest.dk/index.php/pages/439-deltagerliste-jylland-17-18-19-januar-2014" "Mozilla/5.0 (X11; Ubuntu; Linux x86_64; rv:25.0) Gecko/20100101 Firefox/25.0"
94.145.68.182 - - [04/Jan/2014:12:52:52 -0500] "GET /index.php/notifications?get=count HTTP/1.1" 200 24 "http://www.pacetest.dk/" "Mozilla/5.0 (Windows NT 6.2; WOW64; rv:26.0) Gecko/20100101 Firefox/26.0"
94.145.68.182 - - [04/Jan/2014:12:53:15 -0500] "GET /index.php/notifications?get=count HTTP/1.1" 200 24 "http://www.pacetest.dk/index.php/pages/439-deltagerliste-jylland-17-18-19-januar-2014" "Mozilla/5.0 (X11; Ubuntu; Linux x86_64; rv:25.0) Gecko/20100101 Firefox/25.0"
94.145.68.182 - - [04/Jan/2014:12:53:22 -0500] "GET /index.php/notifications?get=count HTTP/1.1" 200 24 "http://www.pacetest.dk/" "Mozilla/5.0 (Windows NT 6.2; WOW64; rv:26.0) Gecko/20100101 Firefox/26.0"
94.145.68.182 - - [04/Jan/2014:12:53:45 -0500] "GET /index.php/notifications?get=count HTTP/1.1" 200 24 "http://www.pacetest.dk/index.php/pages/439-deltagerliste-jylland-17-18-19-januar-2014" "Mozilla/5.0 (X11; Ubuntu; Linux x86_64; rv:25.0) Gecko/20100101 Firefox/25.0"
94.145.68.182 - - [04/Jan/2014:12:53:52 -0500] "GET /index.php/notifications?get=count HTTP/1.1" 200 24 "http://www.pacetest.dk/" "Mozilla/5.0 (Windows NT 6.2; WOW64; rv:26.0) Gecko/20100101 Firefox/26.0"
94.145.68.182 - - [04/Jan/2014:12:54:15 -0500] "GET /index.php/notifications?get=count HTTP/1.1" 200 24 "http://www.pacetest.dk/index.php/pages/439-deltagerliste-jylland-17-18-19-januar-2014" "Mozilla/5.0 (X11; Ubuntu; Linux x86_64; rv:25.0) Gecko/20100101 Firefox/25.0"
94.145.68.182 - - [04/Jan/2014:12:54:22 -0500] "GET /index.php/notifications?get=count HTTP/1.1" 200 24 "http://www.pacetest.dk/" "Mozilla/5.0 (Windows NT 6.2; WOW64; rv:26.0) Gecko/20100101 Firefox/26.0"
94.145.68.182 - - [04/Jan/2014:12:54:45 -0500] "GET /index.php/notifications?get=count HTTP/1.1" 200 24 "http://www.pacetest.dk/index.php/pages/439-deltagerliste-jylland-17-18-19-januar-2014" "Mozilla/5.0 (X11; Ubuntu; Linux x86_64; rv:25.0) Gecko/20100101 Firefox/25.0"
94.145.68.182 - - [04/Jan/2014:12:54:52 -0500] "GET /index.php/notifications?get=count HTTP/1.1" 200 24 "http://www.pacetest.dk/" "Mozilla/5.0 (Windows NT 6.2; WOW64; rv:26.0) Gecko/20100101 Firefox/26.0"
94.145.68.182 - - [04/Jan/2014:12:55:15 -0500] "GET /index.php/notifications?get=count HTTP/1.1" 200 24 "http://www.pacetest.dk/index.php/pages/439-deltagerliste-jylland-17-18-19-januar-2014" "Mozilla/5.0 (X11; Ubuntu; Linux x86_64; rv:25.0) Gecko/20100101 Firefox/25.0"
94.145.68.182 - - [04/Jan/2014:12:55:22 -0500] "GET /index.php/notifications?get=count HTTP/1.1" 200 24 "http://www.pacetest.dk/" "Mozilla/5.0 (Windows NT 6.2; WOW64; rv:26.0) Gecko/20100101 Firefox/26.0"
94.145.68.182 - - [04/Jan/2014:12:55:45 -0500] "GET /index.php/notifications?get=count HTTP/1.1" 200 24 "http://www.pacetest.dk/index.php/pages/439-deltagerliste-jylland-17-18-19-januar-2014" "Mozilla/5.0 (X11; Ubuntu; Linux x86_64; rv:25.0) Gecko/20100101 Firefox/25.0"
94.145.68.182 - - [04/Jan/2014:12:55:52 -0500] "GET /index.php/notifications?get=count HTTP/1.1" 200 24 "http://www.pacetest.dk/" "Mozilla/5.0 (Windows NT 6.2; WOW64; rv:26.0) Gecko/20100101 Firefox/26.0"
94.145.68.182 - - [04/Jan/2014:12:56:15 -0500] "GET /index.php/notifications?get=count HTTP/1.1" 200 24 "http://www.pacetest.dk/index.php/pages/439-deltagerliste-jylland-17-18-19-januar-2014" "Mozilla/5.0 (X11; Ubuntu; Linux x86_64; rv:25.0) Gecko/20100101 Firefox/25.0"
94.145.68.182 - - [04/Jan/2014:12:56:23 -0500] "GET /index.php/notifications?get=count HTTP/1.1" 200 24 "http://www.pacetest.dk/" "Mozilla/5.0 (Windows NT 6.2; WOW64; rv:26.0) Gecko/20100101 Firefox/26.0"
94.145.68.182 - - [04/Jan/2014:12:56:45 -0500] "GET /index.php/notifications?get=count HTTP/1.1" 200 24 "http://www.pacetest.dk/index.php/pages/439-deltagerliste-jylland-17-18-19-januar-2014" "Mozilla/5.0 (X11; Ubuntu; Linux x86_64; rv:25.0) Gecko/20100101 Firefox/25.0"
94.145.68.182 - - [04/Jan/2014:12:56:52 -0500] "GET /index.php/notifications?get=count HTTP/1.1" 200 24 "http://www.pacetest.dk/" "Mozilla/5.0 (Windows NT 6.2; WOW64; rv:26.0) Gecko/20100101 Firefox/26.0"
94.145.68.182 - - [04/Jan/2014:12:57:15 -0500] "GET /index.php/notifications?get=count HTTP/1.1" 200 24 "http://www.pacetest.dk/index.php/pages/439-deltagerliste-jylland-17-18-19-januar-2014" "Mozilla/5.0 (X11; Ubuntu; Linux x86_64; rv:25.0) Gecko/20100101 Firefox/25.0"
94.145.68.182 - - [04/Jan/2014:12:57:22 -0500] "GET /index.php/notifications?get=count HTTP/1.1" 200 24 "http://www.pacetest.dk/" "Mozilla/5.0 (Windows NT 6.2; WOW64; rv:26.0) Gecko/20100101 Firefox/26.0"
94.145.68.182 - - [04/Jan/2014:12:57:45 -0500] "GET /index.php/notifications?get=count HTTP/1.1" 200 24 "http://www.pacetest.dk/index.php/pages/439-deltagerliste-jylland-17-18-19-januar-2014" "Mozilla/5.0 (X11; Ubuntu; Linux x86_64; rv:25.0) Gecko/20100101 Firefox/25.0"
94.145.68.182 - - [04/Jan/2014:12:57:53 -0500] "GET /index.php/notifications?get=count HTTP/1.1" 200 24 "http://www.pacetest.dk/" "Mozilla/5.0 (Windows NT 6.2; WOW64; rv:26.0) Gecko/20100101 Firefox/26.0"
94.145.68.182 - - [04/Jan/2014:12:58:15 -0500] "GET /index.php/notifications?get=count HTTP/1.1" 200 24 "http://www.pacetest.dk/index.php/pages/439-deltagerliste-jylland-17-18-19-januar-2014" "Mozilla/5.0 (X11; Ubuntu; Linux x86_64; rv:25.0) Gecko/20100101 Firefox/25.0"
94.145.68.182 - - [04/Jan/2014:12:58:22 -0500] "GET /index.php/notifications?get=count HTTP/1.1" 200 24 "http://www.pacetest.dk/" "Mozilla/5.0 (Windows NT 6.2; WOW64; rv:26.0) Gecko/20100101 Firefox/26.0"
94.145.68.182 - - [04/Jan/2014:12:58:45 -0500] "GET /index.php/notifications?get=count HTTP/1.1" 200 24 "http://www.pacetest.dk/index.php/pages/439-deltagerliste-jylland-17-18-19-januar-2014" "Mozilla/5.0 (X11; Ubuntu; Linux x86_64; rv:25.0) Gecko/20100101 Firefox/25.0"
94.145.68.182 - - [04/Jan/2014:12:58:52 -0500] "GET /index.php/notifications?get=count HTTP/1.1" 200 24 "http://www.pacetest.dk/" "Mozilla/5.0 (Windows NT 6.2; WOW64; rv:26.0) Gecko/20100101 Firefox/26.0"
94.145.68.182 - - [04/Jan/2014:12:59:15 -0500] "GET /index.php/notifications?get=count HTTP/1.1" 200 24 "http://www.pacetest.dk/index.php/pages/439-deltagerliste-jylland-17-18-19-januar-2014" "Mozilla/5.0 (X11; Ubuntu; Linux x86_64; rv:25.0) Gecko/20100101 Firefox/25.0"
178.21.89.28 - - [04/Jan/2014:12:59:16 -0500] "GET /people/243/settings HTTP/1.1" 303 - "-" "Mozilla/5.0 (iPad; CPU OS 7_0_4 like Mac OS X) AppleWebKit/537.51.1 (KHTML, like Gecko) Version/7.0 Mobile/11B554a Safari/9537.53"
178.21.89.28 - - [04/Jan/2014:12:59:17 -0500] "GET /index.php/people/session?return=aHR0cDovL3d3dy5wYWNldGVzdC5kay9wZW9wbGUvMjQzL3NldHRpbmdz HTTP/1.1" 200 6940 "-" "Mozilla/5.0 (iPad; CPU OS 7_0_4 like Mac OS X) AppleWebKit/537.51.1 (KHTML, like Gecko) Version/7.0 Mobile/11B554a Safari/9537.53"
178.21.89.28 - - [04/Jan/2014:12:59:19 -0500] "GET /templates/shiraz/css/style1/style.css HTTP/1.1" 200 151926 "http://www.pacetest.dk/index.php/people/session?return=aHR0cDovL3d3dy5wYWNldGVzdC5kay9wZW9wbGUvMjQzL3NldHRpbmdz" "Mozilla/5.0 (iPad; CPU OS 7_0_4 like Mac OS X) AppleWebKit/537.51.1 (KHTML, like Gecko) Version/7.0 Mobile/11B554a Safari/9537.53"
178.21.89.28 - - [04/Jan/2014:12:59:19 -0500] "GET /media/lib_anahita/js/production/site.uncompressed.js HTTP/1.1" 200 542855 "http://www.pacetest.dk/index.php/people/session?return=aHR0cDovL3d3dy5wYWNldGVzdC5kay9wZW9wbGUvMjQzL3NldHRpbmdz" "Mozilla/5.0 (iPad; CPU OS 7_0_4 like Mac OS X) AppleWebKit/537.51.1 (KHTML, like Gecko) Version/7.0 Mobile/11B554a Safari/9537.53"
- - - [04/Jan/2014:12:59:19 -0500] "OPTIONS * HTTP/1.0" 200 - "-" "Apache/2.2.22 (Red Hat Enterprise Web Server) (internal dummy connection)"
178.21.89.28 - - [04/Jan/2014:12:59:20 -0500] "GET /apple-touch-icon-152x152-precomposed.png HTTP/1.1" 404 342 "-" "MobileSafari/9537.53 CFNetwork/672.0.8 Darwin/14.0.0"
178.21.89.28 - - [04/Jan/2014:12:59:20 -0500] "GET /apple-touch-icon-152x152.png HTTP/1.1" 404 330 "-" "MobileSafari/9537.53 CFNetwork/672.0.8 Darwin/14.0.0"
178.21.89.28 - - [04/Jan/2014:12:59:20 -0500] "GET /apple-touch-icon-precomposed.png HTTP/1.1" 404 334 "-" "MobileSafari/9537.53 CFNetwork/672.0.8 Darwin/14.0.0"
178.21.89.28 - - [04/Jan/2014:12:59:21 -0500] "GET /apple-touch-icon.png HTTP/1.1" 404 322 "-" "MobileSafari/9537.53 CFNetwork/672.0.8 Darwin/14.0.0"
94.145.68.182 - - [04/Jan/2014:12:59:22 -0500] "GET /index.php/notifications?get=count HTTP/1.1" 200 24 "http://www.pacetest.dk/" "Mozilla/5.0 (Windows NT 6.2; WOW64; rv:26.0) Gecko/20100101 Firefox/26.0"
94.145.68.182 - - [04/Jan/2014:12:59:45 -0500] "GET /index.php/notifications?get=count HTTP/1.1" 200 24 "http://www.pacetest.dk/index.php/pages/439-deltagerliste-jylland-17-18-19-januar-2014" "Mozilla/5.0 (X11; Ubuntu; Linux x86_64; rv:25.0) Gecko/20100101 Firefox/25.0"
94.145.68.182 - - [04/Jan/2014:12:59:53 -0500] "GET /index.php/notifications?get=count HTTP/1.1" 200 24 "http://www.pacetest.dk/" "Mozilla/5.0 (Windows NT 6.2; WOW64; rv:26.0) Gecko/20100101 Firefox/26.0"
94.145.68.182 - - [04/Jan/2014:13:00:15 -0500] "GET /index.php/notifications?get=count HTTP/1.1" 200 24 "http://www.pacetest.dk/index.php/pages/439-deltagerliste-jylland-17-18-19-januar-2014" "Mozilla/5.0 (X11; Ubuntu; Linux x86_64; rv:25.0) Gecko/20100101 Firefox/25.0"
94.145.68.182 - - [04/Jan/2014:13:00:22 -0500] "GET /index.php/notifications?get=count HTTP/1.1" 200 24 "http://www.pacetest.dk/" "Mozilla/5.0 (Windows NT 6.2; WOW64; rv:26.0) Gecko/20100101 Firefox/26.0"
94.145.68.182 - - [04/Jan/2014:13:00:45 -0500] "GET /index.php/notifications?get=count HTTP/1.1" 200 24 "http://www.pacetest.dk/index.php/pages/439-deltagerliste-jylland-17-18-19-januar-2014" "Mozilla/5.0 (X11; Ubuntu; Linux x86_64; rv:25.0) Gecko/20100101 Firefox/25.0"
94.145.68.182 - - [04/Jan/2014:13:00:52 -0500] "GET /index.php/notifications?get=count HTTP/1.1" 200 24 "http://www.pacetest.dk/" "Mozilla/5.0 (Windows NT 6.2; WOW64; rv:26.0) Gecko/20100101 Firefox/26.0"
94.145.68.182 - - [04/Jan/2014:13:01:15 -0500] "GET /index.php/notifications?get=count HTTP/1.1" 200 24 "http://www.pacetest.dk/index.php/pages/439-deltagerliste-jylland-17-18-19-januar-2014" "Mozilla/5.0 (X11; Ubuntu; Linux x86_64; rv:25.0) Gecko/20100101 Firefox/25.0"
94.145.68.182 - - [04/Jan/2014:13:01:22 -0500] "GET /index.php/notifications?get=count HTTP/1.1" 200 24 "http://www.pacetest.dk/" "Mozilla/5.0 (Windows NT 6.2; WOW64; rv:26.0) Gecko/20100101 Firefox/26.0"
94.145.68.182 - - [04/Jan/2014:13:01:45 -0500] "GET /index.php/notifications?get=count HTTP/1.1" 200 24 "http://www.pacetest.dk/index.php/pages/439-deltagerliste-jylland-17-18-19-januar-2014" "Mozilla/5.0 (X11; Ubuntu; Linux x86_64; rv:25.0) Gecko/20100101 Firefox/25.0"
94.145.68.182 - - [04/Jan/2014:13:01:52 -0500] "GET /index.php/notifications?get=count HTTP/1.1" 200 24 "http://www.pacetest.dk/" "Mozilla/5.0 (Windows NT 6.2; WOW64; rv:26.0) Gecko/20100101 Firefox/26.0"
