188.180.160.53 - - [15/Jan/2014:15:37:59 -0500] "GET /templates/shiraz/css/style1/style.css HTTP/1.1" 304 - "http://www.pacetest.dk/people/session?return=aHR0cDovL3d3dy5wYWNldGVzdC5kay9wYWdlcy80MzktZGVsdGFnZXJsaXN0ZS1qeWxsYW5kLTE3LTE4LTE5LWphbnVhci0yMDE0" "Mozilla/5.0 (iPhone; CPU iPhone OS 6_1_3 like Mac OS X) AppleWebKit/536.26 (KHTML, like Gecko) Version/6.0 Mobile/10B329 Safari/8536.25"
188.180.160.53 - - [15/Jan/2014:15:37:59 -0500] "GET /media/lib_anahita/js/production/site.js HTTP/1.1" 304 - "http://www.pacetest.dk/people/session?return=aHR0cDovL3d3dy5wYWNldGVzdC5kay9wYWdlcy80MzktZGVsdGFnZXJsaXN0ZS1qeWxsYW5kLTE3LTE4LTE5LWphbnVhci0yMDE0" "Mozilla/5.0 (iPhone; CPU iPhone OS 6_1_3 like Mac OS X) AppleWebKit/536.26 (KHTML, like Gecko) Version/6.0 Mobile/10B329 Safari/8536.25"
- - - [15/Jan/2014:15:37:59 -0500] "OPTIONS * HTTP/1.0" 200 - "-" "Apache/2.2.22 (Red Hat Enterprise Web Server) (internal dummy connection)"
94.145.68.182 - - [15/Jan/2014:15:38:26 -0500] "GET /notifications?get=count HTTP/1.1" 200 24 "http://www.pacetest.dk/" "Mozilla/5.0 (Windows NT 6.2; WOW64; rv:26.0) Gecko/20100101 Firefox/26.0"
94.145.68.182 - - [15/Jan/2014:15:38:56 -0500] "GET /notifications?get=count HTTP/1.1" 200 24 "http://www.pacetest.dk/" "Mozilla/5.0 (Windows NT 6.2; WOW64; rv:26.0) Gecko/20100101 Firefox/26.0"
94.145.68.182 - - [15/Jan/2014:15:39:26 -0500] "GET /notifications?get=count HTTP/1.1" 200 24 "http://www.pacetest.dk/" "Mozilla/5.0 (Windows NT 6.2; WOW64; rv:26.0) Gecko/20100101 Firefox/26.0"
94.145.68.182 - - [15/Jan/2014:15:39:56 -0500] "GET /notifications?get=count HTTP/1.1" 200 24 "http://www.pacetest.dk/" "Mozilla/5.0 (Windows NT 6.2; WOW64; rv:26.0) Gecko/20100101 Firefox/26.0"
94.145.68.182 - - [15/Jan/2014:15:40:26 -0500] "GET /notifications?get=count HTTP/1.1" 200 24 "http://www.pacetest.dk/" "Mozilla/5.0 (Windows NT 6.2; WOW64; rv:26.0) Gecko/20100101 Firefox/26.0"
94.145.68.182 - - [15/Jan/2014:15:40:56 -0500] "GET /notifications?get=count HTTP/1.1" 200 24 "http://www.pacetest.dk/" "Mozilla/5.0 (Windows NT 6.2; WOW64; rv:26.0) Gecko/20100101 Firefox/26.0"
94.145.68.182 - - [15/Jan/2014:15:41:26 -0500] "GET /notifications?get=count HTTP/1.1" 200 24 "http://www.pacetest.dk/" "Mozilla/5.0 (Windows NT 6.2; WOW64; rv:26.0) Gecko/20100101 Firefox/26.0"
94.145.68.182 - - [15/Jan/2014:15:41:56 -0500] "GET /notifications?get=count HTTP/1.1" 200 24 "http://www.pacetest.dk/" "Mozilla/5.0 (Windows NT 6.2; WOW64; rv:26.0) Gecko/20100101 Firefox/26.0"
94.145.68.182 - - [15/Jan/2014:15:42:26 -0500] "GET /notifications?get=count HTTP/1.1" 200 24 "http://www.pacetest.dk/" "Mozilla/5.0 (Windows NT 6.2; WOW64; rv:26.0) Gecko/20100101 Firefox/26.0"
94.145.68.182 - - [15/Jan/2014:15:42:56 -0500] "GET /notifications?get=count HTTP/1.1" 200 24 "http://www.pacetest.dk/" "Mozilla/5.0 (Windows NT 6.2; WOW64; rv:26.0) Gecko/20100101 Firefox/26.0"
94.145.68.182 - - [15/Jan/2014:15:43:26 -0500] "GET /notifications?get=count HTTP/1.1" 200 24 "http://www.pacetest.dk/" "Mozilla/5.0 (Windows NT 6.2; WOW64; rv:26.0) Gecko/20100101 Firefox/26.0"
94.145.68.182 - - [15/Jan/2014:15:43:56 -0500] "GET /notifications?get=count HTTP/1.1" 200 24 "http://www.pacetest.dk/" "Mozilla/5.0 (Windows NT 6.2; WOW64; rv:26.0) Gecko/20100101 Firefox/26.0"
94.145.68.182 - - [15/Jan/2014:15:44:26 -0500] "GET /notifications?get=count HTTP/1.1" 200 24 "http://www.pacetest.dk/" "Mozilla/5.0 (Windows NT 6.2; WOW64; rv:26.0) Gecko/20100101 Firefox/26.0"
94.145.68.182 - - [15/Jan/2014:15:44:56 -0500] "GET /notifications?get=count HTTP/1.1" 200 24 "http://www.pacetest.dk/" "Mozilla/5.0 (Windows NT 6.2; WOW64; rv:26.0) Gecko/20100101 Firefox/26.0"
94.145.68.182 - - [15/Jan/2014:15:45:26 -0500] "GET /notifications?get=count HTTP/1.1" 200 24 "http://www.pacetest.dk/" "Mozilla/5.0 (Windows NT 6.2; WOW64; rv:26.0) Gecko/20100101 Firefox/26.0"
94.145.68.182 - - [15/Jan/2014:15:45:56 -0500] "GET /notifications?get=count HTTP/1.1" 200 24 "http://www.pacetest.dk/" "Mozilla/5.0 (Windows NT 6.2; WOW64; rv:26.0) Gecko/20100101 Firefox/26.0"
94.145.68.182 - - [15/Jan/2014:15:46:26 -0500] "GET /notifications?get=count HTTP/1.1" 200 24 "http://www.pacetest.dk/" "Mozilla/5.0 (Windows NT 6.2; WOW64; rv:26.0) Gecko/20100101 Firefox/26.0"
94.145.68.182 - - [15/Jan/2014:15:46:56 -0500] "GET /notifications?get=count HTTP/1.1" 200 24 "http://www.pacetest.dk/" "Mozilla/5.0 (Windows NT 6.2; WOW64; rv:26.0) Gecko/20100101 Firefox/26.0"
94.145.68.182 - - [15/Jan/2014:15:47:26 -0500] "GET /notifications?get=count HTTP/1.1" 200 24 "http://www.pacetest.dk/" "Mozilla/5.0 (Windows NT 6.2; WOW64; rv:26.0) Gecko/20100101 Firefox/26.0"
94.145.68.182 - - [15/Jan/2014:15:47:56 -0500] "GET /notifications?get=count HTTP/1.1" 200 24 "http://www.pacetest.dk/" "Mozilla/5.0 (Windows NT 6.2; WOW64; rv:26.0) Gecko/20100101 Firefox/26.0"
94.145.68.182 - - [15/Jan/2014:15:48:26 -0500] "GET /notifications?get=count HTTP/1.1" 200 24 "http://www.pacetest.dk/" "Mozilla/5.0 (Windows NT 6.2; WOW64; rv:26.0) Gecko/20100101 Firefox/26.0"
94.145.68.182 - - [15/Jan/2014:15:48:56 -0500] "GET /notifications?get=count HTTP/1.1" 200 24 "http://www.pacetest.dk/" "Mozilla/5.0 (Windows NT 6.2; WOW64; rv:26.0) Gecko/20100101 Firefox/26.0"
94.145.68.182 - - [15/Jan/2014:15:49:26 -0500] "GET /notifications?get=count HTTP/1.1" 200 24 "http://www.pacetest.dk/" "Mozilla/5.0 (Windows NT 6.2; WOW64; rv:26.0) Gecko/20100101 Firefox/26.0"
94.145.68.182 - - [15/Jan/2014:15:49:56 -0500] "GET /notifications?get=count HTTP/1.1" 200 24 "http://www.pacetest.dk/" "Mozilla/5.0 (Windows NT 6.2; WOW64; rv:26.0) Gecko/20100101 Firefox/26.0"
94.145.68.182 - - [15/Jan/2014:15:50:26 -0500] "GET /notifications?get=count HTTP/1.1" 200 24 "http://www.pacetest.dk/" "Mozilla/5.0 (Windows NT 6.2; WOW64; rv:26.0) Gecko/20100101 Firefox/26.0"
94.145.68.182 - - [15/Jan/2014:15:50:56 -0500] "GET /notifications?get=count HTTP/1.1" 200 24 "http://www.pacetest.dk/" "Mozilla/5.0 (Windows NT 6.2; WOW64; rv:26.0) Gecko/20100101 Firefox/26.0"
94.145.68.182 - - [15/Jan/2014:15:51:26 -0500] "GET /notifications?get=count HTTP/1.1" 200 24 "http://www.pacetest.dk/" "Mozilla/5.0 (Windows NT 6.2; WOW64; rv:26.0) Gecko/20100101 Firefox/26.0"
94.145.68.182 - - [15/Jan/2014:15:51:56 -0500] "GET /notifications?get=count HTTP/1.1" 200 24 "http://www.pacetest.dk/" "Mozilla/5.0 (Windows NT 6.2; WOW64; rv:26.0) Gecko/20100101 Firefox/26.0"
94.145.68.182 - - [15/Jan/2014:15:52:26 -0500] "GET /notifications?get=count HTTP/1.1" 200 24 "http://www.pacetest.dk/" "Mozilla/5.0 (Windows NT 6.2; WOW64; rv:26.0) Gecko/20100101 Firefox/26.0"
94.145.68.182 - - [15/Jan/2014:15:52:56 -0500] "GET /notifications?get=count HTTP/1.1" 200 24 "http://www.pacetest.dk/" "Mozilla/5.0 (Windows NT 6.2; WOW64; rv:26.0) Gecko/20100101 Firefox/26.0"
94.145.68.182 - - [15/Jan/2014:15:53:26 -0500] "GET /notifications?get=count HTTP/1.1" 200 24 "http://www.pacetest.dk/" "Mozilla/5.0 (Windows NT 6.2; WOW64; rv:26.0) Gecko/20100101 Firefox/26.0"
94.145.68.182 - - [15/Jan/2014:15:53:56 -0500] "GET /notifications?get=count HTTP/1.1" 200 24 "http://www.pacetest.dk/" "Mozilla/5.0 (Windows NT 6.2; WOW64; rv:26.0) Gecko/20100101 Firefox/26.0"
94.145.68.182 - - [15/Jan/2014:15:54:26 -0500] "GET /notifications?get=count HTTP/1.1" 200 24 "http://www.pacetest.dk/" "Mozilla/5.0 (Windows NT 6.2; WOW64; rv:26.0) Gecko/20100101 Firefox/26.0"
94.145.68.182 - - [15/Jan/2014:15:54:56 -0500] "GET /notifications?get=count HTTP/1.1" 200 24 "http://www.pacetest.dk/" "Mozilla/5.0 (Windows NT 6.2; WOW64; rv:26.0) Gecko/20100101 Firefox/26.0"
94.145.68.182 - - [15/Jan/2014:15:55:26 -0500] "GET /notifications?get=count HTTP/1.1" 200 24 "http://www.pacetest.dk/" "Mozilla/5.0 (Windows NT 6.2; WOW64; rv:26.0) Gecko/20100101 Firefox/26.0"
94.145.68.182 - - [15/Jan/2014:15:55:56 -0500] "GET /notifications?get=count HTTP/1.1" 200 24 "http://www.pacetest.dk/" "Mozilla/5.0 (Windows NT 6.2; WOW64; rv:26.0) Gecko/20100101 Firefox/26.0"
94.145.68.182 - - [15/Jan/2014:15:56:26 -0500] "GET /notifications?get=count HTTP/1.1" 200 24 "http://www.pacetest.dk/" "Mozilla/5.0 (Windows NT 6.2; WOW64; rv:26.0) Gecko/20100101 Firefox/26.0"
94.145.68.182 - - [15/Jan/2014:15:56:56 -0500] "GET /notifications?get=count HTTP/1.1" 200 24 "http://www.pacetest.dk/" "Mozilla/5.0 (Windows NT 6.2; WOW64; rv:26.0) Gecko/20100101 Firefox/26.0"
94.145.68.182 - - [15/Jan/2014:15:57:26 -0500] "GET /notifications?get=count HTTP/1.1" 200 24 "http://www.pacetest.dk/" "Mozilla/5.0 (Windows NT 6.2; WOW64; rv:26.0) Gecko/20100101 Firefox/26.0"
94.145.68.182 - - [15/Jan/2014:15:57:56 -0500] "GET /notifications?get=count HTTP/1.1" 200 24 "http://www.pacetest.dk/" "Mozilla/5.0 (Windows NT 6.2; WOW64; rv:26.0) Gecko/20100101 Firefox/26.0"
94.145.68.182 - - [15/Jan/2014:15:58:26 -0500] "GET /notifications?get=count HTTP/1.1" 200 24 "http://www.pacetest.dk/" "Mozilla/5.0 (Windows NT 6.2; WOW64; rv:26.0) Gecko/20100101 Firefox/26.0"
94.145.68.182 - - [15/Jan/2014:15:58:56 -0500] "GET /notifications?get=count HTTP/1.1" 200 24 "http://www.pacetest.dk/" "Mozilla/5.0 (Windows NT 6.2; WOW64; rv:26.0) Gecko/20100101 Firefox/26.0"
94.145.68.182 - - [15/Jan/2014:15:59:26 -0500] "GET /notifications?get=count HTTP/1.1" 200 24 "http://www.pacetest.dk/" "Mozilla/5.0 (Windows NT 6.2; WOW64; rv:26.0) Gecko/20100101 Firefox/26.0"
94.145.68.182 - - [15/Jan/2014:15:59:56 -0500] "GET /notifications?get=count HTTP/1.1" 200 24 "http://www.pacetest.dk/" "Mozilla/5.0 (Windows NT 6.2; WOW64; rv:26.0) Gecko/20100101 Firefox/26.0"
94.145.68.182 - - [15/Jan/2014:16:00:26 -0500] "GET /notifications?get=count HTTP/1.1" 200 24 "http://www.pacetest.dk/" "Mozilla/5.0 (Windows NT 6.2; WOW64; rv:26.0) Gecko/20100101 Firefox/26.0"
94.145.68.182 - - [15/Jan/2014:16:00:56 -0500] "GET /notifications?get=count HTTP/1.1" 200 24 "http://www.pacetest.dk/" "Mozilla/5.0 (Windows NT 6.2; WOW64; rv:26.0) Gecko/20100101 Firefox/26.0"
94.145.68.182 - - [15/Jan/2014:16:01:26 -0500] "GET /notifications?get=count HTTP/1.1" 200 24 "http://www.pacetest.dk/" "Mozilla/5.0 (Windows NT 6.2; WOW64; rv:26.0) Gecko/20100101 Firefox/26.0"
94.145.68.182 - - [15/Jan/2014:16:01:56 -0500] "GET /notifications?get=count HTTP/1.1" 200 24 "http://www.pacetest.dk/" "Mozilla/5.0 (Windows NT 6.2; WOW64; rv:26.0) Gecko/20100101 Firefox/26.0"
94.145.68.182 - - [15/Jan/2014:16:02:26 -0500] "GET /notifications?get=count HTTP/1.1" 200 24 "http://www.pacetest.dk/" "Mozilla/5.0 (Windows NT 6.2; WOW64; rv:26.0) Gecko/20100101 Firefox/26.0"
94.145.68.182 - - [15/Jan/2014:16:02:56 -0500] "GET /notifications?get=count HTTP/1.1" 200 24 "http://www.pacetest.dk/" "Mozilla/5.0 (Windows NT 6.2; WOW64; rv:26.0) Gecko/20100101 Firefox/26.0"
94.145.68.182 - - [15/Jan/2014:16:03:26 -0500] "GET /notifications?get=count HTTP/1.1" 200 24 "http://www.pacetest.dk/" "Mozilla/5.0 (Windows NT 6.2; WOW64; rv:26.0) Gecko/20100101 Firefox/26.0"
94.145.68.182 - - [15/Jan/2014:16:03:56 -0500] "GET /notifications?get=count HTTP/1.1" 200 24 "http://www.pacetest.dk/" "Mozilla/5.0 (Windows NT 6.2; WOW64; rv:26.0) Gecko/20100101 Firefox/26.0"
94.145.68.182 - - [15/Jan/2014:16:04:26 -0500] "GET /notifications?get=count HTTP/1.1" 200 24 "http://www.pacetest.dk/" "Mozilla/5.0 (Windows NT 6.2; WOW64; rv:26.0) Gecko/20100101 Firefox/26.0"
94.145.68.182 - - [15/Jan/2014:16:04:56 -0500] "GET /notifications?get=count HTTP/1.1" 200 24 "http://www.pacetest.dk/" "Mozilla/5.0 (Windows NT 6.2; WOW64; rv:26.0) Gecko/20100101 Firefox/26.0"
94.145.68.182 - - [15/Jan/2014:16:05:26 -0500] "GET /notifications?get=count HTTP/1.1" 200 24 "http://www.pacetest.dk/" "Mozilla/5.0 (Windows NT 6.2; WOW64; rv:26.0) Gecko/20100101 Firefox/26.0"
94.145.68.182 - - [15/Jan/2014:16:05:56 -0500] "GET /notifications?get=count HTTP/1.1" 200 24 "http://www.pacetest.dk/" "Mozilla/5.0 (Windows NT 6.2; WOW64; rv:26.0) Gecko/20100101 Firefox/26.0"
94.145.68.182 - - [15/Jan/2014:16:06:26 -0500] "GET /notifications?get=count HTTP/1.1" 200 24 "http://www.pacetest.dk/" "Mozilla/5.0 (Windows NT 6.2; WOW64; rv:26.0) Gecko/20100101 Firefox/26.0"
94.145.68.182 - - [15/Jan/2014:16:06:56 -0500] "GET /notifications?get=count HTTP/1.1" 200 24 "http://www.pacetest.dk/" "Mozilla/5.0 (Windows NT 6.2; WOW64; rv:26.0) Gecko/20100101 Firefox/26.0"
94.145.68.182 - - [15/Jan/2014:16:07:26 -0500] "GET /notifications?get=count HTTP/1.1" 200 24 "http://www.pacetest.dk/" "Mozilla/5.0 (Windows NT 6.2; WOW64; rv:26.0) Gecko/20100101 Firefox/26.0"
94.145.68.182 - - [15/Jan/2014:16:07:56 -0500] "GET /notifications?get=count HTTP/1.1" 200 24 "http://www.pacetest.dk/" "Mozilla/5.0 (Windows NT 6.2; WOW64; rv:26.0) Gecko/20100101 Firefox/26.0"
94.145.68.182 - - [15/Jan/2014:16:08:26 -0500] "GET /notifications?get=count HTTP/1.1" 200 24 "http://www.pacetest.dk/" "Mozilla/5.0 (Windows NT 6.2; WOW64; rv:26.0) Gecko/20100101 Firefox/26.0"
94.145.68.182 - - [15/Jan/2014:16:08:56 -0500] "GET /notifications?get=count HTTP/1.1" 200 24 "http://www.pacetest.dk/" "Mozilla/5.0 (Windows NT 6.2; WOW64; rv:26.0) Gecko/20100101 Firefox/26.0"
94.145.68.182 - - [15/Jan/2014:16:09:26 -0500] "GET /notifications?get=count HTTP/1.1" 200 24 "http://www.pacetest.dk/" "Mozilla/5.0 (Windows NT 6.2; WOW64; rv:26.0) Gecko/20100101 Firefox/26.0"
94.145.68.182 - - [15/Jan/2014:16:09:56 -0500] "GET /notifications?get=count HTTP/1.1" 200 24 "http://www.pacetest.dk/" "Mozilla/5.0 (Windows NT 6.2; WOW64; rv:26.0) Gecko/20100101 Firefox/26.0"
10.110.62.41 - - [15/Jan/2014:16:10:17 -0500] "GET / HTTP/1.1" 200 7852 "-" "Ruby"
10.110.62.41 - - [15/Jan/2014:16:10:20 -0500] "GET / HTTP/1.1" 200 7855 "-" "Ruby"
94.145.68.182 - - [15/Jan/2014:16:10:26 -0500] "GET /notifications?get=count HTTP/1.1" 200 24 "http://www.pacetest.dk/" "Mozilla/5.0 (Windows NT 6.2; WOW64; rv:26.0) Gecko/20100101 Firefox/26.0"
94.145.68.182 - - [15/Jan/2014:16:10:56 -0500] "GET /notifications?get=count HTTP/1.1" 200 24 "http://www.pacetest.dk/" "Mozilla/5.0 (Windows NT 6.2; WOW64; rv:26.0) Gecko/20100101 Firefox/26.0"
94.145.68.182 - - [15/Jan/2014:16:11:26 -0500] "GET /notifications?get=count HTTP/1.1" 200 24 "http://www.pacetest.dk/" "Mozilla/5.0 (Windows NT 6.2; WOW64; rv:26.0) Gecko/20100101 Firefox/26.0"
94.145.68.182 - - [15/Jan/2014:16:11:56 -0500] "GET /notifications?get=count HTTP/1.1" 200 24 "http://www.pacetest.dk/" "Mozilla/5.0 (Windows NT 6.2; WOW64; rv:26.0) Gecko/20100101 Firefox/26.0"
94.145.68.182 - - [15/Jan/2014:16:12:26 -0500] "GET /notifications?get=count HTTP/1.1" 200 24 "http://www.pacetest.dk/" "Mozilla/5.0 (Windows NT 6.2; WOW64; rv:26.0) Gecko/20100101 Firefox/26.0"
94.145.68.182 - - [15/Jan/2014:16:12:56 -0500] "GET /notifications?get=count HTTP/1.1" 200 24 "http://www.pacetest.dk/" "Mozilla/5.0 (Windows NT 6.2; WOW64; rv:26.0) Gecko/20100101 Firefox/26.0"
94.145.68.182 - - [15/Jan/2014:16:13:26 -0500] "GET /notifications?get=count HTTP/1.1" 200 24 "http://www.pacetest.dk/" "Mozilla/5.0 (Windows NT 6.2; WOW64; rv:26.0) Gecko/20100101 Firefox/26.0"
94.145.68.182 - - [15/Jan/2014:16:13:56 -0500] "GET /notifications?get=count HTTP/1.1" 200 24 "http://www.pacetest.dk/" "Mozilla/5.0 (Windows NT 6.2; WOW64; rv:26.0) Gecko/20100101 Firefox/26.0"
94.145.68.182 - - [15/Jan/2014:16:14:26 -0500] "GET /notifications?get=count HTTP/1.1" 200 24 "http://www.pacetest.dk/" "Mozilla/5.0 (Windows NT 6.2; WOW64; rv:26.0) Gecko/20100101 Firefox/26.0"
94.145.68.182 - - [15/Jan/2014:16:14:56 -0500] "GET /notifications?get=count HTTP/1.1" 200 24 "http://www.pacetest.dk/" "Mozilla/5.0 (Windows NT 6.2; WOW64; rv:26.0) Gecko/20100101 Firefox/26.0"
94.145.68.182 - - [15/Jan/2014:16:15:26 -0500] "GET /notifications?get=count HTTP/1.1" 200 24 "http://www.pacetest.dk/" "Mozilla/5.0 (Windows NT 6.2; WOW64; rv:26.0) Gecko/20100101 Firefox/26.0"
94.145.68.182 - - [15/Jan/2014:16:15:56 -0500] "GET /notifications?get=count HTTP/1.1" 200 24 "http://www.pacetest.dk/" "Mozilla/5.0 (Windows NT 6.2; WOW64; rv:26.0) Gecko/20100101 Firefox/26.0"
94.145.68.182 - - [15/Jan/2014:16:16:26 -0500] "GET /notifications?get=count HTTP/1.1" 200 24 "http://www.pacetest.dk/" "Mozilla/5.0 (Windows NT 6.2; WOW64; rv:26.0) Gecko/20100101 Firefox/26.0"
94.145.68.182 - - [15/Jan/2014:16:16:56 -0500] "GET /notifications?get=count HTTP/1.1" 200 24 "http://www.pacetest.dk/" "Mozilla/5.0 (Windows NT 6.2; WOW64; rv:26.0) Gecko/20100101 Firefox/26.0"
94.145.68.182 - - [15/Jan/2014:16:17:26 -0500] "GET /notifications?get=count HTTP/1.1" 200 24 "http://www.pacetest.dk/" "Mozilla/5.0 (Windows NT 6.2; WOW64; rv:26.0) Gecko/20100101 Firefox/26.0"
94.145.68.182 - - [15/Jan/2014:16:17:56 -0500] "GET /notifications?get=count HTTP/1.1" 200 24 "http://www.pacetest.dk/" "Mozilla/5.0 (Windows NT 6.2; WOW64; rv:26.0) Gecko/20100101 Firefox/26.0"
94.145.68.182 - - [15/Jan/2014:16:18:26 -0500] "GET /notifications?get=count HTTP/1.1" 200 24 "http://www.pacetest.dk/" "Mozilla/5.0 (Windows NT 6.2; WOW64; rv:26.0) Gecko/20100101 Firefox/26.0"
94.145.68.182 - - [15/Jan/2014:16:18:56 -0500] "GET /notifications?get=count HTTP/1.1" 200 24 "http://www.pacetest.dk/" "Mozilla/5.0 (Windows NT 6.2; WOW64; rv:26.0) Gecko/20100101 Firefox/26.0"
94.145.68.182 - - [15/Jan/2014:16:19:26 -0500] "GET /notifications?get=count HTTP/1.1" 200 24 "http://www.pacetest.dk/" "Mozilla/5.0 (Windows NT 6.2; WOW64; rv:26.0) Gecko/20100101 Firefox/26.0"
94.145.68.182 - - [15/Jan/2014:16:19:56 -0500] "GET /notifications?get=count HTTP/1.1" 200 24 "http://www.pacetest.dk/" "Mozilla/5.0 (Windows NT 6.2; WOW64; rv:26.0) Gecko/20100101 Firefox/26.0"
94.145.68.182 - - [15/Jan/2014:16:20:26 -0500] "GET /notifications?get=count HTTP/1.1" 200 24 "http://www.pacetest.dk/" "Mozilla/5.0 (Windows NT 6.2; WOW64; rv:26.0) Gecko/20100101 Firefox/26.0"
94.145.68.182 - - [15/Jan/2014:16:20:56 -0500] "GET /notifications?get=count HTTP/1.1" 200 24 "http://www.pacetest.dk/" "Mozilla/5.0 (Windows NT 6.2; WOW64; rv:26.0) Gecko/20100101 Firefox/26.0"
94.145.68.182 - - [15/Jan/2014:16:21:26 -0500] "GET /notifications?get=count HTTP/1.1" 200 24 "http://www.pacetest.dk/" "Mozilla/5.0 (Windows NT 6.2; WOW64; rv:26.0) Gecko/20100101 Firefox/26.0"
94.145.68.182 - - [15/Jan/2014:16:21:56 -0500] "GET /notifications?get=count HTTP/1.1" 200 24 "http://www.pacetest.dk/" "Mozilla/5.0 (Windows NT 6.2; WOW64; rv:26.0) Gecko/20100101 Firefox/26.0"
94.145.68.182 - - [15/Jan/2014:16:22:26 -0500] "GET /notifications?get=count HTTP/1.1" 200 24 "http://www.pacetest.dk/" "Mozilla/5.0 (Windows NT 6.2; WOW64; rv:26.0) Gecko/20100101 Firefox/26.0"
94.145.68.182 - - [15/Jan/2014:16:22:56 -0500] "GET /notifications?get=count HTTP/1.1" 200 24 "http://www.pacetest.dk/" "Mozilla/5.0 (Windows NT 6.2; WOW64; rv:26.0) Gecko/20100101 Firefox/26.0"
94.145.68.182 - - [15/Jan/2014:16:23:26 -0500] "GET /notifications?get=count HTTP/1.1" 200 24 "http://www.pacetest.dk/" "Mozilla/5.0 (Windows NT 6.2; WOW64; rv:26.0) Gecko/20100101 Firefox/26.0"
94.145.68.182 - - [15/Jan/2014:16:23:56 -0500] "GET /notifications?get=count HTTP/1.1" 200 24 "http://www.pacetest.dk/" "Mozilla/5.0 (Windows NT 6.2; WOW64; rv:26.0) Gecko/20100101 Firefox/26.0"
94.145.68.182 - - [15/Jan/2014:16:24:26 -0500] "GET /notifications?get=count HTTP/1.1" 200 24 "http://www.pacetest.dk/" "Mozilla/5.0 (Windows NT 6.2; WOW64; rv:26.0) Gecko/20100101 Firefox/26.0"
94.145.68.182 - - [15/Jan/2014:16:24:56 -0500] "GET /notifications?get=count HTTP/1.1" 200 24 "http://www.pacetest.dk/" "Mozilla/5.0 (Windows NT 6.2; WOW64; rv:26.0) Gecko/20100101 Firefox/26.0"
94.145.68.182 - - [15/Jan/2014:16:25:26 -0500] "GET /notifications?get=count HTTP/1.1" 200 24 "http://www.pacetest.dk/" "Mozilla/5.0 (Windows NT 6.2; WOW64; rv:26.0) Gecko/20100101 Firefox/26.0"
94.145.68.182 - - [15/Jan/2014:16:25:57 -0500] "GET /notifications?get=count HTTP/1.1" 200 24 "http://www.pacetest.dk/" "Mozilla/5.0 (Windows NT 6.2; WOW64; rv:26.0) Gecko/20100101 Firefox/26.0"
94.145.68.182 - - [15/Jan/2014:16:26:26 -0500] "GET /notifications?get=count HTTP/1.1" 200 24 "http://www.pacetest.dk/" "Mozilla/5.0 (Windows NT 6.2; WOW64; rv:26.0) Gecko/20100101 Firefox/26.0"
94.145.68.182 - - [15/Jan/2014:16:26:56 -0500] "GET /notifications?get=count HTTP/1.1" 200 24 "http://www.pacetest.dk/" "Mozilla/5.0 (Windows NT 6.2; WOW64; rv:26.0) Gecko/20100101 Firefox/26.0"
94.145.68.182 - - [15/Jan/2014:16:27:26 -0500] "GET /notifications?get=count HTTP/1.1" 200 24 "http://www.pacetest.dk/" "Mozilla/5.0 (Windows NT 6.2; WOW64; rv:26.0) Gecko/20100101 Firefox/26.0"
94.145.68.182 - - [15/Jan/2014:16:27:56 -0500] "GET /notifications?get=count HTTP/1.1" 200 24 "http://www.pacetest.dk/" "Mozilla/5.0 (Windows NT 6.2; WOW64; rv:26.0) Gecko/20100101 Firefox/26.0"
94.145.68.182 - - [15/Jan/2014:16:28:26 -0500] "GET /notifications?get=count HTTP/1.1" 200 24 "http://www.pacetest.dk/" "Mozilla/5.0 (Windows NT 6.2; WOW64; rv:26.0) Gecko/20100101 Firefox/26.0"
94.145.68.182 - - [15/Jan/2014:16:28:56 -0500] "GET /notifications?get=count HTTP/1.1" 200 24 "http://www.pacetest.dk/" "Mozilla/5.0 (Windows NT 6.2; WOW64; rv:26.0) Gecko/20100101 Firefox/26.0"
94.145.68.182 - - [15/Jan/2014:16:29:26 -0500] "GET /notifications?get=count HTTP/1.1" 200 24 "http://www.pacetest.dk/" "Mozilla/5.0 (Windows NT 6.2; WOW64; rv:26.0) Gecko/20100101 Firefox/26.0"
94.145.68.182 - - [15/Jan/2014:16:29:56 -0500] "GET /notifications?get=count HTTP/1.1" 200 24 "http://www.pacetest.dk/" "Mozilla/5.0 (Windows NT 6.2; WOW64; rv:26.0) Gecko/20100101 Firefox/26.0"
94.145.68.182 - - [15/Jan/2014:16:30:26 -0500] "GET /notifications?get=count HTTP/1.1" 200 24 "http://www.pacetest.dk/" "Mozilla/5.0 (Windows NT 6.2; WOW64; rv:26.0) Gecko/20100101 Firefox/26.0"
94.145.68.182 - - [15/Jan/2014:16:30:56 -0500] "GET /notifications?get=count HTTP/1.1" 200 24 "http://www.pacetest.dk/" "Mozilla/5.0 (Windows NT 6.2; WOW64; rv:26.0) Gecko/20100101 Firefox/26.0"
94.145.68.182 - - [15/Jan/2014:16:31:26 -0500] "GET /notifications?get=count HTTP/1.1" 200 24 "http://www.pacetest.dk/" "Mozilla/5.0 (Windows NT 6.2; WOW64; rv:26.0) Gecko/20100101 Firefox/26.0"
94.145.68.182 - - [15/Jan/2014:16:31:56 -0500] "GET /notifications?get=count HTTP/1.1" 200 24 "http://www.pacetest.dk/" "Mozilla/5.0 (Windows NT 6.2; WOW64; rv:26.0) Gecko/20100101 Firefox/26.0"
94.145.68.182 - - [15/Jan/2014:16:32:26 -0500] "GET /notifications?get=count HTTP/1.1" 200 24 "http://www.pacetest.dk/" "Mozilla/5.0 (Windows NT 6.2; WOW64; rv:26.0) Gecko/20100101 Firefox/26.0"
94.145.68.182 - - [15/Jan/2014:16:32:56 -0500] "GET /notifications?get=count HTTP/1.1" 200 24 "http://www.pacetest.dk/" "Mozilla/5.0 (Windows NT 6.2; WOW64; rv:26.0) Gecko/20100101 Firefox/26.0"
94.145.68.182 - - [15/Jan/2014:16:33:27 -0500] "GET /notifications?get=count HTTP/1.1" 200 24 "http://www.pacetest.dk/" "Mozilla/5.0 (Windows NT 6.2; WOW64; rv:26.0) Gecko/20100101 Firefox/26.0"
94.145.68.182 - - [15/Jan/2014:16:33:56 -0500] "GET /notifications?get=count HTTP/1.1" 200 24 "http://www.pacetest.dk/" "Mozilla/5.0 (Windows NT 6.2; WOW64; rv:26.0) Gecko/20100101 Firefox/26.0"
94.145.68.182 - - [15/Jan/2014:16:34:26 -0500] "GET /notifications?get=count HTTP/1.1" 200 24 "http://www.pacetest.dk/" "Mozilla/5.0 (Windows NT 6.2; WOW64; rv:26.0) Gecko/20100101 Firefox/26.0"
94.145.68.182 - - [15/Jan/2014:16:34:56 -0500] "GET /notifications?get=count HTTP/1.1" 200 24 "http://www.pacetest.dk/" "Mozilla/5.0 (Windows NT 6.2; WOW64; rv:26.0) Gecko/20100101 Firefox/26.0"
94.145.68.182 - - [15/Jan/2014:16:35:26 -0500] "GET /notifications?get=count HTTP/1.1" 200 24 "http://www.pacetest.dk/" "Mozilla/5.0 (Windows NT 6.2; WOW64; rv:26.0) Gecko/20100101 Firefox/26.0"
94.145.68.182 - - [15/Jan/2014:16:35:56 -0500] "GET /notifications?get=count HTTP/1.1" 200 24 "http://www.pacetest.dk/" "Mozilla/5.0 (Windows NT 6.2; WOW64; rv:26.0) Gecko/20100101 Firefox/26.0"
94.145.68.182 - - [15/Jan/2014:16:36:26 -0500] "GET /notifications?get=count HTTP/1.1" 200 24 "http://www.pacetest.dk/" "Mozilla/5.0 (Windows NT 6.2; WOW64; rv:26.0) Gecko/20100101 Firefox/26.0"
94.145.68.182 - - [15/Jan/2014:16:36:56 -0500] "GET /notifications?get=count HTTP/1.1" 200 24 "http://www.pacetest.dk/" "Mozilla/5.0 (Windows NT 6.2; WOW64; rv:26.0) Gecko/20100101 Firefox/26.0"
94.145.68.182 - - [15/Jan/2014:16:37:26 -0500] "GET /notifications?get=count HTTP/1.1" 200 24 "http://www.pacetest.dk/" "Mozilla/5.0 (Windows NT 6.2; WOW64; rv:26.0) Gecko/20100101 Firefox/26.0"
94.145.68.182 - - [15/Jan/2014:16:37:56 -0500] "GET /notifications?get=count HTTP/1.1" 200 24 "http://www.pacetest.dk/" "Mozilla/5.0 (Windows NT 6.2; WOW64; rv:26.0) Gecko/20100101 Firefox/26.0"
94.145.68.182 - - [15/Jan/2014:16:38:26 -0500] "GET /notifications?get=count HTTP/1.1" 200 24 "http://www.pacetest.dk/" "Mozilla/5.0 (Windows NT 6.2; WOW64; rv:26.0) Gecko/20100101 Firefox/26.0"
94.145.68.182 - - [15/Jan/2014:16:38:56 -0500] "GET /notifications?get=count HTTP/1.1" 200 24 "http://www.pacetest.dk/" "Mozilla/5.0 (Windows NT 6.2; WOW64; rv:26.0) Gecko/20100101 Firefox/26.0"
94.145.68.182 - - [15/Jan/2014:16:39:26 -0500] "GET /notifications?get=count HTTP/1.1" 200 24 "http://www.pacetest.dk/" "Mozilla/5.0 (Windows NT 6.2; WOW64; rv:26.0) Gecko/20100101 Firefox/26.0"
94.145.68.182 - - [15/Jan/2014:16:39:56 -0500] "GET /notifications?get=count HTTP/1.1" 200 24 "http://www.pacetest.dk/" "Mozilla/5.0 (Windows NT 6.2; WOW64; rv:26.0) Gecko/20100101 Firefox/26.0"
188.180.160.53 - - [15/Jan/2014:16:39:59 -0500] "GET / HTTP/1.1" 200 7760 "http://www.google.dk/url?sa=t&rct=j&q=&esrc=s&source=web&cd=1&ved=0CC4QFjAA&url=http%3A%2F%2Fwww.pacetest.dk%2F&ei=KwDXUrvwH6jC4gSViYCACw&usg=AFQjCNF6nkr7y63WgWcIdfUoXl9YYgY-yA&bvm=bv.59378465,bs.1,d.bGE" "Mozilla/5.0 (Windows NT 6.1; WOW64; Trident/7.0; MALC; rv:11.0) like Gecko"
188.180.160.53 - - [15/Jan/2014:16:40:00 -0500] "GET /templates/shiraz/css/style1/style.css HTTP/1.1" 304 - "http://www.pacetest.dk/" "Mozilla/5.0 (Windows NT 6.1; WOW64; Trident/7.0; MALC; rv:11.0) like Gecko"
188.180.160.53 - - [15/Jan/2014:16:40:01 -0500] "GET /media/lib_anahita/js/production/site.js HTTP/1.1" 304 - "http://www.pacetest.dk/" "Mozilla/5.0 (Windows NT 6.1; WOW64; Trident/7.0; MALC; rv:11.0) like Gecko"
188.180.160.53 - - [15/Jan/2014:16:40:01 -0500] "GET /templates/base/css/images/icon-socialmedia-white.png HTTP/1.1" 200 5419 "http://www.pacetest.dk/" "Mozilla/5.0 (Windows NT 6.1; WOW64; Trident/7.0; MALC; rv:11.0) like Gecko"
188.180.160.53 - - [15/Jan/2014:16:40:01 -0500] "GET /templates/base/css/images/logo.png HTTP/1.1" 200 5272 "http://www.pacetest.dk/" "Mozilla/5.0 (Windows NT 6.1; WOW64; Trident/7.0; MALC; rv:11.0) like Gecko"
188.180.160.53 - - [15/Jan/2014:16:40:01 -0500] "GET /templates/base/css/images/icon-socialmedia.png HTTP/1.1" 200 6399 "http://www.pacetest.dk/" "Mozilla/5.0 (Windows NT 6.1; WOW64; Trident/7.0; MALC; rv:11.0) like Gecko"
188.180.160.53 - - [15/Jan/2014:16:40:02 -0500] "GET /templates/base/css/images/favicon.ico HTTP/1.1" 200 1150 "-" "Mozilla/5.0 (Windows NT 6.1; WOW64; Trident/7.0; MALC; rv:11.0) like Gecko"
94.145.68.182 - - [15/Jan/2014:16:40:26 -0500] "GET /notifications?get=count HTTP/1.1" 200 24 "http://www.pacetest.dk/" "Mozilla/5.0 (Windows NT 6.2; WOW64; rv:26.0) Gecko/20100101 Firefox/26.0"
188.180.160.53 - - [15/Jan/2014:16:40:41 -0500] "GET /templates/base/css/images/spinner.gif HTTP/1.1" 200 723 "http://www.pacetest.dk/" "Mozilla/5.0 (Windows NT 6.1; WOW64; Trident/7.0; MALC; rv:11.0) like Gecko"
188.180.160.53 - - [15/Jan/2014:16:40:41 -0500] "GET /people/session?layout=modal&return=aHR0cDovL3d3dy5wYWNldGVzdC5kay8%3D&hqh44v02 HTTP/1.1" 200 1413 "http://www.pacetest.dk/" "Mozilla/4.0 (compatible; MSIE 7.0; Windows NT 6.1; WOW64; Trident/7.0; SLCC2; .NET CLR 2.0.50727; .NET CLR 3.5.30729; .NET CLR 3.0.30729; Media Center PC 6.0; .NET4.0C; InfoPath.2; MALC)"
188.180.160.53 - - [15/Jan/2014:16:40:53 -0500] "POST /people/session?layout=modal HTTP/1.1" 303 - "http://www.pacetest.dk/" "Mozilla/5.0 (Windows NT 6.1; WOW64; Trident/7.0; MALC; rv:11.0) like Gecko"
94.145.68.182 - - [15/Jan/2014:16:40:56 -0500] "GET /notifications?get=count HTTP/1.1" 200 24 "http://www.pacetest.dk/" "Mozilla/5.0 (Windows NT 6.2; WOW64; rv:26.0) Gecko/20100101 Firefox/26.0"
188.180.160.53 - - [15/Jan/2014:16:40:54 -0500] "GET / HTTP/1.1" 200 85343 "http://www.pacetest.dk/" "Mozilla/5.0 (Windows NT 6.1; WOW64; Trident/7.0; MALC; rv:11.0) like Gecko"
188.180.160.53 - - [15/Jan/2014:16:41:04 -0500] "GET /media/com_stories/js/stories.js HTTP/1.1" 304 - "http://www.pacetest.dk/" "Mozilla/5.0 (Windows NT 6.1; WOW64; Trident/7.0; MALC; rv:11.0) like Gecko"
188.180.160.53 - - [15/Jan/2014:16:41:04 -0500] "GET /media/lib_anahita/js/vendors/mediabox.js HTTP/1.1" 304 - "http://www.pacetest.dk/" "Mozilla/5.0 (Windows NT 6.1; WOW64; Trident/7.0; MALC; rv:11.0) like Gecko"
188.180.160.53 - - [15/Jan/2014:16:41:04 -0500] "GET /media/com_composer/js/composer.js HTTP/1.1" 304 - "http://www.pacetest.dk/" "Mozilla/5.0 (Windows NT 6.1; WOW64; Trident/7.0; MALC; rv:11.0) like Gecko"
188.180.160.53 - - [15/Jan/2014:16:41:04 -0500] "GET /templates/base/css/images/glyphicons-halflings.png HTTP/1.1" 200 12799 "http://www.pacetest.dk/" "Mozilla/5.0 (Windows NT 6.1; WOW64; Trident/7.0; MALC; rv:11.0) like Gecko"
188.180.160.53 - - [15/Jan/2014:16:41:04 -0500] "GET /stories?layout=list&filter=leaders&start=20&limit=20 HTTP/1.1" 200 30061 "http://www.pacetest.dk/" "Mozilla/5.0 (Windows NT 6.1; WOW64; Trident/7.0; MALC; rv:11.0) like Gecko"
188.180.160.53 - - [15/Jan/2014:16:41:04 -0500] "GET /stories?layout=list&filter=leaders&start=40&limit=20 HTTP/1.1" 200 36700 "http://www.pacetest.dk/" "Mozilla/5.0 (Windows NT 6.1; WOW64; Trident/7.0; MALC; rv:11.0) like Gecko"
188.180.160.53 - - [15/Jan/2014:16:41:15 -0500] "GET /stories?layout=list&filter=leaders&start=60&limit=20 HTTP/1.1" 200 75 "http://www.pacetest.dk/" "Mozilla/5.0 (Windows NT 6.1; WOW64; Trident/7.0; MALC; rv:11.0) like Gecko"
- - - [15/Jan/2014:16:41:19 -0500] "OPTIONS * HTTP/1.0" 200 - "-" "Apache/2.2.22 (Red Hat Enterprise Web Server) (internal dummy connection)"
94.145.68.182 - - [15/Jan/2014:16:41:26 -0500] "GET /notifications?get=count HTTP/1.1" 200 24 "http://www.pacetest.dk/" "Mozilla/5.0 (Windows NT 6.2; WOW64; rv:26.0) Gecko/20100101 Firefox/26.0"
188.180.160.53 - - [15/Jan/2014:16:41:34 -0500] "GET /notifications?get=count HTTP/1.1" 200 24 "http://www.pacetest.dk/" "Mozilla/5.0 (Windows NT 6.1; WOW64; Trident/7.0; MALC; rv:11.0) like Gecko"
188.180.160.53 - - [15/Jan/2014:16:41:45 -0500] "GET /topics/730-april-kursus-jylland-2014 HTTP/1.1" 200 15274 "http://www.pacetest.dk/" "Mozilla/5.0 (Windows NT 6.1; WOW64; Trident/7.0; MALC; rv:11.0) like Gecko"
188.180.160.53 - - [15/Jan/2014:16:41:48 -0500] "GET /media/lib_anahita/js/editor/tiny_mce.js HTTP/1.1" 200 203808 "http://www.pacetest.dk/topics/730-april-kursus-jylland-2014" "Mozilla/5.0 (Windows NT 6.1; WOW64; Trident/7.0; MALC; rv:11.0) like Gecko"
188.180.160.53 - - [15/Jan/2014:16:41:48 -0500] "GET /media/lib_anahita/js/editor/encoder.js HTTP/1.1" 200 10452 "http://www.pacetest.dk/topics/730-april-kursus-jylland-2014" "Mozilla/5.0 (Windows NT 6.1; WOW64; Trident/7.0; MALC; rv:11.0) like Gecko"
188.180.160.53 - - [15/Jan/2014:16:41:48 -0500] "GET /media/lib_anahita/js/editor/editor.js HTTP/1.1" 200 11576 "http://www.pacetest.dk/topics/730-april-kursus-jylland-2014" "Mozilla/5.0 (Windows NT 6.1; WOW64; Trident/7.0; MALC; rv:11.0) like Gecko"
188.180.160.53 - - [15/Jan/2014:16:41:49 -0500] "GET /media/lib_anahita/js/editor/langs/en.js HTTP/1.1" 200 5718 "http://www.pacetest.dk/topics/730-april-kursus-jylland-2014" "Mozilla/5.0 (Windows NT 6.1; WOW64; Trident/7.0; MALC; rv:11.0) like Gecko"
188.180.160.53 - - [15/Jan/2014:16:41:49 -0500] "GET /media/lib_anahita/js/editor/plugins/anahita/editor_plugin.js HTTP/1.1" 200 2647 "http://www.pacetest.dk/topics/730-april-kursus-jylland-2014" "Mozilla/5.0 (Windows NT 6.1; WOW64; Trident/7.0; MALC; rv:11.0) like Gecko"
188.180.160.53 - - [15/Jan/2014:16:41:49 -0500] "GET /media/lib_anahita/js/editor/themes/advanced/editor_template.js HTTP/1.1" 200 25151 "http://www.pacetest.dk/topics/730-april-kursus-jylland-2014" "Mozilla/5.0 (Windows NT 6.1; WOW64; Trident/7.0; MALC; rv:11.0) like Gecko"
188.180.160.53 - - [15/Jan/2014:16:41:49 -0500] "GET /media/lib_anahita/js/editor/plugins/autoresize/editor_plugin.js HTTP/1.1" 200 1639 "http://www.pacetest.dk/topics/730-april-kursus-jylland-2014" "Mozilla/5.0 (Windows NT 6.1; WOW64; Trident/7.0; MALC; rv:11.0) like Gecko"
188.180.160.53 - - [15/Jan/2014:16:41:50 -0500] "GET /media/lib_anahita/js/editor/themes/advanced/langs/en.js HTTP/1.1" 200 2019 "http://www.pacetest.dk/topics/730-april-kursus-jylland-2014" "Mozilla/5.0 (Windows NT 6.1; WOW64; Trident/7.0; MALC; rv:11.0) like Gecko"
188.180.160.53 - - [15/Jan/2014:16:41:50 -0500] "GET /media/lib_anahita/js/editor/themes/advanced/skins/default/ui.css HTTP/1.1" 200 15525 "http://www.pacetest.dk/topics/730-april-kursus-jylland-2014" "Mozilla/5.0 (Windows NT 6.1; WOW64; Trident/7.0; MALC; rv:11.0) like Gecko"
188.180.160.53 - - [15/Jan/2014:16:41:50 -0500] "GET /media/lib_anahita/js/editor/themes/advanced/skins/default/content.css HTTP/1.1" 200 2715 "http://www.pacetest.dk/topics/730-april-kursus-jylland-2014" "Mozilla/5.0 (Windows NT 6.1; WOW64; Trident/7.0; MALC; rv:11.0) like Gecko"
188.180.160.53 - - [15/Jan/2014:16:41:50 -0500] "GET /media/lib_anahita/js/editor/themes/advanced/skins/default/content.css HTTP/1.1" 200 2715 "http://www.pacetest.dk/topics/730-april-kursus-jylland-2014" "Mozilla/5.0 (Windows NT 6.1; WOW64; Trident/7.0; MALC; rv:11.0) like Gecko"
188.180.160.53 - - [15/Jan/2014:16:41:50 -0500] "GET /media/lib_anahita/js/editor/themes/advanced/img/icons.gif HTTP/1.1" 200 11794 "http://www.pacetest.dk/topics/730-april-kursus-jylland-2014" "Mozilla/5.0 (Windows NT 6.1; WOW64; Trident/7.0; MALC; rv:11.0) like Gecko"
94.145.68.182 - - [15/Jan/2014:16:41:56 -0500] "GET /notifications?get=count HTTP/1.1" 200 24 "http://www.pacetest.dk/" "Mozilla/5.0 (Windows NT 6.2; WOW64; rv:26.0) Gecko/20100101 Firefox/26.0"
188.180.160.53 - - [15/Jan/2014:16:42:22 -0500] "GET /topics/@197 HTTP/1.1" 200 10773 "http://www.pacetest.dk/topics/730-april-kursus-jylland-2014" "Mozilla/5.0 (Windows NT 6.1; WOW64; Trident/7.0; MALC; rv:11.0) like Gecko"
94.145.68.182 - - [15/Jan/2014:16:42:26 -0500] "GET /notifications?get=count HTTP/1.1" 200 24 "http://www.pacetest.dk/" "Mozilla/5.0 (Windows NT 6.2; WOW64; rv:26.0) Gecko/20100101 Firefox/26.0"
94.145.68.182 - - [15/Jan/2014:16:42:56 -0500] "GET /notifications?get=count HTTP/1.1" 200 24 "http://www.pacetest.dk/" "Mozilla/5.0 (Windows NT 6.2; WOW64; rv:26.0) Gecko/20100101 Firefox/26.0"
94.145.68.182 - - [15/Jan/2014:16:43:26 -0500] "GET /notifications?get=count HTTP/1.1" 200 24 "http://www.pacetest.dk/" "Mozilla/5.0 (Windows NT 6.2; WOW64; rv:26.0) Gecko/20100101 Firefox/26.0"
188.180.160.53 - - [15/Jan/2014:16:43:37 -0500] "GET / HTTP/1.1" 200 85343 "http://www.pacetest.dk/topics/@197" "Mozilla/5.0 (Windows NT 6.1; WOW64; Trident/7.0; MALC; rv:11.0) like Gecko"
188.180.160.53 - - [15/Jan/2014:16:43:52 -0500] "GET /pages/439-deltagerliste-jylland-17-18-19-januar-2014 HTTP/1.1" 200 27174 "http://www.pacetest.dk/" "Mozilla/5.0 (Windows NT 6.1; WOW64; Trident/7.0; MALC; rv:11.0) like Gecko"
188.180.160.53 - - [15/Jan/2014:16:43:56 -0500] "GET /media/com_pages/js/pages.js HTTP/1.1" 304 - "http://www.pacetest.dk/pages/439-deltagerliste-jylland-17-18-19-januar-2014" "Mozilla/5.0 (Windows NT 6.1; WOW64; Trident/7.0; MALC; rv:11.0) like Gecko"
94.145.68.182 - - [15/Jan/2014:16:43:56 -0500] "GET /notifications?get=count HTTP/1.1" 200 24 "http://www.pacetest.dk/" "Mozilla/5.0 (Windows NT 6.2; WOW64; rv:26.0) Gecko/20100101 Firefox/26.0"
94.145.68.182 - - [15/Jan/2014:16:44:27 -0500] "GET /notifications?get=count HTTP/1.1" 200 24 "http://www.pacetest.dk/" "Mozilla/5.0 (Windows NT 6.2; WOW64; rv:26.0) Gecko/20100101 Firefox/26.0"
94.145.68.182 - - [15/Jan/2014:16:44:56 -0500] "GET /notifications?get=count HTTP/1.1" 200 24 "http://www.pacetest.dk/" "Mozilla/5.0 (Windows NT 6.2; WOW64; rv:26.0) Gecko/20100101 Firefox/26.0"
94.145.68.182 - - [15/Jan/2014:16:45:26 -0500] "GET /notifications?get=count HTTP/1.1" 200 24 "http://www.pacetest.dk/" "Mozilla/5.0 (Windows NT 6.2; WOW64; rv:26.0) Gecko/20100101 Firefox/26.0"
94.145.68.182 - - [15/Jan/2014:16:45:56 -0500] "GET /notifications?get=count HTTP/1.1" 200 24 "http://www.pacetest.dk/" "Mozilla/5.0 (Windows NT 6.2; WOW64; rv:26.0) Gecko/20100101 Firefox/26.0"
94.145.68.182 - - [15/Jan/2014:16:46:26 -0500] "GET /notifications?get=count HTTP/1.1" 200 24 "http://www.pacetest.dk/" "Mozilla/5.0 (Windows NT 6.2; WOW64; rv:26.0) Gecko/20100101 Firefox/26.0"
94.145.68.182 - - [15/Jan/2014:16:46:57 -0500] "GET /notifications?get=count HTTP/1.1" 200 24 "http://www.pacetest.dk/" "Mozilla/5.0 (Windows NT 6.2; WOW64; rv:26.0) Gecko/20100101 Firefox/26.0"
94.145.68.182 - - [15/Jan/2014:16:47:26 -0500] "GET /notifications?get=count HTTP/1.1" 200 24 "http://www.pacetest.dk/" "Mozilla/5.0 (Windows NT 6.2; WOW64; rv:26.0) Gecko/20100101 Firefox/26.0"
188.180.160.53 - - [15/Jan/2014:16:47:30 -0500] "GET /pages/439-deltagerliste-jylland-17-18-19-januar-2014?layout=edit HTTP/1.1" 200 12335 "http://www.pacetest.dk/pages/439-deltagerliste-jylland-17-18-19-januar-2014" "Mozilla/5.0 (Windows NT 6.1; WOW64; Trident/7.0; MALC; rv:11.0) like Gecko"
94.145.68.182 - - [15/Jan/2014:16:47:56 -0500] "GET /notifications?get=count HTTP/1.1" 200 24 "http://www.pacetest.dk/" "Mozilla/5.0 (Windows NT 6.2; WOW64; rv:26.0) Gecko/20100101 Firefox/26.0"
94.145.68.182 - - [15/Jan/2014:16:48:26 -0500] "GET /notifications?get=count HTTP/1.1" 200 24 "http://www.pacetest.dk/" "Mozilla/5.0 (Windows NT 6.2; WOW64; rv:26.0) Gecko/20100101 Firefox/26.0"
94.145.68.182 - - [15/Jan/2014:16:48:57 -0500] "GET /notifications?get=count HTTP/1.1" 200 24 "http://www.pacetest.dk/" "Mozilla/5.0 (Windows NT 6.2; WOW64; rv:26.0) Gecko/20100101 Firefox/26.0"
94.145.68.182 - - [15/Jan/2014:16:49:26 -0500] "GET /notifications?get=count HTTP/1.1" 200 24 "http://www.pacetest.dk/" "Mozilla/5.0 (Windows NT 6.2; WOW64; rv:26.0) Gecko/20100101 Firefox/26.0"
94.145.68.182 - - [15/Jan/2014:16:49:56 -0500] "GET /notifications?get=count HTTP/1.1" 200 24 "http://www.pacetest.dk/" "Mozilla/5.0 (Windows NT 6.2; WOW64; rv:26.0) Gecko/20100101 Firefox/26.0"
94.145.68.182 - - [15/Jan/2014:16:50:26 -0500] "GET /notifications?get=count HTTP/1.1" 200 24 "http://www.pacetest.dk/" "Mozilla/5.0 (Windows NT 6.2; WOW64; rv:26.0) Gecko/20100101 Firefox/26.0"
94.145.68.182 - - [15/Jan/2014:16:50:56 -0500] "GET /notifications?get=count HTTP/1.1" 200 24 "http://www.pacetest.dk/" "Mozilla/5.0 (Windows NT 6.2; WOW64; rv:26.0) Gecko/20100101 Firefox/26.0"
94.145.68.182 - - [15/Jan/2014:16:51:26 -0500] "GET /notifications?get=count HTTP/1.1" 200 24 "http://www.pacetest.dk/" "Mozilla/5.0 (Windows NT 6.2; WOW64; rv:26.0) Gecko/20100101 Firefox/26.0"
94.145.68.182 - - [15/Jan/2014:16:51:56 -0500] "GET /notifications?get=count HTTP/1.1" 200 24 "http://www.pacetest.dk/" "Mozilla/5.0 (Windows NT 6.2; WOW64; rv:26.0) Gecko/20100101 Firefox/26.0"
94.145.68.182 - - [15/Jan/2014:16:52:26 -0500] "GET /notifications?get=count HTTP/1.1" 200 24 "http://www.pacetest.dk/" "Mozilla/5.0 (Windows NT 6.2; WOW64; rv:26.0) Gecko/20100101 Firefox/26.0"
188.180.160.53 - - [15/Jan/2014:16:52:28 -0500] "POST /pages/@197/439-deltagerliste-jylland-17-18-19-januar-2014 HTTP/1.1" 303 - "http://www.pacetest.dk/pages/439-deltagerliste-jylland-17-18-19-januar-2014?layout=edit" "Mozilla/5.0 (Windows NT 6.1; WOW64; Trident/7.0; MALC; rv:11.0) like Gecko"
188.180.160.53 - - [15/Jan/2014:16:52:30 -0500] "GET /pages/439-deltagerliste-jylland-17-18-19-januar-2014?layout=edit HTTP/1.1" 200 12544 "http://www.pacetest.dk/pages/439-deltagerliste-jylland-17-18-19-januar-2014?layout=edit" "Mozilla/5.0 (Windows NT 6.1; WOW64; Trident/7.0; MALC; rv:11.0) like Gecko"
94.145.68.182 - - [15/Jan/2014:16:52:56 -0500] "GET /notifications?get=count HTTP/1.1" 200 24 "http://www.pacetest.dk/" "Mozilla/5.0 (Windows NT 6.2; WOW64; rv:26.0) Gecko/20100101 Firefox/26.0"
188.180.160.53 - - [15/Jan/2014:16:52:58 -0500] "GET /groups/197-ga-nextlevel-jylland HTTP/1.1" 200 67635 "http://www.pacetest.dk/pages/439-deltagerliste-jylland-17-18-19-januar-2014?layout=edit" "Mozilla/5.0 (Windows NT 6.1; WOW64; Trident/7.0; MALC; rv:11.0) like Gecko"
188.180.160.53 - - [15/Jan/2014:16:53:06 -0500] "GET /groups/197/graph/followers?layout=gadget&hqh4lote HTTP/1.1" 200 2986 "http://www.pacetest.dk/" "Mozilla/5.0 (Windows NT 6.1; WOW64; Trident/7.0; MALC; rv:11.0) like Gecko"
188.180.160.53 - - [15/Jan/2014:16:53:14 -0500] "GET /pages/439-deltagerliste-jylland-17-18-19-januar-2014 HTTP/1.1" 200 27231 "http://www.pacetest.dk/groups/197-ga-nextlevel-jylland" "Mozilla/5.0 (Windows NT 6.1; WOW64; Trident/7.0; MALC; rv:11.0) like Gecko"
94.145.68.182 - - [15/Jan/2014:16:53:26 -0500] "GET /notifications?get=count HTTP/1.1" 200 24 "http://www.pacetest.dk/" "Mozilla/5.0 (Windows NT 6.2; WOW64; rv:26.0) Gecko/20100101 Firefox/26.0"
94.145.68.182 - - [15/Jan/2014:16:53:56 -0500] "GET /notifications?get=count HTTP/1.1" 200 24 "http://www.pacetest.dk/" "Mozilla/5.0 (Windows NT 6.2; WOW64; rv:26.0) Gecko/20100101 Firefox/26.0"
94.145.68.182 - - [15/Jan/2014:16:54:27 -0500] "GET /notifications?get=count HTTP/1.1" 200 24 "http://www.pacetest.dk/" "Mozilla/5.0 (Windows NT 6.2; WOW64; rv:26.0) Gecko/20100101 Firefox/26.0"
188.180.160.53 - - [15/Jan/2014:16:54:29 -0500] "GET /notifications?layout=popover&hqh4lxur HTTP/1.1" 200 5710 "http://www.pacetest.dk/" "Mozilla/5.0 (Windows NT 6.1; WOW64; Trident/7.0; MALC; rv:11.0) like Gecko"
94.145.68.182 - - [15/Jan/2014:16:54:57 -0500] "GET /notifications?get=count HTTP/1.1" 200 24 "http://www.pacetest.dk/" "Mozilla/5.0 (Windows NT 6.2; WOW64; rv:26.0) Gecko/20100101 Firefox/26.0"
94.145.68.182 - - [15/Jan/2014:16:55:26 -0500] "GET /notifications?get=count HTTP/1.1" 200 24 "http://www.pacetest.dk/" "Mozilla/5.0 (Windows NT 6.2; WOW64; rv:26.0) Gecko/20100101 Firefox/26.0"
94.145.68.182 - - [15/Jan/2014:16:55:56 -0500] "GET /notifications?get=count HTTP/1.1" 200 24 "http://www.pacetest.dk/" "Mozilla/5.0 (Windows NT 6.2; WOW64; rv:26.0) Gecko/20100101 Firefox/26.0"
94.145.68.182 - - [15/Jan/2014:16:56:26 -0500] "GET /notifications?get=count HTTP/1.1" 200 24 "http://www.pacetest.dk/" "Mozilla/5.0 (Windows NT 6.2; WOW64; rv:26.0) Gecko/20100101 Firefox/26.0"
94.145.68.182 - - [15/Jan/2014:16:56:56 -0500] "GET /notifications?get=count HTTP/1.1" 200 24 "http://www.pacetest.dk/" "Mozilla/5.0 (Windows NT 6.2; WOW64; rv:26.0) Gecko/20100101 Firefox/26.0"
94.145.68.182 - - [15/Jan/2014:16:57:26 -0500] "GET /notifications?get=count HTTP/1.1" 200 24 "http://www.pacetest.dk/" "Mozilla/5.0 (Windows NT 6.2; WOW64; rv:26.0) Gecko/20100101 Firefox/26.0"
188.180.160.53 - - [15/Jan/2014:16:57:41 -0500] "GET /pages/439-deltagerliste-jylland-17-18-19-januar-2014 HTTP/1.1" 200 27215 "http://www.pacetest.dk/pages/439-deltagerliste-jylland-17-18-19-januar-2014" "Mozilla/5.0 (Windows NT 6.1; WOW64; Trident/7.0; MALC; rv:11.0) like Gecko"
94.145.68.182 - - [15/Jan/2014:16:57:56 -0500] "GET /notifications?get=count HTTP/1.1" 200 24 "http://www.pacetest.dk/" "Mozilla/5.0 (Windows NT 6.2; WOW64; rv:26.0) Gecko/20100101 Firefox/26.0"
94.145.68.182 - - [15/Jan/2014:16:58:26 -0500] "GET /notifications?get=count HTTP/1.1" 200 24 "http://www.pacetest.dk/" "Mozilla/5.0 (Windows NT 6.2; WOW64; rv:26.0) Gecko/20100101 Firefox/26.0"
188.180.160.53 - - [15/Jan/2014:16:58:45 -0500] "GET /pages/439-deltagerliste-jylland-17-18-19-januar-2014?layout=edit HTTP/1.1" 200 12367 "http://www.pacetest.dk/pages/439-deltagerliste-jylland-17-18-19-januar-2014" "Mozilla/5.0 (Windows NT 6.1; WOW64; Trident/7.0; MALC; rv:11.0) like Gecko"
94.145.68.182 - - [15/Jan/2014:16:58:56 -0500] "GET /notifications?get=count HTTP/1.1" 200 24 "http://www.pacetest.dk/" "Mozilla/5.0 (Windows NT 6.2; WOW64; rv:26.0) Gecko/20100101 Firefox/26.0"
94.145.68.182 - - [15/Jan/2014:16:59:26 -0500] "GET /notifications?get=count HTTP/1.1" 200 24 "http://www.pacetest.dk/" "Mozilla/5.0 (Windows NT 6.2; WOW64; rv:26.0) Gecko/20100101 Firefox/26.0"
188.180.160.53 - - [15/Jan/2014:16:59:35 -0500] "GET /groups/197-ga-nextlevel-jylland HTTP/1.1" 200 67620 "http://www.pacetest.dk/pages/439-deltagerliste-jylland-17-18-19-januar-2014?layout=edit" "Mozilla/5.0 (Windows NT 6.1; WOW64; Trident/7.0; MALC; rv:11.0) like Gecko"
188.180.160.53 - - [15/Jan/2014:16:59:42 -0500] "GET /groups/197/graph/followers?layout=gadget&hqh4u6jm HTTP/1.1" 200 2986 "http://www.pacetest.dk/" "Mozilla/5.0 (Windows NT 6.1; WOW64; Trident/7.0; MALC; rv:11.0) like Gecko"
94.145.68.182 - - [15/Jan/2014:16:59:57 -0500] "GET /notifications?get=count HTTP/1.1" 200 24 "http://www.pacetest.dk/" "Mozilla/5.0 (Windows NT 6.2; WOW64; rv:26.0) Gecko/20100101 Firefox/26.0"
188.180.160.53 - - [15/Jan/2014:16:59:54 -0500] "GET /people/Mette HTTP/1.1" 200 16433 "http://www.pacetest.dk/groups/197-ga-nextlevel-jylland" "Mozilla/5.0 (Windows NT 6.1; WOW64; Trident/7.0; MALC; rv:11.0) like Gecko"
188.180.160.53 - - [15/Jan/2014:16:59:59 -0500] "GET /people/Mette/graph/followers?layout=gadget&hqh4ujsq HTTP/1.1" 200 6532 "http://www.pacetest.dk/" "Mozilla/5.0 (Windows NT 6.1; WOW64; Trident/7.0; MALC; rv:11.0) like Gecko"
- - - [15/Jan/2014:17:00:03 -0500] "OPTIONS * HTTP/1.0" 200 - "-" "Apache/2.2.22 (Red Hat Enterprise Web Server) (internal dummy connection)"
188.180.160.53 - - [15/Jan/2014:17:00:18 -0500] "GET / HTTP/1.1" 200 85328 "http://www.pacetest.dk/people/Mette" "Mozilla/5.0 (Windows NT 6.1; WOW64; Trident/7.0; MALC; rv:11.0) like Gecko"
94.145.68.182 - - [15/Jan/2014:17:00:26 -0500] "GET /notifications?get=count HTTP/1.1" 200 24 "http://www.pacetest.dk/" "Mozilla/5.0 (Windows NT 6.2; WOW64; rv:26.0) Gecko/20100101 Firefox/26.0"
- - - [15/Jan/2014:17:00:29 -0500] "OPTIONS * HTTP/1.0" 200 - "-" "Apache/2.2.22 (Red Hat Enterprise Web Server) (internal dummy connection)"
94.145.68.182 - - [15/Jan/2014:17:00:56 -0500] "GET /notifications?get=count HTTP/1.1" 200 24 "http://www.pacetest.dk/" "Mozilla/5.0 (Windows NT 6.2; WOW64; rv:26.0) Gecko/20100101 Firefox/26.0"
94.145.68.182 - - [15/Jan/2014:17:01:26 -0500] "GET /notifications?get=count HTTP/1.1" 200 24 "http://www.pacetest.dk/" "Mozilla/5.0 (Windows NT 6.2; WOW64; rv:26.0) Gecko/20100101 Firefox/26.0"
94.145.68.182 - - [15/Jan/2014:17:01:56 -0500] "GET /notifications?get=count HTTP/1.1" 200 24 "http://www.pacetest.dk/" "Mozilla/5.0 (Windows NT 6.2; WOW64; rv:26.0) Gecko/20100101 Firefox/26.0"
94.145.68.182 - - [15/Jan/2014:17:02:26 -0500] "GET /notifications?get=count HTTP/1.1" 200 24 "http://www.pacetest.dk/" "Mozilla/5.0 (Windows NT 6.2; WOW64; rv:26.0) Gecko/20100101 Firefox/26.0"
94.145.68.182 - - [15/Jan/2014:17:02:56 -0500] "GET /notifications?get=count HTTP/1.1" 200 24 "http://www.pacetest.dk/" "Mozilla/5.0 (Windows NT 6.2; WOW64; rv:26.0) Gecko/20100101 Firefox/26.0"
94.145.68.182 - - [15/Jan/2014:17:03:26 -0500] "GET /notifications?get=count HTTP/1.1" 200 24 "http://www.pacetest.dk/" "Mozilla/5.0 (Windows NT 6.2; WOW64; rv:26.0) Gecko/20100101 Firefox/26.0"
94.145.68.182 - - [15/Jan/2014:17:03:56 -0500] "GET /notifications?get=count HTTP/1.1" 200 24 "http://www.pacetest.dk/" "Mozilla/5.0 (Windows NT 6.2; WOW64; rv:26.0) Gecko/20100101 Firefox/26.0"
94.145.68.182 - - [15/Jan/2014:17:04:26 -0500] "GET /notifications?get=count HTTP/1.1" 200 24 "http://www.pacetest.dk/" "Mozilla/5.0 (Windows NT 6.2; WOW64; rv:26.0) Gecko/20100101 Firefox/26.0"
94.145.68.182 - - [15/Jan/2014:17:04:56 -0500] "GET /notifications?get=count HTTP/1.1" 200 24 "http://www.pacetest.dk/" "Mozilla/5.0 (Windows NT 6.2; WOW64; rv:26.0) Gecko/20100101 Firefox/26.0"
94.145.68.182 - - [15/Jan/2014:17:05:26 -0500] "GET /notifications?get=count HTTP/1.1" 200 24 "http://www.pacetest.dk/" "Mozilla/5.0 (Windows NT 6.2; WOW64; rv:26.0) Gecko/20100101 Firefox/26.0"
94.145.68.182 - - [15/Jan/2014:17:05:56 -0500] "GET /notifications?get=count HTTP/1.1" 200 24 "http://www.pacetest.dk/" "Mozilla/5.0 (Windows NT 6.2; WOW64; rv:26.0) Gecko/20100101 Firefox/26.0"
94.145.68.182 - - [15/Jan/2014:17:06:26 -0500] "GET /notifications?get=count HTTP/1.1" 200 24 "http://www.pacetest.dk/" "Mozilla/5.0 (Windows NT 6.2; WOW64; rv:26.0) Gecko/20100101 Firefox/26.0"
94.145.68.182 - - [15/Jan/2014:17:06:56 -0500] "GET /notifications?get=count HTTP/1.1" 200 24 "http://www.pacetest.dk/" "Mozilla/5.0 (Windows NT 6.2; WOW64; rv:26.0) Gecko/20100101 Firefox/26.0"
94.145.68.182 - - [15/Jan/2014:17:07:26 -0500] "GET /notifications?get=count HTTP/1.1" 200 24 "http://www.pacetest.dk/" "Mozilla/5.0 (Windows NT 6.2; WOW64; rv:26.0) Gecko/20100101 Firefox/26.0"
94.145.68.182 - - [15/Jan/2014:17:07:56 -0500] "GET /notifications?get=count HTTP/1.1" 200 24 "http://www.pacetest.dk/" "Mozilla/5.0 (Windows NT 6.2; WOW64; rv:26.0) Gecko/20100101 Firefox/26.0"
94.145.68.182 - - [15/Jan/2014:17:08:26 -0500] "GET /notifications?get=count HTTP/1.1" 200 24 "http://www.pacetest.dk/" "Mozilla/5.0 (Windows NT 6.2; WOW64; rv:26.0) Gecko/20100101 Firefox/26.0"
94.145.68.182 - - [15/Jan/2014:17:08:56 -0500] "GET /notifications?get=count HTTP/1.1" 200 24 "http://www.pacetest.dk/" "Mozilla/5.0 (Windows NT 6.2; WOW64; rv:26.0) Gecko/20100101 Firefox/26.0"
94.145.68.182 - - [15/Jan/2014:17:09:26 -0500] "GET /notifications?get=count HTTP/1.1" 200 24 "http://www.pacetest.dk/" "Mozilla/5.0 (Windows NT 6.2; WOW64; rv:26.0) Gecko/20100101 Firefox/26.0"
94.145.68.182 - - [15/Jan/2014:17:09:56 -0500] "GET /notifications?get=count HTTP/1.1" 200 24 "http://www.pacetest.dk/" "Mozilla/5.0 (Windows NT 6.2; WOW64; rv:26.0) Gecko/20100101 Firefox/26.0"
10.110.62.41 - - [15/Jan/2014:17:10:20 -0500] "GET / HTTP/1.1" 200 7852 "-" "Ruby"
10.110.62.41 - - [15/Jan/2014:17:10:21 -0500] "GET / HTTP/1.1" 200 7855 "-" "Ruby"
