10.110.62.41 - - [08/Jan/2014:19:10:18 -0500] "GET / HTTP/1.1" 200 7852 "-" "Ruby"
10.110.62.41 - - [08/Jan/2014:19:10:20 -0500] "GET / HTTP/1.1" 200 7855 "-" "Ruby"
10.110.62.41 - - [08/Jan/2014:20:10:19 -0500] "GET / HTTP/1.1" 200 7852 "-" "Ruby"
10.110.62.41 - - [08/Jan/2014:20:10:20 -0500] "GET / HTTP/1.1" 200 7855 "-" "Ruby"
10.110.62.41 - - [08/Jan/2014:21:10:20 -0500] "GET / HTTP/1.1" 200 7852 "-" "Ruby"
10.110.62.41 - - [08/Jan/2014:21:10:21 -0500] "GET / HTTP/1.1" 200 7855 "-" "Ruby"
10.110.62.41 - - [08/Jan/2014:22:10:17 -0500] "GET / HTTP/1.1" 200 7852 "-" "Ruby"
10.110.62.41 - - [08/Jan/2014:22:10:18 -0500] "GET / HTTP/1.1" 200 7855 "-" "Ruby"
10.110.62.41 - - [08/Jan/2014:23:10:19 -0500] "GET / HTTP/1.1" 200 7852 "-" "Ruby"
10.110.62.41 - - [08/Jan/2014:23:10:20 -0500] "GET / HTTP/1.1" 200 7855 "-" "Ruby"
94.145.68.182 - - [08/Jan/2014:23:39:18 -0500] "GET / HTTP/1.1" 200 7760 "-" "Mozilla/5.0 (Windows NT 6.2; WOW64; rv:26.0) Gecko/20100101 Firefox/26.0"
94.145.68.182 - - [08/Jan/2014:23:39:23 -0500] "GET /people/session?layout=modal&return=aHR0cDovL3d3dy5wYWNldGVzdC5kay8%3D&hq7j1b91 HTTP/1.1" 200 1413 "http://www.pacetest.dk/" "Mozilla/5.0 (Windows NT 6.2; WOW64; rv:26.0) Gecko/20100101 Firefox/26.0"
94.145.68.182 - - [08/Jan/2014:23:39:40 -0500] "POST /people/session?layout=modal HTTP/1.1" 303 - "http://www.pacetest.dk/" "Mozilla/5.0 (Windows NT 6.2; WOW64; rv:26.0) Gecko/20100101 Firefox/26.0"
94.145.68.182 - - [08/Jan/2014:23:39:41 -0500] "GET / HTTP/1.1" 200 108323 "http://www.pacetest.dk/" "Mozilla/5.0 (Windows NT 6.2; WOW64; rv:26.0) Gecko/20100101 Firefox/26.0"
94.145.68.182 - - [08/Jan/2014:23:39:44 -0500] "GET /stories?layout=list&filter=leaders&start=40&limit=20 HTTP/1.1" 200 34926 "http://www.pacetest.dk/" "Mozilla/5.0 (Windows NT 6.2; WOW64; rv:26.0) Gecko/20100101 Firefox/26.0"
94.145.68.182 - - [08/Jan/2014:23:39:44 -0500] "GET /stories?layout=list&filter=leaders&start=20&limit=20 HTTP/1.1" 200 72444 "http://www.pacetest.dk/" "Mozilla/5.0 (Windows NT 6.2; WOW64; rv:26.0) Gecko/20100101 Firefox/26.0"
94.145.68.182 - - [08/Jan/2014:23:39:48 -0500] "GET /stories?layout=list&filter=leaders&start=60&limit=20 HTTP/1.1" 200 67343 "http://www.pacetest.dk/" "Mozilla/5.0 (Windows NT 6.2; WOW64; rv:26.0) Gecko/20100101 Firefox/26.0"
- - - [08/Jan/2014:23:39:54 -0500] "OPTIONS * HTTP/1.0" 200 - "-" "Apache/2.2.22 (Red Hat Enterprise Web Server) (internal dummy connection)"
94.145.68.182 - - [08/Jan/2014:23:40:15 -0500] "GET /notifications?get=count HTTP/1.1" 200 24 "http://www.pacetest.dk/" "Mozilla/5.0 (Windows NT 6.2; WOW64; rv:26.0) Gecko/20100101 Firefox/26.0"
94.145.68.182 - - [08/Jan/2014:23:40:44 -0500] "GET /notifications?get=count HTTP/1.1" 200 24 "http://www.pacetest.dk/" "Mozilla/5.0 (Windows NT 6.2; WOW64; rv:26.0) Gecko/20100101 Firefox/26.0"
94.145.68.182 - - [08/Jan/2014:23:41:14 -0500] "GET /notifications?get=count HTTP/1.1" 200 24 "http://www.pacetest.dk/" "Mozilla/5.0 (Windows NT 6.2; WOW64; rv:26.0) Gecko/20100101 Firefox/26.0"
94.145.68.182 - - [08/Jan/2014:23:41:44 -0500] "GET /notifications?get=count HTTP/1.1" 200 24 "http://www.pacetest.dk/" "Mozilla/5.0 (Windows NT 6.2; WOW64; rv:26.0) Gecko/20100101 Firefox/26.0"
94.145.68.182 - - [08/Jan/2014:23:42:14 -0500] "GET /notifications?get=count HTTP/1.1" 200 24 "http://www.pacetest.dk/" "Mozilla/5.0 (Windows NT 6.2; WOW64; rv:26.0) Gecko/20100101 Firefox/26.0"
94.145.68.182 - - [08/Jan/2014:23:42:44 -0500] "GET /notifications?get=count HTTP/1.1" 200 24 "http://www.pacetest.dk/" "Mozilla/5.0 (Windows NT 6.2; WOW64; rv:26.0) Gecko/20100101 Firefox/26.0"
94.145.68.182 - - [08/Jan/2014:23:43:14 -0500] "GET /notifications?get=count HTTP/1.1" 200 24 "http://www.pacetest.dk/" "Mozilla/5.0 (Windows NT 6.2; WOW64; rv:26.0) Gecko/20100101 Firefox/26.0"
94.145.68.182 - - [08/Jan/2014:23:43:44 -0500] "GET /notifications?get=count HTTP/1.1" 200 24 "http://www.pacetest.dk/" "Mozilla/5.0 (Windows NT 6.2; WOW64; rv:26.0) Gecko/20100101 Firefox/26.0"
94.145.68.182 - - [08/Jan/2014:23:44:14 -0500] "GET /notifications?get=count HTTP/1.1" 200 24 "http://www.pacetest.dk/" "Mozilla/5.0 (Windows NT 6.2; WOW64; rv:26.0) Gecko/20100101 Firefox/26.0"
94.145.68.182 - - [08/Jan/2014:23:44:44 -0500] "GET /notifications?get=count HTTP/1.1" 200 24 "http://www.pacetest.dk/" "Mozilla/5.0 (Windows NT 6.2; WOW64; rv:26.0) Gecko/20100101 Firefox/26.0"
94.145.68.182 - - [08/Jan/2014:23:45:14 -0500] "GET /notifications?get=count HTTP/1.1" 200 24 "http://www.pacetest.dk/" "Mozilla/5.0 (Windows NT 6.2; WOW64; rv:26.0) Gecko/20100101 Firefox/26.0"
94.145.68.182 - - [08/Jan/2014:23:45:44 -0500] "GET /notifications?get=count HTTP/1.1" 200 24 "http://www.pacetest.dk/" "Mozilla/5.0 (Windows NT 6.2; WOW64; rv:26.0) Gecko/20100101 Firefox/26.0"
94.145.68.182 - - [08/Jan/2014:23:46:14 -0500] "GET /notifications?get=count HTTP/1.1" 200 24 "http://www.pacetest.dk/" "Mozilla/5.0 (Windows NT 6.2; WOW64; rv:26.0) Gecko/20100101 Firefox/26.0"
94.145.68.182 - - [08/Jan/2014:23:46:44 -0500] "GET /notifications?get=count HTTP/1.1" 200 24 "http://www.pacetest.dk/" "Mozilla/5.0 (Windows NT 6.2; WOW64; rv:26.0) Gecko/20100101 Firefox/26.0"
94.145.68.182 - - [08/Jan/2014:23:47:14 -0500] "GET /notifications?get=count HTTP/1.1" 200 24 "http://www.pacetest.dk/" "Mozilla/5.0 (Windows NT 6.2; WOW64; rv:26.0) Gecko/20100101 Firefox/26.0"
94.145.68.182 - - [08/Jan/2014:23:47:44 -0500] "GET /notifications?get=count HTTP/1.1" 200 24 "http://www.pacetest.dk/" "Mozilla/5.0 (Windows NT 6.2; WOW64; rv:26.0) Gecko/20100101 Firefox/26.0"
94.145.68.182 - - [08/Jan/2014:23:48:14 -0500] "GET /notifications?get=count HTTP/1.1" 200 24 "http://www.pacetest.dk/" "Mozilla/5.0 (Windows NT 6.2; WOW64; rv:26.0) Gecko/20100101 Firefox/26.0"
94.145.68.182 - - [08/Jan/2014:23:48:44 -0500] "GET /notifications?get=count HTTP/1.1" 200 24 "http://www.pacetest.dk/" "Mozilla/5.0 (Windows NT 6.2; WOW64; rv:26.0) Gecko/20100101 Firefox/26.0"
94.145.68.182 - - [08/Jan/2014:23:49:14 -0500] "GET /notifications?get=count HTTP/1.1" 200 24 "http://www.pacetest.dk/" "Mozilla/5.0 (Windows NT 6.2; WOW64; rv:26.0) Gecko/20100101 Firefox/26.0"
94.145.68.182 - - [08/Jan/2014:23:49:44 -0500] "GET /notifications?get=count HTTP/1.1" 200 24 "http://www.pacetest.dk/" "Mozilla/5.0 (Windows NT 6.2; WOW64; rv:26.0) Gecko/20100101 Firefox/26.0"
94.145.68.182 - - [08/Jan/2014:23:50:14 -0500] "GET /notifications?get=count HTTP/1.1" 200 24 "http://www.pacetest.dk/" "Mozilla/5.0 (Windows NT 6.2; WOW64; rv:26.0) Gecko/20100101 Firefox/26.0"
94.145.68.182 - - [08/Jan/2014:23:50:44 -0500] "GET /notifications?get=count HTTP/1.1" 200 24 "http://www.pacetest.dk/" "Mozilla/5.0 (Windows NT 6.2; WOW64; rv:26.0) Gecko/20100101 Firefox/26.0"
94.145.68.182 - - [08/Jan/2014:23:51:14 -0500] "GET /notifications?get=count HTTP/1.1" 200 24 "http://www.pacetest.dk/" "Mozilla/5.0 (Windows NT 6.2; WOW64; rv:26.0) Gecko/20100101 Firefox/26.0"
94.145.68.182 - - [08/Jan/2014:23:51:44 -0500] "GET /notifications?get=count HTTP/1.1" 200 24 "http://www.pacetest.dk/" "Mozilla/5.0 (Windows NT 6.2; WOW64; rv:26.0) Gecko/20100101 Firefox/26.0"
94.145.68.182 - - [08/Jan/2014:23:52:14 -0500] "GET /notifications?get=count HTTP/1.1" 200 24 "http://www.pacetest.dk/" "Mozilla/5.0 (Windows NT 6.2; WOW64; rv:26.0) Gecko/20100101 Firefox/26.0"
94.145.68.182 - - [08/Jan/2014:23:52:44 -0500] "GET /notifications?get=count HTTP/1.1" 200 24 "http://www.pacetest.dk/" "Mozilla/5.0 (Windows NT 6.2; WOW64; rv:26.0) Gecko/20100101 Firefox/26.0"
94.145.68.182 - - [08/Jan/2014:23:53:14 -0500] "GET /notifications?get=count HTTP/1.1" 200 24 "http://www.pacetest.dk/" "Mozilla/5.0 (Windows NT 6.2; WOW64; rv:26.0) Gecko/20100101 Firefox/26.0"
94.145.68.182 - - [08/Jan/2014:23:53:44 -0500] "GET /notifications?get=count HTTP/1.1" 200 24 "http://www.pacetest.dk/" "Mozilla/5.0 (Windows NT 6.2; WOW64; rv:26.0) Gecko/20100101 Firefox/26.0"
94.145.68.182 - - [08/Jan/2014:23:54:14 -0500] "GET /notifications?get=count HTTP/1.1" 200 24 "http://www.pacetest.dk/" "Mozilla/5.0 (Windows NT 6.2; WOW64; rv:26.0) Gecko/20100101 Firefox/26.0"
94.145.68.182 - - [08/Jan/2014:23:54:44 -0500] "GET /notifications?get=count HTTP/1.1" 200 24 "http://www.pacetest.dk/" "Mozilla/5.0 (Windows NT 6.2; WOW64; rv:26.0) Gecko/20100101 Firefox/26.0"
94.145.68.182 - - [08/Jan/2014:23:55:15 -0500] "GET /notifications?get=count HTTP/1.1" 200 24 "http://www.pacetest.dk/" "Mozilla/5.0 (Windows NT 6.2; WOW64; rv:26.0) Gecko/20100101 Firefox/26.0"
94.145.68.182 - - [08/Jan/2014:23:55:44 -0500] "GET /notifications?get=count HTTP/1.1" 200 24 "http://www.pacetest.dk/" "Mozilla/5.0 (Windows NT 6.2; WOW64; rv:26.0) Gecko/20100101 Firefox/26.0"
94.145.68.182 - - [08/Jan/2014:23:56:14 -0500] "GET /notifications?get=count HTTP/1.1" 200 24 "http://www.pacetest.dk/" "Mozilla/5.0 (Windows NT 6.2; WOW64; rv:26.0) Gecko/20100101 Firefox/26.0"
94.145.68.182 - - [08/Jan/2014:23:56:44 -0500] "GET /notifications?get=count HTTP/1.1" 200 24 "http://www.pacetest.dk/" "Mozilla/5.0 (Windows NT 6.2; WOW64; rv:26.0) Gecko/20100101 Firefox/26.0"
94.145.68.182 - - [08/Jan/2014:23:57:15 -0500] "GET /notifications?get=count HTTP/1.1" 200 24 "http://www.pacetest.dk/" "Mozilla/5.0 (Windows NT 6.2; WOW64; rv:26.0) Gecko/20100101 Firefox/26.0"
94.145.68.182 - - [08/Jan/2014:23:57:44 -0500] "GET /notifications?get=count HTTP/1.1" 200 24 "http://www.pacetest.dk/" "Mozilla/5.0 (Windows NT 6.2; WOW64; rv:26.0) Gecko/20100101 Firefox/26.0"
94.145.68.182 - - [08/Jan/2014:23:58:14 -0500] "GET /notifications?get=count HTTP/1.1" 200 24 "http://www.pacetest.dk/" "Mozilla/5.0 (Windows NT 6.2; WOW64; rv:26.0) Gecko/20100101 Firefox/26.0"
94.145.68.182 - - [08/Jan/2014:23:58:44 -0500] "GET /notifications?get=count HTTP/1.1" 200 24 "http://www.pacetest.dk/" "Mozilla/5.0 (Windows NT 6.2; WOW64; rv:26.0) Gecko/20100101 Firefox/26.0"
94.145.68.182 - - [08/Jan/2014:23:59:15 -0500] "GET /notifications?get=count HTTP/1.1" 200 24 "http://www.pacetest.dk/" "Mozilla/5.0 (Windows NT 6.2; WOW64; rv:26.0) Gecko/20100101 Firefox/26.0"
94.145.68.182 - - [08/Jan/2014:23:59:44 -0500] "GET /notifications?get=count HTTP/1.1" 200 24 "http://www.pacetest.dk/" "Mozilla/5.0 (Windows NT 6.2; WOW64; rv:26.0) Gecko/20100101 Firefox/26.0"
94.145.68.182 - - [09/Jan/2014:00:00:14 -0500] "GET /notifications?get=count HTTP/1.1" 200 24 "http://www.pacetest.dk/" "Mozilla/5.0 (Windows NT 6.2; WOW64; rv:26.0) Gecko/20100101 Firefox/26.0"
94.145.68.182 - - [09/Jan/2014:00:00:44 -0500] "GET /notifications?get=count HTTP/1.1" 200 24 "http://www.pacetest.dk/" "Mozilla/5.0 (Windows NT 6.2; WOW64; rv:26.0) Gecko/20100101 Firefox/26.0"
94.145.68.182 - - [09/Jan/2014:00:01:14 -0500] "GET /notifications?get=count HTTP/1.1" 200 24 "http://www.pacetest.dk/" "Mozilla/5.0 (Windows NT 6.2; WOW64; rv:26.0) Gecko/20100101 Firefox/26.0"
94.145.68.182 - - [09/Jan/2014:00:01:44 -0500] "GET /notifications?get=count HTTP/1.1" 200 24 "http://www.pacetest.dk/" "Mozilla/5.0 (Windows NT 6.2; WOW64; rv:26.0) Gecko/20100101 Firefox/26.0"
94.145.68.182 - - [09/Jan/2014:00:01:55 -0500] "GET /people/BentRS HTTP/1.1" 200 82813 "http://www.pacetest.dk/" "Mozilla/5.0 (Windows NT 6.2; WOW64; rv:26.0) Gecko/20100101 Firefox/26.0"
94.145.68.182 - - [09/Jan/2014:00:02:03 -0500] "GET /people/BentRS/graph/followers?layout=gadget&hq7jujan HTTP/1.1" 200 7514 "http://www.pacetest.dk/people/BentRS" "Mozilla/5.0 (Windows NT 6.2; WOW64; rv:26.0) Gecko/20100101 Firefox/26.0"
94.145.68.182 - - [09/Jan/2014:00:02:33 -0500] "GET /notifications?get=count HTTP/1.1" 200 24 "http://www.pacetest.dk/people/BentRS" "Mozilla/5.0 (Windows NT 6.2; WOW64; rv:26.0) Gecko/20100101 Firefox/26.0"
94.145.68.182 - - [09/Jan/2014:00:02:41 -0500] "GET /menu/groups HTTP/1.1" 200 14639 "http://www.pacetest.dk/people/BentRS" "Mozilla/5.0 (Windows NT 6.2; WOW64; rv:26.0) Gecko/20100101 Firefox/26.0"
10.110.62.41 - - [09/Jan/2014:00:10:19 -0500] "GET / HTTP/1.1" 200 7852 "-" "Ruby"
10.110.62.41 - - [09/Jan/2014:00:10:20 -0500] "GET / HTTP/1.1" 200 7855 "-" "Ruby"
10.110.62.41 - - [09/Jan/2014:01:10:18 -0500] "GET / HTTP/1.1" 200 7852 "-" "Ruby"
10.110.62.41 - - [09/Jan/2014:01:10:19 -0500] "GET / HTTP/1.1" 200 7855 "-" "Ruby"
10.110.62.41 - - [09/Jan/2014:02:10:21 -0500] "GET / HTTP/1.1" 200 7852 "-" "Ruby"
10.110.62.41 - - [09/Jan/2014:02:10:21 -0500] "GET / HTTP/1.1" 200 7855 "-" "Ruby"
94.145.68.182 - - [09/Jan/2014:02:46:11 -0500] "GET / HTTP/1.1" 200 108326 "-" "Mozilla/5.0 (Windows NT 6.2; WOW64; rv:26.0) Gecko/20100101 Firefox/26.0"
94.145.68.182 - - [09/Jan/2014:02:46:15 -0500] "GET /stories?layout=list&filter=leaders&start=40&limit=20 HTTP/1.1" 200 34926 "http://www.pacetest.dk/" "Mozilla/5.0 (Windows NT 6.2; WOW64; rv:26.0) Gecko/20100101 Firefox/26.0"
94.145.68.182 - - [09/Jan/2014:02:46:15 -0500] "GET /stories?layout=list&filter=leaders&start=20&limit=20 HTTP/1.1" 200 72444 "http://www.pacetest.dk/" "Mozilla/5.0 (Windows NT 6.2; WOW64; rv:26.0) Gecko/20100101 Firefox/26.0"
94.145.68.182 - - [09/Jan/2014:02:46:18 -0500] "GET /stories?layout=list&filter=leaders&start=60&limit=20 HTTP/1.1" 200 67343 "http://www.pacetest.dk/" "Mozilla/5.0 (Windows NT 6.2; WOW64; rv:26.0) Gecko/20100101 Firefox/26.0"
- - - [09/Jan/2014:02:46:22 -0500] "OPTIONS * HTTP/1.0" 200 - "-" "Apache/2.2.22 (Red Hat Enterprise Web Server) (internal dummy connection)"
94.145.68.182 - - [09/Jan/2014:02:46:40 -0500] "GET /notifications?layout=popover&hq7ppj6d HTTP/1.1" 200 19903 "http://www.pacetest.dk/" "Mozilla/5.0 (Windows NT 6.2; WOW64; rv:26.0) Gecko/20100101 Firefox/26.0"
94.145.68.182 - - [09/Jan/2014:02:46:45 -0500] "GET /notifications?get=count HTTP/1.1" 200 24 "http://www.pacetest.dk/" "Mozilla/5.0 (Windows NT 6.2; WOW64; rv:26.0) Gecko/20100101 Firefox/26.0"
94.145.68.182 - - [09/Jan/2014:02:47:03 -0500] "GET / HTTP/1.1" 200 108326 "http://www.pacetest.dk/" "Mozilla/5.0 (Windows NT 6.2; WOW64; rv:26.0) Gecko/20100101 Firefox/26.0"
94.145.68.182 - - [09/Jan/2014:02:47:12 -0500] "GET /stories?layout=list&filter=leaders&start=40&limit=20 HTTP/1.1" 200 34926 "http://www.pacetest.dk/" "Mozilla/5.0 (Windows NT 6.2; WOW64; rv:26.0) Gecko/20100101 Firefox/26.0"
94.145.68.182 - - [09/Jan/2014:02:47:12 -0500] "GET /stories?layout=list&filter=leaders&start=20&limit=20 HTTP/1.1" 200 72444 "http://www.pacetest.dk/" "Mozilla/5.0 (Windows NT 6.2; WOW64; rv:26.0) Gecko/20100101 Firefox/26.0"
94.145.68.182 - - [09/Jan/2014:02:47:22 -0500] "GET /stories?layout=list&filter=leaders&start=60&limit=20 HTTP/1.1" 200 67343 "http://www.pacetest.dk/" "Mozilla/5.0 (Windows NT 6.2; WOW64; rv:26.0) Gecko/20100101 Firefox/26.0"
- - - [09/Jan/2014:02:47:32 -0500] "OPTIONS * HTTP/1.0" 200 - "-" "Apache/2.2.22 (Red Hat Enterprise Web Server) (internal dummy connection)"
94.145.68.182 - - [09/Jan/2014:02:47:41 -0500] "GET /notifications?get=count HTTP/1.1" 200 24 "http://www.pacetest.dk/" "Mozilla/5.0 (Windows NT 6.2; WOW64; rv:26.0) Gecko/20100101 Firefox/26.0"
94.145.68.182 - - [09/Jan/2014:02:48:12 -0500] "GET /notifications?get=count HTTP/1.1" 200 24 "http://www.pacetest.dk/" "Mozilla/5.0 (Windows NT 6.2; WOW64; rv:26.0) Gecko/20100101 Firefox/26.0"
94.145.68.182 - - [09/Jan/2014:02:48:42 -0500] "GET /notifications?get=count HTTP/1.1" 200 24 "http://www.pacetest.dk/" "Mozilla/5.0 (Windows NT 6.2; WOW64; rv:26.0) Gecko/20100101 Firefox/26.0"
94.145.68.182 - - [09/Jan/2014:02:49:12 -0500] "GET /notifications?get=count HTTP/1.1" 200 24 "http://www.pacetest.dk/" "Mozilla/5.0 (Windows NT 6.2; WOW64; rv:26.0) Gecko/20100101 Firefox/26.0"
94.145.68.182 - - [09/Jan/2014:02:49:42 -0500] "GET /notifications?get=count HTTP/1.1" 200 24 "http://www.pacetest.dk/" "Mozilla/5.0 (Windows NT 6.2; WOW64; rv:26.0) Gecko/20100101 Firefox/26.0"
94.145.68.182 - - [09/Jan/2014:02:50:12 -0500] "GET /notifications?get=count HTTP/1.1" 200 24 "http://www.pacetest.dk/" "Mozilla/5.0 (Windows NT 6.2; WOW64; rv:26.0) Gecko/20100101 Firefox/26.0"
94.145.68.182 - - [09/Jan/2014:02:50:42 -0500] "GET /notifications?get=count HTTP/1.1" 200 24 "http://www.pacetest.dk/" "Mozilla/5.0 (Windows NT 6.2; WOW64; rv:26.0) Gecko/20100101 Firefox/26.0"
94.145.68.182 - - [09/Jan/2014:02:51:12 -0500] "GET /notifications?get=count HTTP/1.1" 200 24 "http://www.pacetest.dk/" "Mozilla/5.0 (Windows NT 6.2; WOW64; rv:26.0) Gecko/20100101 Firefox/26.0"
94.145.68.182 - - [09/Jan/2014:02:51:42 -0500] "GET /notifications?get=count HTTP/1.1" 200 24 "http://www.pacetest.dk/" "Mozilla/5.0 (Windows NT 6.2; WOW64; rv:26.0) Gecko/20100101 Firefox/26.0"
94.145.68.182 - - [09/Jan/2014:02:52:12 -0500] "GET /notifications?get=count HTTP/1.1" 200 24 "http://www.pacetest.dk/" "Mozilla/5.0 (Windows NT 6.2; WOW64; rv:26.0) Gecko/20100101 Firefox/26.0"
94.145.68.182 - - [09/Jan/2014:02:52:42 -0500] "GET /notifications?get=count HTTP/1.1" 200 24 "http://www.pacetest.dk/" "Mozilla/5.0 (Windows NT 6.2; WOW64; rv:26.0) Gecko/20100101 Firefox/26.0"
94.145.68.182 - - [09/Jan/2014:02:53:12 -0500] "GET /notifications?get=count HTTP/1.1" 200 24 "http://www.pacetest.dk/" "Mozilla/5.0 (Windows NT 6.2; WOW64; rv:26.0) Gecko/20100101 Firefox/26.0"
94.145.68.182 - - [09/Jan/2014:02:53:42 -0500] "GET /notifications?get=count HTTP/1.1" 200 24 "http://www.pacetest.dk/" "Mozilla/5.0 (Windows NT 6.2; WOW64; rv:26.0) Gecko/20100101 Firefox/26.0"
94.145.68.182 - - [09/Jan/2014:02:54:12 -0500] "GET /notifications?get=count HTTP/1.1" 200 24 "http://www.pacetest.dk/" "Mozilla/5.0 (Windows NT 6.2; WOW64; rv:26.0) Gecko/20100101 Firefox/26.0"
94.145.68.182 - - [09/Jan/2014:02:54:42 -0500] "GET /notifications?get=count HTTP/1.1" 200 24 "http://www.pacetest.dk/" "Mozilla/5.0 (Windows NT 6.2; WOW64; rv:26.0) Gecko/20100101 Firefox/26.0"
94.145.68.182 - - [09/Jan/2014:02:55:12 -0500] "GET /notifications?get=count HTTP/1.1" 200 24 "http://www.pacetest.dk/" "Mozilla/5.0 (Windows NT 6.2; WOW64; rv:26.0) Gecko/20100101 Firefox/26.0"
94.145.68.182 - - [09/Jan/2014:02:55:42 -0500] "GET /notifications?get=count HTTP/1.1" 200 24 "http://www.pacetest.dk/" "Mozilla/5.0 (Windows NT 6.2; WOW64; rv:26.0) Gecko/20100101 Firefox/26.0"
94.145.68.182 - - [09/Jan/2014:02:56:12 -0500] "GET /notifications?get=count HTTP/1.1" 200 24 "http://www.pacetest.dk/" "Mozilla/5.0 (Windows NT 6.2; WOW64; rv:26.0) Gecko/20100101 Firefox/26.0"
188.180.189.126 - - [09/Jan/2014:02:56:27 -0500] "GET /people/person?token=134aa4db3f65762e15d691f0f4884516 HTTP/1.1" 303 - "-" "Mozilla/5.0 (Windows NT 6.1; Trident/7.0; rv:11.0) like Gecko"
188.180.189.126 - - [09/Jan/2014:02:56:29 -0500] "GET /people/session?return=aHR0cDovL3d3dy5wYWNldGVzdC5kay9wZW9wbGUvcGVyc29uP3Rva2VuPTEzNGFhNGRiM2Y2NTc2MmUxNWQ2OTFmMGY0ODg0NTE2 HTTP/1.1" 200 6984 "-" "Mozilla/5.0 (Windows NT 6.1; Trident/7.0; rv:11.0) like Gecko"
188.180.189.126 - - [09/Jan/2014:02:56:30 -0500] "GET /templates/shiraz/css/style1/style.css HTTP/1.1" 200 151926 "http://www.pacetest.dk/people/session?return=aHR0cDovL3d3dy5wYWNldGVzdC5kay9wZW9wbGUvcGVyc29uP3Rva2VuPTEzNGFhNGRiM2Y2NTc2MmUxNWQ2OTFmMGY0ODg0NTE2" "Mozilla/5.0 (Windows NT 6.1; Trident/7.0; rv:11.0) like Gecko"
188.180.189.126 - - [09/Jan/2014:02:56:30 -0500] "GET /media/lib_anahita/js/production/site.js HTTP/1.1" 200 310197 "http://www.pacetest.dk/people/session?return=aHR0cDovL3d3dy5wYWNldGVzdC5kay9wZW9wbGUvcGVyc29uP3Rva2VuPTEzNGFhNGRiM2Y2NTc2MmUxNWQ2OTFmMGY0ODg0NTE2" "Mozilla/5.0 (Windows NT 6.1; Trident/7.0; rv:11.0) like Gecko"
188.180.189.126 - - [09/Jan/2014:02:56:31 -0500] "GET /templates/base/css/images/favicon.ico HTTP/1.1" 200 1150 "-" "Mozilla/5.0 (Windows NT 6.1; Trident/7.0; rv:11.0) like Gecko"
188.180.189.126 - - [09/Jan/2014:02:56:36 -0500] "POST /people/session HTTP/1.1" 303 - "http://www.pacetest.dk/people/session?return=aHR0cDovL3d3dy5wYWNldGVzdC5kay9wZW9wbGUvcGVyc29uP3Rva2VuPTEzNGFhNGRiM2Y2NTc2MmUxNWQ2OTFmMGY0ODg0NTE2" "Mozilla/5.0 (Windows NT 6.1; Trident/7.0; rv:11.0) like Gecko"
188.180.189.126 - - [09/Jan/2014:02:56:37 -0500] "GET /people/session HTTP/1.1" 200 7045 "http://www.pacetest.dk/people/session?return=aHR0cDovL3d3dy5wYWNldGVzdC5kay9wZW9wbGUvcGVyc29uP3Rva2VuPTEzNGFhNGRiM2Y2NTc2MmUxNWQ2OTFmMGY0ODg0NTE2" "Mozilla/5.0 (Windows NT 6.1; Trident/7.0; rv:11.0) like Gecko"
94.145.68.182 - - [09/Jan/2014:02:56:42 -0500] "GET /notifications?get=count HTTP/1.1" 200 24 "http://www.pacetest.dk/" "Mozilla/5.0 (Windows NT 6.2; WOW64; rv:26.0) Gecko/20100101 Firefox/26.0"
188.180.189.126 - - [09/Jan/2014:02:56:52 -0500] "POST /people/session HTTP/1.1" 303 - "http://www.pacetest.dk/people/session" "Mozilla/5.0 (Windows NT 6.1; Trident/7.0; rv:11.0) like Gecko"
188.180.189.126 - - [09/Jan/2014:02:56:53 -0500] "GET /people/session HTTP/1.1" 200 7045 "http://www.pacetest.dk/people/session" "Mozilla/5.0 (Windows NT 6.1; Trident/7.0; rv:11.0) like Gecko"
188.180.189.126 - - [09/Jan/2014:02:57:05 -0500] "POST /people/session HTTP/1.1" 303 - "http://www.pacetest.dk/people/session" "Mozilla/5.0 (Windows NT 6.1; Trident/7.0; rv:11.0) like Gecko"
188.180.189.126 - - [09/Jan/2014:02:57:07 -0500] "GET /people/person?token=134aa4db3f65762e15d691f0f4884516 HTTP/1.1" 303 - "http://www.pacetest.dk/people/session" "Mozilla/5.0 (Windows NT 6.1; Trident/7.0; rv:11.0) like Gecko"
94.145.68.182 - - [09/Jan/2014:02:57:12 -0500] "GET /notifications?get=count HTTP/1.1" 200 24 "http://www.pacetest.dk/" "Mozilla/5.0 (Windows NT 6.2; WOW64; rv:26.0) Gecko/20100101 Firefox/26.0"
188.180.189.126 - - [09/Jan/2014:02:57:13 -0500] "POST /people/session HTTP/1.1" 303 - "http://www.pacetest.dk/people/session" "Mozilla/5.0 (Windows NT 6.1; Trident/7.0; rv:11.0) like Gecko"
188.180.189.126 - - [09/Jan/2014:02:57:08 -0500] "GET /index.php HTTP/1.1" 200 58341 "http://www.pacetest.dk/people/session" "Mozilla/5.0 (Windows NT 6.1; Trident/7.0; rv:11.0) like Gecko"
- - - [09/Jan/2014:02:57:18 -0500] "OPTIONS * HTTP/1.0" 200 - "-" "Apache/2.2.22 (Red Hat Enterprise Web Server) (internal dummy connection)"
188.180.189.126 - - [09/Jan/2014:02:57:17 -0500] "GET /people/person?token=134aa4db3f65762e15d691f0f4884516 HTTP/1.1" 303 - "http://www.pacetest.dk/people/session" "Mozilla/5.0 (Windows NT 6.1; Trident/7.0; rv:11.0) like Gecko"
188.180.189.126 - - [09/Jan/2014:02:57:20 -0500] "GET /people/token HTTP/1.1" 403 8309 "http://www.pacetest.dk/people/session" "Mozilla/5.0 (Windows NT 6.1; Trident/7.0; rv:11.0) like Gecko"
188.180.189.126 - - [09/Jan/2014:02:57:23 -0500] "GET /templates/base/css/images/logo.png HTTP/1.1" 200 5272 "http://www.pacetest.dk/people/token" "Mozilla/5.0 (Windows NT 6.1; Trident/7.0; rv:11.0) like Gecko"
188.180.189.126 - - [09/Jan/2014:02:57:19 -0500] "GET /index.php HTTP/1.1" 200 58341 "http://www.pacetest.dk/people/session" "Mozilla/5.0 (Windows NT 6.1; Trident/7.0; rv:11.0) like Gecko"
- - - [09/Jan/2014:02:57:28 -0500] "OPTIONS * HTTP/1.0" 200 - "-" "Apache/2.2.22 (Red Hat Enterprise Web Server) (internal dummy connection)"
94.145.68.182 - - [09/Jan/2014:02:57:42 -0500] "GET /notifications?get=count HTTP/1.1" 200 24 "http://www.pacetest.dk/" "Mozilla/5.0 (Windows NT 6.2; WOW64; rv:26.0) Gecko/20100101 Firefox/26.0"
188.180.189.126 - - [09/Jan/2014:02:57:59 -0500] "GET /notifications?get=count HTTP/1.1" 200 24 "http://www.pacetest.dk/" "Mozilla/5.0 (Windows NT 6.1; Trident/7.0; rv:11.0) like Gecko"
94.145.68.182 - - [09/Jan/2014:02:58:12 -0500] "GET /notifications?get=count HTTP/1.1" 200 24 "http://www.pacetest.dk/" "Mozilla/5.0 (Windows NT 6.2; WOW64; rv:26.0) Gecko/20100101 Firefox/26.0"
94.145.68.182 - - [09/Jan/2014:02:58:42 -0500] "GET /notifications?get=count HTTP/1.1" 200 24 "http://www.pacetest.dk/" "Mozilla/5.0 (Windows NT 6.2; WOW64; rv:26.0) Gecko/20100101 Firefox/26.0"
94.145.68.182 - - [09/Jan/2014:02:59:12 -0500] "GET /notifications?get=count HTTP/1.1" 200 24 "http://www.pacetest.dk/" "Mozilla/5.0 (Windows NT 6.2; WOW64; rv:26.0) Gecko/20100101 Firefox/26.0"
188.180.189.126 - - [09/Jan/2014:02:59:15 -0500] "GET /templates/base/css/images/spinner.gif HTTP/1.1" 200 723 "http://www.pacetest.dk/people/token" "Mozilla/5.0 (Windows NT 6.1; Trident/7.0; rv:11.0) like Gecko"
188.180.189.126 - - [09/Jan/2014:02:59:15 -0500] "GET /notifications?layout=popover&hq7q3ug4 HTTP/1.1" 200 7817 "http://www.pacetest.dk/" "Mozilla/4.0 (compatible; MSIE 7.0; Windows NT 6.1; Trident/7.0; SLCC2; .NET CLR 2.0.50727; .NET CLR 3.5.30729; .NET CLR 3.0.30729; Media Center PC 6.0; MDDS; .NET4.0C; AskTbORJ/5.15.15.36191; .NET4.0E)"
188.180.189.126 - - [09/Jan/2014:02:59:34 -0500] "GET /people/token HTTP/1.1" 403 8294 "http://www.pacetest.dk/people/session" "Mozilla/5.0 (Windows NT 6.1; Trident/7.0; rv:11.0) like Gecko"
94.145.68.182 - - [09/Jan/2014:02:59:42 -0500] "GET /notifications?get=count HTTP/1.1" 200 24 "http://www.pacetest.dk/" "Mozilla/5.0 (Windows NT 6.2; WOW64; rv:26.0) Gecko/20100101 Firefox/26.0"
178.21.88.155 - - [09/Jan/2014:02:59:48 -0500] "GET /index.php HTTP/1.1" 200 7772 "-" "Mozilla/5.0 (iPad; CPU OS 7_0_4 like Mac OS X) AppleWebKit/537.51.1 (KHTML, like Gecko) Version/7.0 Mobile/11B554a Safari/9537.53"
178.21.88.155 - - [09/Jan/2014:02:59:50 -0500] "GET /templates/shiraz/css/style1/style.css HTTP/1.1" 304 - "http://www.pacetest.dk/index.php" "Mozilla/5.0 (iPad; CPU OS 7_0_4 like Mac OS X) AppleWebKit/537.51.1 (KHTML, like Gecko) Version/7.0 Mobile/11B554a Safari/9537.53"
178.21.88.155 - - [09/Jan/2014:02:59:50 -0500] "GET /templates/base/css/images/logo.png HTTP/1.1" 304 - "http://www.pacetest.dk/index.php" "Mozilla/5.0 (iPad; CPU OS 7_0_4 like Mac OS X) AppleWebKit/537.51.1 (KHTML, like Gecko) Version/7.0 Mobile/11B554a Safari/9537.53"
178.21.88.155 - - [09/Jan/2014:02:59:51 -0500] "GET /templates/base/css/images/icon-socialmedia-white.png HTTP/1.1" 304 - "http://www.pacetest.dk/index.php" "Mozilla/5.0 (iPad; CPU OS 7_0_4 like Mac OS X) AppleWebKit/537.51.1 (KHTML, like Gecko) Version/7.0 Mobile/11B554a Safari/9537.53"
178.21.88.155 - - [09/Jan/2014:02:59:51 -0500] "GET /templates/base/css/images/icon-socialmedia.png HTTP/1.1" 304 - "http://www.pacetest.dk/index.php" "Mozilla/5.0 (iPad; CPU OS 7_0_4 like Mac OS X) AppleWebKit/537.51.1 (KHTML, like Gecko) Version/7.0 Mobile/11B554a Safari/9537.53"
178.21.88.155 - - [09/Jan/2014:02:59:51 -0500] "GET /apple-touch-icon-152x152-precomposed.png HTTP/1.1" 404 342 "-" "MobileSafari/9537.53 CFNetwork/672.0.8 Darwin/14.0.0"
178.21.88.155 - - [09/Jan/2014:02:59:51 -0500] "GET /apple-touch-icon-152x152.png HTTP/1.1" 404 330 "-" "MobileSafari/9537.53 CFNetwork/672.0.8 Darwin/14.0.0"
188.180.189.126 - - [09/Jan/2014:02:59:50 -0500] "POST /people/session HTTP/1.1" 303 - "http://www.pacetest.dk/people/session" "Mozilla/5.0 (Windows NT 6.1; Trident/7.0; rv:11.0) like Gecko"
178.21.88.155 - - [09/Jan/2014:02:59:51 -0500] "GET /apple-touch-icon-precomposed.png HTTP/1.1" 404 334 "-" "MobileSafari/9537.53 CFNetwork/672.0.8 Darwin/14.0.0"
178.21.88.155 - - [09/Jan/2014:02:59:51 -0500] "GET /apple-touch-icon.png HTTP/1.1" 404 322 "-" "MobileSafari/9537.53 CFNetwork/672.0.8 Darwin/14.0.0"
188.180.189.126 - - [09/Jan/2014:02:59:51 -0500] "GET /people/person?token=134aa4db3f65762e15d691f0f4884516 HTTP/1.1" 303 - "http://www.pacetest.dk/people/session" "Mozilla/5.0 (Windows NT 6.1; Trident/7.0; rv:11.0) like Gecko"
178.21.88.155 - - [09/Jan/2014:02:59:53 -0500] "GET /people/session?layout=modal&return=aHR0cDovL3d3dy5wYWNldGVzdC5kay9pbmRleC5waHA%3D&hq7q71vm HTTP/1.1" 200 1437 "http://www.pacetest.dk/index.php" "Mozilla/5.0 (iPad; CPU OS 7_0_4 like Mac OS X) AppleWebKit/537.51.1 (KHTML, like Gecko) Version/7.0 Mobile/11B554a Safari/9537.53"
178.21.88.155 - - [09/Jan/2014:02:59:55 -0500] "GET /templates/base/css/images/spinner.gif HTTP/1.1" 304 - "http://www.pacetest.dk/index.php" "Mozilla/5.0 (iPad; CPU OS 7_0_4 like Mac OS X) AppleWebKit/537.51.1 (KHTML, like Gecko) Version/7.0 Mobile/11B554a Safari/9537.53"
188.180.189.126 - - [09/Jan/2014:02:59:53 -0500] "GET /index.php HTTP/1.1" 200 58326 "http://www.pacetest.dk/people/session" "Mozilla/5.0 (Windows NT 6.1; Trident/7.0; rv:11.0) like Gecko"
188.180.189.126 - - [09/Jan/2014:03:00:01 -0500] "GET /media/com_stories/js/stories.js HTTP/1.1" 200 1707 "http://www.pacetest.dk/index.php" "Mozilla/5.0 (Windows NT 6.1; Trident/7.0; rv:11.0) like Gecko"
- - - [09/Jan/2014:03:00:01 -0500] "OPTIONS * HTTP/1.0" 200 - "-" "Apache/2.2.22 (Red Hat Enterprise Web Server) (internal dummy connection)"
188.180.189.126 - - [09/Jan/2014:03:00:01 -0500] "GET /media/com_composer/js/composer.js HTTP/1.1" 200 5682 "http://www.pacetest.dk/index.php" "Mozilla/5.0 (Windows NT 6.1; Trident/7.0; rv:11.0) like Gecko"
188.180.189.126 - - [09/Jan/2014:03:00:01 -0500] "GET /media/lib_anahita/js/vendors/mediabox.js HTTP/1.1" 200 45415 "http://www.pacetest.dk/index.php" "Mozilla/5.0 (Windows NT 6.1; Trident/7.0; rv:11.0) like Gecko"
188.180.189.126 - - [09/Jan/2014:03:00:01 -0500] "GET /templates/base/css/images/glyphicons-halflings.png HTTP/1.1" 200 12799 "http://www.pacetest.dk/index.php" "Mozilla/5.0 (Windows NT 6.1; Trident/7.0; rv:11.0) like Gecko"
188.180.189.126 - - [09/Jan/2014:03:00:02 -0500] "GET /stories?layout=list&filter=leaders&start=40&limit=20 HTTP/1.1" 200 4033 "http://www.pacetest.dk/" "Mozilla/5.0 (Windows NT 6.1; Trident/7.0; rv:11.0) like Gecko"
178.21.88.155 - - [09/Jan/2014:03:00:10 -0500] "POST /people/session?layout=modal HTTP/1.1" 303 - "http://www.pacetest.dk/index.php" "Mozilla/5.0 (iPad; CPU OS 7_0_4 like Mac OS X) AppleWebKit/537.51.1 (KHTML, like Gecko) Version/7.0 Mobile/11B554a Safari/9537.53"
94.145.68.182 - - [09/Jan/2014:03:00:12 -0500] "GET /notifications?get=count HTTP/1.1" 200 24 "http://www.pacetest.dk/" "Mozilla/5.0 (Windows NT 6.2; WOW64; rv:26.0) Gecko/20100101 Firefox/26.0"
188.180.189.126 - - [09/Jan/2014:03:00:10 -0500] "GET /stories?layout=list&filter=leaders&start=60&limit=20 HTTP/1.1" 200 75 "http://www.pacetest.dk/" "Mozilla/5.0 (Windows NT 6.1; Trident/7.0; rv:11.0) like Gecko"
- - - [09/Jan/2014:03:00:21 -0500] "OPTIONS * HTTP/1.0" 200 - "-" "Apache/2.2.22 (Red Hat Enterprise Web Server) (internal dummy connection)"
188.180.189.126 - - [09/Jan/2014:03:00:01 -0500] "GET /stories?layout=list&filter=leaders&start=20&limit=20 HTTP/1.1" 200 45361 "http://www.pacetest.dk/" "Mozilla/5.0 (Windows NT 6.1; Trident/7.0; rv:11.0) like Gecko"
- - - [09/Jan/2014:03:00:21 -0500] "OPTIONS * HTTP/1.0" 200 - "-" "Apache/2.2.22 (Red Hat Enterprise Web Server) (internal dummy connection)"
178.21.88.155 - - [09/Jan/2014:03:00:25 -0500] "POST /people/session?layout=modal HTTP/1.1" 303 - "http://www.pacetest.dk/index.php" "Mozilla/5.0 (iPad; CPU OS 7_0_4 like Mac OS X) AppleWebKit/537.51.1 (KHTML, like Gecko) Version/7.0 Mobile/11B554a Safari/9537.53"
178.21.88.155 - - [09/Jan/2014:03:00:14 -0500] "GET /index.php HTTP/1.1" 200 89005 "http://www.pacetest.dk/index.php" "Mozilla/5.0 (iPad; CPU OS 7_0_4 like Mac OS X) AppleWebKit/537.51.1 (KHTML, like Gecko) Version/7.0 Mobile/11B554a Safari/9537.53"
178.21.88.155 - - [09/Jan/2014:03:00:27 -0500] "GET /index.php HTTP/1.1" 200 89005 "http://www.pacetest.dk/index.php" "Mozilla/5.0 (iPad; CPU OS 7_0_4 like Mac OS X) AppleWebKit/537.51.1 (KHTML, like Gecko) Version/7.0 Mobile/11B554a Safari/9537.53"
94.145.68.182 - - [09/Jan/2014:03:00:42 -0500] "GET /notifications?get=count HTTP/1.1" 200 24 "http://www.pacetest.dk/" "Mozilla/5.0 (Windows NT 6.2; WOW64; rv:26.0) Gecko/20100101 Firefox/26.0"
178.21.88.155 - - [09/Jan/2014:03:00:39 -0500] "GET /stories?layout=list&filter=leaders&start=20&limit=20 HTTP/1.1" 200 33985 "http://www.pacetest.dk/index.php" "Mozilla/5.0 (iPad; CPU OS 7_0_4 like Mac OS X) AppleWebKit/537.51.1 (KHTML, like Gecko) Version/7.0 Mobile/11B554a Safari/9537.53"
- - - [09/Jan/2014:03:00:53 -0500] "OPTIONS * HTTP/1.0" 200 - "-" "Apache/2.2.22 (Red Hat Enterprise Web Server) (internal dummy connection)"
178.21.88.155 - - [09/Jan/2014:03:00:39 -0500] "GET /stories?layout=list&filter=leaders&start=40&limit=20 HTTP/1.1" 200 53308 "http://www.pacetest.dk/index.php" "Mozilla/5.0 (iPad; CPU OS 7_0_4 like Mac OS X) AppleWebKit/537.51.1 (KHTML, like Gecko) Version/7.0 Mobile/11B554a Safari/9537.53"
- - - [09/Jan/2014:03:00:54 -0500] "OPTIONS * HTTP/1.0" 200 - "-" "Apache/2.2.22 (Red Hat Enterprise Web Server) (internal dummy connection)"
94.145.68.182 - - [09/Jan/2014:03:01:12 -0500] "GET /notifications?get=count HTTP/1.1" 200 24 "http://www.pacetest.dk/" "Mozilla/5.0 (Windows NT 6.2; WOW64; rv:26.0) Gecko/20100101 Firefox/26.0"
188.180.189.126 - - [09/Jan/2014:03:01:17 -0500] "GET /menu/groups HTTP/1.1" 200 14880 "http://www.pacetest.dk/index.php" "Mozilla/5.0 (Windows NT 6.1; Trident/7.0; rv:11.0) like Gecko"
188.180.189.126 - - [09/Jan/2014:03:01:25 -0500] "GET /menu/people HTTP/1.1" 200 31364 "http://www.pacetest.dk/menu/groups" "Mozilla/5.0 (Windows NT 6.1; Trident/7.0; rv:11.0) like Gecko"
188.180.189.126 - - [09/Jan/2014:03:01:28 -0500] "GET /media/lib_anahita/images/avatar/square_default.gif HTTP/1.1" 200 17821 "http://www.pacetest.dk/menu/people" "Mozilla/5.0 (Windows NT 6.1; Trident/7.0; rv:11.0) like Gecko"
188.180.189.126 - - [09/Jan/2014:03:01:32 -0500] "GET / HTTP/1.1" 200 58326 "http://www.pacetest.dk/menu/people" "Mozilla/5.0 (Windows NT 6.1; Trident/7.0; rv:11.0) like Gecko"
94.145.68.182 - - [09/Jan/2014:03:01:42 -0500] "GET /notifications?get=count HTTP/1.1" 200 24 "http://www.pacetest.dk/" "Mozilla/5.0 (Windows NT 6.2; WOW64; rv:26.0) Gecko/20100101 Firefox/26.0"
188.180.189.126 - - [09/Jan/2014:03:01:45 -0500] "GET /topics?layout=gadget&filter=leaders&hq7q9bsc HTTP/1.1" 200 361 "http://www.pacetest.dk/" "Mozilla/4.0 (compatible; MSIE 7.0; Windows NT 6.1; Trident/7.0; SLCC2; .NET CLR 2.0.50727; .NET CLR 3.5.30729; .NET CLR 3.0.30729; Media Center PC 6.0; MDDS; .NET4.0C; AskTbORJ/5.15.15.36191; .NET4.0E)"
94.145.68.182 - - [09/Jan/2014:03:02:12 -0500] "GET /notifications?get=count HTTP/1.1" 200 24 "http://www.pacetest.dk/" "Mozilla/5.0 (Windows NT 6.2; WOW64; rv:26.0) Gecko/20100101 Firefox/26.0"
188.180.189.126 - - [09/Jan/2014:03:02:15 -0500] "GET /menu/groups HTTP/1.1" 200 14880 "http://www.pacetest.dk/" "Mozilla/5.0 (Windows NT 6.1; Trident/7.0; rv:11.0) like Gecko"
94.145.68.182 - - [09/Jan/2014:03:02:42 -0500] "GET /notifications?get=count HTTP/1.1" 200 24 "http://www.pacetest.dk/" "Mozilla/5.0 (Windows NT 6.2; WOW64; rv:26.0) Gecko/20100101 Firefox/26.0"
188.180.189.126 - - [09/Jan/2014:03:02:50 -0500] "POST /groups/197-ga-nextlevel-jylland?layout=list&hq7qa5hy HTTP/1.1" 200 1072 "http://www.pacetest.dk/" "Mozilla/5.0 (Windows NT 6.1; Trident/7.0; rv:11.0) like Gecko"
94.145.68.182 - - [09/Jan/2014:03:03:12 -0500] "GET /notifications?get=count HTTP/1.1" 200 24 "http://www.pacetest.dk/" "Mozilla/5.0 (Windows NT 6.2; WOW64; rv:26.0) Gecko/20100101 Firefox/26.0"
94.145.68.182 - - [09/Jan/2014:03:03:42 -0500] "GET /notifications?get=count HTTP/1.1" 200 24 "http://www.pacetest.dk/" "Mozilla/5.0 (Windows NT 6.2; WOW64; rv:26.0) Gecko/20100101 Firefox/26.0"
94.145.68.182 - - [09/Jan/2014:03:04:12 -0500] "GET /notifications?get=count HTTP/1.1" 200 24 "http://www.pacetest.dk/" "Mozilla/5.0 (Windows NT 6.2; WOW64; rv:26.0) Gecko/20100101 Firefox/26.0"
94.145.68.182 - - [09/Jan/2014:03:04:42 -0500] "GET /notifications?get=count HTTP/1.1" 200 24 "http://www.pacetest.dk/" "Mozilla/5.0 (Windows NT 6.2; WOW64; rv:26.0) Gecko/20100101 Firefox/26.0"
94.145.68.182 - - [09/Jan/2014:03:05:12 -0500] "GET /notifications?get=count HTTP/1.1" 200 24 "http://www.pacetest.dk/" "Mozilla/5.0 (Windows NT 6.2; WOW64; rv:26.0) Gecko/20100101 Firefox/26.0"
94.145.68.182 - - [09/Jan/2014:03:05:42 -0500] "GET /notifications?get=count HTTP/1.1" 200 24 "http://www.pacetest.dk/" "Mozilla/5.0 (Windows NT 6.2; WOW64; rv:26.0) Gecko/20100101 Firefox/26.0"
94.145.68.182 - - [09/Jan/2014:03:06:12 -0500] "GET /notifications?get=count HTTP/1.1" 200 24 "http://www.pacetest.dk/" "Mozilla/5.0 (Windows NT 6.2; WOW64; rv:26.0) Gecko/20100101 Firefox/26.0"
94.145.68.182 - - [09/Jan/2014:03:06:42 -0500] "GET /notifications?get=count HTTP/1.1" 200 24 "http://www.pacetest.dk/" "Mozilla/5.0 (Windows NT 6.2; WOW64; rv:26.0) Gecko/20100101 Firefox/26.0"
94.145.68.182 - - [09/Jan/2014:03:07:12 -0500] "GET /notifications?get=count HTTP/1.1" 200 24 "http://www.pacetest.dk/" "Mozilla/5.0 (Windows NT 6.2; WOW64; rv:26.0) Gecko/20100101 Firefox/26.0"
94.145.68.182 - - [09/Jan/2014:03:07:42 -0500] "GET /notifications?get=count HTTP/1.1" 200 24 "http://www.pacetest.dk/" "Mozilla/5.0 (Windows NT 6.2; WOW64; rv:26.0) Gecko/20100101 Firefox/26.0"
94.145.68.182 - - [09/Jan/2014:03:08:12 -0500] "GET /notifications?get=count HTTP/1.1" 200 24 "http://www.pacetest.dk/" "Mozilla/5.0 (Windows NT 6.2; WOW64; rv:26.0) Gecko/20100101 Firefox/26.0"
94.145.68.182 - - [09/Jan/2014:03:08:42 -0500] "GET /notifications?get=count HTTP/1.1" 200 24 "http://www.pacetest.dk/" "Mozilla/5.0 (Windows NT 6.2; WOW64; rv:26.0) Gecko/20100101 Firefox/26.0"
94.145.68.182 - - [09/Jan/2014:03:09:12 -0500] "GET /notifications?get=count HTTP/1.1" 200 24 "http://www.pacetest.dk/" "Mozilla/5.0 (Windows NT 6.2; WOW64; rv:26.0) Gecko/20100101 Firefox/26.0"
94.145.68.182 - - [09/Jan/2014:03:09:42 -0500] "GET /notifications?get=count HTTP/1.1" 200 24 "http://www.pacetest.dk/" "Mozilla/5.0 (Windows NT 6.2; WOW64; rv:26.0) Gecko/20100101 Firefox/26.0"
10.110.62.41 - - [09/Jan/2014:03:10:18 -0500] "GET / HTTP/1.1" 200 7852 "-" "Ruby"
10.110.62.41 - - [09/Jan/2014:03:10:20 -0500] "GET / HTTP/1.1" 200 7855 "-" "Ruby"
94.145.68.182 - - [09/Jan/2014:03:15:03 -0500] "GET /notifications?get=count HTTP/1.1" 200 24 "http://www.pacetest.dk/" "Mozilla/5.0 (Windows NT 6.2; WOW64; rv:26.0) Gecko/20100101 Firefox/26.0"
62.44.134.129 - - [09/Jan/2014:03:18:00 -0500] "GET /media/lib_anahita/images/avatar/square_default.gif HTTP/1.1" 200 17821 "-" "Mozilla/5.0 (iPhone; CPU iPhone OS 7_0_4 like Mac OS X) AppleWebKit/537.51.1 (KHTML, like Gecko) Mobile/11B554a"
94.145.68.182 - - [09/Jan/2014:03:18:50 -0500] "GET /templates/base/css/images/favicon.ico HTTP/1.1" 200 1150 "-" "Mozilla/5.0 (Windows NT 6.2; WOW64; rv:26.0) Gecko/20100101 Firefox/26.0"
94.145.68.182 - - [09/Jan/2014:03:26:57 -0500] "GET / HTTP/1.1" 200 108320 "http://www.pacetest.dk/" "Mozilla/5.0 (Windows NT 6.2; WOW64; rv:26.0) Gecko/20100101 Firefox/26.0"
94.145.68.182 - - [09/Jan/2014:03:27:00 -0500] "GET /templates/shiraz/css/style1/style.css HTTP/1.1" 200 151926 "http://www.pacetest.dk/" "Mozilla/5.0 (Windows NT 6.2; WOW64; rv:26.0) Gecko/20100101 Firefox/26.0"
94.145.68.182 - - [09/Jan/2014:03:27:00 -0500] "GET /media/com_stories/js/stories.js HTTP/1.1" 200 1707 "http://www.pacetest.dk/" "Mozilla/5.0 (Windows NT 6.2; WOW64; rv:26.0) Gecko/20100101 Firefox/26.0"
94.145.68.182 - - [09/Jan/2014:03:27:00 -0500] "GET /media/lib_anahita/js/production/site.js HTTP/1.1" 200 310197 "http://www.pacetest.dk/" "Mozilla/5.0 (Windows NT 6.2; WOW64; rv:26.0) Gecko/20100101 Firefox/26.0"
94.145.68.182 - - [09/Jan/2014:03:27:00 -0500] "GET /media/lib_anahita/js/vendors/mediabox.js HTTP/1.1" 200 45415 "http://www.pacetest.dk/" "Mozilla/5.0 (Windows NT 6.2; WOW64; rv:26.0) Gecko/20100101 Firefox/26.0"
94.145.68.182 - - [09/Jan/2014:03:27:00 -0500] "GET /media/com_composer/js/composer.js HTTP/1.1" 200 5682 "http://www.pacetest.dk/" "Mozilla/5.0 (Windows NT 6.2; WOW64; rv:26.0) Gecko/20100101 Firefox/26.0"
94.145.68.182 - - [09/Jan/2014:03:27:01 -0500] "GET /media/lib_anahita/images/avatar/square_default.gif HTTP/1.1" 200 17821 "http://www.pacetest.dk/" "Mozilla/5.0 (Windows NT 6.2; WOW64; rv:26.0) Gecko/20100101 Firefox/26.0"
94.145.68.182 - - [09/Jan/2014:03:27:02 -0500] "GET /templates/base/css/images/logo.png HTTP/1.1" 200 5272 "http://www.pacetest.dk/templates/shiraz/css/style1/style.css" "Mozilla/5.0 (Windows NT 6.2; WOW64; rv:26.0) Gecko/20100101 Firefox/26.0"
94.145.68.182 - - [09/Jan/2014:03:27:02 -0500] "GET /templates/base/css/images/glyphicons-halflings.png HTTP/1.1" 200 12799 "http://www.pacetest.dk/templates/shiraz/css/style1/style.css" "Mozilla/5.0 (Windows NT 6.2; WOW64; rv:26.0) Gecko/20100101 Firefox/26.0"
94.145.68.182 - - [09/Jan/2014:03:27:02 -0500] "GET /stories?layout=list&filter=leaders&start=40&limit=20 HTTP/1.1" 200 34926 "http://www.pacetest.dk/" "Mozilla/5.0 (Windows NT 6.2; WOW64; rv:26.0) Gecko/20100101 Firefox/26.0"
94.145.68.182 - - [09/Jan/2014:03:27:02 -0500] "GET /stories?layout=list&filter=leaders&start=20&limit=20 HTTP/1.1" 200 72444 "http://www.pacetest.dk/" "Mozilla/5.0 (Windows NT 6.2; WOW64; rv:26.0) Gecko/20100101 Firefox/26.0"
94.145.68.182 - - [09/Jan/2014:03:27:05 -0500] "GET /stories?layout=list&filter=leaders&start=60&limit=20 HTTP/1.1" 200 67343 "http://www.pacetest.dk/" "Mozilla/5.0 (Windows NT 6.2; WOW64; rv:26.0) Gecko/20100101 Firefox/26.0"
- - - [09/Jan/2014:03:27:08 -0500] "OPTIONS * HTTP/1.0" 200 - "-" "Apache/2.2.22 (Red Hat Enterprise Web Server) (internal dummy connection)"
94.145.68.182 - - [09/Jan/2014:03:27:31 -0500] "GET /notifications?get=count HTTP/1.1" 200 24 "http://www.pacetest.dk/" "Mozilla/5.0 (Windows NT 6.2; WOW64; rv:26.0) Gecko/20100101 Firefox/26.0"
94.145.68.182 - - [09/Jan/2014:03:28:01 -0500] "GET /notifications?get=count HTTP/1.1" 200 24 "http://www.pacetest.dk/" "Mozilla/5.0 (Windows NT 6.2; WOW64; rv:26.0) Gecko/20100101 Firefox/26.0"
94.145.68.182 - - [09/Jan/2014:03:28:31 -0500] "GET /notifications?get=count HTTP/1.1" 200 24 "http://www.pacetest.dk/" "Mozilla/5.0 (Windows NT 6.2; WOW64; rv:26.0) Gecko/20100101 Firefox/26.0"
94.145.68.182 - - [09/Jan/2014:03:29:01 -0500] "GET /notifications?get=count HTTP/1.1" 200 24 "http://www.pacetest.dk/" "Mozilla/5.0 (Windows NT 6.2; WOW64; rv:26.0) Gecko/20100101 Firefox/26.0"
94.145.68.182 - - [09/Jan/2014:03:29:31 -0500] "GET /notifications?get=count HTTP/1.1" 200 24 "http://www.pacetest.dk/" "Mozilla/5.0 (Windows NT 6.2; WOW64; rv:26.0) Gecko/20100101 Firefox/26.0"
94.145.68.182 - - [09/Jan/2014:03:30:01 -0500] "GET /notifications?get=count HTTP/1.1" 200 24 "http://www.pacetest.dk/" "Mozilla/5.0 (Windows NT 6.2; WOW64; rv:26.0) Gecko/20100101 Firefox/26.0"
94.145.68.182 - - [09/Jan/2014:03:30:31 -0500] "GET /notifications?get=count HTTP/1.1" 200 24 "http://www.pacetest.dk/" "Mozilla/5.0 (Windows NT 6.2; WOW64; rv:26.0) Gecko/20100101 Firefox/26.0"
94.145.68.182 - - [09/Jan/2014:03:30:26 -0500] "GET /groups/209-ga-nextlevel-sj%C3%A6lland HTTP/1.1" 200 53478 "http://www.pacetest.dk/" "Mozilla/5.0 (Windows NT 6.2; WOW64; rv:26.0) Gecko/20100101 Firefox/26.0"
- - - [09/Jan/2014:03:30:34 -0500] "OPTIONS * HTTP/1.0" 200 - "-" "Apache/2.2.22 (Red Hat Enterprise Web Server) (internal dummy connection)"
94.145.68.182 - - [09/Jan/2014:03:30:34 -0500] "GET /groups/209/graph/followers?layout=gadget&hq7rajdl HTTP/1.1" 200 2245 "http://www.pacetest.dk/groups/209-ga-nextlevel-sj%C3%A6lland" "Mozilla/5.0 (Windows NT 6.2; WOW64; rv:26.0) Gecko/20100101 Firefox/26.0"
94.145.68.182 - - [09/Jan/2014:03:30:41 -0500] "GET /pages/437-deltagerliste-sj%C3%A6lland-10-11-12-januar-2014 HTTP/1.1" 200 28262 "http://www.pacetest.dk/groups/209-ga-nextlevel-sj%C3%A6lland" "Mozilla/5.0 (Windows NT 6.2; WOW64; rv:26.0) Gecko/20100101 Firefox/26.0"
94.145.68.182 - - [09/Jan/2014:03:30:44 -0500] "GET /media/com_pages/js/pages.js HTTP/1.1" 200 622 "http://www.pacetest.dk/pages/437-deltagerliste-sj%C3%A6lland-10-11-12-januar-2014" "Mozilla/5.0 (Windows NT 6.2; WOW64; rv:26.0) Gecko/20100101 Firefox/26.0"
94.145.68.182 - - [09/Jan/2014:03:31:14 -0500] "GET /notifications?get=count HTTP/1.1" 200 24 "http://www.pacetest.dk/pages/437-deltagerliste-sj%C3%A6lland-10-11-12-januar-2014" "Mozilla/5.0 (Windows NT 6.2; WOW64; rv:26.0) Gecko/20100101 Firefox/26.0"
94.145.68.182 - - [09/Jan/2014:03:31:44 -0500] "GET /notifications?get=count HTTP/1.1" 200 24 "http://www.pacetest.dk/pages/437-deltagerliste-sj%C3%A6lland-10-11-12-januar-2014" "Mozilla/5.0 (Windows NT 6.2; WOW64; rv:26.0) Gecko/20100101 Firefox/26.0"
94.145.68.182 - - [09/Jan/2014:03:32:15 -0500] "GET /notifications?get=count HTTP/1.1" 200 24 "http://www.pacetest.dk/pages/437-deltagerliste-sj%C3%A6lland-10-11-12-januar-2014" "Mozilla/5.0 (Windows NT 6.2; WOW64; rv:26.0) Gecko/20100101 Firefox/26.0"
94.145.68.182 - - [09/Jan/2014:03:32:44 -0500] "GET /notifications?get=count HTTP/1.1" 200 24 "http://www.pacetest.dk/pages/437-deltagerliste-sj%C3%A6lland-10-11-12-januar-2014" "Mozilla/5.0 (Windows NT 6.2; WOW64; rv:26.0) Gecko/20100101 Firefox/26.0"
94.145.68.182 - - [09/Jan/2014:03:33:14 -0500] "GET /notifications?get=count HTTP/1.1" 200 24 "http://www.pacetest.dk/pages/437-deltagerliste-sj%C3%A6lland-10-11-12-januar-2014" "Mozilla/5.0 (Windows NT 6.2; WOW64; rv:26.0) Gecko/20100101 Firefox/26.0"
94.145.68.182 - - [09/Jan/2014:03:33:44 -0500] "GET /notifications?get=count HTTP/1.1" 200 24 "http://www.pacetest.dk/pages/437-deltagerliste-sj%C3%A6lland-10-11-12-januar-2014" "Mozilla/5.0 (Windows NT 6.2; WOW64; rv:26.0) Gecko/20100101 Firefox/26.0"
94.145.68.182 - - [09/Jan/2014:03:34:14 -0500] "GET /notifications?get=count HTTP/1.1" 200 24 "http://www.pacetest.dk/pages/437-deltagerliste-sj%C3%A6lland-10-11-12-januar-2014" "Mozilla/5.0 (Windows NT 6.2; WOW64; rv:26.0) Gecko/20100101 Firefox/26.0"
94.145.68.182 - - [09/Jan/2014:03:34:44 -0500] "GET /notifications?get=count HTTP/1.1" 200 24 "http://www.pacetest.dk/pages/437-deltagerliste-sj%C3%A6lland-10-11-12-januar-2014" "Mozilla/5.0 (Windows NT 6.2; WOW64; rv:26.0) Gecko/20100101 Firefox/26.0"
94.145.68.182 - - [09/Jan/2014:03:35:14 -0500] "GET /notifications?get=count HTTP/1.1" 200 24 "http://www.pacetest.dk/pages/437-deltagerliste-sj%C3%A6lland-10-11-12-januar-2014" "Mozilla/5.0 (Windows NT 6.2; WOW64; rv:26.0) Gecko/20100101 Firefox/26.0"
94.145.68.182 - - [09/Jan/2014:03:35:44 -0500] "GET /notifications?get=count HTTP/1.1" 200 24 "http://www.pacetest.dk/pages/437-deltagerliste-sj%C3%A6lland-10-11-12-januar-2014" "Mozilla/5.0 (Windows NT 6.2; WOW64; rv:26.0) Gecko/20100101 Firefox/26.0"
94.145.68.182 - - [09/Jan/2014:03:36:14 -0500] "GET /notifications?get=count HTTP/1.1" 200 24 "http://www.pacetest.dk/pages/437-deltagerliste-sj%C3%A6lland-10-11-12-januar-2014" "Mozilla/5.0 (Windows NT 6.2; WOW64; rv:26.0) Gecko/20100101 Firefox/26.0"
188.180.189.126 - - [09/Jan/2014:03:36:27 -0500] "GET /groups/4-the-atrium HTTP/1.1" 200 35909 "http://www.pacetest.dk/menu/groups" "Mozilla/5.0 (Windows NT 6.1; Trident/7.0; rv:11.0) like Gecko"
188.180.189.126 - - [09/Jan/2014:03:36:34 -0500] "GET /groups/4/graph/followers?layout=gadget&hq7ri7ne HTTP/1.1" 200 2973 "http://www.pacetest.dk/" "Mozilla/5.0 (Windows NT 6.1; Trident/7.0; rv:11.0) like Gecko"
188.180.189.126 - - [09/Jan/2014:03:36:33 -0500] "GET /notifications?layout=popover&hq7qa5hz HTTP/1.1" 200 7709 "http://www.pacetest.dk/" "Mozilla/5.0 (Windows NT 6.1; Trident/7.0; rv:11.0) like Gecko"
- - - [09/Jan/2014:03:36:38 -0500] "OPTIONS * HTTP/1.0" 200 - "-" "Apache/2.2.22 (Red Hat Enterprise Web Server) (internal dummy connection)"
94.145.68.182 - - [09/Jan/2014:03:36:44 -0500] "GET /notifications?get=count HTTP/1.1" 200 24 "http://www.pacetest.dk/pages/437-deltagerliste-sj%C3%A6lland-10-11-12-januar-2014" "Mozilla/5.0 (Windows NT 6.2; WOW64; rv:26.0) Gecko/20100101 Firefox/26.0"
188.180.189.126 - - [09/Jan/2014:03:36:53 -0500] "GET /index.php/pages/437-deltagerliste-sj%C3%A6lland-10-11-12-januar-2014 HTTP/1.1" 403 8294 "http://www.pacetest.dk/groups/4-the-atrium" "Mozilla/5.0 (Windows NT 6.1; Trident/7.0; rv:11.0) like Gecko"
94.145.68.182 - - [09/Jan/2014:03:37:14 -0500] "GET /notifications?get=count HTTP/1.1" 200 24 "http://www.pacetest.dk/pages/437-deltagerliste-sj%C3%A6lland-10-11-12-januar-2014" "Mozilla/5.0 (Windows NT 6.2; WOW64; rv:26.0) Gecko/20100101 Firefox/26.0"
94.145.68.182 - - [09/Jan/2014:03:37:44 -0500] "GET /notifications?get=count HTTP/1.1" 200 24 "http://www.pacetest.dk/pages/437-deltagerliste-sj%C3%A6lland-10-11-12-januar-2014" "Mozilla/5.0 (Windows NT 6.2; WOW64; rv:26.0) Gecko/20100101 Firefox/26.0"
94.145.68.182 - - [09/Jan/2014:03:38:14 -0500] "GET /notifications?get=count HTTP/1.1" 200 24 "http://www.pacetest.dk/pages/437-deltagerliste-sj%C3%A6lland-10-11-12-januar-2014" "Mozilla/5.0 (Windows NT 6.2; WOW64; rv:26.0) Gecko/20100101 Firefox/26.0"
94.145.68.182 - - [09/Jan/2014:03:38:44 -0500] "GET /notifications?get=count HTTP/1.1" 200 24 "http://www.pacetest.dk/pages/437-deltagerliste-sj%C3%A6lland-10-11-12-januar-2014" "Mozilla/5.0 (Windows NT 6.2; WOW64; rv:26.0) Gecko/20100101 Firefox/26.0"
94.145.68.182 - - [09/Jan/2014:03:39:14 -0500] "GET /notifications?get=count HTTP/1.1" 200 24 "http://www.pacetest.dk/pages/437-deltagerliste-sj%C3%A6lland-10-11-12-januar-2014" "Mozilla/5.0 (Windows NT 6.2; WOW64; rv:26.0) Gecko/20100101 Firefox/26.0"
94.145.68.182 - - [09/Jan/2014:03:39:44 -0500] "GET /notifications?get=count HTTP/1.1" 200 24 "http://www.pacetest.dk/pages/437-deltagerliste-sj%C3%A6lland-10-11-12-januar-2014" "Mozilla/5.0 (Windows NT 6.2; WOW64; rv:26.0) Gecko/20100101 Firefox/26.0"
94.145.68.182 - - [09/Jan/2014:03:40:15 -0500] "GET /notifications?get=count HTTP/1.1" 200 24 "http://www.pacetest.dk/pages/437-deltagerliste-sj%C3%A6lland-10-11-12-januar-2014" "Mozilla/5.0 (Windows NT 6.2; WOW64; rv:26.0) Gecko/20100101 Firefox/26.0"
94.145.68.182 - - [09/Jan/2014:03:40:44 -0500] "GET /notifications?get=count HTTP/1.1" 200 24 "http://www.pacetest.dk/pages/437-deltagerliste-sj%C3%A6lland-10-11-12-januar-2014" "Mozilla/5.0 (Windows NT 6.2; WOW64; rv:26.0) Gecko/20100101 Firefox/26.0"
94.145.68.182 - - [09/Jan/2014:03:41:14 -0500] "GET /notifications?get=count HTTP/1.1" 200 24 "http://www.pacetest.dk/pages/437-deltagerliste-sj%C3%A6lland-10-11-12-januar-2014" "Mozilla/5.0 (Windows NT 6.2; WOW64; rv:26.0) Gecko/20100101 Firefox/26.0"
94.145.68.182 - - [09/Jan/2014:03:41:44 -0500] "GET /notifications?get=count HTTP/1.1" 200 24 "http://www.pacetest.dk/pages/437-deltagerliste-sj%C3%A6lland-10-11-12-januar-2014" "Mozilla/5.0 (Windows NT 6.2; WOW64; rv:26.0) Gecko/20100101 Firefox/26.0"
