94.145.68.182 - - [05/Jan/2014:15:46:58 -0500] "GET /index.php/notifications?get=count HTTP/1.1" 200 24 "http://www.pacetest.dk/index.php/menu/people" "Mozilla/5.0 (Windows NT 6.2; WOW64; rv:26.0) Gecko/20100101 Firefox/26.0"
94.145.68.182 - - [05/Jan/2014:15:47:02 -0500] "GET /index.php/notifications?get=count HTTP/1.1" 200 24 "http://www.pacetest.dk/index.php/menu/people" "Mozilla/5.0 (Windows NT 6.2; WOW64; rv:26.0) Gecko/20100101 Firefox/26.0"
94.145.68.182 - - [05/Jan/2014:15:47:28 -0500] "GET /index.php/notifications?get=count HTTP/1.1" 200 24 "http://www.pacetest.dk/index.php/menu/people" "Mozilla/5.0 (Windows NT 6.2; WOW64; rv:26.0) Gecko/20100101 Firefox/26.0"
94.145.68.182 - - [05/Jan/2014:15:47:32 -0500] "GET /index.php/notifications?get=count HTTP/1.1" 200 24 "http://www.pacetest.dk/index.php/menu/people" "Mozilla/5.0 (Windows NT 6.2; WOW64; rv:26.0) Gecko/20100101 Firefox/26.0"
94.145.68.182 - - [05/Jan/2014:15:47:58 -0500] "GET /index.php/notifications?get=count HTTP/1.1" 200 24 "http://www.pacetest.dk/index.php/menu/people" "Mozilla/5.0 (Windows NT 6.2; WOW64; rv:26.0) Gecko/20100101 Firefox/26.0"
94.145.68.182 - - [05/Jan/2014:15:48:03 -0500] "GET /index.php/notifications?get=count HTTP/1.1" 200 24 "http://www.pacetest.dk/index.php/menu/people" "Mozilla/5.0 (Windows NT 6.2; WOW64; rv:26.0) Gecko/20100101 Firefox/26.0"
94.145.68.182 - - [05/Jan/2014:15:48:28 -0500] "GET /index.php/notifications?get=count HTTP/1.1" 200 24 "http://www.pacetest.dk/index.php/menu/people" "Mozilla/5.0 (Windows NT 6.2; WOW64; rv:26.0) Gecko/20100101 Firefox/26.0"
94.145.68.182 - - [05/Jan/2014:15:48:32 -0500] "GET /index.php/notifications?get=count HTTP/1.1" 200 24 "http://www.pacetest.dk/index.php/menu/people" "Mozilla/5.0 (Windows NT 6.2; WOW64; rv:26.0) Gecko/20100101 Firefox/26.0"
94.145.68.182 - - [05/Jan/2014:15:48:58 -0500] "GET /index.php/notifications?get=count HTTP/1.1" 200 24 "http://www.pacetest.dk/index.php/menu/people" "Mozilla/5.0 (Windows NT 6.2; WOW64; rv:26.0) Gecko/20100101 Firefox/26.0"
94.145.68.182 - - [05/Jan/2014:15:49:02 -0500] "GET /index.php/notifications?get=count HTTP/1.1" 200 24 "http://www.pacetest.dk/index.php/menu/people" "Mozilla/5.0 (Windows NT 6.2; WOW64; rv:26.0) Gecko/20100101 Firefox/26.0"
94.145.68.182 - - [05/Jan/2014:15:49:17 -0500] "GET /index.php/menu/groups HTTP/1.1" 200 14893 "http://www.pacetest.dk/index.php/menu/people" "Mozilla/5.0 (Windows NT 6.2; WOW64; rv:26.0) Gecko/20100101 Firefox/26.0"
94.145.68.182 - - [05/Jan/2014:15:49:23 -0500] "GET /index.php/groups/209-ga-nextlevel-sj%C3%A6lland HTTP/1.1" 200 31218 "http://www.pacetest.dk/index.php/menu/groups" "Mozilla/5.0 (Windows NT 6.2; WOW64; rv:26.0) Gecko/20100101 Firefox/26.0"
94.145.68.182 - - [05/Jan/2014:15:49:28 -0500] "GET /index.php/groups/209/graph/followers?layout=gadget&hq2rxepp HTTP/1.1" 200 1354 "http://www.pacetest.dk/index.php/groups/209-ga-nextlevel-sj%C3%A6lland" "Mozilla/5.0 (Windows NT 6.2; WOW64; rv:26.0) Gecko/20100101 Firefox/26.0"
94.145.68.182 - - [05/Jan/2014:15:49:28 -0500] "GET /index.php/notifications?get=count HTTP/1.1" 200 24 "http://www.pacetest.dk/index.php/menu/people" "Mozilla/5.0 (Windows NT 6.2; WOW64; rv:26.0) Gecko/20100101 Firefox/26.0"
94.145.68.182 - - [05/Jan/2014:15:49:30 -0500] "GET /index.php/pages/437-deltagerliste-sj%C3%A6lland-10-11-12-januar-2014 HTTP/1.1" 200 19717 "http://www.pacetest.dk/index.php/groups/209-ga-nextlevel-sj%C3%A6lland" "Mozilla/5.0 (Windows NT 6.2; WOW64; rv:26.0) Gecko/20100101 Firefox/26.0"
- - - [05/Jan/2014:15:49:33 -0500] "OPTIONS * HTTP/1.0" 200 - "-" "Apache/2.2.22 (Red Hat Enterprise Web Server) (internal dummy connection)"
94.145.68.182 - - [05/Jan/2014:15:49:58 -0500] "GET /index.php/notifications?get=count HTTP/1.1" 200 24 "http://www.pacetest.dk/index.php/menu/people" "Mozilla/5.0 (Windows NT 6.2; WOW64; rv:26.0) Gecko/20100101 Firefox/26.0"
94.145.68.182 - - [05/Jan/2014:15:50:03 -0500] "GET /index.php/notifications?get=count HTTP/1.1" 200 24 "http://www.pacetest.dk/index.php/pages/437-deltagerliste-sj%C3%A6lland-10-11-12-januar-2014" "Mozilla/5.0 (Windows NT 6.2; WOW64; rv:26.0) Gecko/20100101 Firefox/26.0"
94.145.68.182 - - [05/Jan/2014:15:50:28 -0500] "GET /index.php/notifications?get=count HTTP/1.1" 200 24 "http://www.pacetest.dk/index.php/menu/people" "Mozilla/5.0 (Windows NT 6.2; WOW64; rv:26.0) Gecko/20100101 Firefox/26.0"
94.145.68.182 - - [05/Jan/2014:15:50:33 -0500] "GET /index.php/notifications?get=count HTTP/1.1" 200 24 "http://www.pacetest.dk/index.php/pages/437-deltagerliste-sj%C3%A6lland-10-11-12-januar-2014" "Mozilla/5.0 (Windows NT 6.2; WOW64; rv:26.0) Gecko/20100101 Firefox/26.0"
94.145.68.182 - - [05/Jan/2014:15:50:58 -0500] "GET /index.php/notifications?get=count HTTP/1.1" 200 24 "http://www.pacetest.dk/index.php/menu/people" "Mozilla/5.0 (Windows NT 6.2; WOW64; rv:26.0) Gecko/20100101 Firefox/26.0"
94.145.68.182 - - [05/Jan/2014:15:51:03 -0500] "GET /index.php/notifications?get=count HTTP/1.1" 200 24 "http://www.pacetest.dk/index.php/pages/437-deltagerliste-sj%C3%A6lland-10-11-12-januar-2014" "Mozilla/5.0 (Windows NT 6.2; WOW64; rv:26.0) Gecko/20100101 Firefox/26.0"
94.145.68.182 - - [05/Jan/2014:15:51:28 -0500] "GET /index.php/notifications?get=count HTTP/1.1" 200 24 "http://www.pacetest.dk/index.php/menu/people" "Mozilla/5.0 (Windows NT 6.2; WOW64; rv:26.0) Gecko/20100101 Firefox/26.0"
94.145.68.182 - - [05/Jan/2014:15:51:33 -0500] "GET /index.php/notifications?get=count HTTP/1.1" 200 24 "http://www.pacetest.dk/index.php/pages/437-deltagerliste-sj%C3%A6lland-10-11-12-januar-2014" "Mozilla/5.0 (Windows NT 6.2; WOW64; rv:26.0) Gecko/20100101 Firefox/26.0"
94.145.68.182 - - [05/Jan/2014:15:51:58 -0500] "GET /index.php/notifications?get=count HTTP/1.1" 200 24 "http://www.pacetest.dk/index.php/menu/people" "Mozilla/5.0 (Windows NT 6.2; WOW64; rv:26.0) Gecko/20100101 Firefox/26.0"
94.145.68.182 - - [05/Jan/2014:15:52:03 -0500] "GET /index.php/notifications?get=count HTTP/1.1" 200 24 "http://www.pacetest.dk/index.php/pages/437-deltagerliste-sj%C3%A6lland-10-11-12-januar-2014" "Mozilla/5.0 (Windows NT 6.2; WOW64; rv:26.0) Gecko/20100101 Firefox/26.0"
94.145.68.182 - - [05/Jan/2014:15:52:28 -0500] "GET /index.php/notifications?get=count HTTP/1.1" 200 24 "http://www.pacetest.dk/index.php/menu/people" "Mozilla/5.0 (Windows NT 6.2; WOW64; rv:26.0) Gecko/20100101 Firefox/26.0"
94.145.68.182 - - [05/Jan/2014:15:52:33 -0500] "GET /index.php/notifications?get=count HTTP/1.1" 200 24 "http://www.pacetest.dk/index.php/pages/437-deltagerliste-sj%C3%A6lland-10-11-12-januar-2014" "Mozilla/5.0 (Windows NT 6.2; WOW64; rv:26.0) Gecko/20100101 Firefox/26.0"
94.145.68.182 - - [05/Jan/2014:15:52:58 -0500] "GET /index.php/notifications?get=count HTTP/1.1" 200 24 "http://www.pacetest.dk/index.php/menu/people" "Mozilla/5.0 (Windows NT 6.2; WOW64; rv:26.0) Gecko/20100101 Firefox/26.0"
94.145.68.182 - - [05/Jan/2014:15:53:03 -0500] "GET /index.php/notifications?get=count HTTP/1.1" 200 24 "http://www.pacetest.dk/index.php/pages/437-deltagerliste-sj%C3%A6lland-10-11-12-januar-2014" "Mozilla/5.0 (Windows NT 6.2; WOW64; rv:26.0) Gecko/20100101 Firefox/26.0"
94.145.68.182 - - [05/Jan/2014:15:53:28 -0500] "GET /index.php/notifications?get=count HTTP/1.1" 200 24 "http://www.pacetest.dk/index.php/menu/people" "Mozilla/5.0 (Windows NT 6.2; WOW64; rv:26.0) Gecko/20100101 Firefox/26.0"
94.145.68.182 - - [05/Jan/2014:15:53:33 -0500] "GET /index.php/notifications?get=count HTTP/1.1" 200 24 "http://www.pacetest.dk/index.php/pages/437-deltagerliste-sj%C3%A6lland-10-11-12-januar-2014" "Mozilla/5.0 (Windows NT 6.2; WOW64; rv:26.0) Gecko/20100101 Firefox/26.0"
94.145.68.182 - - [05/Jan/2014:15:53:58 -0500] "GET /index.php/notifications?get=count HTTP/1.1" 200 24 "http://www.pacetest.dk/index.php/menu/people" "Mozilla/5.0 (Windows NT 6.2; WOW64; rv:26.0) Gecko/20100101 Firefox/26.0"
94.145.68.182 - - [05/Jan/2014:15:54:03 -0500] "GET /index.php/notifications?get=count HTTP/1.1" 200 24 "http://www.pacetest.dk/index.php/pages/437-deltagerliste-sj%C3%A6lland-10-11-12-januar-2014" "Mozilla/5.0 (Windows NT 6.2; WOW64; rv:26.0) Gecko/20100101 Firefox/26.0"
94.145.68.182 - - [05/Jan/2014:15:54:28 -0500] "GET /index.php/notifications?get=count HTTP/1.1" 200 24 "http://www.pacetest.dk/index.php/menu/people" "Mozilla/5.0 (Windows NT 6.2; WOW64; rv:26.0) Gecko/20100101 Firefox/26.0"
94.145.68.182 - - [05/Jan/2014:15:54:33 -0500] "GET /index.php/notifications?get=count HTTP/1.1" 200 24 "http://www.pacetest.dk/index.php/pages/437-deltagerliste-sj%C3%A6lland-10-11-12-januar-2014" "Mozilla/5.0 (Windows NT 6.2; WOW64; rv:26.0) Gecko/20100101 Firefox/26.0"
94.145.68.182 - - [05/Jan/2014:15:54:58 -0500] "GET /index.php/notifications?get=count HTTP/1.1" 200 24 "http://www.pacetest.dk/index.php/menu/people" "Mozilla/5.0 (Windows NT 6.2; WOW64; rv:26.0) Gecko/20100101 Firefox/26.0"
94.145.68.182 - - [05/Jan/2014:15:55:03 -0500] "GET /index.php/notifications?get=count HTTP/1.1" 200 24 "http://www.pacetest.dk/index.php/pages/437-deltagerliste-sj%C3%A6lland-10-11-12-januar-2014" "Mozilla/5.0 (Windows NT 6.2; WOW64; rv:26.0) Gecko/20100101 Firefox/26.0"
94.145.68.182 - - [05/Jan/2014:15:55:28 -0500] "GET /index.php/notifications?get=count HTTP/1.1" 200 24 "http://www.pacetest.dk/index.php/menu/people" "Mozilla/5.0 (Windows NT 6.2; WOW64; rv:26.0) Gecko/20100101 Firefox/26.0"
94.145.68.182 - - [05/Jan/2014:15:55:33 -0500] "GET /index.php/notifications?get=count HTTP/1.1" 200 24 "http://www.pacetest.dk/index.php/pages/437-deltagerliste-sj%C3%A6lland-10-11-12-januar-2014" "Mozilla/5.0 (Windows NT 6.2; WOW64; rv:26.0) Gecko/20100101 Firefox/26.0"
94.145.68.182 - - [05/Jan/2014:15:55:58 -0500] "GET /index.php/notifications?get=count HTTP/1.1" 200 24 "http://www.pacetest.dk/index.php/menu/people" "Mozilla/5.0 (Windows NT 6.2; WOW64; rv:26.0) Gecko/20100101 Firefox/26.0"
94.145.68.182 - - [05/Jan/2014:15:56:03 -0500] "GET /index.php/notifications?get=count HTTP/1.1" 200 24 "http://www.pacetest.dk/index.php/pages/437-deltagerliste-sj%C3%A6lland-10-11-12-januar-2014" "Mozilla/5.0 (Windows NT 6.2; WOW64; rv:26.0) Gecko/20100101 Firefox/26.0"
94.145.68.182 - - [05/Jan/2014:15:56:28 -0500] "GET /index.php/notifications?get=count HTTP/1.1" 200 24 "http://www.pacetest.dk/index.php/menu/people" "Mozilla/5.0 (Windows NT 6.2; WOW64; rv:26.0) Gecko/20100101 Firefox/26.0"
94.145.68.182 - - [05/Jan/2014:15:56:33 -0500] "GET /index.php/notifications?get=count HTTP/1.1" 200 24 "http://www.pacetest.dk/index.php/pages/437-deltagerliste-sj%C3%A6lland-10-11-12-januar-2014" "Mozilla/5.0 (Windows NT 6.2; WOW64; rv:26.0) Gecko/20100101 Firefox/26.0"
94.145.68.182 - - [05/Jan/2014:15:56:58 -0500] "GET /index.php/notifications?get=count HTTP/1.1" 200 24 "http://www.pacetest.dk/index.php/menu/people" "Mozilla/5.0 (Windows NT 6.2; WOW64; rv:26.0) Gecko/20100101 Firefox/26.0"
94.145.68.182 - - [05/Jan/2014:15:57:51 -0500] "GET /index.php/notifications?get=count HTTP/1.1" 200 24 "http://www.pacetest.dk/index.php/menu/people" "Mozilla/5.0 (Windows NT 6.2; WOW64; rv:26.0) Gecko/20100101 Firefox/26.0"
94.145.68.182 - - [05/Jan/2014:15:57:58 -0500] "GET /index.php/notifications?get=count HTTP/1.1" 200 24 "http://www.pacetest.dk/index.php/menu/people" "Mozilla/5.0 (Windows NT 6.2; WOW64; rv:26.0) Gecko/20100101 Firefox/26.0"
94.145.68.182 - - [05/Jan/2014:15:58:28 -0500] "GET /index.php/notifications?get=count HTTP/1.1" 200 24 "http://www.pacetest.dk/index.php/menu/people" "Mozilla/5.0 (Windows NT 6.2; WOW64; rv:26.0) Gecko/20100101 Firefox/26.0"
94.145.68.182 - - [05/Jan/2014:15:58:58 -0500] "GET /index.php/notifications?get=count HTTP/1.1" 200 24 "http://www.pacetest.dk/index.php/menu/people" "Mozilla/5.0 (Windows NT 6.2; WOW64; rv:26.0) Gecko/20100101 Firefox/26.0"
94.145.68.182 - - [05/Jan/2014:15:59:29 -0500] "GET /index.php/notifications?get=count HTTP/1.1" 200 24 "http://www.pacetest.dk/index.php/menu/people" "Mozilla/5.0 (Windows NT 6.2; WOW64; rv:26.0) Gecko/20100101 Firefox/26.0"
94.145.68.182 - - [05/Jan/2014:15:59:58 -0500] "GET /index.php/notifications?get=count HTTP/1.1" 200 24 "http://www.pacetest.dk/index.php/menu/people" "Mozilla/5.0 (Windows NT 6.2; WOW64; rv:26.0) Gecko/20100101 Firefox/26.0"
94.145.68.182 - - [05/Jan/2014:16:00:28 -0500] "GET /index.php/notifications?get=count HTTP/1.1" 200 24 "http://www.pacetest.dk/index.php/menu/people" "Mozilla/5.0 (Windows NT 6.2; WOW64; rv:26.0) Gecko/20100101 Firefox/26.0"
94.145.68.182 - - [05/Jan/2014:16:00:58 -0500] "GET /index.php/notifications?get=count HTTP/1.1" 200 24 "http://www.pacetest.dk/index.php/menu/people" "Mozilla/5.0 (Windows NT 6.2; WOW64; rv:26.0) Gecko/20100101 Firefox/26.0"
94.145.68.182 - - [05/Jan/2014:16:00:54 -0500] "GET / HTTP/1.1" 200 97309 "-" "Mozilla/5.0 (Windows NT 6.2; WOW64; rv:26.0) Gecko/20100101 Firefox/26.0"
- - - [05/Jan/2014:16:01:03 -0500] "OPTIONS * HTTP/1.0" 200 - "-" "Apache/2.2.22 (Red Hat Enterprise Web Server) (internal dummy connection)"
94.145.68.182 - - [05/Jan/2014:16:01:03 -0500] "GET /index.php/stories?layout=list&filter=leaders&start=20&limit=20 HTTP/1.1" 200 33942 "http://www.pacetest.dk/" "Mozilla/5.0 (Windows NT 6.2; WOW64; rv:26.0) Gecko/20100101 Firefox/26.0"
94.145.68.182 - - [05/Jan/2014:16:01:03 -0500] "GET /index.php/stories?layout=list&filter=leaders&start=40&limit=20 HTTP/1.1" 200 62406 "http://www.pacetest.dk/" "Mozilla/5.0 (Windows NT 6.2; WOW64; rv:26.0) Gecko/20100101 Firefox/26.0"
94.145.68.182 - - [05/Jan/2014:16:01:11 -0500] "GET /index.php/stories?layout=list&filter=leaders&start=60&limit=20 HTTP/1.1" 200 104503 "http://www.pacetest.dk/" "Mozilla/5.0 (Windows NT 6.2; WOW64; rv:26.0) Gecko/20100101 Firefox/26.0"
- - - [05/Jan/2014:16:01:17 -0500] "OPTIONS * HTTP/1.0" 200 - "-" "Apache/2.2.22 (Red Hat Enterprise Web Server) (internal dummy connection)"
94.145.68.182 - - [05/Jan/2014:16:01:32 -0500] "GET /index.php/notifications?get=count HTTP/1.1" 200 24 "http://www.pacetest.dk/" "Mozilla/5.0 (Windows NT 6.2; WOW64; rv:26.0) Gecko/20100101 Firefox/26.0"
87.58.241.191 - - [05/Jan/2014:16:01:51 -0500] "GET / HTTP/1.1" 200 7814 "http://www.facebook.com/l.php?u=http%3A%2F%2Fwww.pacetest.dk%2F&h=eAQFkw4D5AQGg3vTcciEs9dCVWiDvaz6vtB-Y7DFoStVKrA&s=1" "Mozilla/5.0 (Macintosh; Intel Mac OS X 10_9_1) AppleWebKit/537.73.11 (KHTML, like Gecko) Version/7.0.1 Safari/537.73.11"
87.58.241.191 - - [05/Jan/2014:16:01:52 -0500] "GET /templates/shiraz/css/style1/style.css HTTP/1.1" 200 151926 "http://www.pacetest.dk/" "Mozilla/5.0 (Macintosh; Intel Mac OS X 10_9_1) AppleWebKit/537.73.11 (KHTML, like Gecko) Version/7.0.1 Safari/537.73.11"
87.58.241.191 - - [05/Jan/2014:16:01:52 -0500] "GET /media/lib_anahita/js/production/site.uncompressed.js HTTP/1.1" 200 542855 "http://www.pacetest.dk/" "Mozilla/5.0 (Macintosh; Intel Mac OS X 10_9_1) AppleWebKit/537.73.11 (KHTML, like Gecko) Version/7.0.1 Safari/537.73.11"
87.58.241.191 - - [05/Jan/2014:16:01:54 -0500] "GET /templates/base/css/images/logo.png HTTP/1.1" 200 5272 "http://www.pacetest.dk/" "Mozilla/5.0 (Macintosh; Intel Mac OS X 10_9_1) AppleWebKit/537.73.11 (KHTML, like Gecko) Version/7.0.1 Safari/537.73.11"
87.58.241.191 - - [05/Jan/2014:16:01:54 -0500] "GET /templates/base/css/images/icon-socialmedia-white.png HTTP/1.1" 200 5419 "http://www.pacetest.dk/" "Mozilla/5.0 (Macintosh; Intel Mac OS X 10_9_1) AppleWebKit/537.73.11 (KHTML, like Gecko) Version/7.0.1 Safari/537.73.11"
87.58.241.191 - - [05/Jan/2014:16:01:54 -0500] "GET /templates/base/css/images/icon-socialmedia.png HTTP/1.1" 200 6399 "http://www.pacetest.dk/" "Mozilla/5.0 (Macintosh; Intel Mac OS X 10_9_1) AppleWebKit/537.73.11 (KHTML, like Gecko) Version/7.0.1 Safari/537.73.11"
87.58.241.191 - - [05/Jan/2014:16:01:55 -0500] "GET /templates/base/css/images/favicon.ico HTTP/1.1" 200 1150 "http://www.pacetest.dk/" "Mozilla/5.0 (Macintosh; Intel Mac OS X 10_9_1) AppleWebKit/537.73.11 (KHTML, like Gecko) Version/7.0.1 Safari/537.73.11"
87.58.241.191 - - [05/Jan/2014:16:01:58 -0500] "GET /templates/base/css/images/spinner.gif HTTP/1.1" 200 723 "http://www.pacetest.dk/" "Mozilla/5.0 (Macintosh; Intel Mac OS X 10_9_1) AppleWebKit/537.73.11 (KHTML, like Gecko) Version/7.0.1 Safari/537.73.11"
87.58.241.191 - - [05/Jan/2014:16:01:58 -0500] "GET /index.php/people/session?layout=modal&return=aHR0cDovL3d3dy5wYWNldGVzdC5kay8%3D&hq2sdd31 HTTP/1.1" 200 1443 "http://www.pacetest.dk/" "Mozilla/5.0 (Macintosh; Intel Mac OS X 10_9_1) AppleWebKit/537.73.11 (KHTML, like Gecko) Version/7.0.1 Safari/537.73.11"
87.58.241.191 - - [05/Jan/2014:16:02:01 -0500] "POST /index.php/people/session?layout=modal HTTP/1.1" 303 - "http://www.pacetest.dk/" "Mozilla/5.0 (Macintosh; Intel Mac OS X 10_9_1) AppleWebKit/537.73.11 (KHTML, like Gecko) Version/7.0.1 Safari/537.73.11"
94.145.68.182 - - [05/Jan/2014:16:02:02 -0500] "GET /index.php/notifications?get=count HTTP/1.1" 200 24 "http://www.pacetest.dk/" "Mozilla/5.0 (Windows NT 6.2; WOW64; rv:26.0) Gecko/20100101 Firefox/26.0"
87.58.241.191 - - [05/Jan/2014:16:02:03 -0500] "GET / HTTP/1.1" 200 53889 "http://www.pacetest.dk/" "Mozilla/5.0 (Macintosh; Intel Mac OS X 10_9_1) AppleWebKit/537.73.11 (KHTML, like Gecko) Version/7.0.1 Safari/537.73.11"
- - - [05/Jan/2014:16:02:11 -0500] "OPTIONS * HTTP/1.0" 200 - "-" "Apache/2.2.22 (Red Hat Enterprise Web Server) (internal dummy connection)"
87.58.241.191 - - [05/Jan/2014:16:02:12 -0500] "GET /media/com_stories/js/stories.js HTTP/1.1" 200 1707 "http://www.pacetest.dk/" "Mozilla/5.0 (Macintosh; Intel Mac OS X 10_9_1) AppleWebKit/537.73.11 (KHTML, like Gecko) Version/7.0.1 Safari/537.73.11"
87.58.241.191 - - [05/Jan/2014:16:02:12 -0500] "GET /media/com_composer/js/composer.js HTTP/1.1" 200 5682 "http://www.pacetest.dk/" "Mozilla/5.0 (Macintosh; Intel Mac OS X 10_9_1) AppleWebKit/537.73.11 (KHTML, like Gecko) Version/7.0.1 Safari/537.73.11"
87.58.241.191 - - [05/Jan/2014:16:02:12 -0500] "GET /media/lib_anahita/js/vendors/mediabox.js HTTP/1.1" 200 45415 "http://www.pacetest.dk/" "Mozilla/5.0 (Macintosh; Intel Mac OS X 10_9_1) AppleWebKit/537.73.11 (KHTML, like Gecko) Version/7.0.1 Safari/537.73.11"
87.58.241.191 - - [05/Jan/2014:16:02:12 -0500] "GET /templates/base/css/images/glyphicons-halflings.png HTTP/1.1" 200 12799 "http://www.pacetest.dk/" "Mozilla/5.0 (Macintosh; Intel Mac OS X 10_9_1) AppleWebKit/537.73.11 (KHTML, like Gecko) Version/7.0.1 Safari/537.73.11"
87.58.241.191 - - [05/Jan/2014:16:02:12 -0500] "GET /index.php/stories?layout=list&filter=leaders&start=20&limit=20 HTTP/1.1" 200 36510 "http://www.pacetest.dk/" "Mozilla/5.0 (Macintosh; Intel Mac OS X 10_9_1) AppleWebKit/537.73.11 (KHTML, like Gecko) Version/7.0.1 Safari/537.73.11"
87.58.241.191 - - [05/Jan/2014:16:02:12 -0500] "GET /index.php/stories?layout=list&filter=leaders&start=40&limit=20 HTTP/1.1" 200 96574 "http://www.pacetest.dk/" "Mozilla/5.0 (Macintosh; Intel Mac OS X 10_9_1) AppleWebKit/537.73.11 (KHTML, like Gecko) Version/7.0.1 Safari/537.73.11"
87.58.241.191 - - [05/Jan/2014:16:02:21 -0500] "GET /index.php/stories?layout=list&filter=leaders&start=60&limit=20 HTTP/1.1" 200 30840 "http://www.pacetest.dk/" "Mozilla/5.0 (Macintosh; Intel Mac OS X 10_9_1) AppleWebKit/537.73.11 (KHTML, like Gecko) Version/7.0.1 Safari/537.73.11"
- - - [05/Jan/2014:16:02:28 -0500] "OPTIONS * HTTP/1.0" 200 - "-" "Apache/2.2.22 (Red Hat Enterprise Web Server) (internal dummy connection)"
87.58.246.97 - - [05/Jan/2014:16:02:28 -0500] "GET / HTTP/1.1" 200 7814 "-" "Mozilla/5.0 (compatible; MSIE 9.0; Windows NT 6.0; Trident/5.0)"
87.58.246.97 - - [05/Jan/2014:16:02:29 -0500] "GET /templates/shiraz/css/style1/style.css HTTP/1.1" 200 151926 "http://www.pacetest.dk/" "Mozilla/5.0 (compatible; MSIE 9.0; Windows NT 6.0; Trident/5.0)"
87.58.246.97 - - [05/Jan/2014:16:02:29 -0500] "GET /media/lib_anahita/js/production/site.uncompressed.js HTTP/1.1" 200 542855 "http://www.pacetest.dk/" "Mozilla/5.0 (compatible; MSIE 9.0; Windows NT 6.0; Trident/5.0)"
87.58.246.97 - - [05/Jan/2014:16:02:32 -0500] "GET /templates/base/css/images/icon-socialmedia.png HTTP/1.1" 200 6399 "http://www.pacetest.dk/" "Mozilla/5.0 (compatible; MSIE 9.0; Windows NT 6.0; Trident/5.0)"
87.58.246.97 - - [05/Jan/2014:16:02:32 -0500] "GET /templates/base/css/images/logo.png HTTP/1.1" 200 5272 "http://www.pacetest.dk/" "Mozilla/5.0 (compatible; MSIE 9.0; Windows NT 6.0; Trident/5.0)"
87.58.246.97 - - [05/Jan/2014:16:02:33 -0500] "GET /templates/base/css/images/icon-socialmedia-white.png HTTP/1.1" 200 5419 "http://www.pacetest.dk/" "Mozilla/5.0 (compatible; MSIE 9.0; Windows NT 6.0; Trident/5.0)"
87.58.246.97 - - [05/Jan/2014:16:02:33 -0500] "GET /favicon.ico HTTP/1.1" 404 313 "-" "Mozilla/5.0 (compatible; MSIE 9.0; Windows NT 6.0; Trident/5.0)"
94.145.68.182 - - [05/Jan/2014:16:02:32 -0500] "GET /index.php/notifications?get=count HTTP/1.1" 200 24 "http://www.pacetest.dk/" "Mozilla/5.0 (Windows NT 6.2; WOW64; rv:26.0) Gecko/20100101 Firefox/26.0"
87.58.241.191 - - [05/Jan/2014:16:02:41 -0500] "GET /index.php/notifications?get=count HTTP/1.1" 200 24 "http://www.pacetest.dk/" "Mozilla/5.0 (Macintosh; Intel Mac OS X 10_9_1) AppleWebKit/537.73.11 (KHTML, like Gecko) Version/7.0.1 Safari/537.73.11"
87.58.246.97 - - [05/Jan/2014:16:02:48 -0500] "GET /templates/base/css/images/spinner.gif HTTP/1.1" 200 723 "http://www.pacetest.dk/" "Mozilla/5.0 (compatible; MSIE 9.0; Windows NT 6.0; Trident/5.0)"
87.58.246.97 - - [05/Jan/2014:16:02:48 -0500] "GET /index.php/people/session?layout=modal&return=aHR0cDovL3d3dy5wYWNldGVzdC5kay8%3D&hq2se6zh HTTP/1.1" 200 1443 "http://www.pacetest.dk/" "Mozilla/5.0 (compatible; MSIE 9.0; Windows NT 6.0; Trident/5.0)"
87.58.246.97 - - [05/Jan/2014:16:02:54 -0500] "GET /index.php/people/person?layout=add&return=aHR0cDovL3d3dy5wYWNldGVzdC5kay8%3D HTTP/1.1" 200 7321 "http://www.pacetest.dk/" "Mozilla/5.0 (compatible; MSIE 9.0; Windows NT 6.0; Trident/5.0)"
87.58.246.97 - - [05/Jan/2014:16:02:56 -0500] "GET /favicon.ico HTTP/1.1" 404 313 "-" "Mozilla/5.0 (compatible; MSIE 9.0; Windows NT 6.0; Trident/5.0)"
94.145.68.182 - - [05/Jan/2014:16:03:02 -0500] "GET /index.php/notifications?get=count HTTP/1.1" 200 24 "http://www.pacetest.dk/" "Mozilla/5.0 (Windows NT 6.2; WOW64; rv:26.0) Gecko/20100101 Firefox/26.0"
87.58.241.191 - - [05/Jan/2014:16:03:12 -0500] "GET /index.php/notifications?get=count HTTP/1.1" 200 24 "http://www.pacetest.dk/" "Mozilla/5.0 (Macintosh; Intel Mac OS X 10_9_1) AppleWebKit/537.73.11 (KHTML, like Gecko) Version/7.0.1 Safari/537.73.11"
94.145.68.182 - - [05/Jan/2014:16:03:32 -0500] "GET /index.php/notifications?get=count HTTP/1.1" 200 24 "http://www.pacetest.dk/" "Mozilla/5.0 (Windows NT 6.2; WOW64; rv:26.0) Gecko/20100101 Firefox/26.0"
87.58.241.191 - - [05/Jan/2014:16:03:42 -0500] "GET /index.php/notifications?get=count HTTP/1.1" 200 24 "http://www.pacetest.dk/" "Mozilla/5.0 (Macintosh; Intel Mac OS X 10_9_1) AppleWebKit/537.73.11 (KHTML, like Gecko) Version/7.0.1 Safari/537.73.11"
94.145.68.182 - - [05/Jan/2014:16:04:02 -0500] "GET /index.php/notifications?get=count HTTP/1.1" 200 24 "http://www.pacetest.dk/" "Mozilla/5.0 (Windows NT 6.2; WOW64; rv:26.0) Gecko/20100101 Firefox/26.0"
87.58.246.97 - - [05/Jan/2014:16:04:05 -0500] "POST /index.php/people/person HTTP/1.1" 200 - "http://www.pacetest.dk/" "Mozilla/5.0 (compatible; MSIE 9.0; Windows NT 6.0; Trident/5.0)"
87.58.241.191 - - [05/Jan/2014:16:04:12 -0500] "GET /index.php/notifications?get=count HTTP/1.1" 200 24 "http://www.pacetest.dk/" "Mozilla/5.0 (Macintosh; Intel Mac OS X 10_9_1) AppleWebKit/537.73.11 (KHTML, like Gecko) Version/7.0.1 Safari/537.73.11"
87.58.246.97 - - [05/Jan/2014:16:04:25 -0500] "POST /index.php/people/person HTTP/1.1" 200 - "http://www.pacetest.dk/" "Mozilla/5.0 (compatible; MSIE 9.0; Windows NT 6.0; Trident/5.0)"
94.145.68.182 - - [05/Jan/2014:16:04:32 -0500] "GET /index.php/notifications?get=count HTTP/1.1" 200 24 "http://www.pacetest.dk/" "Mozilla/5.0 (Windows NT 6.2; WOW64; rv:26.0) Gecko/20100101 Firefox/26.0"
87.58.241.191 - - [05/Jan/2014:16:04:42 -0500] "GET /index.php/notifications?get=count HTTP/1.1" 200 24 "http://www.pacetest.dk/" "Mozilla/5.0 (Macintosh; Intel Mac OS X 10_9_1) AppleWebKit/537.73.11 (KHTML, like Gecko) Version/7.0.1 Safari/537.73.11"
87.58.241.191 - - [05/Jan/2014:16:04:51 -0500] "GET /index.php/notifications?layout=popover&hq2sdq8l HTTP/1.1" 200 4615 "http://www.pacetest.dk/" "Mozilla/5.0 (Macintosh; Intel Mac OS X 10_9_1) AppleWebKit/537.73.11 (KHTML, like Gecko) Version/7.0.1 Safari/537.73.11"
94.145.68.182 - - [05/Jan/2014:16:05:02 -0500] "GET /index.php/notifications?get=count HTTP/1.1" 200 24 "http://www.pacetest.dk/" "Mozilla/5.0 (Windows NT 6.2; WOW64; rv:26.0) Gecko/20100101 Firefox/26.0"
87.58.241.191 - - [05/Jan/2014:16:05:09 -0500] "GET /index.php/notifications?layout=popover&hq2sdq8m HTTP/1.1" 200 4555 "http://www.pacetest.dk/" "Mozilla/5.0 (Macintosh; Intel Mac OS X 10_9_1) AppleWebKit/537.73.11 (KHTML, like Gecko) Version/7.0.1 Safari/537.73.11"
87.58.246.97 - - [05/Jan/2014:16:05:11 -0500] "POST /index.php/people/person HTTP/1.1" 200 - "http://www.pacetest.dk/" "Mozilla/5.0 (compatible; MSIE 9.0; Windows NT 6.0; Trident/5.0)"
- - - [05/Jan/2014:16:05:15 -0500] "OPTIONS * HTTP/1.0" 200 - "-" "Apache/2.2.22 (Red Hat Enterprise Web Server) (internal dummy connection)"
87.58.241.191 - - [05/Jan/2014:16:05:12 -0500] "GET /index.php/notifications?get=count HTTP/1.1" 200 24 "http://www.pacetest.dk/" "Mozilla/5.0 (Macintosh; Intel Mac OS X 10_9_1) AppleWebKit/537.73.11 (KHTML, like Gecko) Version/7.0.1 Safari/537.73.11"
- - - [05/Jan/2014:16:05:15 -0500] "OPTIONS * HTTP/1.0" 200 - "-" "Apache/2.2.22 (Red Hat Enterprise Web Server) (internal dummy connection)"
- - - [05/Jan/2014:16:05:15 -0500] "OPTIONS * HTTP/1.0" 200 - "-" "Apache/2.2.22 (Red Hat Enterprise Web Server) (internal dummy connection)"
87.58.246.97 - - [05/Jan/2014:16:05:22 -0500] "POST /index.php/people/person HTTP/1.1" 200 - "http://www.pacetest.dk/" "Mozilla/5.0 (compatible; MSIE 9.0; Windows NT 6.0; Trident/5.0)"
87.58.246.97 - - [05/Jan/2014:16:05:23 -0500] "POST /index.php/people/person HTTP/1.1" 303 - "http://www.pacetest.dk/index.php/people/person?layout=add&return=aHR0cDovL3d3dy5wYWNldGVzdC5kay8%3D" "Mozilla/5.0 (compatible; MSIE 9.0; Windows NT 6.0; Trident/5.0)"
87.58.246.97 - - [05/Jan/2014:16:05:26 -0500] "GET /index.php/people/session HTTP/1.1" 200 6865 "http://www.pacetest.dk/index.php/people/person?layout=add&return=aHR0cDovL3d3dy5wYWNldGVzdC5kay8%3D" "Mozilla/5.0 (compatible; MSIE 9.0; Windows NT 6.0; Trident/5.0)"
94.145.68.182 - - [05/Jan/2014:16:05:32 -0500] "GET /index.php/notifications?get=count HTTP/1.1" 200 24 "http://www.pacetest.dk/" "Mozilla/5.0 (Windows NT 6.2; WOW64; rv:26.0) Gecko/20100101 Firefox/26.0"
87.58.241.191 - - [05/Jan/2014:16:05:42 -0500] "GET /index.php/notifications?get=count HTTP/1.1" 200 24 "http://www.pacetest.dk/" "Mozilla/5.0 (Macintosh; Intel Mac OS X 10_9_1) AppleWebKit/537.73.11 (KHTML, like Gecko) Version/7.0.1 Safari/537.73.11"
94.145.68.182 - - [05/Jan/2014:16:06:02 -0500] "GET /index.php/notifications?get=count HTTP/1.1" 200 24 "http://www.pacetest.dk/" "Mozilla/5.0 (Windows NT 6.2; WOW64; rv:26.0) Gecko/20100101 Firefox/26.0"
87.58.241.191 - - [05/Jan/2014:16:06:12 -0500] "GET /index.php/notifications?get=count HTTP/1.1" 200 24 "http://www.pacetest.dk/" "Mozilla/5.0 (Macintosh; Intel Mac OS X 10_9_1) AppleWebKit/537.73.11 (KHTML, like Gecko) Version/7.0.1 Safari/537.73.11"
94.145.68.182 - - [05/Jan/2014:16:06:32 -0500] "GET /index.php/notifications?get=count HTTP/1.1" 200 24 "http://www.pacetest.dk/" "Mozilla/5.0 (Windows NT 6.2; WOW64; rv:26.0) Gecko/20100101 Firefox/26.0"
87.58.241.191 - - [05/Jan/2014:16:06:42 -0500] "GET /index.php/notifications?get=count HTTP/1.1" 200 24 "http://www.pacetest.dk/" "Mozilla/5.0 (Macintosh; Intel Mac OS X 10_9_1) AppleWebKit/537.73.11 (KHTML, like Gecko) Version/7.0.1 Safari/537.73.11"
94.145.68.182 - - [05/Jan/2014:16:07:02 -0500] "GET /index.php/notifications?get=count HTTP/1.1" 200 24 "http://www.pacetest.dk/" "Mozilla/5.0 (Windows NT 6.2; WOW64; rv:26.0) Gecko/20100101 Firefox/26.0"
87.58.241.191 - - [05/Jan/2014:16:07:12 -0500] "GET /index.php/notifications?get=count HTTP/1.1" 200 24 "http://www.pacetest.dk/" "Mozilla/5.0 (Macintosh; Intel Mac OS X 10_9_1) AppleWebKit/537.73.11 (KHTML, like Gecko) Version/7.0.1 Safari/537.73.11"
87.58.241.191 - - [05/Jan/2014:16:07:17 -0500] "GET /index.php/photos/@Maygervil?filter=leaders&layout=gadget&hq2sdq8p HTTP/1.1" 200 5751 "http://www.pacetest.dk/" "Mozilla/5.0 (Macintosh; Intel Mac OS X 10_9_1) AppleWebKit/537.73.11 (KHTML, like Gecko) Version/7.0.1 Safari/537.73.11"
87.58.241.191 - - [05/Jan/2014:16:07:25 -0500] "GET /index.php/topics?layout=gadget&filter=leaders&hq2sdq8s HTTP/1.1" 200 5629 "http://www.pacetest.dk/" "Mozilla/5.0 (Macintosh; Intel Mac OS X 10_9_1) AppleWebKit/537.73.11 (KHTML, like Gecko) Version/7.0.1 Safari/537.73.11"
94.145.68.182 - - [05/Jan/2014:16:07:32 -0500] "GET /index.php/notifications?get=count HTTP/1.1" 200 24 "http://www.pacetest.dk/" "Mozilla/5.0 (Windows NT 6.2; WOW64; rv:26.0) Gecko/20100101 Firefox/26.0"
87.58.241.191 - - [05/Jan/2014:16:07:32 -0500] "GET /index.php/topics?filter=leaders HTTP/1.1" 200 14691 "http://www.pacetest.dk/" "Mozilla/5.0 (Macintosh; Intel Mac OS X 10_9_1) AppleWebKit/537.73.11 (KHTML, like Gecko) Version/7.0.1 Safari/537.73.11"
- - - [05/Jan/2014:16:07:35 -0500] "OPTIONS * HTTP/1.0" 200 - "-" "Apache/2.2.22 (Red Hat Enterprise Web Server) (internal dummy connection)"
94.145.68.182 - - [05/Jan/2014:16:08:02 -0500] "GET /index.php/notifications?get=count HTTP/1.1" 200 24 "http://www.pacetest.dk/" "Mozilla/5.0 (Windows NT 6.2; WOW64; rv:26.0) Gecko/20100101 Firefox/26.0"
87.58.241.191 - - [05/Jan/2014:16:08:06 -0500] "GET /index.php/notifications?get=count HTTP/1.1" 200 24 "http://www.pacetest.dk/index.php/topics?filter=leaders" "Mozilla/5.0 (Macintosh; Intel Mac OS X 10_9_1) AppleWebKit/537.73.11 (KHTML, like Gecko) Version/7.0.1 Safari/537.73.11"
94.145.68.182 - - [05/Jan/2014:16:08:32 -0500] "GET /index.php/notifications?get=count HTTP/1.1" 200 24 "http://www.pacetest.dk/" "Mozilla/5.0 (Windows NT 6.2; WOW64; rv:26.0) Gecko/20100101 Firefox/26.0"
87.58.241.191 - - [05/Jan/2014:16:08:36 -0500] "GET /index.php/notifications?get=count HTTP/1.1" 200 24 "http://www.pacetest.dk/index.php/topics?filter=leaders" "Mozilla/5.0 (Macintosh; Intel Mac OS X 10_9_1) AppleWebKit/537.73.11 (KHTML, like Gecko) Version/7.0.1 Safari/537.73.11"
94.145.68.182 - - [05/Jan/2014:16:09:02 -0500] "GET /index.php/notifications?get=count HTTP/1.1" 200 24 "http://www.pacetest.dk/" "Mozilla/5.0 (Windows NT 6.2; WOW64; rv:26.0) Gecko/20100101 Firefox/26.0"
87.58.241.191 - - [05/Jan/2014:16:09:06 -0500] "GET /index.php/notifications?get=count HTTP/1.1" 200 24 "http://www.pacetest.dk/index.php/topics?filter=leaders" "Mozilla/5.0 (Macintosh; Intel Mac OS X 10_9_1) AppleWebKit/537.73.11 (KHTML, like Gecko) Version/7.0.1 Safari/537.73.11"
94.145.68.182 - - [05/Jan/2014:16:09:32 -0500] "GET /index.php/notifications?get=count HTTP/1.1" 200 24 "http://www.pacetest.dk/" "Mozilla/5.0 (Windows NT 6.2; WOW64; rv:26.0) Gecko/20100101 Firefox/26.0"
87.58.241.191 - - [05/Jan/2014:16:09:36 -0500] "GET /index.php/notifications?get=count HTTP/1.1" 200 24 "http://www.pacetest.dk/index.php/topics?filter=leaders" "Mozilla/5.0 (Macintosh; Intel Mac OS X 10_9_1) AppleWebKit/537.73.11 (KHTML, like Gecko) Version/7.0.1 Safari/537.73.11"
87.58.246.97 - - [05/Jan/2014:16:10:02 -0500] "POST /index.php/people/session HTTP/1.1" 403 11055 "http://www.pacetest.dk/index.php/people/session" "Mozilla/5.0 (compatible; MSIE 9.0; Windows NT 6.0; Trident/5.0)"
94.145.68.182 - - [05/Jan/2014:16:10:02 -0500] "GET /index.php/notifications?get=count HTTP/1.1" 200 24 "http://www.pacetest.dk/" "Mozilla/5.0 (Windows NT 6.2; WOW64; rv:26.0) Gecko/20100101 Firefox/26.0"
- - - [05/Jan/2014:16:10:04 -0500] "OPTIONS * HTTP/1.0" 200 - "-" "Apache/2.2.22 (Red Hat Enterprise Web Server) (internal dummy connection)"
87.58.241.191 - - [05/Jan/2014:16:10:06 -0500] "GET /index.php/notifications?get=count HTTP/1.1" 200 24 "http://www.pacetest.dk/index.php/topics?filter=leaders" "Mozilla/5.0 (Macintosh; Intel Mac OS X 10_9_1) AppleWebKit/537.73.11 (KHTML, like Gecko) Version/7.0.1 Safari/537.73.11"
87.58.246.97 - - [05/Jan/2014:16:10:15 -0500] "GET /index.php/people/session?layout=modal&return=aHR0cDovL3d3dy5wYWNldGVzdC5kay9pbmRleC5waHAvcGVvcGxlL3Nlc3Npb24%3D&hq2snwtv HTTP/1.1" 200 1507 "http://www.pacetest.dk/" "Mozilla/5.0 (compatible; MSIE 9.0; Windows NT 6.0; Trident/5.0)"
10.110.62.41 - - [05/Jan/2014:16:10:18 -0500] "GET / HTTP/1.1" 200 7906 "-" "Ruby"
10.110.62.41 - - [05/Jan/2014:16:10:20 -0500] "GET / HTTP/1.1" 200 7909 "-" "Ruby"
94.145.68.182 - - [05/Jan/2014:16:10:32 -0500] "GET /index.php/notifications?get=count HTTP/1.1" 200 24 "http://www.pacetest.dk/" "Mozilla/5.0 (Windows NT 6.2; WOW64; rv:26.0) Gecko/20100101 Firefox/26.0"
87.58.241.191 - - [05/Jan/2014:16:10:36 -0500] "GET /index.php/notifications?get=count HTTP/1.1" 200 24 "http://www.pacetest.dk/index.php/topics?filter=leaders" "Mozilla/5.0 (Macintosh; Intel Mac OS X 10_9_1) AppleWebKit/537.73.11 (KHTML, like Gecko) Version/7.0.1 Safari/537.73.11"
94.145.68.182 - - [05/Jan/2014:16:11:02 -0500] "GET /index.php/notifications?get=count HTTP/1.1" 200 24 "http://www.pacetest.dk/" "Mozilla/5.0 (Windows NT 6.2; WOW64; rv:26.0) Gecko/20100101 Firefox/26.0"
87.58.241.191 - - [05/Jan/2014:16:11:06 -0500] "GET /index.php/notifications?get=count HTTP/1.1" 200 24 "http://www.pacetest.dk/index.php/topics?filter=leaders" "Mozilla/5.0 (Macintosh; Intel Mac OS X 10_9_1) AppleWebKit/537.73.11 (KHTML, like Gecko) Version/7.0.1 Safari/537.73.11"
87.58.246.97 - - [05/Jan/2014:16:11:08 -0500] "GET / HTTP/1.1" 200 8195 "-" "Mozilla/5.0 (compatible; MSIE 9.0; Windows NT 6.0; Trident/5.0)"
87.58.241.191 - - [05/Jan/2014:16:11:08 -0500] "GET /index.php/search?term=tilmelding HTTP/1.1" 200 8833 "http://www.pacetest.dk/index.php/topics?filter=leaders" "Mozilla/5.0 (Macintosh; Intel Mac OS X 10_9_1) AppleWebKit/537.73.11 (KHTML, like Gecko) Version/7.0.1 Safari/537.73.11"
87.58.241.191 - - [05/Jan/2014:16:11:14 -0500] "GET /media/com_search/js/search_request.js HTTP/1.1" 200 1768 "http://www.pacetest.dk/index.php/search?term=tilmelding" "Mozilla/5.0 (Macintosh; Intel Mac OS X 10_9_1) AppleWebKit/537.73.11 (KHTML, like Gecko) Version/7.0.1 Safari/537.73.11"
- - - [05/Jan/2014:16:11:14 -0500] "OPTIONS * HTTP/1.0" 200 - "-" "Apache/2.2.22 (Red Hat Enterprise Web Server) (internal dummy connection)"
87.58.241.191 - - [05/Jan/2014:16:11:24 -0500] "GET /index.php/menu/people HTTP/1.1" 200 30939 "http://www.pacetest.dk/index.php/search?term=tilmelding" "Mozilla/5.0 (Macintosh; Intel Mac OS X 10_9_1) AppleWebKit/537.73.11 (KHTML, like Gecko) Version/7.0.1 Safari/537.73.11"
87.58.241.191 - - [05/Jan/2014:16:11:26 -0500] "GET /media/lib_anahita/images/avatar/square_default.gif HTTP/1.1" 200 17821 "http://www.pacetest.dk/index.php/menu/people" "Mozilla/5.0 (Macintosh; Intel Mac OS X 10_9_1) AppleWebKit/537.73.11 (KHTML, like Gecko) Version/7.0.1 Safari/537.73.11"
94.145.68.182 - - [05/Jan/2014:16:11:32 -0500] "GET /index.php/notifications?get=count HTTP/1.1" 200 24 "http://www.pacetest.dk/" "Mozilla/5.0 (Windows NT 6.2; WOW64; rv:26.0) Gecko/20100101 Firefox/26.0"
87.58.241.191 - - [05/Jan/2014:16:11:45 -0500] "GET /index.php/people/Maygervil HTTP/1.1" 200 22994 "http://www.pacetest.dk/index.php/menu/people" "Mozilla/5.0 (Macintosh; Intel Mac OS X 10_9_1) AppleWebKit/537.73.11 (KHTML, like Gecko) Version/7.0.1 Safari/537.73.11"
87.58.241.191 - - [05/Jan/2014:16:11:50 -0500] "GET /index.php/people/Maygervil/graph/followers?layout=gadget&hq2sq4tq HTTP/1.1" 200 7768 "http://www.pacetest.dk/index.php/people/Maygervil" "Mozilla/5.0 (Macintosh; Intel Mac OS X 10_9_1) AppleWebKit/537.73.11 (KHTML, like Gecko) Version/7.0.1 Safari/537.73.11"
94.145.68.182 - - [05/Jan/2014:16:12:02 -0500] "GET /index.php/notifications?get=count HTTP/1.1" 200 24 "http://www.pacetest.dk/" "Mozilla/5.0 (Windows NT 6.2; WOW64; rv:26.0) Gecko/20100101 Firefox/26.0"
87.58.241.191 - - [05/Jan/2014:16:12:20 -0500] "GET /index.php/menu/groups HTTP/1.1" 200 15141 "http://www.pacetest.dk/index.php/people/Maygervil" "Mozilla/5.0 (Macintosh; Intel Mac OS X 10_9_1) AppleWebKit/537.73.11 (KHTML, like Gecko) Version/7.0.1 Safari/537.73.11"
87.58.246.97 - - [05/Jan/2014:16:12:28 -0500] "GET /index.php/people/session?layout=modal&return=aHR0cDovL3d3dy5wYWNldGVzdC5kay8%3D&hq2spc6l HTTP/1.1" 200 1443 "http://www.pacetest.dk/" "Mozilla/5.0 (compatible; MSIE 9.0; Windows NT 6.0; Trident/5.0)"
87.58.241.191 - - [05/Jan/2014:16:12:30 -0500] "POST /index.php/groups/4-the-atrium?layout=list&hq2sqtyd HTTP/1.1" 200 1217 "http://www.pacetest.dk/index.php/menu/groups" "Mozilla/5.0 (Macintosh; Intel Mac OS X 10_9_1) AppleWebKit/537.73.11 (KHTML, like Gecko) Version/7.0.1 Safari/537.73.11"
94.145.68.182 - - [05/Jan/2014:16:12:32 -0500] "GET /index.php/notifications?get=count HTTP/1.1" 200 24 "http://www.pacetest.dk/" "Mozilla/5.0 (Windows NT 6.2; WOW64; rv:26.0) Gecko/20100101 Firefox/26.0"
87.58.241.191 - - [05/Jan/2014:16:12:32 -0500] "POST /index.php/groups/4-the-atrium?layout=list&hq2sqtye HTTP/1.1" 200 1217 "http://www.pacetest.dk/index.php/menu/groups" "Mozilla/5.0 (Macintosh; Intel Mac OS X 10_9_1) AppleWebKit/537.73.11 (KHTML, like Gecko) Version/7.0.1 Safari/537.73.11"
- - - [05/Jan/2014:16:12:38 -0500] "OPTIONS * HTTP/1.0" 200 - "-" "Apache/2.2.22 (Red Hat Enterprise Web Server) (internal dummy connection)"
87.58.241.191 - - [05/Jan/2014:16:12:41 -0500] "POST /index.php/groups/6-kollaborativt-lederskab?layout=list&hq2sqtyf HTTP/1.1" 200 1088 "http://www.pacetest.dk/index.php/menu/groups" "Mozilla/5.0 (Macintosh; Intel Mac OS X 10_9_1) AppleWebKit/537.73.11 (KHTML, like Gecko) Version/7.0.1 Safari/537.73.11"
87.58.246.97 - - [05/Jan/2014:16:12:41 -0500] "GET /index.php/people/person?layout=add&return=aHR0cDovL3d3dy5wYWNldGVzdC5kay8%3D HTTP/1.1" 200 7321 "http://www.pacetest.dk/" "Mozilla/5.0 (compatible; MSIE 9.0; Windows NT 6.0; Trident/5.0)"
87.58.241.191 - - [05/Jan/2014:16:12:42 -0500] "POST /index.php/groups/6-kollaborativt-lederskab?layout=list&hq2sqtyg HTTP/1.1" 403 58 "http://www.pacetest.dk/index.php/menu/groups" "Mozilla/5.0 (Macintosh; Intel Mac OS X 10_9_1) AppleWebKit/537.73.11 (KHTML, like Gecko) Version/7.0.1 Safari/537.73.11"
- - - [05/Jan/2014:16:12:48 -0500] "OPTIONS * HTTP/1.0" 200 - "-" "Apache/2.2.22 (Red Hat Enterprise Web Server) (internal dummy connection)"
- - - [05/Jan/2014:16:12:48 -0500] "OPTIONS * HTTP/1.0" 200 - "-" "Apache/2.2.22 (Red Hat Enterprise Web Server) (internal dummy connection)"
87.58.241.191 - - [05/Jan/2014:16:12:44 -0500] "POST /index.php/groups/149-hj%C3%A6lp?layout=list&hq2sqtyh HTTP/1.1" 200 1170 "http://www.pacetest.dk/index.php/menu/groups" "Mozilla/5.0 (Macintosh; Intel Mac OS X 10_9_1) AppleWebKit/537.73.11 (KHTML, like Gecko) Version/7.0.1 Safari/537.73.11"
- - - [05/Jan/2014:16:12:50 -0500] "OPTIONS * HTTP/1.0" 200 - "-" "Apache/2.2.22 (Red Hat Enterprise Web Server) (internal dummy connection)"
87.58.241.191 - - [05/Jan/2014:16:12:53 -0500] "GET /index.php/notifications?get=count HTTP/1.1" 200 24 "http://www.pacetest.dk/index.php/menu/groups" "Mozilla/5.0 (Macintosh; Intel Mac OS X 10_9_1) AppleWebKit/537.73.11 (KHTML, like Gecko) Version/7.0.1 Safari/537.73.11"
87.58.241.191 - - [05/Jan/2014:16:12:54 -0500] "POST /index.php/groups/209-ga-nextlevel-sj%C3%A6lland?layout=list&hq2sqtyi HTTP/1.1" 200 1078 "http://www.pacetest.dk/index.php/menu/groups" "Mozilla/5.0 (Macintosh; Intel Mac OS X 10_9_1) AppleWebKit/537.73.11 (KHTML, like Gecko) Version/7.0.1 Safari/537.73.11"
94.145.68.182 - - [05/Jan/2014:16:13:02 -0500] "GET /index.php/notifications?get=count HTTP/1.1" 200 24 "http://www.pacetest.dk/" "Mozilla/5.0 (Windows NT 6.2; WOW64; rv:26.0) Gecko/20100101 Firefox/26.0"
87.58.241.191 - - [05/Jan/2014:16:13:23 -0500] "GET /index.php/notifications?get=count HTTP/1.1" 200 24 "http://www.pacetest.dk/index.php/menu/groups" "Mozilla/5.0 (Macintosh; Intel Mac OS X 10_9_1) AppleWebKit/537.73.11 (KHTML, like Gecko) Version/7.0.1 Safari/537.73.11"
94.145.68.182 - - [05/Jan/2014:16:13:32 -0500] "GET /index.php/notifications?get=count HTTP/1.1" 200 24 "http://www.pacetest.dk/" "Mozilla/5.0 (Windows NT 6.2; WOW64; rv:26.0) Gecko/20100101 Firefox/26.0"
87.58.241.191 - - [05/Jan/2014:16:13:30 -0500] "GET / HTTP/1.1" 200 68701 "http://www.pacetest.dk/index.php/menu/groups" "Mozilla/5.0 (Macintosh; Intel Mac OS X 10_9_1) AppleWebKit/537.73.11 (KHTML, like Gecko) Version/7.0.1 Safari/537.73.11"
87.58.241.191 - - [05/Jan/2014:16:13:34 -0500] "GET /index.php/groups/4-the-atrium HTTP/1.1" 200 35625 "http://www.pacetest.dk/index.php/menu/groups" "Mozilla/5.0 (Macintosh; Intel Mac OS X 10_9_1) AppleWebKit/537.73.11 (KHTML, like Gecko) Version/7.0.1 Safari/537.73.11"
- - - [05/Jan/2014:16:13:44 -0500] "OPTIONS * HTTP/1.0" 200 - "-" "Apache/2.2.22 (Red Hat Enterprise Web Server) (internal dummy connection)"
87.58.241.191 - - [05/Jan/2014:16:13:44 -0500] "GET /index.php/groups/4/graph/followers?layout=gadget&hq2sskjt HTTP/1.1" 200 3053 "http://www.pacetest.dk/index.php/groups/4-the-atrium" "Mozilla/5.0 (Macintosh; Intel Mac OS X 10_9_1) AppleWebKit/537.73.11 (KHTML, like Gecko) Version/7.0.1 Safari/537.73.11"
94.145.68.182 - - [05/Jan/2014:16:14:02 -0500] "GET /index.php/notifications?get=count HTTP/1.1" 200 24 "http://www.pacetest.dk/" "Mozilla/5.0 (Windows NT 6.2; WOW64; rv:26.0) Gecko/20100101 Firefox/26.0"
87.58.241.191 - - [05/Jan/2014:16:14:14 -0500] "GET /index.php/notifications?get=count HTTP/1.1" 200 24 "http://www.pacetest.dk/index.php/groups/4-the-atrium" "Mozilla/5.0 (Macintosh; Intel Mac OS X 10_9_1) AppleWebKit/537.73.11 (KHTML, like Gecko) Version/7.0.1 Safari/537.73.11"
94.145.68.182 - - [05/Jan/2014:16:14:32 -0500] "GET /index.php/notifications?get=count HTTP/1.1" 200 24 "http://www.pacetest.dk/" "Mozilla/5.0 (Windows NT 6.2; WOW64; rv:26.0) Gecko/20100101 Firefox/26.0"
87.58.241.191 - - [05/Jan/2014:16:14:46 -0500] "GET /index.php/groups/6-kollaborativt-lederskab HTTP/1.1" 200 10404 "http://www.pacetest.dk/index.php/menu/groups" "Mozilla/5.0 (Macintosh; Intel Mac OS X 10_9_1) AppleWebKit/537.73.11 (KHTML, like Gecko) Version/7.0.1 Safari/537.73.11"
87.58.241.191 - - [05/Jan/2014:16:14:48 -0500] "GET /index.php/groups/6/graph/followers?layout=gadget&hq2stycb HTTP/1.1" 200 2378 "http://www.pacetest.dk/index.php/groups/6-kollaborativt-lederskab" "Mozilla/5.0 (Macintosh; Intel Mac OS X 10_9_1) AppleWebKit/537.73.11 (KHTML, like Gecko) Version/7.0.1 Safari/537.73.11"
94.145.68.182 - - [05/Jan/2014:16:15:02 -0500] "GET /index.php/notifications?get=count HTTP/1.1" 200 24 "http://www.pacetest.dk/" "Mozilla/5.0 (Windows NT 6.2; WOW64; rv:26.0) Gecko/20100101 Firefox/26.0"
87.58.241.191 - - [05/Jan/2014:16:15:02 -0500] "POST /index.php/groups/6-kollaborativt-lederskab HTTP/1.1" 303 - "http://www.pacetest.dk/index.php/groups/6-kollaborativt-lederskab" "Mozilla/5.0 (Macintosh; Intel Mac OS X 10_9_1) AppleWebKit/537.73.11 (KHTML, like Gecko) Version/7.0.1 Safari/537.73.11"
87.58.241.191 - - [05/Jan/2014:16:15:05 -0500] "GET /index.php/groups/6-kollaborativt-lederskab HTTP/1.1" 200 10392 "http://www.pacetest.dk/index.php/groups/6-kollaborativt-lederskab" "Mozilla/5.0 (Macintosh; Intel Mac OS X 10_9_1) AppleWebKit/537.73.11 (KHTML, like Gecko) Version/7.0.1 Safari/537.73.11"
87.58.241.191 - - [05/Jan/2014:16:15:09 -0500] "GET /index.php/groups/6/graph/followers?layout=gadget&hq2sueou HTTP/1.1" 200 2378 "http://www.pacetest.dk/index.php/groups/6-kollaborativt-lederskab" "Mozilla/5.0 (Macintosh; Intel Mac OS X 10_9_1) AppleWebKit/537.73.11 (KHTML, like Gecko) Version/7.0.1 Safari/537.73.11"
- - - [05/Jan/2014:16:15:12 -0500] "OPTIONS * HTTP/1.0" 200 - "-" "Apache/2.2.22 (Red Hat Enterprise Web Server) (internal dummy connection)"
87.58.241.191 - - [05/Jan/2014:16:15:25 -0500] "GET /index.php/menu/groups HTTP/1.1" 200 14933 "http://www.pacetest.dk/index.php/groups/6-kollaborativt-lederskab" "Mozilla/5.0 (Macintosh; Intel Mac OS X 10_9_1) AppleWebKit/537.73.11 (KHTML, like Gecko) Version/7.0.1 Safari/537.73.11"
94.145.68.182 - - [05/Jan/2014:16:15:32 -0500] "GET /index.php/notifications?get=count HTTP/1.1" 200 24 "http://www.pacetest.dk/" "Mozilla/5.0 (Windows NT 6.2; WOW64; rv:26.0) Gecko/20100101 Firefox/26.0"
87.58.241.191 - - [05/Jan/2014:16:15:50 -0500] "GET /index.php/groups/149-hj%C3%A6lp HTTP/1.1" 200 29207 "http://www.pacetest.dk/index.php/menu/groups" "Mozilla/5.0 (Macintosh; Intel Mac OS X 10_9_1) AppleWebKit/537.73.11 (KHTML, like Gecko) Version/7.0.1 Safari/537.73.11"
87.58.241.191 - - [05/Jan/2014:16:15:54 -0500] "GET /index.php/groups/149/graph/followers?layout=gadget&hq2svdbh HTTP/1.1" 200 3070 "http://www.pacetest.dk/index.php/groups/149-hj%C3%A6lp" "Mozilla/5.0 (Macintosh; Intel Mac OS X 10_9_1) AppleWebKit/537.73.11 (KHTML, like Gecko) Version/7.0.1 Safari/537.73.11"
94.145.68.182 - - [05/Jan/2014:16:16:02 -0500] "GET /index.php/notifications?get=count HTTP/1.1" 200 24 "http://www.pacetest.dk/" "Mozilla/5.0 (Windows NT 6.2; WOW64; rv:26.0) Gecko/20100101 Firefox/26.0"
94.145.68.182 - - [05/Jan/2014:16:16:13 -0500] "GET /index.php/notifications?layout=popover&hq2scasd HTTP/1.1" 200 21431 "http://www.pacetest.dk/" "Mozilla/5.0 (Windows NT 6.2; WOW64; rv:26.0) Gecko/20100101 Firefox/26.0"
87.58.241.191 - - [05/Jan/2014:16:16:18 -0500] "GET /index.php/menu/groups HTTP/1.1" 200 14933 "http://www.pacetest.dk/index.php/groups/149-hj%C3%A6lp" "Mozilla/5.0 (Macintosh; Intel Mac OS X 10_9_1) AppleWebKit/537.73.11 (KHTML, like Gecko) Version/7.0.1 Safari/537.73.11"
94.145.68.182 - - [05/Jan/2014:16:16:23 -0500] "GET /index.php/groups/209/settings?edit=requests HTTP/1.1" 200 14678 "http://www.pacetest.dk/" "Mozilla/5.0 (Windows NT 6.2; WOW64; rv:26.0) Gecko/20100101 Firefox/26.0"
87.58.241.191 - - [05/Jan/2014:16:16:23 -0500] "GET /index.php/groups/4-the-atrium HTTP/1.1" 200 35625 "http://www.pacetest.dk/index.php/menu/groups" "Mozilla/5.0 (Macintosh; Intel Mac OS X 10_9_1) AppleWebKit/537.73.11 (KHTML, like Gecko) Version/7.0.1 Safari/537.73.11"
- - - [05/Jan/2014:16:16:30 -0500] "OPTIONS * HTTP/1.0" 200 - "-" "Apache/2.2.22 (Red Hat Enterprise Web Server) (internal dummy connection)"
87.58.241.191 - - [05/Jan/2014:16:16:30 -0500] "GET /index.php/groups/4/graph/followers?layout=gadget&hq2sw4ta HTTP/1.1" 200 3053 "http://www.pacetest.dk/index.php/groups/4-the-atrium" "Mozilla/5.0 (Macintosh; Intel Mac OS X 10_9_1) AppleWebKit/537.73.11 (KHTML, like Gecko) Version/7.0.1 Safari/537.73.11"
94.145.68.182 - - [05/Jan/2014:16:16:34 -0500] "POST /index.php/groups/209-ga-nextlevel-sj%C3%A6lland?action=confirmrequester&requester=204 HTTP/1.1" 303 - "http://www.pacetest.dk/index.php/groups/209/settings?edit=requests" "Mozilla/5.0 (Windows NT 6.2; WOW64; rv:26.0) Gecko/20100101 Firefox/26.0"
94.145.68.182 - - [05/Jan/2014:16:16:36 -0500] "GET /index.php/groups/209/settings?edit=requests HTTP/1.1" 200 12763 "http://www.pacetest.dk/index.php/groups/209/settings?edit=requests" "Mozilla/5.0 (Windows NT 6.2; WOW64; rv:26.0) Gecko/20100101 Firefox/26.0"
87.58.241.191 - - [05/Jan/2014:16:16:41 -0500] "GET /index.php/notes/@4/note?layout=composer&hq2sw4td HTTP/1.1" 200 708 "http://www.pacetest.dk/index.php/groups/4-the-atrium" "Mozilla/5.0 (Macintosh; Intel Mac OS X 10_9_1) AppleWebKit/537.73.11 (KHTML, like Gecko) Version/7.0.1 Safari/537.73.11"
87.58.241.191 - - [05/Jan/2014:16:17:00 -0500] "GET /index.php/notifications?get=count HTTP/1.1" 200 24 "http://www.pacetest.dk/index.php/groups/4-the-atrium" "Mozilla/5.0 (Macintosh; Intel Mac OS X 10_9_1) AppleWebKit/537.73.11 (KHTML, like Gecko) Version/7.0.1 Safari/537.73.11"
94.145.68.182 - - [05/Jan/2014:16:17:08 -0500] "GET /index.php/notifications?get=count HTTP/1.1" 200 24 "http://www.pacetest.dk/index.php/groups/209/settings?edit=requests" "Mozilla/5.0 (Windows NT 6.2; WOW64; rv:26.0) Gecko/20100101 Firefox/26.0"
87.58.241.191 - - [05/Jan/2014:16:17:06 -0500] "POST /index.php/notes/@4/note?layout=composer&hq2sw4tg HTTP/1.1" 201 3598 "http://www.pacetest.dk/index.php/groups/4-the-atrium" "Mozilla/5.0 (Macintosh; Intel Mac OS X 10_9_1) AppleWebKit/537.73.11 (KHTML, like Gecko) Version/7.0.1 Safari/537.73.11"
- - - [05/Jan/2014:16:17:12 -0500] "OPTIONS * HTTP/1.0" 200 - "-" "Apache/2.2.22 (Red Hat Enterprise Web Server) (internal dummy connection)"
94.145.68.182 - - [05/Jan/2014:16:17:23 -0500] "GET /index.php/notifications?layout=popover&hq2swcvt HTTP/1.1" 200 21184 "http://www.pacetest.dk/index.php/groups/209/settings?edit=requests" "Mozilla/5.0 (Windows NT 6.2; WOW64; rv:26.0) Gecko/20100101 Firefox/26.0"
87.58.241.191 - - [05/Jan/2014:16:17:30 -0500] "GET /index.php/notifications?get=count HTTP/1.1" 200 24 "http://www.pacetest.dk/index.php/groups/4-the-atrium" "Mozilla/5.0 (Macintosh; Intel Mac OS X 10_9_1) AppleWebKit/537.73.11 (KHTML, like Gecko) Version/7.0.1 Safari/537.73.11"
94.145.68.182 - - [05/Jan/2014:16:17:38 -0500] "GET /index.php/notifications?get=count HTTP/1.1" 200 24 "http://www.pacetest.dk/index.php/groups/209/settings?edit=requests" "Mozilla/5.0 (Windows NT 6.2; WOW64; rv:26.0) Gecko/20100101 Firefox/26.0"
87.58.241.191 - - [05/Jan/2014:16:17:38 -0500] "POST /index.php/notes/@4/note?layout=composer&hq2sw4tj HTTP/1.1" 201 3616 "http://www.pacetest.dk/index.php/groups/4-the-atrium" "Mozilla/5.0 (Macintosh; Intel Mac OS X 10_9_1) AppleWebKit/537.73.11 (KHTML, like Gecko) Version/7.0.1 Safari/537.73.11"
94.145.68.182 - - [05/Jan/2014:16:17:42 -0500] "GET /index.php/groups/6/settings?edit=requests HTTP/1.1" 200 22277 "http://www.pacetest.dk/index.php/groups/209/settings?edit=requests" "Mozilla/5.0 (Windows NT 6.2; WOW64; rv:26.0) Gecko/20100101 Firefox/26.0"
