- - - [05/Jan/2014:16:17:49 -0500] "OPTIONS * HTTP/1.0" 200 - "-" "Apache/2.2.22 (Red Hat Enterprise Web Server) (internal dummy connection)"
87.58.241.191 - - [05/Jan/2014:16:18:10 -0500] "GET /index.php/notifications?get=count HTTP/1.1" 200 24 "http://www.pacetest.dk/index.php/menu/groups" "Mozilla/5.0 (Macintosh; Intel Mac OS X 10_9_1) AppleWebKit/537.73.11 (KHTML, like Gecko) Version/7.0.1 Safari/537.73.11"
94.145.68.182 - - [05/Jan/2014:16:18:19 -0500] "GET /index.php/notifications?get=count HTTP/1.1" 200 24 "http://www.pacetest.dk/index.php/groups/6/settings?edit=requests" "Mozilla/5.0 (Windows NT 6.2; WOW64; rv:26.0) Gecko/20100101 Firefox/26.0"
94.145.68.182 - - [05/Jan/2014:16:18:32 -0500] "GET /index.php/notifications?layout=popover&hq2sxviu HTTP/1.1" 200 20968 "http://www.pacetest.dk/index.php/groups/6/settings?edit=requests" "Mozilla/5.0 (Windows NT 6.2; WOW64; rv:26.0) Gecko/20100101 Firefox/26.0"
94.145.68.182 - - [05/Jan/2014:16:18:37 -0500] "GET /index.php/notes/571 HTTP/1.1" 200 12540 "http://www.pacetest.dk/index.php/groups/6/settings?edit=requests" "Mozilla/5.0 (Windows NT 6.2; WOW64; rv:26.0) Gecko/20100101 Firefox/26.0"
87.58.241.191 - - [05/Jan/2014:16:18:40 -0500] "GET /index.php/notifications?get=count HTTP/1.1" 200 24 "http://www.pacetest.dk/index.php/menu/groups" "Mozilla/5.0 (Macintosh; Intel Mac OS X 10_9_1) AppleWebKit/537.73.11 (KHTML, like Gecko) Version/7.0.1 Safari/537.73.11"
94.145.68.182 - - [05/Jan/2014:16:18:48 -0500] "GET /index.php/menu/groups HTTP/1.1" 200 14893 "http://www.pacetest.dk/index.php/notes/571" "Mozilla/5.0 (Windows NT 6.2; WOW64; rv:26.0) Gecko/20100101 Firefox/26.0"
94.145.68.182 - - [05/Jan/2014:16:18:56 -0500] "GET /index.php/groups/209-ga-nextlevel-sj%C3%A6lland HTTP/1.1" 200 31218 "http://www.pacetest.dk/index.php/menu/groups" "Mozilla/5.0 (Windows NT 6.2; WOW64; rv:26.0) Gecko/20100101 Firefox/26.0"
94.145.68.182 - - [05/Jan/2014:16:19:00 -0500] "GET /index.php/groups/209/graph/followers?layout=gadget&hq2szecd HTTP/1.1" 200 1695 "http://www.pacetest.dk/index.php/groups/209-ga-nextlevel-sj%C3%A6lland" "Mozilla/5.0 (Windows NT 6.2; WOW64; rv:26.0) Gecko/20100101 Firefox/26.0"
94.145.68.182 - - [05/Jan/2014:16:19:05 -0500] "GET /index.php/pages/437-deltagerliste-sj%C3%A6lland-10-11-12-januar-2014 HTTP/1.1" 200 19717 "http://www.pacetest.dk/index.php/groups/209-ga-nextlevel-sj%C3%A6lland" "Mozilla/5.0 (Windows NT 6.2; WOW64; rv:26.0) Gecko/20100101 Firefox/26.0"
87.58.241.191 - - [05/Jan/2014:16:19:10 -0500] "GET /index.php/notifications?get=count HTTP/1.1" 200 24 "http://www.pacetest.dk/index.php/menu/groups" "Mozilla/5.0 (Macintosh; Intel Mac OS X 10_9_1) AppleWebKit/537.73.11 (KHTML, like Gecko) Version/7.0.1 Safari/537.73.11"
94.145.68.182 - - [05/Jan/2014:16:19:38 -0500] "GET /index.php/notifications?get=count HTTP/1.1" 200 24 "http://www.pacetest.dk/index.php/pages/437-deltagerliste-sj%C3%A6lland-10-11-12-januar-2014" "Mozilla/5.0 (Windows NT 6.2; WOW64; rv:26.0) Gecko/20100101 Firefox/26.0"
87.58.241.191 - - [05/Jan/2014:16:19:40 -0500] "GET /index.php/notifications?get=count HTTP/1.1" 200 24 "http://www.pacetest.dk/index.php/menu/groups" "Mozilla/5.0 (Macintosh; Intel Mac OS X 10_9_1) AppleWebKit/537.73.11 (KHTML, like Gecko) Version/7.0.1 Safari/537.73.11"
94.145.68.182 - - [05/Jan/2014:16:19:59 -0500] "POST /index.php/notes/571?hq2syy9e HTTP/1.1" 201 1972 "http://www.pacetest.dk/index.php/notes/571" "Mozilla/5.0 (Windows NT 6.2; WOW64; rv:26.0) Gecko/20100101 Firefox/26.0"
94.145.68.182 - - [05/Jan/2014:16:20:01 -0500] "GET /index.php/notifications?get=count HTTP/1.1" 200 24 "http://www.pacetest.dk/index.php/notes/571" "Mozilla/5.0 (Windows NT 6.2; WOW64; rv:26.0) Gecko/20100101 Firefox/26.0"
- - - [05/Jan/2014:16:20:04 -0500] "OPTIONS * HTTP/1.0" 200 - "-" "Apache/2.2.22 (Red Hat Enterprise Web Server) (internal dummy connection)"
87.58.241.191 - - [05/Jan/2014:16:20:10 -0500] "GET /index.php/notifications?get=count HTTP/1.1" 200 24 "http://www.pacetest.dk/index.php/menu/groups" "Mozilla/5.0 (Macintosh; Intel Mac OS X 10_9_1) AppleWebKit/537.73.11 (KHTML, like Gecko) Version/7.0.1 Safari/537.73.11"
87.58.241.191 - - [05/Jan/2014:16:20:29 -0500] "GET /index.php/notifications?layout=popover&hq2svxp5 HTTP/1.1" 200 2101 "http://www.pacetest.dk/index.php/menu/groups" "Mozilla/5.0 (Macintosh; Intel Mac OS X 10_9_1) AppleWebKit/537.73.11 (KHTML, like Gecko) Version/7.0.1 Safari/537.73.11"
94.145.68.182 - - [05/Jan/2014:16:20:31 -0500] "GET /index.php/notifications?get=count HTTP/1.1" 200 24 "http://www.pacetest.dk/index.php/notes/571" "Mozilla/5.0 (Windows NT 6.2; WOW64; rv:26.0) Gecko/20100101 Firefox/26.0"
- - - [05/Jan/2014:16:20:33 -0500] "OPTIONS * HTTP/1.0" 200 - "-" "Apache/2.2.22 (Red Hat Enterprise Web Server) (internal dummy connection)"
87.58.241.191 - - [05/Jan/2014:16:20:37 -0500] "GET /index.php/people/BentRS HTTP/1.1" 200 40001 "http://www.pacetest.dk/index.php/menu/groups" "Mozilla/5.0 (Macintosh; Intel Mac OS X 10_9_1) AppleWebKit/537.73.11 (KHTML, like Gecko) Version/7.0.1 Safari/537.73.11"
87.58.241.191 - - [05/Jan/2014:16:20:42 -0500] "GET /index.php/people/BentRS/graph/followers?layout=gadget&hq2t1j8g HTTP/1.1" 200 7590 "http://www.pacetest.dk/index.php/people/BentRS" "Mozilla/5.0 (Macintosh; Intel Mac OS X 10_9_1) AppleWebKit/537.73.11 (KHTML, like Gecko) Version/7.0.1 Safari/537.73.11"
94.145.68.182 - - [05/Jan/2014:16:21:01 -0500] "GET /index.php/notifications?get=count HTTP/1.1" 200 24 "http://www.pacetest.dk/index.php/notes/571" "Mozilla/5.0 (Windows NT 6.2; WOW64; rv:26.0) Gecko/20100101 Firefox/26.0"
87.58.241.191 - - [05/Jan/2014:16:21:12 -0500] "GET /index.php/notifications?get=count HTTP/1.1" 200 24 "http://www.pacetest.dk/index.php/people/BentRS" "Mozilla/5.0 (Macintosh; Intel Mac OS X 10_9_1) AppleWebKit/537.73.11 (KHTML, like Gecko) Version/7.0.1 Safari/537.73.11"
94.145.68.182 - - [05/Jan/2014:16:21:31 -0500] "GET /index.php/notifications?get=count HTTP/1.1" 200 24 "http://www.pacetest.dk/index.php/notes/571" "Mozilla/5.0 (Windows NT 6.2; WOW64; rv:26.0) Gecko/20100101 Firefox/26.0"
94.145.68.182 - - [05/Jan/2014:16:21:27 -0500] "GET / HTTP/1.1" 200 100017 "http://www.pacetest.dk/index.php/notes/571" "Mozilla/5.0 (Windows NT 6.2; WOW64; rv:26.0) Gecko/20100101 Firefox/26.0"
94.145.68.182 - - [05/Jan/2014:16:21:36 -0500] "GET /index.php/stories?layout=list&filter=leaders&start=20&limit=20 HTTP/1.1" 200 40041 "http://www.pacetest.dk/" "Mozilla/5.0 (Windows NT 6.2; WOW64; rv:26.0) Gecko/20100101 Firefox/26.0"
94.145.68.182 - - [05/Jan/2014:16:21:36 -0500] "GET /index.php/stories?layout=list&filter=leaders&start=40&limit=20 HTTP/1.1" 200 53238 "http://www.pacetest.dk/" "Mozilla/5.0 (Windows NT 6.2; WOW64; rv:26.0) Gecko/20100101 Firefox/26.0"
87.58.241.191 - - [05/Jan/2014:16:21:42 -0500] "GET /index.php/notifications?get=count HTTP/1.1" 200 24 "http://www.pacetest.dk/index.php/people/BentRS" "Mozilla/5.0 (Macintosh; Intel Mac OS X 10_9_1) AppleWebKit/537.73.11 (KHTML, like Gecko) Version/7.0.1 Safari/537.73.11"
- - - [05/Jan/2014:16:21:48 -0500] "OPTIONS * HTTP/1.0" 200 - "-" "Apache/2.2.22 (Red Hat Enterprise Web Server) (internal dummy connection)"
94.145.68.182 - - [05/Jan/2014:16:21:45 -0500] "GET /index.php/stories?layout=list&filter=leaders&start=60&limit=20 HTTP/1.1" 200 102858 "http://www.pacetest.dk/" "Mozilla/5.0 (Windows NT 6.2; WOW64; rv:26.0) Gecko/20100101 Firefox/26.0"
- - - [05/Jan/2014:16:21:53 -0500] "OPTIONS * HTTP/1.0" 200 - "-" "Apache/2.2.22 (Red Hat Enterprise Web Server) (internal dummy connection)"
94.145.68.182 - - [05/Jan/2014:16:22:05 -0500] "GET /index.php/notifications?get=count HTTP/1.1" 200 24 "http://www.pacetest.dk/" "Mozilla/5.0 (Windows NT 6.2; WOW64; rv:26.0) Gecko/20100101 Firefox/26.0"
94.145.68.182 - - [05/Jan/2014:16:22:06 -0500] "GET / HTTP/1.1" 200 100018 "http://www.pacetest.dk/" "Mozilla/5.0 (Windows NT 6.2; WOW64; rv:26.0) Gecko/20100101 Firefox/26.0"
87.58.241.191 - - [05/Jan/2014:16:22:12 -0500] "GET /index.php/notifications?get=count HTTP/1.1" 200 24 "http://www.pacetest.dk/index.php/people/BentRS" "Mozilla/5.0 (Macintosh; Intel Mac OS X 10_9_1) AppleWebKit/537.73.11 (KHTML, like Gecko) Version/7.0.1 Safari/537.73.11"
- - - [05/Jan/2014:16:22:14 -0500] "OPTIONS * HTTP/1.0" 200 - "-" "Apache/2.2.22 (Red Hat Enterprise Web Server) (internal dummy connection)"
94.145.68.182 - - [05/Jan/2014:16:22:14 -0500] "GET /index.php/stories?layout=list&filter=leaders&start=20&limit=20 HTTP/1.1" 200 40041 "http://www.pacetest.dk/" "Mozilla/5.0 (Windows NT 6.2; WOW64; rv:26.0) Gecko/20100101 Firefox/26.0"
94.145.68.182 - - [05/Jan/2014:16:22:14 -0500] "GET /index.php/stories?layout=list&filter=leaders&start=40&limit=20 HTTP/1.1" 200 53238 "http://www.pacetest.dk/" "Mozilla/5.0 (Windows NT 6.2; WOW64; rv:26.0) Gecko/20100101 Firefox/26.0"
94.145.68.182 - - [05/Jan/2014:16:22:23 -0500] "GET /index.php/pages?layout=gadget&filter=leaders&hq2t3k31 HTTP/1.1" 200 16212 "http://www.pacetest.dk/" "Mozilla/5.0 (Windows NT 6.2; WOW64; rv:26.0) Gecko/20100101 Firefox/26.0"
- - - [05/Jan/2014:16:22:29 -0500] "OPTIONS * HTTP/1.0" 200 - "-" "Apache/2.2.22 (Red Hat Enterprise Web Server) (internal dummy connection)"
94.145.68.182 - - [05/Jan/2014:16:22:22 -0500] "GET /index.php/stories?layout=list&filter=leaders&start=60&limit=20 HTTP/1.1" 200 102858 "http://www.pacetest.dk/" "Mozilla/5.0 (Windows NT 6.2; WOW64; rv:26.0) Gecko/20100101 Firefox/26.0"
- - - [05/Jan/2014:16:22:32 -0500] "OPTIONS * HTTP/1.0" 200 - "-" "Apache/2.2.22 (Red Hat Enterprise Web Server) (internal dummy connection)"
87.58.241.191 - - [05/Jan/2014:16:22:42 -0500] "GET /index.php/notifications?get=count HTTP/1.1" 200 24 "http://www.pacetest.dk/index.php/people/BentRS" "Mozilla/5.0 (Macintosh; Intel Mac OS X 10_9_1) AppleWebKit/537.73.11 (KHTML, like Gecko) Version/7.0.1 Safari/537.73.11"
94.145.68.182 - - [05/Jan/2014:16:22:44 -0500] "GET /index.php/notifications?get=count HTTP/1.1" 200 24 "http://www.pacetest.dk/" "Mozilla/5.0 (Windows NT 6.2; WOW64; rv:26.0) Gecko/20100101 Firefox/26.0"
94.145.68.182 - - [05/Jan/2014:16:22:49 -0500] "GET /index.php/topics?layout=gadget&filter=leaders&hq2t3k34 HTTP/1.1" 200 8366 "http://www.pacetest.dk/" "Mozilla/5.0 (Windows NT 6.2; WOW64; rv:26.0) Gecko/20100101 Firefox/26.0"
94.145.68.182 - - [05/Jan/2014:16:23:10 -0500] "GET /index.php/topics/472-sets?permalink=492 HTTP/1.1" 303 - "http://www.pacetest.dk/" "Mozilla/5.0 (Windows NT 6.2; WOW64; rv:26.0) Gecko/20100101 Firefox/26.0"
87.58.241.191 - - [05/Jan/2014:16:23:12 -0500] "GET /index.php/notifications?get=count HTTP/1.1" 200 24 "http://www.pacetest.dk/index.php/people/BentRS" "Mozilla/5.0 (Macintosh; Intel Mac OS X 10_9_1) AppleWebKit/537.73.11 (KHTML, like Gecko) Version/7.0.1 Safari/537.73.11"
94.145.68.182 - - [05/Jan/2014:16:23:14 -0500] "GET /index.php/notifications?get=count HTTP/1.1" 200 24 "http://www.pacetest.dk/" "Mozilla/5.0 (Windows NT 6.2; WOW64; rv:26.0) Gecko/20100101 Firefox/26.0"
94.145.68.182 - - [05/Jan/2014:16:23:12 -0500] "GET /index.php/topics/472-sets HTTP/1.1" 200 18761 "http://www.pacetest.dk/" "Mozilla/5.0 (Windows NT 6.2; WOW64; rv:26.0) Gecko/20100101 Firefox/26.0"
94.145.68.182 - - [05/Jan/2014:16:23:17 -0500] "GET /media/lib_anahita/js/editor/encoder.js HTTP/1.1" 200 10452 "http://www.pacetest.dk/index.php/topics/472-sets" "Mozilla/5.0 (Windows NT 6.2; WOW64; rv:26.0) Gecko/20100101 Firefox/26.0"
94.145.68.182 - - [05/Jan/2014:16:23:17 -0500] "GET /media/lib_anahita/js/editor/tiny_mce.js HTTP/1.1" 200 203808 "http://www.pacetest.dk/index.php/topics/472-sets" "Mozilla/5.0 (Windows NT 6.2; WOW64; rv:26.0) Gecko/20100101 Firefox/26.0"
94.145.68.182 - - [05/Jan/2014:16:23:17 -0500] "GET /media/lib_anahita/js/editor/editor.js HTTP/1.1" 200 11576 "http://www.pacetest.dk/index.php/topics/472-sets" "Mozilla/5.0 (Windows NT 6.2; WOW64; rv:26.0) Gecko/20100101 Firefox/26.0"
94.145.68.182 - - [05/Jan/2014:16:23:18 -0500] "GET /media/lib_anahita/js/editor/langs/en.js HTTP/1.1" 200 5718 "http://www.pacetest.dk/index.php/topics/472-sets" "Mozilla/5.0 (Windows NT 6.2; WOW64; rv:26.0) Gecko/20100101 Firefox/26.0"
94.145.68.182 - - [05/Jan/2014:16:23:18 -0500] "GET /media/lib_anahita/js/editor/themes/advanced/editor_template.js HTTP/1.1" 200 25151 "http://www.pacetest.dk/index.php/topics/472-sets" "Mozilla/5.0 (Windows NT 6.2; WOW64; rv:26.0) Gecko/20100101 Firefox/26.0"
94.145.68.182 - - [05/Jan/2014:16:23:18 -0500] "GET /media/lib_anahita/js/editor/plugins/anahita/editor_plugin.js HTTP/1.1" 200 2647 "http://www.pacetest.dk/index.php/topics/472-sets" "Mozilla/5.0 (Windows NT 6.2; WOW64; rv:26.0) Gecko/20100101 Firefox/26.0"
94.145.68.182 - - [05/Jan/2014:16:23:18 -0500] "GET /media/lib_anahita/js/editor/plugins/autoresize/editor_plugin.js HTTP/1.1" 200 1639 "http://www.pacetest.dk/index.php/topics/472-sets" "Mozilla/5.0 (Windows NT 6.2; WOW64; rv:26.0) Gecko/20100101 Firefox/26.0"
94.145.68.182 - - [05/Jan/2014:16:23:19 -0500] "GET /media/lib_anahita/js/editor/themes/advanced/langs/en.js HTTP/1.1" 200 2019 "http://www.pacetest.dk/index.php/topics/472-sets" "Mozilla/5.0 (Windows NT 6.2; WOW64; rv:26.0) Gecko/20100101 Firefox/26.0"
- - - [05/Jan/2014:16:23:19 -0500] "OPTIONS * HTTP/1.0" 200 - "-" "Apache/2.2.22 (Red Hat Enterprise Web Server) (internal dummy connection)"
94.145.68.182 - - [05/Jan/2014:16:23:19 -0500] "GET /media/lib_anahita/js/editor/themes/advanced/skins/default/ui.css HTTP/1.1" 200 15525 "http://www.pacetest.dk/index.php/topics/472-sets" "Mozilla/5.0 (Windows NT 6.2; WOW64; rv:26.0) Gecko/20100101 Firefox/26.0"
94.145.68.182 - - [05/Jan/2014:16:23:19 -0500] "GET /media/lib_anahita/js/editor/themes/advanced/skins/default/content.css HTTP/1.1" 200 2715 "http://www.pacetest.dk/index.php/topics/472-sets" "Mozilla/5.0 (Windows NT 6.2; WOW64; rv:26.0) Gecko/20100101 Firefox/26.0"
94.145.68.182 - - [05/Jan/2014:16:23:20 -0500] "GET /media/lib_anahita/js/editor/themes/advanced/img/icons.gif HTTP/1.1" 200 11794 "http://www.pacetest.dk/media/lib_anahita/js/editor/themes/advanced/skins/default/ui.css" "Mozilla/5.0 (Windows NT 6.2; WOW64; rv:26.0) Gecko/20100101 Firefox/26.0"
87.58.241.191 - - [05/Jan/2014:16:23:42 -0500] "GET /index.php/notifications?get=count HTTP/1.1" 200 24 "http://www.pacetest.dk/index.php/people/BentRS" "Mozilla/5.0 (Macintosh; Intel Mac OS X 10_9_1) AppleWebKit/537.73.11 (KHTML, like Gecko) Version/7.0.1 Safari/537.73.11"
94.145.68.182 - - [05/Jan/2014:16:23:48 -0500] "GET /index.php/notifications?get=count HTTP/1.1" 200 24 "http://www.pacetest.dk/index.php/topics/472-sets" "Mozilla/5.0 (Windows NT 6.2; WOW64; rv:26.0) Gecko/20100101 Firefox/26.0"
87.58.246.97 - - [05/Jan/2014:16:23:47 -0500] "GET / HTTP/1.1" 200 7814 "-" "Mozilla/5.0 (compatible; MSIE 9.0; Windows NT 6.0; Trident/5.0)"
- - - [05/Jan/2014:16:23:50 -0500] "OPTIONS * HTTP/1.0" 200 - "-" "Apache/2.2.22 (Red Hat Enterprise Web Server) (internal dummy connection)"
94.145.68.182 - - [05/Jan/2014:16:23:52 -0500] "GET /index.php/menu/groups HTTP/1.1" 200 14893 "http://www.pacetest.dk/index.php/topics/472-sets" "Mozilla/5.0 (Windows NT 6.2; WOW64; rv:26.0) Gecko/20100101 Firefox/26.0"
87.58.246.97 - - [05/Jan/2014:16:23:54 -0500] "GET /index.php/people/session?layout=modal&return=aHR0cDovL3d3dy5wYWNldGVzdC5kay8%3D&hq2t5md3 HTTP/1.1" 200 1443 "http://www.pacetest.dk/" "Mozilla/5.0 (compatible; MSIE 9.0; Windows NT 6.0; Trident/5.0)"
87.58.246.97 - - [05/Jan/2014:16:23:58 -0500] "GET /index.php/people/person?layout=add&return=aHR0cDovL3d3dy5wYWNldGVzdC5kay8%3D HTTP/1.1" 200 7321 "http://www.pacetest.dk/" "Mozilla/5.0 (compatible; MSIE 9.0; Windows NT 6.0; Trident/5.0)"
87.58.241.191 - - [05/Jan/2014:16:24:12 -0500] "GET /index.php/notifications?get=count HTTP/1.1" 200 24 "http://www.pacetest.dk/index.php/people/BentRS" "Mozilla/5.0 (Macintosh; Intel Mac OS X 10_9_1) AppleWebKit/537.73.11 (KHTML, like Gecko) Version/7.0.1 Safari/537.73.11"
94.145.68.182 - - [05/Jan/2014:16:24:17 -0500] "GET /administrator/index.php/menus?task=view&menutype=mainmenu HTTP/1.1" 200 3266 "-" "Mozilla/5.0 (Windows NT 6.2; WOW64; rv:26.0) Gecko/20100101 Firefox/26.0"
94.145.68.182 - - [05/Jan/2014:16:24:18 -0500] "GET /administrator/templates/rt_missioncontrol_j15/css/core.css HTTP/1.1" 200 25286 "http://www.pacetest.dk/administrator/index.php/menus?task=view&menutype=mainmenu" "Mozilla/5.0 (Windows NT 6.2; WOW64; rv:26.0) Gecko/20100101 Firefox/26.0"
94.145.68.182 - - [05/Jan/2014:16:24:18 -0500] "GET /administrator/templates/rt_missioncontrol_j15/css/core-gecko.css HTTP/1.1" 200 3629 "http://www.pacetest.dk/administrator/index.php/menus?task=view&menutype=mainmenu" "Mozilla/5.0 (Windows NT 6.2; WOW64; rv:26.0) Gecko/20100101 Firefox/26.0"
94.145.68.182 - - [05/Jan/2014:16:24:18 -0500] "GET /administrator/templates/rt_missioncontrol_j15/css/colors.css.php HTTP/1.1" 200 4078 "http://www.pacetest.dk/administrator/index.php/menus?task=view&menutype=mainmenu" "Mozilla/5.0 (Windows NT 6.2; WOW64; rv:26.0) Gecko/20100101 Firefox/26.0"
94.145.68.182 - - [05/Jan/2014:16:24:18 -0500] "GET /administrator/includes/joomla.javascript.js HTTP/1.1" 200 15501 "http://www.pacetest.dk/administrator/index.php/menus?task=view&menutype=mainmenu" "Mozilla/5.0 (Windows NT 6.2; WOW64; rv:26.0) Gecko/20100101 Firefox/26.0"
94.145.68.182 - - [05/Jan/2014:16:24:18 -0500] "GET /administrator/templates/rt_missioncontrol_j15/js/MC-mt1.2.js HTTP/1.1" 200 3876 "http://www.pacetest.dk/administrator/index.php/menus?task=view&menutype=mainmenu" "Mozilla/5.0 (Windows NT 6.2; WOW64; rv:26.0) Gecko/20100101 Firefox/26.0"
94.145.68.182 - - [05/Jan/2014:16:24:18 -0500] "GET /administrator/templates/rt_missioncontrol_j15/js/MC.Notice-mt1.2.js HTTP/1.1" 200 975 "http://www.pacetest.dk/administrator/index.php/menus?task=view&menutype=mainmenu" "Mozilla/5.0 (Windows NT 6.2; WOW64; rv:26.0) Gecko/20100101 Firefox/26.0"
94.145.68.182 - - [05/Jan/2014:16:24:18 -0500] "GET /media/lib_anahita/js/production/mootools.js HTTP/1.1" 200 255586 "http://www.pacetest.dk/administrator/index.php/menus?task=view&menutype=mainmenu" "Mozilla/5.0 (Windows NT 6.2; WOW64; rv:26.0) Gecko/20100101 Firefox/26.0"
94.145.68.182 - - [05/Jan/2014:16:24:18 -0500] "GET /administrator/templates/rt_missioncontrol_j15/images/logo.png?1388957057 HTTP/1.1" 200 7018 "http://www.pacetest.dk/administrator/index.php/menus?task=view&menutype=mainmenu" "Mozilla/5.0 (Windows NT 6.2; WOW64; rv:26.0) Gecko/20100101 Firefox/26.0"
94.145.68.182 - - [05/Jan/2014:16:24:19 -0500] "GET /administrator/templates/rt_missioncontrol_j15/images/input-bg.png HTTP/1.1" 200 355 "http://www.pacetest.dk/administrator/templates/rt_missioncontrol_j15/css/core.css" "Mozilla/5.0 (Windows NT 6.2; WOW64; rv:26.0) Gecko/20100101 Firefox/26.0"
94.145.68.182 - - [05/Jan/2014:16:24:19 -0500] "GET /administrator/templates/rt_missioncontrol_j15/images/mc-footer-logo.png HTTP/1.1" 200 1338 "http://www.pacetest.dk/administrator/templates/rt_missioncontrol_j15/css/core.css" "Mozilla/5.0 (Windows NT 6.2; WOW64; rv:26.0) Gecko/20100101 Firefox/26.0"
94.145.68.182 - - [05/Jan/2014:16:24:19 -0500] "GET /administrator/templates/rt_missioncontrol_j15/css/TitilliumText22L-1wt.ttf HTTP/1.1" 200 50800 "http://www.pacetest.dk/administrator/templates/rt_missioncontrol_j15/css/core.css" "Mozilla/5.0 (Windows NT 6.2; WOW64; rv:26.0) Gecko/20100101 Firefox/26.0"
87.58.246.97 - - [05/Jan/2014:16:24:19 -0500] "POST /index.php/people/person HTTP/1.1" 412 - "http://www.pacetest.dk/" "Mozilla/5.0 (compatible; MSIE 9.0; Windows NT 6.0; Trident/5.0)"
94.145.68.182 - - [05/Jan/2014:16:24:24 -0500] "GET /index.php/notifications?get=count HTTP/1.1" 200 24 "http://www.pacetest.dk/index.php/menu/groups" "Mozilla/5.0 (Windows NT 6.2; WOW64; rv:26.0) Gecko/20100101 Firefox/26.0"
94.145.68.182 - - [05/Jan/2014:16:24:31 -0500] "POST /administrator/index.php HTTP/1.1" 303 - "http://www.pacetest.dk/administrator/index.php/menus?task=view&menutype=mainmenu" "Mozilla/5.0 (Windows NT 6.2; WOW64; rv:26.0) Gecko/20100101 Firefox/26.0"
94.145.68.182 - - [05/Jan/2014:16:24:31 -0500] "GET /administrator/index.php HTTP/1.1" 200 8070 "http://www.pacetest.dk/administrator/index.php/menus?task=view&menutype=mainmenu" "Mozilla/5.0 (Windows NT 6.2; WOW64; rv:26.0) Gecko/20100101 Firefox/26.0"
94.145.68.182 - - [05/Jan/2014:16:24:32 -0500] "GET /administrator/templates/rt_missioncontrol_j15/css/menu.css HTTP/1.1" 200 4970 "http://www.pacetest.dk/administrator/index.php" "Mozilla/5.0 (Windows NT 6.2; WOW64; rv:26.0) Gecko/20100101 Firefox/26.0"
94.145.68.182 - - [05/Jan/2014:16:24:32 -0500] "GET /administrator/templates/rt_missioncontrol_j15/css/colors.css.php HTTP/1.1" 200 4078 "http://www.pacetest.dk/administrator/index.php" "Mozilla/5.0 (Windows NT 6.2; WOW64; rv:26.0) Gecko/20100101 Firefox/26.0"
94.145.68.182 - - [05/Jan/2014:16:24:32 -0500] "GET /media/lib_koowa/js/koowa.js HTTP/1.1" 200 23119 "http://www.pacetest.dk/administrator/index.php" "Mozilla/5.0 (Windows NT 6.2; WOW64; rv:26.0) Gecko/20100101 Firefox/26.0"
94.145.68.182 - - [05/Jan/2014:16:24:32 -0500] "GET /media/lib_anahita/js/anahita.js HTTP/1.1" 200 13182 "http://www.pacetest.dk/administrator/index.php" "Mozilla/5.0 (Windows NT 6.2; WOW64; rv:26.0) Gecko/20100101 Firefox/26.0"
94.145.68.182 - - [05/Jan/2014:16:24:32 -0500] "GET /media/lib_anahita/js/admin.js HTTP/1.1" 200 616 "http://www.pacetest.dk/administrator/index.php" "Mozilla/5.0 (Windows NT 6.2; WOW64; rv:26.0) Gecko/20100101 Firefox/26.0"
94.145.68.182 - - [05/Jan/2014:16:24:32 -0500] "GET /administrator/templates/rt_missioncontrol_j15/images/favicon.ico HTTP/1.1" 200 1150 "-" "Mozilla/5.0 (Windows NT 6.2; WOW64; rv:26.0) Gecko/20100101 Firefox/26.0"
94.145.68.182 - - [05/Jan/2014:16:24:32 -0500] "GET /administrator/templates/rt_missioncontrol_j15/images/logo.png?1388957071 HTTP/1.1" 200 7018 "http://www.pacetest.dk/administrator/index.php" "Mozilla/5.0 (Windows NT 6.2; WOW64; rv:26.0) Gecko/20100101 Firefox/26.0"
94.145.68.182 - - [05/Jan/2014:16:24:32 -0500] "GET /administrator/templates/rt_missioncontrol_j15/images/down-arrow.png HTTP/1.1" 200 258 "http://www.pacetest.dk/administrator/templates/rt_missioncontrol_j15/css/menu.css" "Mozilla/5.0 (Windows NT 6.2; WOW64; rv:26.0) Gecko/20100101 Firefox/26.0"
94.145.68.182 - - [05/Jan/2014:16:24:32 -0500] "GET /administrator/templates/rt_missioncontrol_j15/images/bullet-star.png HTTP/1.1" 200 570 "http://www.pacetest.dk/administrator/templates/rt_missioncontrol_j15/css/menu.css" "Mozilla/5.0 (Windows NT 6.2; WOW64; rv:26.0) Gecko/20100101 Firefox/26.0"
94.145.68.182 - - [05/Jan/2014:16:24:32 -0500] "GET /administrator/templates/rt_missioncontrol_j15/images/right-arrow.png HTTP/1.1" 200 244 "http://www.pacetest.dk/administrator/templates/rt_missioncontrol_j15/css/menu.css" "Mozilla/5.0 (Windows NT 6.2; WOW64; rv:26.0) Gecko/20100101 Firefox/26.0"
87.58.241.191 - - [05/Jan/2014:16:24:42 -0500] "GET /index.php/notifications?get=count HTTP/1.1" 200 24 "http://www.pacetest.dk/index.php/people/BentRS" "Mozilla/5.0 (Macintosh; Intel Mac OS X 10_9_1) AppleWebKit/537.73.11 (KHTML, like Gecko) Version/7.0.1 Safari/537.73.11"
94.145.68.182 - - [05/Jan/2014:16:24:42 -0500] "GET /administrator/index.php/users?task=view HTTP/1.1" 200 26727 "http://www.pacetest.dk/administrator/index.php" "Mozilla/5.0 (Windows NT 6.2; WOW64; rv:26.0) Gecko/20100101 Firefox/26.0"
94.145.68.182 - - [05/Jan/2014:16:24:44 -0500] "GET /administrator/templates/rt_missioncontrol_j15/css/colors.css.php HTTP/1.1" 200 4078 "http://www.pacetest.dk/administrator/index.php/users?task=view" "Mozilla/5.0 (Windows NT 6.2; WOW64; rv:26.0) Gecko/20100101 Firefox/26.0"
94.145.68.182 - - [05/Jan/2014:16:24:44 -0500] "GET /administrator/templates/rt_missioncontrol_j15/images/logo.png?1388957083 HTTP/1.1" 200 7018 "http://www.pacetest.dk/administrator/index.php/users?task=view" "Mozilla/5.0 (Windows NT 6.2; WOW64; rv:26.0) Gecko/20100101 Firefox/26.0"
94.145.68.182 - - [05/Jan/2014:16:24:44 -0500] "GET /administrator/images/sort_asc.png HTTP/1.1" 200 238 "http://www.pacetest.dk/administrator/index.php/users?task=view" "Mozilla/5.0 (Windows NT 6.2; WOW64; rv:26.0) Gecko/20100101 Firefox/26.0"
94.145.68.182 - - [05/Jan/2014:16:24:44 -0500] "GET /administrator/templates/rt_missioncontrol_j15/images/order-up.png HTTP/1.1" 200 234 "http://www.pacetest.dk/administrator/templates/rt_missioncontrol_j15/css/core.css" "Mozilla/5.0 (Windows NT 6.2; WOW64; rv:26.0) Gecko/20100101 Firefox/26.0"
94.145.68.182 - - [05/Jan/2014:16:24:44 -0500] "GET /administrator/templates/rt_missioncontrol_j15/images/icon-published.png HTTP/1.1" 200 761 "http://www.pacetest.dk/administrator/templates/rt_missioncontrol_j15/css/core.css" "Mozilla/5.0 (Windows NT 6.2; WOW64; rv:26.0) Gecko/20100101 Firefox/26.0"
94.145.68.182 - - [05/Jan/2014:16:24:44 -0500] "GET /administrator/templates/rt_missioncontrol_j15/images/icon-unpublished.png HTTP/1.1" 200 899 "http://www.pacetest.dk/administrator/templates/rt_missioncontrol_j15/css/core.css" "Mozilla/5.0 (Windows NT 6.2; WOW64; rv:26.0) Gecko/20100101 Firefox/26.0"
94.145.68.182 - - [05/Jan/2014:16:24:44 -0500] "GET /administrator/index.php/images/tick.png HTTP/1.1" 404 5183 "http://www.pacetest.dk/administrator/index.php/users?task=view" "Mozilla/5.0 (Windows NT 6.2; WOW64; rv:26.0) Gecko/20100101 Firefox/26.0"
94.145.68.182 - - [05/Jan/2014:16:24:44 -0500] "GET /administrator/index.php/images/publish_x.png HTTP/1.1" 404 5183 "http://www.pacetest.dk/administrator/index.php/users?task=view" "Mozilla/5.0 (Windows NT 6.2; WOW64; rv:26.0) Gecko/20100101 Firefox/26.0"
- - - [05/Jan/2014:16:24:45 -0500] "OPTIONS * HTTP/1.0" 200 - "-" "Apache/2.2.22 (Red Hat Enterprise Web Server) (internal dummy connection)"
94.145.68.182 - - [05/Jan/2014:16:24:53 -0500] "POST /administrator/index.php/index.php?option=com_users HTTP/1.1" 303 - "http://www.pacetest.dk/administrator/index.php/users?task=view" "Mozilla/5.0 (Windows NT 6.2; WOW64; rv:26.0) Gecko/20100101 Firefox/26.0"
94.145.68.182 - - [05/Jan/2014:16:24:54 -0500] "GET /administrator/index.php?option=com_users HTTP/1.1" 200 26716 "http://www.pacetest.dk/administrator/index.php/users?task=view" "Mozilla/5.0 (Windows NT 6.2; WOW64; rv:26.0) Gecko/20100101 Firefox/26.0"
94.145.68.182 - - [05/Jan/2014:16:24:54 -0500] "GET /index.php/notifications?get=count HTTP/1.1" 200 24 "http://www.pacetest.dk/index.php/menu/groups" "Mozilla/5.0 (Windows NT 6.2; WOW64; rv:26.0) Gecko/20100101 Firefox/26.0"
94.145.68.182 - - [05/Jan/2014:16:24:56 -0500] "GET /administrator/templates/rt_missioncontrol_j15/css/colors.css.php HTTP/1.1" 200 4078 "http://www.pacetest.dk/administrator/index.php?option=com_users" "Mozilla/5.0 (Windows NT 6.2; WOW64; rv:26.0) Gecko/20100101 Firefox/26.0"
94.145.68.182 - - [05/Jan/2014:16:24:56 -0500] "GET /administrator/templates/rt_missioncontrol_j15/images/logo.png?1388957095 HTTP/1.1" 200 7018 "http://www.pacetest.dk/administrator/index.php?option=com_users" "Mozilla/5.0 (Windows NT 6.2; WOW64; rv:26.0) Gecko/20100101 Firefox/26.0"
94.145.68.182 - - [05/Jan/2014:16:24:56 -0500] "GET /administrator/images/tick.png HTTP/1.1" 200 511 "http://www.pacetest.dk/administrator/index.php?option=com_users" "Mozilla/5.0 (Windows NT 6.2; WOW64; rv:26.0) Gecko/20100101 Firefox/26.0"
- - - [05/Jan/2014:16:24:57 -0500] "OPTIONS * HTTP/1.0" 200 - "-" "Apache/2.2.22 (Red Hat Enterprise Web Server) (internal dummy connection)"
94.145.68.182 - - [05/Jan/2014:16:24:57 -0500] "POST /administrator/index.php?option=com_users HTTP/1.1" 303 - "http://www.pacetest.dk/administrator/index.php?option=com_users" "Mozilla/5.0 (Windows NT 6.2; WOW64; rv:26.0) Gecko/20100101 Firefox/26.0"
94.145.68.182 - - [05/Jan/2014:16:24:58 -0500] "GET /administrator/index.php?option=com_users HTTP/1.1" 200 26723 "http://www.pacetest.dk/administrator/index.php?option=com_users" "Mozilla/5.0 (Windows NT 6.2; WOW64; rv:26.0) Gecko/20100101 Firefox/26.0"
94.145.68.182 - - [05/Jan/2014:16:24:59 -0500] "GET /administrator/templates/rt_missioncontrol_j15/css/colors.css.php HTTP/1.1" 200 4078 "http://www.pacetest.dk/administrator/index.php?option=com_users" "Mozilla/5.0 (Windows NT 6.2; WOW64; rv:26.0) Gecko/20100101 Firefox/26.0"
94.145.68.182 - - [05/Jan/2014:16:24:59 -0500] "GET /administrator/templates/rt_missioncontrol_j15/images/logo.png?1388957098 HTTP/1.1" 200 7018 "http://www.pacetest.dk/administrator/index.php?option=com_users" "Mozilla/5.0 (Windows NT 6.2; WOW64; rv:26.0) Gecko/20100101 Firefox/26.0"
94.145.68.182 - - [05/Jan/2014:16:24:59 -0500] "GET /administrator/images/publish_x.png HTTP/1.1" 200 588 "http://www.pacetest.dk/administrator/index.php?option=com_users" "Mozilla/5.0 (Windows NT 6.2; WOW64; rv:26.0) Gecko/20100101 Firefox/26.0"
87.58.241.191 - - [05/Jan/2014:16:25:12 -0500] "GET /index.php/notifications?get=count HTTP/1.1" 200 24 "http://www.pacetest.dk/index.php/people/BentRS" "Mozilla/5.0 (Macintosh; Intel Mac OS X 10_9_1) AppleWebKit/537.73.11 (KHTML, like Gecko) Version/7.0.1 Safari/537.73.11"
94.145.68.182 - - [05/Jan/2014:16:25:20 -0500] "GET /administrator/index.php?option=com_users&view=user&task=edit&cid%5B%5D=72 HTTP/1.1" 200 13678 "http://www.pacetest.dk/administrator/index.php?option=com_users" "Mozilla/5.0 (Windows NT 6.2; WOW64; rv:26.0) Gecko/20100101 Firefox/26.0"
94.145.68.182 - - [05/Jan/2014:16:25:21 -0500] "GET /administrator/templates/rt_missioncontrol_j15/css/colors.css.php HTTP/1.1" 200 4078 "http://www.pacetest.dk/administrator/index.php?option=com_users&view=user&task=edit&cid%5B%5D=72" "Mozilla/5.0 (Windows NT 6.2; WOW64; rv:26.0) Gecko/20100101 Firefox/26.0"
94.145.68.182 - - [05/Jan/2014:16:25:21 -0500] "GET /administrator/templates/rt_missioncontrol_j15/images/logo.png?1388957121 HTTP/1.1" 200 7018 "http://www.pacetest.dk/administrator/index.php?option=com_users&view=user&task=edit&cid%5B%5D=72" "Mozilla/5.0 (Windows NT 6.2; WOW64; rv:26.0) Gecko/20100101 Firefox/26.0"
94.145.68.182 - - [05/Jan/2014:16:25:21 -0500] "GET /administrator/templates/rt_missioncontrol_j15/images/down-bullet.png HTTP/1.1" 200 244 "http://www.pacetest.dk/administrator/templates/rt_missioncontrol_j15/css/menu.css" "Mozilla/5.0 (Windows NT 6.2; WOW64; rv:26.0) Gecko/20100101 Firefox/26.0"
94.145.68.182 - - [05/Jan/2014:16:25:24 -0500] "GET /index.php/notifications?get=count HTTP/1.1" 200 24 "http://www.pacetest.dk/index.php/menu/groups" "Mozilla/5.0 (Windows NT 6.2; WOW64; rv:26.0) Gecko/20100101 Firefox/26.0"
87.58.241.191 - - [05/Jan/2014:16:25:42 -0500] "GET /index.php/notifications?get=count HTTP/1.1" 200 24 "http://www.pacetest.dk/index.php/people/BentRS" "Mozilla/5.0 (Macintosh; Intel Mac OS X 10_9_1) AppleWebKit/537.73.11 (KHTML, like Gecko) Version/7.0.1 Safari/537.73.11"
94.145.68.182 - - [05/Jan/2014:16:25:54 -0500] "GET /index.php/notifications?get=count HTTP/1.1" 200 24 "http://www.pacetest.dk/index.php/menu/groups" "Mozilla/5.0 (Windows NT 6.2; WOW64; rv:26.0) Gecko/20100101 Firefox/26.0"
87.58.241.191 - - [05/Jan/2014:16:25:57 -0500] "GET /index.php/notes/571 HTTP/1.1" 200 14230 "http://www.pacetest.dk/index.php/menu/groups" "Mozilla/5.0 (Macintosh; Intel Mac OS X 10_9_1) AppleWebKit/537.73.11 (KHTML, like Gecko) Version/7.0.1 Safari/537.73.11"
94.145.68.182 - - [05/Jan/2014:16:26:24 -0500] "GET /index.php/notifications?get=count HTTP/1.1" 200 24 "http://www.pacetest.dk/index.php/menu/groups" "Mozilla/5.0 (Windows NT 6.2; WOW64; rv:26.0) Gecko/20100101 Firefox/26.0"
87.58.241.191 - - [05/Jan/2014:16:26:30 -0500] "GET /index.php/notifications?get=count HTTP/1.1" 200 24 "http://www.pacetest.dk/index.php/notes/571" "Mozilla/5.0 (Macintosh; Intel Mac OS X 10_9_1) AppleWebKit/537.73.11 (KHTML, like Gecko) Version/7.0.1 Safari/537.73.11"
87.58.241.191 - - [05/Jan/2014:16:26:33 -0500] "GET /index.php/people/BentRS HTTP/1.1" 200 39928 "http://www.pacetest.dk/index.php/notes/571" "Mozilla/5.0 (Macintosh; Intel Mac OS X 10_9_1) AppleWebKit/537.73.11 (KHTML, like Gecko) Version/7.0.1 Safari/537.73.11"
87.58.241.191 - - [05/Jan/2014:16:26:41 -0500] "GET /index.php/notes/571 HTTP/1.1" 200 14230 "http://www.pacetest.dk/index.php/menu/groups" "Mozilla/5.0 (Macintosh; Intel Mac OS X 10_9_1) AppleWebKit/537.73.11 (KHTML, like Gecko) Version/7.0.1 Safari/537.73.11"
94.145.68.182 - - [05/Jan/2014:16:26:54 -0500] "GET /index.php/notifications?get=count HTTP/1.1" 200 24 "http://www.pacetest.dk/index.php/menu/groups" "Mozilla/5.0 (Windows NT 6.2; WOW64; rv:26.0) Gecko/20100101 Firefox/26.0"
94.145.68.182 - - [05/Jan/2014:16:26:59 -0500] "POST /administrator/index.php HTTP/1.1" 303 - "http://www.pacetest.dk/administrator/index.php?option=com_users&view=user&task=edit&cid%5B%5D=72" "Mozilla/5.0 (Windows NT 6.2; WOW64; rv:26.0) Gecko/20100101 Firefox/26.0"
94.145.68.182 - - [05/Jan/2014:16:27:00 -0500] "GET /administrator/index.php?option=com_users HTTP/1.1" 200 26875 "http://www.pacetest.dk/administrator/index.php?option=com_users&view=user&task=edit&cid%5B%5D=72" "Mozilla/5.0 (Windows NT 6.2; WOW64; rv:26.0) Gecko/20100101 Firefox/26.0"
94.145.68.182 - - [05/Jan/2014:16:27:01 -0500] "GET /administrator/templates/rt_missioncontrol_j15/css/colors.css.php HTTP/1.1" 200 4078 "http://www.pacetest.dk/administrator/index.php?option=com_users" "Mozilla/5.0 (Windows NT 6.2; WOW64; rv:26.0) Gecko/20100101 Firefox/26.0"
94.145.68.182 - - [05/Jan/2014:16:27:01 -0500] "GET /administrator/templates/rt_missioncontrol_j15/images/logo.png?1388957221 HTTP/1.1" 200 7018 "http://www.pacetest.dk/administrator/index.php?option=com_users" "Mozilla/5.0 (Windows NT 6.2; WOW64; rv:26.0) Gecko/20100101 Firefox/26.0"
94.145.68.182 - - [05/Jan/2014:16:27:02 -0500] "GET /administrator/templates/rt_missioncontrol_j15/images/message-message.png HTTP/1.1" 200 1249 "http://www.pacetest.dk/administrator/templates/rt_missioncontrol_j15/css/core.css" "Mozilla/5.0 (Windows NT 6.2; WOW64; rv:26.0) Gecko/20100101 Firefox/26.0"
87.58.241.191 - - [05/Jan/2014:16:27:05 -0500] "GET /index.php/pages/437-deltagerliste-sj%C3%A6lland-10-11-12-januar-2014 HTTP/1.1" 200 17459 "http://www.pacetest.dk/index.php/notes/571" "Mozilla/5.0 (Macintosh; Intel Mac OS X 10_9_1) AppleWebKit/537.73.11 (KHTML, like Gecko) Version/7.0.1 Safari/537.73.11"
87.58.241.191 - - [05/Jan/2014:16:27:08 -0500] "GET /media/com_pages/js/pages.js HTTP/1.1" 200 622 "http://www.pacetest.dk/index.php/pages/437-deltagerliste-sj%C3%A6lland-10-11-12-januar-2014" "Mozilla/5.0 (Macintosh; Intel Mac OS X 10_9_1) AppleWebKit/537.73.11 (KHTML, like Gecko) Version/7.0.1 Safari/537.73.11"
94.145.68.182 - - [05/Jan/2014:16:27:10 -0500] "GET /index.php/menu/groups HTTP/1.1" 200 14893 "http://www.pacetest.dk/index.php/menu/groups" "Mozilla/5.0 (Windows NT 6.2; WOW64; rv:26.0) Gecko/20100101 Firefox/26.0"
87.58.241.191 - - [05/Jan/2014:16:27:14 -0500] "GET /index.php/notifications?get=count HTTP/1.1" 200 24 "http://www.pacetest.dk/index.php/notes/571" "Mozilla/5.0 (Macintosh; Intel Mac OS X 10_9_1) AppleWebKit/537.73.11 (KHTML, like Gecko) Version/7.0.1 Safari/537.73.11"
94.145.68.182 - - [05/Jan/2014:16:27:13 -0500] "GET /index.php/menu/people HTTP/1.1" 200 33516 "http://www.pacetest.dk/index.php/menu/groups" "Mozilla/5.0 (Windows NT 6.2; WOW64; rv:26.0) Gecko/20100101 Firefox/26.0"
- - - [05/Jan/2014:16:27:17 -0500] "OPTIONS * HTTP/1.0" 200 - "-" "Apache/2.2.22 (Red Hat Enterprise Web Server) (internal dummy connection)"
87.58.246.97 - - [05/Jan/2014:16:27:34 -0500] "GET /index.php/people/session?layout=modal&return=aHR0cDovL3d3dy5wYWNldGVzdC5kay8%3D&hq2tacrd HTTP/1.1" 200 1443 "http://www.pacetest.dk/" "Mozilla/5.0 (compatible; MSIE 9.0; Windows NT 6.0; Trident/5.0)"
87.58.241.191 - - [05/Jan/2014:16:27:38 -0500] "GET /index.php/notifications?get=count HTTP/1.1" 200 24 "http://www.pacetest.dk/index.php/pages/437-deltagerliste-sj%C3%A6lland-10-11-12-januar-2014" "Mozilla/5.0 (Macintosh; Intel Mac OS X 10_9_1) AppleWebKit/537.73.11 (KHTML, like Gecko) Version/7.0.1 Safari/537.73.11"
94.145.68.182 - - [05/Jan/2014:16:27:42 -0500] "GET /index.php/people/Jette HTTP/1.1" 200 12819 "http://www.pacetest.dk/index.php/menu/people" "Mozilla/5.0 (Windows NT 6.2; WOW64; rv:26.0) Gecko/20100101 Firefox/26.0"
87.58.241.191 - - [05/Jan/2014:16:27:44 -0500] "GET /index.php/notifications?get=count HTTP/1.1" 200 24 "http://www.pacetest.dk/index.php/notes/571" "Mozilla/5.0 (Macintosh; Intel Mac OS X 10_9_1) AppleWebKit/537.73.11 (KHTML, like Gecko) Version/7.0.1 Safari/537.73.11"
- - - [05/Jan/2014:16:27:48 -0500] "OPTIONS * HTTP/1.0" 200 - "-" "Apache/2.2.22 (Red Hat Enterprise Web Server) (internal dummy connection)"
87.58.246.97 - - [05/Jan/2014:16:27:45 -0500] "POST /index.php/people/session?layout=modal HTTP/1.1" 303 - "http://www.pacetest.dk/" "Mozilla/5.0 (compatible; MSIE 9.0; Windows NT 6.0; Trident/5.0)"
94.145.68.182 - - [05/Jan/2014:16:27:46 -0500] "GET /index.php/people/Jette/graph/followers?layout=gadget&hq2taohx HTTP/1.1" 200 7914 "http://www.pacetest.dk/index.php/people/Jette" "Mozilla/5.0 (Windows NT 6.2; WOW64; rv:26.0) Gecko/20100101 Firefox/26.0"
87.58.246.97 - - [05/Jan/2014:16:27:49 -0500] "POST /index.php/people/session?layout=modal HTTP/1.1" 303 - "http://www.pacetest.dk/" "Mozilla/5.0 (compatible; MSIE 9.0; Windows NT 6.0; Trident/5.0)"
87.58.246.97 - - [05/Jan/2014:16:27:48 -0500] "GET /index.php/people/session HTTP/1.1" 200 6955 "http://www.pacetest.dk/" "Mozilla/5.0 (compatible; MSIE 9.0; Windows NT 6.0; Trident/5.0)"
87.58.246.97 - - [05/Jan/2014:16:27:53 -0500] "POST /index.php/people/session?layout=modal HTTP/1.1" 303 - "http://www.pacetest.dk/" "Mozilla/5.0 (compatible; MSIE 9.0; Windows NT 6.0; Trident/5.0)"
- - - [05/Jan/2014:16:27:55 -0500] "OPTIONS * HTTP/1.0" 200 - "-" "Apache/2.2.22 (Red Hat Enterprise Web Server) (internal dummy connection)"
87.58.246.97 - - [05/Jan/2014:16:27:52 -0500] "GET / HTTP/1.1" 200 12936 "http://www.pacetest.dk/" "Mozilla/5.0 (compatible; MSIE 9.0; Windows NT 6.0; Trident/5.0)"
87.58.246.97 - - [05/Jan/2014:16:27:55 -0500] "GET / HTTP/1.1" 200 12936 "http://www.pacetest.dk/" "Mozilla/5.0 (compatible; MSIE 9.0; Windows NT 6.0; Trident/5.0)"
87.58.246.97 - - [05/Jan/2014:16:28:01 -0500] "GET /media/lib_anahita/images/avatar/square_default.gif HTTP/1.1" 200 17821 "http://www.pacetest.dk/" "Mozilla/5.0 (compatible; MSIE 9.0; Windows NT 6.0; Trident/5.0)"
87.58.246.97 - - [05/Jan/2014:16:28:01 -0500] "GET /media/lib_anahita/js/vendors/mediabox.js HTTP/1.1" 200 45415 "http://www.pacetest.dk/" "Mozilla/5.0 (compatible; MSIE 9.0; Windows NT 6.0; Trident/5.0)"
87.58.246.97 - - [05/Jan/2014:16:28:01 -0500] "GET /media/com_stories/js/stories.js HTTP/1.1" 200 1707 "http://www.pacetest.dk/" "Mozilla/5.0 (compatible; MSIE 9.0; Windows NT 6.0; Trident/5.0)"
87.58.246.97 - - [05/Jan/2014:16:28:01 -0500] "GET /media/com_composer/js/composer.js HTTP/1.1" 200 5682 "http://www.pacetest.dk/" "Mozilla/5.0 (compatible; MSIE 9.0; Windows NT 6.0; Trident/5.0)"
- - - [05/Jan/2014:16:28:01 -0500] "OPTIONS * HTTP/1.0" 200 - "-" "Apache/2.2.22 (Red Hat Enterprise Web Server) (internal dummy connection)"
87.58.246.97 - - [05/Jan/2014:16:28:02 -0500] "GET /templates/base/css/images/glyphicons-halflings.png HTTP/1.1" 200 12799 "http://www.pacetest.dk/" "Mozilla/5.0 (compatible; MSIE 9.0; Windows NT 6.0; Trident/5.0)"
87.58.241.191 - - [05/Jan/2014:16:28:07 -0500] "GET /index.php/pages/437-deltagerliste-sj%C3%A6lland-10-11-12-januar-2014?layout=edit HTTP/1.1" 200 12076 "http://www.pacetest.dk/index.php/pages/437-deltagerliste-sj%C3%A6lland-10-11-12-januar-2014" "Mozilla/5.0 (Macintosh; Intel Mac OS X 10_9_1) AppleWebKit/537.73.11 (KHTML, like Gecko) Version/7.0.1 Safari/537.73.11"
87.58.241.191 - - [05/Jan/2014:16:28:10 -0500] "GET /media/lib_anahita/js/editor/tiny_mce.js HTTP/1.1" 200 203808 "http://www.pacetest.dk/index.php/pages/437-deltagerliste-sj%C3%A6lland-10-11-12-januar-2014?layout=edit" "Mozilla/5.0 (Macintosh; Intel Mac OS X 10_9_1) AppleWebKit/537.73.11 (KHTML, like Gecko) Version/7.0.1 Safari/537.73.11"
87.58.241.191 - - [05/Jan/2014:16:28:10 -0500] "GET /media/lib_anahita/js/editor/encoder.js HTTP/1.1" 200 10452 "http://www.pacetest.dk/index.php/pages/437-deltagerliste-sj%C3%A6lland-10-11-12-januar-2014?layout=edit" "Mozilla/5.0 (Macintosh; Intel Mac OS X 10_9_1) AppleWebKit/537.73.11 (KHTML, like Gecko) Version/7.0.1 Safari/537.73.11"
87.58.241.191 - - [05/Jan/2014:16:28:10 -0500] "GET /media/lib_anahita/js/editor/editor.js HTTP/1.1" 200 11576 "http://www.pacetest.dk/index.php/pages/437-deltagerliste-sj%C3%A6lland-10-11-12-januar-2014?layout=edit" "Mozilla/5.0 (Macintosh; Intel Mac OS X 10_9_1) AppleWebKit/537.73.11 (KHTML, like Gecko) Version/7.0.1 Safari/537.73.11"
87.58.241.191 - - [05/Jan/2014:16:28:10 -0500] "GET /media/lib_anahita/js/editor/langs/en.js HTTP/1.1" 200 5718 "http://www.pacetest.dk/index.php/pages/437-deltagerliste-sj%C3%A6lland-10-11-12-januar-2014?layout=edit" "Mozilla/5.0 (Macintosh; Intel Mac OS X 10_9_1) AppleWebKit/537.73.11 (KHTML, like Gecko) Version/7.0.1 Safari/537.73.11"
87.58.241.191 - - [05/Jan/2014:16:28:10 -0500] "GET /media/lib_anahita/js/editor/plugins/anahita/editor_plugin.js HTTP/1.1" 200 2647 "http://www.pacetest.dk/index.php/pages/437-deltagerliste-sj%C3%A6lland-10-11-12-januar-2014?layout=edit" "Mozilla/5.0 (Macintosh; Intel Mac OS X 10_9_1) AppleWebKit/537.73.11 (KHTML, like Gecko) Version/7.0.1 Safari/537.73.11"
87.58.241.191 - - [05/Jan/2014:16:28:10 -0500] "GET /media/lib_anahita/js/editor/themes/advanced/editor_template.js HTTP/1.1" 200 25151 "http://www.pacetest.dk/index.php/pages/437-deltagerliste-sj%C3%A6lland-10-11-12-januar-2014?layout=edit" "Mozilla/5.0 (Macintosh; Intel Mac OS X 10_9_1) AppleWebKit/537.73.11 (KHTML, like Gecko) Version/7.0.1 Safari/537.73.11"
87.58.241.191 - - [05/Jan/2014:16:28:10 -0500] "GET /media/lib_anahita/js/editor/plugins/autoresize/editor_plugin.js HTTP/1.1" 200 1639 "http://www.pacetest.dk/index.php/pages/437-deltagerliste-sj%C3%A6lland-10-11-12-januar-2014?layout=edit" "Mozilla/5.0 (Macintosh; Intel Mac OS X 10_9_1) AppleWebKit/537.73.11 (KHTML, like Gecko) Version/7.0.1 Safari/537.73.11"
87.58.241.191 - - [05/Jan/2014:16:28:11 -0500] "GET /media/lib_anahita/js/editor/themes/advanced/langs/en.js HTTP/1.1" 200 2019 "http://www.pacetest.dk/index.php/pages/437-deltagerliste-sj%C3%A6lland-10-11-12-januar-2014?layout=edit" "Mozilla/5.0 (Macintosh; Intel Mac OS X 10_9_1) AppleWebKit/537.73.11 (KHTML, like Gecko) Version/7.0.1 Safari/537.73.11"
87.58.241.191 - - [05/Jan/2014:16:28:11 -0500] "GET /media/lib_anahita/js/editor/themes/advanced/skins/default/ui.css HTTP/1.1" 200 15525 "http://www.pacetest.dk/index.php/pages/437-deltagerliste-sj%C3%A6lland-10-11-12-januar-2014?layout=edit" "Mozilla/5.0 (Macintosh; Intel Mac OS X 10_9_1) AppleWebKit/537.73.11 (KHTML, like Gecko) Version/7.0.1 Safari/537.73.11"
87.58.241.191 - - [05/Jan/2014:16:28:11 -0500] "GET /media/lib_anahita/js/editor/themes/advanced/skins/default/content.css HTTP/1.1" 200 2715 "-" "Mozilla/5.0 (Macintosh; Intel Mac OS X 10_9_1) AppleWebKit/537.73.11 (KHTML, like Gecko) Version/7.0.1 Safari/537.73.11"
87.58.241.191 - - [05/Jan/2014:16:28:11 -0500] "GET /media/lib_anahita/js/editor/themes/advanced/img/icons.gif HTTP/1.1" 200 11794 "http://www.pacetest.dk/index.php/pages/437-deltagerliste-sj%C3%A6lland-10-11-12-januar-2014?layout=edit" "Mozilla/5.0 (Macintosh; Intel Mac OS X 10_9_1) AppleWebKit/537.73.11 (KHTML, like Gecko) Version/7.0.1 Safari/537.73.11"
87.58.241.191 - - [05/Jan/2014:16:28:14 -0500] "GET /index.php/notifications?get=count HTTP/1.1" 200 24 "http://www.pacetest.dk/index.php/notes/571" "Mozilla/5.0 (Macintosh; Intel Mac OS X 10_9_1) AppleWebKit/537.73.11 (KHTML, like Gecko) Version/7.0.1 Safari/537.73.11"
94.145.68.182 - - [05/Jan/2014:16:28:16 -0500] "GET /index.php/notifications?get=count HTTP/1.1" 200 24 "http://www.pacetest.dk/index.php/people/Jette" "Mozilla/5.0 (Windows NT 6.2; WOW64; rv:26.0) Gecko/20100101 Firefox/26.0"
87.58.246.97 - - [05/Jan/2014:16:28:17 -0500] "GET /index.php/photos/@marietoftegaard?filter=leaders&layout=gadget&hq2tb055 HTTP/1.1" 200 89 "http://www.pacetest.dk/" "Mozilla/5.0 (compatible; MSIE 9.0; Windows NT 6.0; Trident/5.0)"
- - - [05/Jan/2014:16:28:20 -0500] "OPTIONS * HTTP/1.0" 200 - "-" "Apache/2.2.22 (Red Hat Enterprise Web Server) (internal dummy connection)"
94.145.68.182 - - [05/Jan/2014:16:28:24 -0500] "POST /administrator/index.php?option=com_users HTTP/1.1" 303 - "http://www.pacetest.dk/administrator/index.php?option=com_users" "Mozilla/5.0 (Windows NT 6.2; WOW64; rv:26.0) Gecko/20100101 Firefox/26.0"
94.145.68.182 - - [05/Jan/2014:16:28:25 -0500] "GET /administrator/index.php?option=com_users HTTP/1.1" 200 26795 "http://www.pacetest.dk/administrator/index.php?option=com_users" "Mozilla/5.0 (Windows NT 6.2; WOW64; rv:26.0) Gecko/20100101 Firefox/26.0"
94.145.68.182 - - [05/Jan/2014:16:28:26 -0500] "GET /administrator/templates/rt_missioncontrol_j15/css/colors.css.php HTTP/1.1" 200 4078 "http://www.pacetest.dk/administrator/index.php?option=com_users" "Mozilla/5.0 (Windows NT 6.2; WOW64; rv:26.0) Gecko/20100101 Firefox/26.0"
94.145.68.182 - - [05/Jan/2014:16:28:26 -0500] "GET /administrator/templates/rt_missioncontrol_j15/images/logo.png?1388957306 HTTP/1.1" 200 7018 "http://www.pacetest.dk/administrator/index.php?option=com_users" "Mozilla/5.0 (Windows NT 6.2; WOW64; rv:26.0) Gecko/20100101 Firefox/26.0"
87.58.246.97 - - [05/Jan/2014:16:28:26 -0500] "GET /index.php/menu/groups HTTP/1.1" 200 14894 "http://www.pacetest.dk/" "Mozilla/5.0 (compatible; MSIE 9.0; Windows NT 6.0; Trident/5.0)"
87.58.241.191 - - [05/Jan/2014:16:28:40 -0500] "GET /index.php/notifications?get=count HTTP/1.1" 200 24 "http://www.pacetest.dk/index.php/pages/437-deltagerliste-sj%C3%A6lland-10-11-12-januar-2014?layout=edit" "Mozilla/5.0 (Macintosh; Intel Mac OS X 10_9_1) AppleWebKit/537.73.11 (KHTML, like Gecko) Version/7.0.1 Safari/537.73.11"
87.58.241.191 - - [05/Jan/2014:16:28:44 -0500] "GET /index.php/notifications?get=count HTTP/1.1" 200 24 "http://www.pacetest.dk/index.php/notes/571" "Mozilla/5.0 (Macintosh; Intel Mac OS X 10_9_1) AppleWebKit/537.73.11 (KHTML, like Gecko) Version/7.0.1 Safari/537.73.11"
87.58.241.191 - - [05/Jan/2014:16:28:44 -0500] "POST /index.php/pages/@209/437-deltagerliste-sj%C3%A6lland-10-11-12-januar-2014 HTTP/1.1" 303 - "http://www.pacetest.dk/index.php/pages/437-deltagerliste-sj%C3%A6lland-10-11-12-januar-2014?layout=edit" "Mozilla/5.0 (Macintosh; Intel Mac OS X 10_9_1) AppleWebKit/537.73.11 (KHTML, like Gecko) Version/7.0.1 Safari/537.73.11"
94.145.68.182 - - [05/Jan/2014:16:28:46 -0500] "GET /index.php/notifications?get=count HTTP/1.1" 200 24 "http://www.pacetest.dk/index.php/people/Jette" "Mozilla/5.0 (Windows NT 6.2; WOW64; rv:26.0) Gecko/20100101 Firefox/26.0"
87.58.246.97 - - [05/Jan/2014:16:28:48 -0500] "POST /index.php/groups/209-ga-nextlevel-sj%E6lland?layout=list&hq2tbl77 HTTP/1.1" 200 1078 "http://www.pacetest.dk/" "Mozilla/5.0 (compatible; MSIE 9.0; Windows NT 6.0; Trident/5.0)"
87.58.241.191 - - [05/Jan/2014:16:28:48 -0500] "GET /index.php/pages/437-deltagerliste-sj%C3%A6lland-10-11-12-januar-2014?layout=edit HTTP/1.1" 200 12305 "http://www.pacetest.dk/index.php/pages/437-deltagerliste-sj%C3%A6lland-10-11-12-januar-2014?layout=edit" "Mozilla/5.0 (Macintosh; Intel Mac OS X 10_9_1) AppleWebKit/537.73.11 (KHTML, like Gecko) Version/7.0.1 Safari/537.73.11"
- - - [05/Jan/2014:16:28:56 -0500] "OPTIONS * HTTP/1.0" 200 - "-" "Apache/2.2.22 (Red Hat Enterprise Web Server) (internal dummy connection)"
94.145.68.182 - - [05/Jan/2014:16:28:50 -0500] "GET /index.php/people/Jette HTTP/1.1" 200 17327 "http://www.pacetest.dk/index.php/menu/people" "Mozilla/5.0 (Windows NT 6.2; WOW64; rv:26.0) Gecko/20100101 Firefox/26.0"
94.145.68.182 - - [05/Jan/2014:16:28:59 -0500] "GET /templates/shiraz/css/style1/style.css HTTP/1.1" 304 - "http://www.pacetest.dk/index.php/people/Jette" "Mozilla/5.0 (Windows NT 6.2; WOW64; rv:26.0) Gecko/20100101 Firefox/26.0"
94.145.68.182 - - [05/Jan/2014:16:28:59 -0500] "GET /media/com_stories/js/stories.js HTTP/1.1" 304 - "http://www.pacetest.dk/index.php/people/Jette" "Mozilla/5.0 (Windows NT 6.2; WOW64; rv:26.0) Gecko/20100101 Firefox/26.0"
94.145.68.182 - - [05/Jan/2014:16:28:59 -0500] "GET /media/lib_anahita/js/production/site.uncompressed.js HTTP/1.1" 304 - "http://www.pacetest.dk/index.php/people/Jette" "Mozilla/5.0 (Windows NT 6.2; WOW64; rv:26.0) Gecko/20100101 Firefox/26.0"
94.145.68.182 - - [05/Jan/2014:16:28:59 -0500] "GET /media/lib_anahita/js/vendors/mediabox.js HTTP/1.1" 304 - "http://www.pacetest.dk/index.php/people/Jette" "Mozilla/5.0 (Windows NT 6.2; WOW64; rv:26.0) Gecko/20100101 Firefox/26.0"
94.145.68.182 - - [05/Jan/2014:16:28:59 -0500] "GET /media/com_composer/js/composer.js HTTP/1.1" 304 - "http://www.pacetest.dk/index.php/people/Jette" "Mozilla/5.0 (Windows NT 6.2; WOW64; rv:26.0) Gecko/20100101 Firefox/26.0"
94.145.68.182 - - [05/Jan/2014:16:29:00 -0500] "GET /templates/base/css/images/glyphicons-halflings.png HTTP/1.1" 304 - "http://www.pacetest.dk/templates/shiraz/css/style1/style.css" "Mozilla/5.0 (Windows NT 6.2; WOW64; rv:26.0) Gecko/20100101 Firefox/26.0"
94.145.68.182 - - [05/Jan/2014:16:29:00 -0500] "GET /templates/base/css/images/logo.png HTTP/1.1" 304 - "http://www.pacetest.dk/templates/shiraz/css/style1/style.css" "Mozilla/5.0 (Windows NT 6.2; WOW64; rv:26.0) Gecko/20100101 Firefox/26.0"
87.58.246.97 - - [05/Jan/2014:16:28:59 -0500] "GET /index.php/notifications?get=count HTTP/1.1" 200 24 "http://www.pacetest.dk/" "Mozilla/5.0 (compatible; MSIE 9.0; Windows NT 6.0; Trident/5.0)"
- - - [05/Jan/2014:16:29:02 -0500] "OPTIONS * HTTP/1.0" 200 - "-" "Apache/2.2.22 (Red Hat Enterprise Web Server) (internal dummy connection)"
94.145.68.182 - - [05/Jan/2014:16:29:00 -0500] "GET /index.php/people/Jette/graph/followers?layout=gadget&hq2tc912 HTTP/1.1" 200 7914 "http://www.pacetest.dk/index.php/people/Jette" "Mozilla/5.0 (Windows NT 6.2; WOW64; rv:26.0) Gecko/20100101 Firefox/26.0"
