10.110.62.41 - - [05/Jan/2014:19:10:17 -0500] "GET / HTTP/1.1" 200 7906 "-" "Ruby"
10.110.62.41 - - [05/Jan/2014:19:10:18 -0500] "GET / HTTP/1.1" 200 7909 "-" "Ruby"
10.110.62.41 - - [05/Jan/2014:20:10:18 -0500] "GET / HTTP/1.1" 200 7906 "-" "Ruby"
10.110.62.41 - - [05/Jan/2014:20:10:19 -0500] "GET / HTTP/1.1" 200 7909 "-" "Ruby"
10.110.62.41 - - [05/Jan/2014:21:10:17 -0500] "GET / HTTP/1.1" 200 7906 "-" "Ruby"
10.110.62.41 - - [05/Jan/2014:21:10:18 -0500] "GET / HTTP/1.1" 200 7909 "-" "Ruby"
10.110.62.41 - - [05/Jan/2014:22:10:18 -0500] "GET / HTTP/1.1" 200 7906 "-" "Ruby"
10.110.62.41 - - [05/Jan/2014:22:10:19 -0500] "GET / HTTP/1.1" 200 7909 "-" "Ruby"
10.110.62.41 - - [05/Jan/2014:23:10:16 -0500] "GET / HTTP/1.1" 200 7906 "-" "Ruby"
10.110.62.41 - - [05/Jan/2014:23:10:17 -0500] "GET / HTTP/1.1" 200 7909 "-" "Ruby"
10.110.62.41 - - [06/Jan/2014:00:10:18 -0500] "GET / HTTP/1.1" 200 7906 "-" "Ruby"
10.110.62.41 - - [06/Jan/2014:00:10:18 -0500] "GET / HTTP/1.1" 200 7909 "-" "Ruby"
212.130.148.138 - - [06/Jan/2014:00:21:53 -0500] "GET /index.php/pages/439-deltagerliste-jylland-17-18-19-januar-2014 HTTP/1.1" 303 - "http://www.pacetest.dk/index.php/pages/439-deltagerliste-jylland-17-18-19-januar-2014?layout=edit" "Mozilla/5.0 (iPad; CPU OS 6_1_3 like Mac OS X) AppleWebKit/536.26 (KHTML, like Gecko) Version/6.0 Mobile/10B329 Safari/8536.25"
212.130.148.138 - - [06/Jan/2014:00:21:58 -0500] "GET /index.php/people/session?return=aHR0cDovL3d3dy5wYWNldGVzdC5kay9pbmRleC5waHAvcGFnZXMvNDM5LWRlbHRhZ2VybGlzdGUtanlsbGFuZC0xNy0xOC0xOS1qYW51YXItMjAxNA%3D%3D HTTP/1.1" 200 7064 "http://www.pacetest.dk/index.php/pages/439-deltagerliste-jylland-17-18-19-januar-2014?layout=edit" "Mozilla/5.0 (iPad; CPU OS 6_1_3 like Mac OS X) AppleWebKit/536.26 (KHTML, like Gecko) Version/6.0 Mobile/10B329 Safari/8536.25"
212.130.148.138 - - [06/Jan/2014:00:22:00 -0500] "GET /templates/shiraz/css/style1/style.css HTTP/1.1" 304 - "http://www.pacetest.dk/index.php/people/session?return=aHR0cDovL3d3dy5wYWNldGVzdC5kay9pbmRleC5waHAvcGFnZXMvNDM5LWRlbHRhZ2VybGlzdGUtanlsbGFuZC0xNy0xOC0xOS1qYW51YXItMjAxNA%3D%3D" "Mozilla/5.0 (iPad; CPU OS 6_1_3 like Mac OS X) AppleWebKit/536.26 (KHTML, like Gecko) Version/6.0 Mobile/10B329 Safari/8536.25"
212.130.148.138 - - [06/Jan/2014:00:22:02 -0500] "GET /media/lib_anahita/js/production/site.uncompressed.js HTTP/1.1" 304 - "http://www.pacetest.dk/index.php/people/session?return=aHR0cDovL3d3dy5wYWNldGVzdC5kay9pbmRleC5waHAvcGFnZXMvNDM5LWRlbHRhZ2VybGlzdGUtanlsbGFuZC0xNy0xOC0xOS1qYW51YXItMjAxNA%3D%3D" "Mozilla/5.0 (iPad; CPU OS 6_1_3 like Mac OS X) AppleWebKit/536.26 (KHTML, like Gecko) Version/6.0 Mobile/10B329 Safari/8536.25"
10.110.62.41 - - [06/Jan/2014:01:10:18 -0500] "GET / HTTP/1.1" 200 7906 "-" "Ruby"
10.110.62.41 - - [06/Jan/2014:01:10:19 -0500] "GET / HTTP/1.1" 200 7909 "-" "Ruby"
10.110.62.41 - - [06/Jan/2014:02:10:17 -0500] "GET / HTTP/1.1" 200 7906 "-" "Ruby"
10.110.62.41 - - [06/Jan/2014:02:10:17 -0500] "GET / HTTP/1.1" 200 7909 "-" "Ruby"
10.110.62.41 - - [06/Jan/2014:03:10:18 -0500] "GET / HTTP/1.1" 200 7906 "-" "Ruby"
10.110.62.41 - - [06/Jan/2014:03:10:18 -0500] "GET / HTTP/1.1" 200 7909 "-" "Ruby"
94.145.68.182 - - [06/Jan/2014:03:30:01 -0500] "GET / HTTP/1.1" 200 7814 "-" "Mozilla/5.0 (Windows NT 6.2; WOW64; rv:26.0) Gecko/20100101 Firefox/26.0"
94.145.68.182 - - [06/Jan/2014:03:30:02 -0500] "GET /media/lib_anahita/js/production/site.uncompressed.js HTTP/1.1" 304 - "http://www.pacetest.dk/" "Mozilla/5.0 (Windows NT 6.2; WOW64; rv:26.0) Gecko/20100101 Firefox/26.0"
94.145.68.182 - - [06/Jan/2014:03:30:04 -0500] "GET /index.php/people/session?layout=modal&return=aHR0cDovL3d3dy5wYWNldGVzdC5kay8%3D&hq3gye6r HTTP/1.1" 200 1443 "http://www.pacetest.dk/" "Mozilla/5.0 (Windows NT 6.2; WOW64; rv:26.0) Gecko/20100101 Firefox/26.0"
94.145.68.182 - - [06/Jan/2014:03:30:17 -0500] "POST /index.php/people/session?layout=modal HTTP/1.1" 303 - "http://www.pacetest.dk/" "Mozilla/5.0 (Windows NT 6.2; WOW64; rv:26.0) Gecko/20100101 Firefox/26.0"
94.145.68.182 - - [06/Jan/2014:03:30:17 -0500] "GET / HTTP/1.1" 200 108793 "http://www.pacetest.dk/" "Mozilla/5.0 (Windows NT 6.2; WOW64; rv:26.0) Gecko/20100101 Firefox/26.0"
94.145.68.182 - - [06/Jan/2014:03:30:22 -0500] "GET /index.php/stories?layout=list&filter=leaders&start=20&limit=20 HTTP/1.1" 200 43494 "http://www.pacetest.dk/" "Mozilla/5.0 (Windows NT 6.2; WOW64; rv:26.0) Gecko/20100101 Firefox/26.0"
94.145.68.182 - - [06/Jan/2014:03:30:22 -0500] "GET /index.php/stories?layout=list&filter=leaders&start=40&limit=20 HTTP/1.1" 200 53087 "http://www.pacetest.dk/" "Mozilla/5.0 (Windows NT 6.2; WOW64; rv:26.0) Gecko/20100101 Firefox/26.0"
94.145.68.182 - - [06/Jan/2014:03:30:25 -0500] "GET /index.php/stories?layout=list&filter=leaders&start=60&limit=20 HTTP/1.1" 200 98382 "http://www.pacetest.dk/" "Mozilla/5.0 (Windows NT 6.2; WOW64; rv:26.0) Gecko/20100101 Firefox/26.0"
- - - [06/Jan/2014:03:30:27 -0500] "OPTIONS * HTTP/1.0" 200 - "-" "Apache/2.2.22 (Red Hat Enterprise Web Server) (internal dummy connection)"
94.145.68.182 - - [06/Jan/2014:03:30:51 -0500] "GET /index.php/notifications?get=count HTTP/1.1" 200 24 "http://www.pacetest.dk/" "Mozilla/5.0 (Windows NT 6.2; WOW64; rv:26.0) Gecko/20100101 Firefox/26.0"
94.145.68.182 - - [06/Jan/2014:03:30:59 -0500] "GET /administrator/index.php/menus?task=view&menutype=mainmenu HTTP/1.1" 200 3266 "-" "Mozilla/5.0 (Windows NT 6.2; WOW64; rv:26.0) Gecko/20100101 Firefox/26.0"
94.145.68.182 - - [06/Jan/2014:03:31:00 -0500] "GET /administrator/templates/rt_missioncontrol_j15/css/colors.css.php HTTP/1.1" 200 4078 "http://www.pacetest.dk/administrator/index.php/menus?task=view&menutype=mainmenu" "Mozilla/5.0 (Windows NT 6.2; WOW64; rv:26.0) Gecko/20100101 Firefox/26.0"
94.145.68.182 - - [06/Jan/2014:03:31:00 -0500] "GET /administrator/templates/rt_missioncontrol_j15/images/logo.png?1388997060 HTTP/1.1" 200 7018 "http://www.pacetest.dk/administrator/index.php/menus?task=view&menutype=mainmenu" "Mozilla/5.0 (Windows NT 6.2; WOW64; rv:26.0) Gecko/20100101 Firefox/26.0"
94.145.68.182 - - [06/Jan/2014:03:31:00 -0500] "GET /favicon.ico HTTP/1.1" 404 313 "-" "Mozilla/5.0 (Windows NT 6.2; WOW64; rv:26.0) Gecko/20100101 Firefox/26.0"
94.145.68.182 - - [06/Jan/2014:03:31:01 -0500] "GET /favicon.ico HTTP/1.1" 404 313 "-" "Mozilla/5.0 (Windows NT 6.2; WOW64; rv:26.0) Gecko/20100101 Firefox/26.0"
94.145.68.182 - - [06/Jan/2014:03:31:11 -0500] "POST /administrator/index.php HTTP/1.1" 303 - "http://www.pacetest.dk/administrator/index.php/menus?task=view&menutype=mainmenu" "Mozilla/5.0 (Windows NT 6.2; WOW64; rv:26.0) Gecko/20100101 Firefox/26.0"
94.145.68.182 - - [06/Jan/2014:03:31:11 -0500] "GET /administrator/index.php HTTP/1.1" 200 8070 "http://www.pacetest.dk/administrator/index.php/menus?task=view&menutype=mainmenu" "Mozilla/5.0 (Windows NT 6.2; WOW64; rv:26.0) Gecko/20100101 Firefox/26.0"
94.145.68.182 - - [06/Jan/2014:03:31:12 -0500] "GET /administrator/templates/rt_missioncontrol_j15/css/colors.css.php HTTP/1.1" 200 4078 "http://www.pacetest.dk/administrator/index.php" "Mozilla/5.0 (Windows NT 6.2; WOW64; rv:26.0) Gecko/20100101 Firefox/26.0"
94.145.68.182 - - [06/Jan/2014:03:31:12 -0500] "GET /administrator/templates/rt_missioncontrol_j15/images/logo.png?1388997071 HTTP/1.1" 200 7018 "http://www.pacetest.dk/administrator/index.php" "Mozilla/5.0 (Windows NT 6.2; WOW64; rv:26.0) Gecko/20100101 Firefox/26.0"
94.145.68.182 - - [06/Jan/2014:03:31:15 -0500] "GET /administrator/index.php/users?task=view HTTP/1.1" 200 26799 "http://www.pacetest.dk/administrator/index.php" "Mozilla/5.0 (Windows NT 6.2; WOW64; rv:26.0) Gecko/20100101 Firefox/26.0"
94.145.68.182 - - [06/Jan/2014:03:31:16 -0500] "GET /administrator/templates/rt_missioncontrol_j15/css/colors.css.php HTTP/1.1" 200 4078 "http://www.pacetest.dk/administrator/index.php/users?task=view" "Mozilla/5.0 (Windows NT 6.2; WOW64; rv:26.0) Gecko/20100101 Firefox/26.0"
94.145.68.182 - - [06/Jan/2014:03:31:16 -0500] "GET /administrator/templates/rt_missioncontrol_j15/images/logo.png?1388997075 HTTP/1.1" 200 7018 "http://www.pacetest.dk/administrator/index.php/users?task=view" "Mozilla/5.0 (Windows NT 6.2; WOW64; rv:26.0) Gecko/20100101 Firefox/26.0"
94.145.68.182 - - [06/Jan/2014:03:31:16 -0500] "GET /administrator/index.php/images/tick.png HTTP/1.1" 404 5183 "http://www.pacetest.dk/administrator/index.php/users?task=view" "Mozilla/5.0 (Windows NT 6.2; WOW64; rv:26.0) Gecko/20100101 Firefox/26.0"
94.145.68.182 - - [06/Jan/2014:03:31:21 -0500] "GET /index.php/notifications?get=count HTTP/1.1" 200 24 "http://www.pacetest.dk/" "Mozilla/5.0 (Windows NT 6.2; WOW64; rv:26.0) Gecko/20100101 Firefox/26.0"
94.145.68.182 - - [06/Jan/2014:03:31:51 -0500] "GET /index.php/notifications?get=count HTTP/1.1" 200 24 "http://www.pacetest.dk/" "Mozilla/5.0 (Windows NT 6.2; WOW64; rv:26.0) Gecko/20100101 Firefox/26.0"
94.145.68.182 - - [06/Jan/2014:03:32:21 -0500] "GET /index.php/notifications?get=count HTTP/1.1" 200 24 "http://www.pacetest.dk/" "Mozilla/5.0 (Windows NT 6.2; WOW64; rv:26.0) Gecko/20100101 Firefox/26.0"
94.145.68.182 - - [06/Jan/2014:03:32:51 -0500] "GET /index.php/notifications?get=count HTTP/1.1" 200 24 "http://www.pacetest.dk/" "Mozilla/5.0 (Windows NT 6.2; WOW64; rv:26.0) Gecko/20100101 Firefox/26.0"
94.145.68.182 - - [06/Jan/2014:03:33:21 -0500] "GET /index.php/notifications?get=count HTTP/1.1" 200 24 "http://www.pacetest.dk/" "Mozilla/5.0 (Windows NT 6.2; WOW64; rv:26.0) Gecko/20100101 Firefox/26.0"
94.145.68.182 - - [06/Jan/2014:03:33:52 -0500] "GET /index.php/notifications?get=count HTTP/1.1" 200 24 "http://www.pacetest.dk/" "Mozilla/5.0 (Windows NT 6.2; WOW64; rv:26.0) Gecko/20100101 Firefox/26.0"
94.145.68.182 - - [06/Jan/2014:03:34:21 -0500] "GET /index.php/notifications?get=count HTTP/1.1" 200 24 "http://www.pacetest.dk/" "Mozilla/5.0 (Windows NT 6.2; WOW64; rv:26.0) Gecko/20100101 Firefox/26.0"
94.145.68.182 - - [06/Jan/2014:03:34:51 -0500] "GET /index.php/notifications?get=count HTTP/1.1" 200 24 "http://www.pacetest.dk/" "Mozilla/5.0 (Windows NT 6.2; WOW64; rv:26.0) Gecko/20100101 Firefox/26.0"
94.145.68.182 - - [06/Jan/2014:03:35:21 -0500] "GET /index.php/notifications?get=count HTTP/1.1" 200 24 "http://www.pacetest.dk/" "Mozilla/5.0 (Windows NT 6.2; WOW64; rv:26.0) Gecko/20100101 Firefox/26.0"
94.145.68.182 - - [06/Jan/2014:03:35:51 -0500] "GET /index.php/notifications?get=count HTTP/1.1" 200 24 "http://www.pacetest.dk/" "Mozilla/5.0 (Windows NT 6.2; WOW64; rv:26.0) Gecko/20100101 Firefox/26.0"
94.145.68.182 - - [06/Jan/2014:03:36:21 -0500] "GET /index.php/notifications?get=count HTTP/1.1" 200 24 "http://www.pacetest.dk/" "Mozilla/5.0 (Windows NT 6.2; WOW64; rv:26.0) Gecko/20100101 Firefox/26.0"
94.145.68.182 - - [06/Jan/2014:03:36:51 -0500] "GET /index.php/notifications?get=count HTTP/1.1" 200 24 "http://www.pacetest.dk/" "Mozilla/5.0 (Windows NT 6.2; WOW64; rv:26.0) Gecko/20100101 Firefox/26.0"
94.145.68.182 - - [06/Jan/2014:03:37:21 -0500] "GET /index.php/notifications?get=count HTTP/1.1" 200 24 "http://www.pacetest.dk/" "Mozilla/5.0 (Windows NT 6.2; WOW64; rv:26.0) Gecko/20100101 Firefox/26.0"
94.145.68.182 - - [06/Jan/2014:03:37:51 -0500] "GET /index.php/notifications?get=count HTTP/1.1" 200 24 "http://www.pacetest.dk/" "Mozilla/5.0 (Windows NT 6.2; WOW64; rv:26.0) Gecko/20100101 Firefox/26.0"
94.145.68.182 - - [06/Jan/2014:03:38:21 -0500] "GET /index.php/notifications?get=count HTTP/1.1" 200 24 "http://www.pacetest.dk/" "Mozilla/5.0 (Windows NT 6.2; WOW64; rv:26.0) Gecko/20100101 Firefox/26.0"
94.145.68.182 - - [06/Jan/2014:03:38:52 -0500] "GET /index.php/notifications?get=count HTTP/1.1" 200 24 "http://www.pacetest.dk/" "Mozilla/5.0 (Windows NT 6.2; WOW64; rv:26.0) Gecko/20100101 Firefox/26.0"
94.145.68.182 - - [06/Jan/2014:03:39:22 -0500] "GET /index.php/notifications?get=count HTTP/1.1" 200 24 "http://www.pacetest.dk/" "Mozilla/5.0 (Windows NT 6.2; WOW64; rv:26.0) Gecko/20100101 Firefox/26.0"
94.145.68.182 - - [06/Jan/2014:03:39:51 -0500] "GET /index.php/notifications?get=count HTTP/1.1" 200 24 "http://www.pacetest.dk/" "Mozilla/5.0 (Windows NT 6.2; WOW64; rv:26.0) Gecko/20100101 Firefox/26.0"
94.145.68.182 - - [06/Jan/2014:03:40:21 -0500] "GET /index.php/notifications?get=count HTTP/1.1" 200 24 "http://www.pacetest.dk/" "Mozilla/5.0 (Windows NT 6.2; WOW64; rv:26.0) Gecko/20100101 Firefox/26.0"
94.145.68.182 - - [06/Jan/2014:03:40:52 -0500] "GET /index.php/notifications?get=count HTTP/1.1" 200 24 "http://www.pacetest.dk/" "Mozilla/5.0 (Windows NT 6.2; WOW64; rv:26.0) Gecko/20100101 Firefox/26.0"
94.145.68.182 - - [06/Jan/2014:03:41:21 -0500] "GET /index.php/notifications?get=count HTTP/1.1" 200 24 "http://www.pacetest.dk/" "Mozilla/5.0 (Windows NT 6.2; WOW64; rv:26.0) Gecko/20100101 Firefox/26.0"
94.145.68.182 - - [06/Jan/2014:03:41:51 -0500] "GET /index.php/notifications?get=count HTTP/1.1" 200 24 "http://www.pacetest.dk/" "Mozilla/5.0 (Windows NT 6.2; WOW64; rv:26.0) Gecko/20100101 Firefox/26.0"
94.145.68.182 - - [06/Jan/2014:03:42:22 -0500] "GET /index.php/notifications?get=count HTTP/1.1" 200 24 "http://www.pacetest.dk/" "Mozilla/5.0 (Windows NT 6.2; WOW64; rv:26.0) Gecko/20100101 Firefox/26.0"
94.145.68.182 - - [06/Jan/2014:03:42:52 -0500] "GET /index.php/notifications?get=count HTTP/1.1" 200 24 "http://www.pacetest.dk/" "Mozilla/5.0 (Windows NT 6.2; WOW64; rv:26.0) Gecko/20100101 Firefox/26.0"
94.145.68.182 - - [06/Jan/2014:03:43:21 -0500] "GET /index.php/notifications?get=count HTTP/1.1" 200 24 "http://www.pacetest.dk/" "Mozilla/5.0 (Windows NT 6.2; WOW64; rv:26.0) Gecko/20100101 Firefox/26.0"
94.145.68.182 - - [06/Jan/2014:03:43:51 -0500] "GET /index.php/notifications?get=count HTTP/1.1" 200 24 "http://www.pacetest.dk/" "Mozilla/5.0 (Windows NT 6.2; WOW64; rv:26.0) Gecko/20100101 Firefox/26.0"
94.145.68.182 - - [06/Jan/2014:03:44:21 -0500] "GET /index.php/notifications?get=count HTTP/1.1" 200 24 "http://www.pacetest.dk/" "Mozilla/5.0 (Windows NT 6.2; WOW64; rv:26.0) Gecko/20100101 Firefox/26.0"
94.145.68.182 - - [06/Jan/2014:03:44:51 -0500] "GET /index.php/notifications?get=count HTTP/1.1" 200 24 "http://www.pacetest.dk/" "Mozilla/5.0 (Windows NT 6.2; WOW64; rv:26.0) Gecko/20100101 Firefox/26.0"
94.145.68.182 - - [06/Jan/2014:03:45:21 -0500] "GET /index.php/notifications?get=count HTTP/1.1" 200 24 "http://www.pacetest.dk/" "Mozilla/5.0 (Windows NT 6.2; WOW64; rv:26.0) Gecko/20100101 Firefox/26.0"
94.145.68.182 - - [06/Jan/2014:03:45:51 -0500] "GET /index.php/notifications?get=count HTTP/1.1" 200 24 "http://www.pacetest.dk/" "Mozilla/5.0 (Windows NT 6.2; WOW64; rv:26.0) Gecko/20100101 Firefox/26.0"
94.145.68.182 - - [06/Jan/2014:03:46:22 -0500] "GET /index.php/notifications?get=count HTTP/1.1" 200 24 "http://www.pacetest.dk/" "Mozilla/5.0 (Windows NT 6.2; WOW64; rv:26.0) Gecko/20100101 Firefox/26.0"
94.145.68.182 - - [06/Jan/2014:03:46:51 -0500] "GET /index.php/notifications?get=count HTTP/1.1" 200 24 "http://www.pacetest.dk/" "Mozilla/5.0 (Windows NT 6.2; WOW64; rv:26.0) Gecko/20100101 Firefox/26.0"
94.145.68.182 - - [06/Jan/2014:03:47:22 -0500] "GET /index.php/notifications?get=count HTTP/1.1" 200 24 "http://www.pacetest.dk/" "Mozilla/5.0 (Windows NT 6.2; WOW64; rv:26.0) Gecko/20100101 Firefox/26.0"
94.145.68.182 - - [06/Jan/2014:03:47:51 -0500] "GET /index.php/notifications?get=count HTTP/1.1" 200 24 "http://www.pacetest.dk/" "Mozilla/5.0 (Windows NT 6.2; WOW64; rv:26.0) Gecko/20100101 Firefox/26.0"
94.145.68.182 - - [06/Jan/2014:03:48:22 -0500] "GET /index.php/notifications?get=count HTTP/1.1" 200 24 "http://www.pacetest.dk/" "Mozilla/5.0 (Windows NT 6.2; WOW64; rv:26.0) Gecko/20100101 Firefox/26.0"
94.145.68.182 - - [06/Jan/2014:03:48:52 -0500] "GET /index.php/notifications?get=count HTTP/1.1" 200 24 "http://www.pacetest.dk/" "Mozilla/5.0 (Windows NT 6.2; WOW64; rv:26.0) Gecko/20100101 Firefox/26.0"
94.145.68.182 - - [06/Jan/2014:03:49:21 -0500] "GET /index.php/notifications?get=count HTTP/1.1" 200 24 "http://www.pacetest.dk/" "Mozilla/5.0 (Windows NT 6.2; WOW64; rv:26.0) Gecko/20100101 Firefox/26.0"
94.145.68.182 - - [06/Jan/2014:03:49:51 -0500] "GET /index.php/notifications?get=count HTTP/1.1" 200 24 "http://www.pacetest.dk/" "Mozilla/5.0 (Windows NT 6.2; WOW64; rv:26.0) Gecko/20100101 Firefox/26.0"
94.145.68.182 - - [06/Jan/2014:03:50:21 -0500] "GET /index.php/notifications?get=count HTTP/1.1" 200 24 "http://www.pacetest.dk/" "Mozilla/5.0 (Windows NT 6.2; WOW64; rv:26.0) Gecko/20100101 Firefox/26.0"
94.145.68.182 - - [06/Jan/2014:03:50:51 -0500] "GET /index.php/notifications?get=count HTTP/1.1" 200 24 "http://www.pacetest.dk/" "Mozilla/5.0 (Windows NT 6.2; WOW64; rv:26.0) Gecko/20100101 Firefox/26.0"
94.145.68.182 - - [06/Jan/2014:03:51:21 -0500] "GET /index.php/notifications?get=count HTTP/1.1" 200 24 "http://www.pacetest.dk/" "Mozilla/5.0 (Windows NT 6.2; WOW64; rv:26.0) Gecko/20100101 Firefox/26.0"
94.145.68.182 - - [06/Jan/2014:03:51:51 -0500] "GET /index.php/notifications?get=count HTTP/1.1" 200 24 "http://www.pacetest.dk/" "Mozilla/5.0 (Windows NT 6.2; WOW64; rv:26.0) Gecko/20100101 Firefox/26.0"
94.145.68.182 - - [06/Jan/2014:03:52:21 -0500] "GET /index.php/notifications?get=count HTTP/1.1" 200 24 "http://www.pacetest.dk/" "Mozilla/5.0 (Windows NT 6.2; WOW64; rv:26.0) Gecko/20100101 Firefox/26.0"
94.145.68.182 - - [06/Jan/2014:03:52:51 -0500] "GET /index.php/notifications?get=count HTTP/1.1" 200 24 "http://www.pacetest.dk/" "Mozilla/5.0 (Windows NT 6.2; WOW64; rv:26.0) Gecko/20100101 Firefox/26.0"
94.145.68.182 - - [06/Jan/2014:03:53:21 -0500] "GET /index.php/notifications?get=count HTTP/1.1" 200 24 "http://www.pacetest.dk/" "Mozilla/5.0 (Windows NT 6.2; WOW64; rv:26.0) Gecko/20100101 Firefox/26.0"
178.21.88.155 - - [06/Jan/2014:03:53:45 -0500] "GET /index.php HTTP/1.1" 200 7826 "-" "Mozilla/5.0 (iPad; CPU OS 7_0_4 like Mac OS X) AppleWebKit/537.51.1 (KHTML, like Gecko) Version/7.0 Mobile/11B554a Safari/9537.53"
178.21.88.155 - - [06/Jan/2014:03:53:47 -0500] "GET /media/lib_anahita/js/production/site.uncompressed.js HTTP/1.1" 304 - "http://www.pacetest.dk/index.php" "Mozilla/5.0 (iPad; CPU OS 7_0_4 like Mac OS X) AppleWebKit/537.51.1 (KHTML, like Gecko) Version/7.0 Mobile/11B554a Safari/9537.53"
178.21.88.155 - - [06/Jan/2014:03:53:47 -0500] "GET /apple-touch-icon-152x152-precomposed.png HTTP/1.1" 404 342 "-" "MobileSafari/9537.53 CFNetwork/672.0.8 Darwin/14.0.0"
178.21.88.155 - - [06/Jan/2014:03:53:48 -0500] "GET /apple-touch-icon-152x152.png HTTP/1.1" 404 330 "-" "MobileSafari/9537.53 CFNetwork/672.0.8 Darwin/14.0.0"
178.21.88.155 - - [06/Jan/2014:03:53:48 -0500] "GET /apple-touch-icon-precomposed.png HTTP/1.1" 404 334 "-" "MobileSafari/9537.53 CFNetwork/672.0.8 Darwin/14.0.0"
178.21.88.155 - - [06/Jan/2014:03:53:48 -0500] "GET /apple-touch-icon.png HTTP/1.1" 404 322 "-" "MobileSafari/9537.53 CFNetwork/672.0.8 Darwin/14.0.0"
178.21.88.155 - - [06/Jan/2014:03:53:49 -0500] "GET /index.php/people/session?layout=modal&return=aHR0cDovL3d3dy5wYWNldGVzdC5kay9pbmRleC5waHA%3D&hq3hsvux HTTP/1.1" 200 1467 "http://www.pacetest.dk/index.php" "Mozilla/5.0 (iPad; CPU OS 7_0_4 like Mac OS X) AppleWebKit/537.51.1 (KHTML, like Gecko) Version/7.0 Mobile/11B554a Safari/9537.53"
94.145.68.182 - - [06/Jan/2014:03:53:51 -0500] "GET /index.php/notifications?get=count HTTP/1.1" 200 24 "http://www.pacetest.dk/" "Mozilla/5.0 (Windows NT 6.2; WOW64; rv:26.0) Gecko/20100101 Firefox/26.0"
178.21.88.155 - - [06/Jan/2014:03:54:10 -0500] "POST /index.php/people/session?layout=modal HTTP/1.1" 303 - "http://www.pacetest.dk/index.php" "Mozilla/5.0 (iPad; CPU OS 7_0_4 like Mac OS X) AppleWebKit/537.51.1 (KHTML, like Gecko) Version/7.0 Mobile/11B554a Safari/9537.53"
178.21.88.155 - - [06/Jan/2014:03:54:11 -0500] "GET /index.php HTTP/1.1" 200 86290 "http://www.pacetest.dk/index.php" "Mozilla/5.0 (iPad; CPU OS 7_0_4 like Mac OS X) AppleWebKit/537.51.1 (KHTML, like Gecko) Version/7.0 Mobile/11B554a Safari/9537.53"
94.145.68.182 - - [06/Jan/2014:03:54:22 -0500] "GET /index.php/notifications?get=count HTTP/1.1" 200 24 "http://www.pacetest.dk/" "Mozilla/5.0 (Windows NT 6.2; WOW64; rv:26.0) Gecko/20100101 Firefox/26.0"
178.21.88.155 - - [06/Jan/2014:03:54:20 -0500] "GET /index.php/stories?layout=list&filter=leaders&start=20&limit=20 HTTP/1.1" 200 31759 "http://www.pacetest.dk/index.php" "Mozilla/5.0 (iPad; CPU OS 7_0_4 like Mac OS X) AppleWebKit/537.51.1 (KHTML, like Gecko) Version/7.0 Mobile/11B554a Safari/9537.53"
178.21.88.155 - - [06/Jan/2014:03:54:20 -0500] "GET /index.php/stories?layout=list&filter=leaders&start=40&limit=20 HTTP/1.1" 200 58827 "http://www.pacetest.dk/index.php" "Mozilla/5.0 (iPad; CPU OS 7_0_4 like Mac OS X) AppleWebKit/537.51.1 (KHTML, like Gecko) Version/7.0 Mobile/11B554a Safari/9537.53"
- - - [06/Jan/2014:03:54:34 -0500] "OPTIONS * HTTP/1.0" 200 - "-" "Apache/2.2.22 (Red Hat Enterprise Web Server) (internal dummy connection)"
178.21.88.155 - - [06/Jan/2014:03:54:29 -0500] "GET /index.php/stories?layout=list&filter=leaders&start=60&limit=20 HTTP/1.1" 200 34824 "http://www.pacetest.dk/index.php" "Mozilla/5.0 (iPad; CPU OS 7_0_4 like Mac OS X) AppleWebKit/537.51.1 (KHTML, like Gecko) Version/7.0 Mobile/11B554a Safari/9537.53"
- - - [06/Jan/2014:03:54:37 -0500] "OPTIONS * HTTP/1.0" 200 - "-" "Apache/2.2.22 (Red Hat Enterprise Web Server) (internal dummy connection)"
94.145.68.182 - - [06/Jan/2014:03:54:52 -0500] "GET /index.php/notifications?get=count HTTP/1.1" 200 24 "http://www.pacetest.dk/" "Mozilla/5.0 (Windows NT 6.2; WOW64; rv:26.0) Gecko/20100101 Firefox/26.0"
178.21.88.155 - - [06/Jan/2014:03:54:55 -0500] "GET /index.php/notifications?get=count HTTP/1.1" 200 24 "http://www.pacetest.dk/index.php" "Mozilla/5.0 (iPad; CPU OS 7_0_4 like Mac OS X) AppleWebKit/537.51.1 (KHTML, like Gecko) Version/7.0 Mobile/11B554a Safari/9537.53"
178.21.88.155 - - [06/Jan/2014:03:55:15 -0500] "GET /index.php/pages/439-deltagerliste-jylland-17-18-19-januar-2014 HTTP/1.1" 200 17922 "http://www.pacetest.dk/index.php" "Mozilla/5.0 (iPad; CPU OS 7_0_4 like Mac OS X) AppleWebKit/537.51.1 (KHTML, like Gecko) Version/7.0 Mobile/11B554a Safari/9537.53"
178.21.88.155 - - [06/Jan/2014:03:55:18 -0500] "GET /media/com_pages/js/pages.js HTTP/1.1" 200 622 "http://www.pacetest.dk/index.php/pages/439-deltagerliste-jylland-17-18-19-januar-2014" "Mozilla/5.0 (iPad; CPU OS 7_0_4 like Mac OS X) AppleWebKit/537.51.1 (KHTML, like Gecko) Version/7.0 Mobile/11B554a Safari/9537.53"
94.145.68.182 - - [06/Jan/2014:03:55:21 -0500] "GET /index.php/notifications?get=count HTTP/1.1" 200 24 "http://www.pacetest.dk/" "Mozilla/5.0 (Windows NT 6.2; WOW64; rv:26.0) Gecko/20100101 Firefox/26.0"
94.145.68.182 - - [06/Jan/2014:03:55:51 -0500] "GET /index.php/notifications?get=count HTTP/1.1" 200 24 "http://www.pacetest.dk/" "Mozilla/5.0 (Windows NT 6.2; WOW64; rv:26.0) Gecko/20100101 Firefox/26.0"
178.21.88.155 - - [06/Jan/2014:03:55:52 -0500] "GET /index.php/notifications?get=count HTTP/1.1" 200 24 "http://www.pacetest.dk/index.php/pages/439-deltagerliste-jylland-17-18-19-januar-2014" "Mozilla/5.0 (iPad; CPU OS 7_0_4 like Mac OS X) AppleWebKit/537.51.1 (KHTML, like Gecko) Version/7.0 Mobile/11B554a Safari/9537.53"
- - - [06/Jan/2014:03:55:55 -0500] "OPTIONS * HTTP/1.0" 200 - "-" "Apache/2.2.22 (Red Hat Enterprise Web Server) (internal dummy connection)"
178.21.88.155 - - [06/Jan/2014:03:56:11 -0500] "GET /index.php/pages/439-deltagerliste-jylland-17-18-19-januar-2014?layout=edit HTTP/1.1" 200 12161 "http://www.pacetest.dk/index.php/pages/439-deltagerliste-jylland-17-18-19-januar-2014" "Mozilla/5.0 (iPad; CPU OS 7_0_4 like Mac OS X) AppleWebKit/537.51.1 (KHTML, like Gecko) Version/7.0 Mobile/11B554a Safari/9537.53"
178.21.88.155 - - [06/Jan/2014:03:56:14 -0500] "GET /media/lib_anahita/js/editor/tiny_mce.js HTTP/1.1" 200 203808 "http://www.pacetest.dk/index.php/pages/439-deltagerliste-jylland-17-18-19-januar-2014?layout=edit" "Mozilla/5.0 (iPad; CPU OS 7_0_4 like Mac OS X) AppleWebKit/537.51.1 (KHTML, like Gecko) Version/7.0 Mobile/11B554a Safari/9537.53"
178.21.88.155 - - [06/Jan/2014:03:56:14 -0500] "GET /media/lib_anahita/js/editor/encoder.js HTTP/1.1" 200 10452 "http://www.pacetest.dk/index.php/pages/439-deltagerliste-jylland-17-18-19-januar-2014?layout=edit" "Mozilla/5.0 (iPad; CPU OS 7_0_4 like Mac OS X) AppleWebKit/537.51.1 (KHTML, like Gecko) Version/7.0 Mobile/11B554a Safari/9537.53"
178.21.88.155 - - [06/Jan/2014:03:56:14 -0500] "GET /media/lib_anahita/js/editor/editor.js HTTP/1.1" 200 11576 "http://www.pacetest.dk/index.php/pages/439-deltagerliste-jylland-17-18-19-januar-2014?layout=edit" "Mozilla/5.0 (iPad; CPU OS 7_0_4 like Mac OS X) AppleWebKit/537.51.1 (KHTML, like Gecko) Version/7.0 Mobile/11B554a Safari/9537.53"
94.145.68.182 - - [06/Jan/2014:03:56:22 -0500] "GET /index.php/notifications?get=count HTTP/1.1" 200 24 "http://www.pacetest.dk/" "Mozilla/5.0 (Windows NT 6.2; WOW64; rv:26.0) Gecko/20100101 Firefox/26.0"
178.21.88.155 - - [06/Jan/2014:03:56:45 -0500] "GET /index.php/notifications?get=count HTTP/1.1" 200 24 "http://www.pacetest.dk/index.php/pages/439-deltagerliste-jylland-17-18-19-januar-2014?layout=edit" "Mozilla/5.0 (iPad; CPU OS 7_0_4 like Mac OS X) AppleWebKit/537.51.1 (KHTML, like Gecko) Version/7.0 Mobile/11B554a Safari/9537.53"
94.145.68.182 - - [06/Jan/2014:03:56:51 -0500] "GET /index.php/notifications?get=count HTTP/1.1" 200 24 "http://www.pacetest.dk/" "Mozilla/5.0 (Windows NT 6.2; WOW64; rv:26.0) Gecko/20100101 Firefox/26.0"
178.21.88.155 - - [06/Jan/2014:03:57:15 -0500] "GET /index.php/notifications?get=count HTTP/1.1" 200 24 "http://www.pacetest.dk/index.php/pages/439-deltagerliste-jylland-17-18-19-januar-2014?layout=edit" "Mozilla/5.0 (iPad; CPU OS 7_0_4 like Mac OS X) AppleWebKit/537.51.1 (KHTML, like Gecko) Version/7.0 Mobile/11B554a Safari/9537.53"
94.145.68.182 - - [06/Jan/2014:03:57:21 -0500] "GET /index.php/notifications?get=count HTTP/1.1" 200 24 "http://www.pacetest.dk/" "Mozilla/5.0 (Windows NT 6.2; WOW64; rv:26.0) Gecko/20100101 Firefox/26.0"
178.21.88.155 - - [06/Jan/2014:03:57:47 -0500] "GET /index.php/notifications?get=count HTTP/1.1" 200 24 "http://www.pacetest.dk/index.php/pages/439-deltagerliste-jylland-17-18-19-januar-2014?layout=edit" "Mozilla/5.0 (iPad; CPU OS 7_0_4 like Mac OS X) AppleWebKit/537.51.1 (KHTML, like Gecko) Version/7.0 Mobile/11B554a Safari/9537.53"
94.145.68.182 - - [06/Jan/2014:03:57:51 -0500] "GET /index.php/notifications?get=count HTTP/1.1" 200 24 "http://www.pacetest.dk/" "Mozilla/5.0 (Windows NT 6.2; WOW64; rv:26.0) Gecko/20100101 Firefox/26.0"
178.21.88.155 - - [06/Jan/2014:03:57:57 -0500] "POST /index.php/pages/@197/439-deltagerliste-jylland-17-18-19-januar-2014 HTTP/1.1" 303 - "http://www.pacetest.dk/index.php/pages/439-deltagerliste-jylland-17-18-19-januar-2014?layout=edit" "Mozilla/5.0 (iPad; CPU OS 7_0_4 like Mac OS X) AppleWebKit/537.51.1 (KHTML, like Gecko) Version/7.0 Mobile/11B554a Safari/9537.53"
178.21.88.155 - - [06/Jan/2014:03:58:00 -0500] "GET /index.php/pages/439-deltagerliste-jylland-17-18-19-januar-2014?layout=edit HTTP/1.1" 200 12359 "http://www.pacetest.dk/index.php/pages/439-deltagerliste-jylland-17-18-19-januar-2014?layout=edit" "Mozilla/5.0 (iPad; CPU OS 7_0_4 like Mac OS X) AppleWebKit/537.51.1 (KHTML, like Gecko) Version/7.0 Mobile/11B554a Safari/9537.53"
94.145.68.182 - - [06/Jan/2014:03:58:21 -0500] "GET /index.php/notifications?get=count HTTP/1.1" 200 24 "http://www.pacetest.dk/" "Mozilla/5.0 (Windows NT 6.2; WOW64; rv:26.0) Gecko/20100101 Firefox/26.0"
178.21.88.155 - - [06/Jan/2014:03:58:22 -0500] "GET /index.php/notifications?layout=popover&hq3hyd46 HTTP/1.1" 200 5749 "http://www.pacetest.dk/index.php/pages/439-deltagerliste-jylland-17-18-19-januar-2014?layout=edit" "Mozilla/5.0 (iPad; CPU OS 7_0_4 like Mac OS X) AppleWebKit/537.51.1 (KHTML, like Gecko) Version/7.0 Mobile/11B554a Safari/9537.53"
178.21.88.155 - - [06/Jan/2014:03:58:34 -0500] "GET /index.php/notifications?get=count HTTP/1.1" 200 24 "http://www.pacetest.dk/index.php/pages/439-deltagerliste-jylland-17-18-19-januar-2014?layout=edit" "Mozilla/5.0 (iPad; CPU OS 7_0_4 like Mac OS X) AppleWebKit/537.51.1 (KHTML, like Gecko) Version/7.0 Mobile/11B554a Safari/9537.53"
178.21.88.155 - - [06/Jan/2014:03:58:36 -0500] "GET /index.php/menu/groups HTTP/1.1" 200 15131 "http://www.pacetest.dk/index.php/pages/439-deltagerliste-jylland-17-18-19-januar-2014?layout=edit" "Mozilla/5.0 (iPad; CPU OS 7_0_4 like Mac OS X) AppleWebKit/537.51.1 (KHTML, like Gecko) Version/7.0 Mobile/11B554a Safari/9537.53"
178.21.88.155 - - [06/Jan/2014:03:58:41 -0500] "GET /index.php/groups/4-the-atrium HTTP/1.1" 200 48737 "http://www.pacetest.dk/index.php/menu/groups" "Mozilla/5.0 (iPad; CPU OS 7_0_4 like Mac OS X) AppleWebKit/537.51.1 (KHTML, like Gecko) Version/7.0 Mobile/11B554a Safari/9537.53"
178.21.88.155 - - [06/Jan/2014:03:58:48 -0500] "GET /index.php/groups/4/graph/followers?layout=gadget&hq3hzbsp HTTP/1.1" 200 3053 "http://www.pacetest.dk/index.php/groups/4-the-atrium" "Mozilla/5.0 (iPad; CPU OS 7_0_4 like Mac OS X) AppleWebKit/537.51.1 (KHTML, like Gecko) Version/7.0 Mobile/11B554a Safari/9537.53"
94.145.68.182 - - [06/Jan/2014:03:58:51 -0500] "GET /index.php/notifications?get=count HTTP/1.1" 200 24 "http://www.pacetest.dk/" "Mozilla/5.0 (Windows NT 6.2; WOW64; rv:26.0) Gecko/20100101 Firefox/26.0"
178.21.88.155 - - [06/Jan/2014:03:59:11 -0500] "GET /index.php/menu/groups HTTP/1.1" 200 15131 "http://www.pacetest.dk/index.php/groups/4-the-atrium" "Mozilla/5.0 (iPad; CPU OS 7_0_4 like Mac OS X) AppleWebKit/537.51.1 (KHTML, like Gecko) Version/7.0 Mobile/11B554a Safari/9537.53"
94.145.68.182 - - [06/Jan/2014:03:59:22 -0500] "GET /index.php/notifications?get=count HTTP/1.1" 200 24 "http://www.pacetest.dk/" "Mozilla/5.0 (Windows NT 6.2; WOW64; rv:26.0) Gecko/20100101 Firefox/26.0"
178.21.88.155 - - [06/Jan/2014:03:59:27 -0500] "GET /index.php/groups/149-hj%C3%A6lp HTTP/1.1" 200 29249 "http://www.pacetest.dk/index.php/menu/groups" "Mozilla/5.0 (iPad; CPU OS 7_0_4 like Mac OS X) AppleWebKit/537.51.1 (KHTML, like Gecko) Version/7.0 Mobile/11B554a Safari/9537.53"
178.21.88.155 - - [06/Jan/2014:03:59:32 -0500] "GET /index.php/groups/149/graph/followers?layout=gadget&hq3i0a8w HTTP/1.1" 200 3070 "http://www.pacetest.dk/index.php/groups/149-hj%C3%A6lp" "Mozilla/5.0 (iPad; CPU OS 7_0_4 like Mac OS X) AppleWebKit/537.51.1 (KHTML, like Gecko) Version/7.0 Mobile/11B554a Safari/9537.53"
94.145.68.182 - - [06/Jan/2014:03:59:51 -0500] "GET /index.php/notifications?get=count HTTP/1.1" 200 24 "http://www.pacetest.dk/" "Mozilla/5.0 (Windows NT 6.2; WOW64; rv:26.0) Gecko/20100101 Firefox/26.0"
178.21.88.155 - - [06/Jan/2014:03:59:52 -0500] "GET /index.php/topics/@149?layout=gadget&hq3i0a8z HTTP/1.1" 200 1527 "http://www.pacetest.dk/index.php/groups/149-hj%C3%A6lp" "Mozilla/5.0 (iPad; CPU OS 7_0_4 like Mac OS X) AppleWebKit/537.51.1 (KHTML, like Gecko) Version/7.0 Mobile/11B554a Safari/9537.53"
- - - [06/Jan/2014:03:59:55 -0500] "OPTIONS * HTTP/1.0" 200 - "-" "Apache/2.2.22 (Red Hat Enterprise Web Server) (internal dummy connection)"
178.21.88.155 - - [06/Jan/2014:03:59:58 -0500] "GET /index.php/pages/@149?layout=gadget&hq3i0a92 HTTP/1.1" 200 374 "http://www.pacetest.dk/index.php/groups/149-hj%C3%A6lp" "Mozilla/5.0 (iPad; CPU OS 7_0_4 like Mac OS X) AppleWebKit/537.51.1 (KHTML, like Gecko) Version/7.0 Mobile/11B554a Safari/9537.53"
178.21.88.155 - - [06/Jan/2014:04:00:02 -0500] "GET /index.php/photos/@149?layout=gadget&hq3i0a95 HTTP/1.1" 200 89 "http://www.pacetest.dk/index.php/groups/149-hj%C3%A6lp" "Mozilla/5.0 (iPad; CPU OS 7_0_4 like Mac OS X) AppleWebKit/537.51.1 (KHTML, like Gecko) Version/7.0 Mobile/11B554a Safari/9537.53"
178.21.88.155 - - [06/Jan/2014:04:00:06 -0500] "GET /index.php/notifications?get=count HTTP/1.1" 200 24 "http://www.pacetest.dk/index.php/groups/149-hj%C3%A6lp" "Mozilla/5.0 (iPad; CPU OS 7_0_4 like Mac OS X) AppleWebKit/537.51.1 (KHTML, like Gecko) Version/7.0 Mobile/11B554a Safari/9537.53"
178.21.88.155 - - [06/Jan/2014:04:00:10 -0500] "GET /index.php/menu/groups HTTP/1.1" 200 15131 "http://www.pacetest.dk/index.php/groups/149-hj%C3%A6lp" "Mozilla/5.0 (iPad; CPU OS 7_0_4 like Mac OS X) AppleWebKit/537.51.1 (KHTML, like Gecko) Version/7.0 Mobile/11B554a Safari/9537.53"
94.145.68.182 - - [06/Jan/2014:04:00:21 -0500] "GET /index.php/notifications?get=count HTTP/1.1" 200 24 "http://www.pacetest.dk/" "Mozilla/5.0 (Windows NT 6.2; WOW64; rv:26.0) Gecko/20100101 Firefox/26.0"
178.21.88.155 - - [06/Jan/2014:04:00:24 -0500] "GET /index.php/groups/197-ga-nextlevel-jylland HTTP/1.1" 200 34805 "http://www.pacetest.dk/index.php/menu/groups" "Mozilla/5.0 (iPad; CPU OS 7_0_4 like Mac OS X) AppleWebKit/537.51.1 (KHTML, like Gecko) Version/7.0 Mobile/11B554a Safari/9537.53"
178.21.88.155 - - [06/Jan/2014:04:00:29 -0500] "GET /index.php/groups/197/graph/followers?layout=gadget&hq3i1hr0 HTTP/1.1" 200 3045 "http://www.pacetest.dk/index.php/groups/197-ga-nextlevel-jylland" "Mozilla/5.0 (iPad; CPU OS 7_0_4 like Mac OS X) AppleWebKit/537.51.1 (KHTML, like Gecko) Version/7.0 Mobile/11B554a Safari/9537.53"
178.21.88.155 - - [06/Jan/2014:04:00:36 -0500] "GET /index.php/topics/@197?layout=gadget&hq3i1hr3 HTTP/1.1" 200 361 "http://www.pacetest.dk/index.php/groups/197-ga-nextlevel-jylland" "Mozilla/5.0 (iPad; CPU OS 7_0_4 like Mac OS X) AppleWebKit/537.51.1 (KHTML, like Gecko) Version/7.0 Mobile/11B554a Safari/9537.53"
178.21.88.155 - - [06/Jan/2014:04:00:43 -0500] "GET /index.php/photos/@197?layout=gadget&hq3i1hr6 HTTP/1.1" 200 89 "http://www.pacetest.dk/index.php/groups/197-ga-nextlevel-jylland" "Mozilla/5.0 (iPad; CPU OS 7_0_4 like Mac OS X) AppleWebKit/537.51.1 (KHTML, like Gecko) Version/7.0 Mobile/11B554a Safari/9537.53"
178.21.88.155 - - [06/Jan/2014:04:00:48 -0500] "GET /index.php/pages/@197?layout=gadget&hq3i1hr9 HTTP/1.1" 200 2873 "http://www.pacetest.dk/index.php/groups/197-ga-nextlevel-jylland" "Mozilla/5.0 (iPad; CPU OS 7_0_4 like Mac OS X) AppleWebKit/537.51.1 (KHTML, like Gecko) Version/7.0 Mobile/11B554a Safari/9537.53"
94.145.68.182 - - [06/Jan/2014:04:00:52 -0500] "GET /index.php/notifications?get=count HTTP/1.1" 200 24 "http://www.pacetest.dk/" "Mozilla/5.0 (Windows NT 6.2; WOW64; rv:26.0) Gecko/20100101 Firefox/26.0"
178.21.88.155 - - [06/Jan/2014:04:00:59 -0500] "GET /index.php/notifications?get=count HTTP/1.1" 200 24 "http://www.pacetest.dk/index.php/groups/197-ga-nextlevel-jylland" "Mozilla/5.0 (iPad; CPU OS 7_0_4 like Mac OS X) AppleWebKit/537.51.1 (KHTML, like Gecko) Version/7.0 Mobile/11B554a Safari/9537.53"
178.21.88.155 - - [06/Jan/2014:04:01:04 -0500] "GET /index.php/pages/439-deltagerliste-jylland-17-18-19-januar-2014 HTTP/1.1" 200 17973 "http://www.pacetest.dk/index.php/groups/197-ga-nextlevel-jylland" "Mozilla/5.0 (iPad; CPU OS 7_0_4 like Mac OS X) AppleWebKit/537.51.1 (KHTML, like Gecko) Version/7.0 Mobile/11B554a Safari/9537.53"
94.145.68.182 - - [06/Jan/2014:04:01:22 -0500] "GET /index.php/notifications?get=count HTTP/1.1" 200 24 "http://www.pacetest.dk/" "Mozilla/5.0 (Windows NT 6.2; WOW64; rv:26.0) Gecko/20100101 Firefox/26.0"
178.21.88.155 - - [06/Jan/2014:04:01:41 -0500] "GET /index.php/notifications?get=count HTTP/1.1" 200 24 "http://www.pacetest.dk/index.php/pages/439-deltagerliste-jylland-17-18-19-januar-2014" "Mozilla/5.0 (iPad; CPU OS 7_0_4 like Mac OS X) AppleWebKit/537.51.1 (KHTML, like Gecko) Version/7.0 Mobile/11B554a Safari/9537.53"
94.145.68.182 - - [06/Jan/2014:04:01:52 -0500] "GET /index.php/notifications?get=count HTTP/1.1" 200 24 "http://www.pacetest.dk/" "Mozilla/5.0 (Windows NT 6.2; WOW64; rv:26.0) Gecko/20100101 Firefox/26.0"
178.21.88.155 - - [06/Jan/2014:04:01:58 -0500] "POST /index.php/people/session?action=delete&return=aHR0cDovL3d3dy5wYWNldGVzdC5kay8%3D HTTP/1.1" 303 - "http://www.pacetest.dk/index.php/pages/439-deltagerliste-jylland-17-18-19-januar-2014" "Mozilla/5.0 (iPad; CPU OS 7_0_4 like Mac OS X) AppleWebKit/537.51.1 (KHTML, like Gecko) Version/7.0 Mobile/11B554a Safari/9537.53"
178.21.88.155 - - [06/Jan/2014:04:01:59 -0500] "GET /index.php HTTP/1.1" 200 7826 "http://www.pacetest.dk/index.php/pages/439-deltagerliste-jylland-17-18-19-januar-2014" "Mozilla/5.0 (iPad; CPU OS 7_0_4 like Mac OS X) AppleWebKit/537.51.1 (KHTML, like Gecko) Version/7.0 Mobile/11B554a Safari/9537.53"
178.21.88.155 - - [06/Jan/2014:04:02:02 -0500] "GET /index.php/people/session?layout=modal&return=aHR0cDovL3d3dy5wYWNldGVzdC5kay9pbmRleC5waHA%3D&hq3i3gbk HTTP/1.1" 200 1467 "http://www.pacetest.dk/index.php" "Mozilla/5.0 (iPad; CPU OS 7_0_4 like Mac OS X) AppleWebKit/537.51.1 (KHTML, like Gecko) Version/7.0 Mobile/11B554a Safari/9537.53"
94.145.68.182 - - [06/Jan/2014:04:02:21 -0500] "GET /index.php/notifications?get=count HTTP/1.1" 200 24 "http://www.pacetest.dk/" "Mozilla/5.0 (Windows NT 6.2; WOW64; rv:26.0) Gecko/20100101 Firefox/26.0"
178.21.88.155 - - [06/Jan/2014:04:02:23 -0500] "POST /index.php/people/session?layout=modal HTTP/1.1" 303 - "http://www.pacetest.dk/index.php" "Mozilla/5.0 (iPad; CPU OS 7_0_4 like Mac OS X) AppleWebKit/537.51.1 (KHTML, like Gecko) Version/7.0 Mobile/11B554a Safari/9537.53"
178.21.88.155 - - [06/Jan/2014:04:02:24 -0500] "GET /index.php HTTP/1.1" 200 86116 "http://www.pacetest.dk/index.php" "Mozilla/5.0 (iPad; CPU OS 7_0_4 like Mac OS X) AppleWebKit/537.51.1 (KHTML, like Gecko) Version/7.0 Mobile/11B554a Safari/9537.53"
178.21.88.155 - - [06/Jan/2014:04:02:32 -0500] "GET /index.php/stories?layout=list&filter=leaders&start=20&limit=20 HTTP/1.1" 200 31757 "http://www.pacetest.dk/index.php" "Mozilla/5.0 (iPad; CPU OS 7_0_4 like Mac OS X) AppleWebKit/537.51.1 (KHTML, like Gecko) Version/7.0 Mobile/11B554a Safari/9537.53"
178.21.88.155 - - [06/Jan/2014:04:02:33 -0500] "GET /index.php/stories?layout=list&filter=leaders&start=40&limit=20 HTTP/1.1" 200 58811 "http://www.pacetest.dk/index.php" "Mozilla/5.0 (iPad; CPU OS 7_0_4 like Mac OS X) AppleWebKit/537.51.1 (KHTML, like Gecko) Version/7.0 Mobile/11B554a Safari/9537.53"
178.21.88.155 - - [06/Jan/2014:04:02:42 -0500] "GET /index.php/stories?layout=list&filter=leaders&start=60&limit=20 HTTP/1.1" 200 34814 "http://www.pacetest.dk/index.php" "Mozilla/5.0 (iPad; CPU OS 7_0_4 like Mac OS X) AppleWebKit/537.51.1 (KHTML, like Gecko) Version/7.0 Mobile/11B554a Safari/9537.53"
- - - [06/Jan/2014:04:02:48 -0500] "OPTIONS * HTTP/1.0" 200 - "-" "Apache/2.2.22 (Red Hat Enterprise Web Server) (internal dummy connection)"
94.145.68.182 - - [06/Jan/2014:04:02:51 -0500] "GET /index.php/notifications?get=count HTTP/1.1" 200 24 "http://www.pacetest.dk/" "Mozilla/5.0 (Windows NT 6.2; WOW64; rv:26.0) Gecko/20100101 Firefox/26.0"
178.21.88.155 - - [06/Jan/2014:04:03:02 -0500] "GET /index.php/notifications?get=count HTTP/1.1" 200 24 "http://www.pacetest.dk/index.php" "Mozilla/5.0 (iPad; CPU OS 7_0_4 like Mac OS X) AppleWebKit/537.51.1 (KHTML, like Gecko) Version/7.0 Mobile/11B554a Safari/9537.53"
94.145.68.182 - - [06/Jan/2014:04:03:22 -0500] "GET /index.php/notifications?get=count HTTP/1.1" 200 24 "http://www.pacetest.dk/" "Mozilla/5.0 (Windows NT 6.2; WOW64; rv:26.0) Gecko/20100101 Firefox/26.0"
178.21.88.155 - - [06/Jan/2014:04:03:33 -0500] "GET /index.php/notifications?get=count HTTP/1.1" 200 24 "http://www.pacetest.dk/index.php" "Mozilla/5.0 (iPad; CPU OS 7_0_4 like Mac OS X) AppleWebKit/537.51.1 (KHTML, like Gecko) Version/7.0 Mobile/11B554a Safari/9537.53"
94.145.68.182 - - [06/Jan/2014:04:03:52 -0500] "GET /index.php/notifications?get=count HTTP/1.1" 200 24 "http://www.pacetest.dk/" "Mozilla/5.0 (Windows NT 6.2; WOW64; rv:26.0) Gecko/20100101 Firefox/26.0"
178.21.88.155 - - [06/Jan/2014:04:03:53 -0500] "GET /index.php/notifications?layout=popover&hq3i44yj HTTP/1.1" 200 3883 "http://www.pacetest.dk/index.php" "Mozilla/5.0 (iPad; CPU OS 7_0_4 like Mac OS X) AppleWebKit/537.51.1 (KHTML, like Gecko) Version/7.0 Mobile/11B554a Safari/9537.53"
178.21.88.155 - - [06/Jan/2014:04:04:05 -0500] "GET /index.php/notifications?get=count HTTP/1.1" 200 24 "http://www.pacetest.dk/index.php" "Mozilla/5.0 (iPad; CPU OS 7_0_4 like Mac OS X) AppleWebKit/537.51.1 (KHTML, like Gecko) Version/7.0 Mobile/11B554a Safari/9537.53"
178.21.88.155 - - [06/Jan/2014:04:04:07 -0500] "GET /index.php/notes/571 HTTP/1.1" 200 14247 "http://www.pacetest.dk/index.php" "Mozilla/5.0 (iPad; CPU OS 7_0_4 like Mac OS X) AppleWebKit/537.51.1 (KHTML, like Gecko) Version/7.0 Mobile/11B554a Safari/9537.53"
178.21.88.155 - - [06/Jan/2014:04:04:19 -0500] "GET /index.php/menu/groups HTTP/1.1" 200 15129 "http://www.pacetest.dk/index.php/notes/571" "Mozilla/5.0 (iPad; CPU OS 7_0_4 like Mac OS X) AppleWebKit/537.51.1 (KHTML, like Gecko) Version/7.0 Mobile/11B554a Safari/9537.53"
94.145.68.182 - - [06/Jan/2014:04:04:21 -0500] "GET /index.php/notifications?get=count HTTP/1.1" 200 24 "http://www.pacetest.dk/" "Mozilla/5.0 (Windows NT 6.2; WOW64; rv:26.0) Gecko/20100101 Firefox/26.0"
178.21.88.155 - - [06/Jan/2014:04:04:34 -0500] "GET /index.php/groups/197-ga-nextlevel-jylland HTTP/1.1" 200 34797 "http://www.pacetest.dk/index.php/menu/groups" "Mozilla/5.0 (iPad; CPU OS 7_0_4 like Mac OS X) AppleWebKit/537.51.1 (KHTML, like Gecko) Version/7.0 Mobile/11B554a Safari/9537.53"
178.21.88.155 - - [06/Jan/2014:04:04:40 -0500] "GET /index.php/groups/197/graph/followers?layout=gadget&hq3i6v6i HTTP/1.1" 200 3045 "http://www.pacetest.dk/index.php/groups/197-ga-nextlevel-jylland" "Mozilla/5.0 (iPad; CPU OS 7_0_4 like Mac OS X) AppleWebKit/537.51.1 (KHTML, like Gecko) Version/7.0 Mobile/11B554a Safari/9537.53"
94.145.68.182 - - [06/Jan/2014:04:04:52 -0500] "GET /index.php/notifications?get=count HTTP/1.1" 200 24 "http://www.pacetest.dk/" "Mozilla/5.0 (Windows NT 6.2; WOW64; rv:26.0) Gecko/20100101 Firefox/26.0"
178.21.88.155 - - [06/Jan/2014:04:04:50 -0500] "GET /index.php/people/BentRS HTTP/1.1" 200 40055 "http://www.pacetest.dk/index.php/groups/197-ga-nextlevel-jylland" "Mozilla/5.0 (iPad; CPU OS 7_0_4 like Mac OS X) AppleWebKit/537.51.1 (KHTML, like Gecko) Version/7.0 Mobile/11B554a Safari/9537.53"
178.21.88.155 - - [06/Jan/2014:04:04:57 -0500] "GET /index.php/people/BentRS/graph/followers?layout=gadget&hq3i78oq HTTP/1.1" 200 7548 "http://www.pacetest.dk/index.php/people/BentRS" "Mozilla/5.0 (iPad; CPU OS 7_0_4 like Mac OS X) AppleWebKit/537.51.1 (KHTML, like Gecko) Version/7.0 Mobile/11B554a Safari/9537.53"
- - - [06/Jan/2014:04:04:59 -0500] "OPTIONS * HTTP/1.0" 200 - "-" "Apache/2.2.22 (Red Hat Enterprise Web Server) (internal dummy connection)"
178.21.88.155 - - [06/Jan/2014:04:05:18 -0500] "GET /index.php/notes/@1/note?layout=composer&hq3i78ot HTTP/1.1" 200 942 "http://www.pacetest.dk/index.php/people/BentRS" "Mozilla/5.0 (iPad; CPU OS 7_0_4 like Mac OS X) AppleWebKit/537.51.1 (KHTML, like Gecko) Version/7.0 Mobile/11B554a Safari/9537.53"
94.145.68.182 - - [06/Jan/2014:04:05:21 -0500] "GET /index.php/notifications?get=count HTTP/1.1" 200 24 "http://www.pacetest.dk/" "Mozilla/5.0 (Windows NT 6.2; WOW64; rv:26.0) Gecko/20100101 Firefox/26.0"
178.21.88.155 - - [06/Jan/2014:04:05:27 -0500] "GET /index.php/notifications?get=count HTTP/1.1" 200 24 "http://www.pacetest.dk/index.php/people/BentRS" "Mozilla/5.0 (iPad; CPU OS 7_0_4 like Mac OS X) AppleWebKit/537.51.1 (KHTML, like Gecko) Version/7.0 Mobile/11B554a Safari/9537.53"
94.145.68.182 - - [06/Jan/2014:04:05:52 -0500] "GET /index.php/notifications?get=count HTTP/1.1" 200 24 "http://www.pacetest.dk/" "Mozilla/5.0 (Windows NT 6.2; WOW64; rv:26.0) Gecko/20100101 Firefox/26.0"
178.21.88.155 - - [06/Jan/2014:04:05:57 -0500] "GET /index.php/notifications?get=count HTTP/1.1" 200 24 "http://www.pacetest.dk/index.php/people/BentRS" "Mozilla/5.0 (iPad; CPU OS 7_0_4 like Mac OS X) AppleWebKit/537.51.1 (KHTML, like Gecko) Version/7.0 Mobile/11B554a Safari/9537.53"
94.145.68.182 - - [06/Jan/2014:04:06:21 -0500] "GET /index.php/notifications?get=count HTTP/1.1" 200 24 "http://www.pacetest.dk/" "Mozilla/5.0 (Windows NT 6.2; WOW64; rv:26.0) Gecko/20100101 Firefox/26.0"
178.21.88.155 - - [06/Jan/2014:04:06:27 -0500] "GET /index.php/notifications?get=count HTTP/1.1" 200 24 "http://www.pacetest.dk/index.php/people/BentRS" "Mozilla/5.0 (iPad; CPU OS 7_0_4 like Mac OS X) AppleWebKit/537.51.1 (KHTML, like Gecko) Version/7.0 Mobile/11B554a Safari/9537.53"
94.145.68.182 - - [06/Jan/2014:04:06:51 -0500] "GET /index.php/notifications?get=count HTTP/1.1" 200 24 "http://www.pacetest.dk/" "Mozilla/5.0 (Windows NT 6.2; WOW64; rv:26.0) Gecko/20100101 Firefox/26.0"
178.21.88.155 - - [06/Jan/2014:04:06:57 -0500] "GET /index.php/notifications?get=count HTTP/1.1" 200 24 "http://www.pacetest.dk/index.php/people/BentRS" "Mozilla/5.0 (iPad; CPU OS 7_0_4 like Mac OS X) AppleWebKit/537.51.1 (KHTML, like Gecko) Version/7.0 Mobile/11B554a Safari/9537.53"
94.145.68.182 - - [06/Jan/2014:04:07:22 -0500] "GET /index.php/notifications?get=count HTTP/1.1" 200 24 "http://www.pacetest.dk/" "Mozilla/5.0 (Windows NT 6.2; WOW64; rv:26.0) Gecko/20100101 Firefox/26.0"
178.21.88.155 - - [06/Jan/2014:04:07:27 -0500] "GET /index.php/notifications?get=count HTTP/1.1" 200 24 "http://www.pacetest.dk/index.php/people/BentRS" "Mozilla/5.0 (iPad; CPU OS 7_0_4 like Mac OS X) AppleWebKit/537.51.1 (KHTML, like Gecko) Version/7.0 Mobile/11B554a Safari/9537.53"
178.21.88.155 - - [06/Jan/2014:04:07:31 -0500] "POST /index.php/notes/@1/note?layout=composer&hq3i78ow HTTP/1.1" 201 4447 "http://www.pacetest.dk/index.php/people/BentRS" "Mozilla/5.0 (iPad; CPU OS 7_0_4 like Mac OS X) AppleWebKit/537.51.1 (KHTML, like Gecko) Version/7.0 Mobile/11B554a Safari/9537.53"
94.145.68.182 - - [06/Jan/2014:04:07:51 -0500] "GET /index.php/notifications?get=count HTTP/1.1" 200 24 "http://www.pacetest.dk/" "Mozilla/5.0 (Windows NT 6.2; WOW64; rv:26.0) Gecko/20100101 Firefox/26.0"
178.21.88.155 - - [06/Jan/2014:04:07:57 -0500] "GET /index.php/notifications?get=count HTTP/1.1" 200 24 "http://www.pacetest.dk/index.php/people/BentRS" "Mozilla/5.0 (iPad; CPU OS 7_0_4 like Mac OS X) AppleWebKit/537.51.1 (KHTML, like Gecko) Version/7.0 Mobile/11B554a Safari/9537.53"
178.21.88.155 - - [06/Jan/2014:04:08:06 -0500] "GET /index.php/menu/groups HTTP/1.1" 200 15129 "http://www.pacetest.dk/index.php/people/BentRS" "Mozilla/5.0 (iPad; CPU OS 7_0_4 like Mac OS X) AppleWebKit/537.51.1 (KHTML, like Gecko) Version/7.0 Mobile/11B554a Safari/9537.53"
178.21.88.155 - - [06/Jan/2014:04:08:15 -0500] "POST /index.php/people/session?action=delete&return=aHR0cDovL3d3dy5wYWNldGVzdC5kay8%3D HTTP/1.1" 303 - "http://www.pacetest.dk/index.php/menu/groups" "Mozilla/5.0 (iPad; CPU OS 7_0_4 like Mac OS X) AppleWebKit/537.51.1 (KHTML, like Gecko) Version/7.0 Mobile/11B554a Safari/9537.53"
178.21.88.155 - - [06/Jan/2014:04:08:16 -0500] "GET /index.php HTTP/1.1" 200 7826 "http://www.pacetest.dk/index.php/menu/groups" "Mozilla/5.0 (iPad; CPU OS 7_0_4 like Mac OS X) AppleWebKit/537.51.1 (KHTML, like Gecko) Version/7.0 Mobile/11B554a Safari/9537.53"
178.21.88.155 - - [06/Jan/2014:04:08:19 -0500] "GET /index.php/people/session?layout=modal&return=aHR0cDovL3d3dy5wYWNldGVzdC5kay9pbmRleC5waHA%3D&hq3ibjgw HTTP/1.1" 200 1467 "http://www.pacetest.dk/index.php" "Mozilla/5.0 (iPad; CPU OS 7_0_4 like Mac OS X) AppleWebKit/537.51.1 (KHTML, like Gecko) Version/7.0 Mobile/11B554a Safari/9537.53"
94.145.68.182 - - [06/Jan/2014:04:08:21 -0500] "GET /index.php/notifications?get=count HTTP/1.1" 200 24 "http://www.pacetest.dk/" "Mozilla/5.0 (Windows NT 6.2; WOW64; rv:26.0) Gecko/20100101 Firefox/26.0"
178.21.88.155 - - [06/Jan/2014:04:08:45 -0500] "POST /index.php/people/session?layout=modal HTTP/1.1" 303 - "http://www.pacetest.dk/index.php" "Mozilla/5.0 (iPad; CPU OS 7_0_4 like Mac OS X) AppleWebKit/537.51.1 (KHTML, like Gecko) Version/7.0 Mobile/11B554a Safari/9537.53"
94.145.68.182 - - [06/Jan/2014:04:08:51 -0500] "GET /index.php/notifications?get=count HTTP/1.1" 200 24 "http://www.pacetest.dk/" "Mozilla/5.0 (Windows NT 6.2; WOW64; rv:26.0) Gecko/20100101 Firefox/26.0"
178.21.88.155 - - [06/Jan/2014:04:08:46 -0500] "GET /index.php HTTP/1.1" 200 86275 "http://www.pacetest.dk/index.php" "Mozilla/5.0 (iPad; CPU OS 7_0_4 like Mac OS X) AppleWebKit/537.51.1 (KHTML, like Gecko) Version/7.0 Mobile/11B554a Safari/9537.53"
- - - [06/Jan/2014:04:08:55 -0500] "OPTIONS * HTTP/1.0" 200 - "-" "Apache/2.2.22 (Red Hat Enterprise Web Server) (internal dummy connection)"
178.21.88.155 - - [06/Jan/2014:04:08:55 -0500] "GET /index.php/stories?layout=list&filter=leaders&start=20&limit=20 HTTP/1.1" 200 31759 "http://www.pacetest.dk/index.php" "Mozilla/5.0 (iPad; CPU OS 7_0_4 like Mac OS X) AppleWebKit/537.51.1 (KHTML, like Gecko) Version/7.0 Mobile/11B554a Safari/9537.53"
178.21.88.155 - - [06/Jan/2014:04:08:55 -0500] "GET /index.php/stories?layout=list&filter=leaders&start=40&limit=20 HTTP/1.1" 200 58827 "http://www.pacetest.dk/index.php" "Mozilla/5.0 (iPad; CPU OS 7_0_4 like Mac OS X) AppleWebKit/537.51.1 (KHTML, like Gecko) Version/7.0 Mobile/11B554a Safari/9537.53"
- - - [06/Jan/2014:04:09:06 -0500] "OPTIONS * HTTP/1.0" 200 - "-" "Apache/2.2.22 (Red Hat Enterprise Web Server) (internal dummy connection)"
94.145.68.182 - - [06/Jan/2014:04:09:21 -0500] "GET /index.php/notifications?get=count HTTP/1.1" 200 24 "http://www.pacetest.dk/" "Mozilla/5.0 (Windows NT 6.2; WOW64; rv:26.0) Gecko/20100101 Firefox/26.0"
94.145.68.182 - - [06/Jan/2014:04:09:52 -0500] "GET /index.php/notifications?get=count HTTP/1.1" 200 24 "http://www.pacetest.dk/" "Mozilla/5.0 (Windows NT 6.2; WOW64; rv:26.0) Gecko/20100101 Firefox/26.0"
10.110.62.41 - - [06/Jan/2014:04:10:17 -0500] "GET / HTTP/1.1" 200 7906 "-" "Ruby"
10.110.62.41 - - [06/Jan/2014:04:10:19 -0500] "GET / HTTP/1.1" 200 7909 "-" "Ruby"
94.145.68.182 - - [06/Jan/2014:04:10:22 -0500] "GET /index.php/notifications?get=count HTTP/1.1" 200 24 "http://www.pacetest.dk/" "Mozilla/5.0 (Windows NT 6.2; WOW64; rv:26.0) Gecko/20100101 Firefox/26.0"
94.145.68.182 - - [06/Jan/2014:04:10:51 -0500] "GET /index.php/notifications?get=count HTTP/1.1" 200 24 "http://www.pacetest.dk/" "Mozilla/5.0 (Windows NT 6.2; WOW64; rv:26.0) Gecko/20100101 Firefox/26.0"
