94.145.68.182 - - [06/Jan/2014:15:20:43 -0500] "GET /index.php/notifications?get=count HTTP/1.1" 200 24 "http://www.pacetest.dk/" "Mozilla/5.0 (Windows NT 6.2; WOW64; rv:26.0) Gecko/20100101 Firefox/26.0"
94.145.68.182 - - [06/Jan/2014:15:21:13 -0500] "GET /index.php/notifications?get=count HTTP/1.1" 200 24 "http://www.pacetest.dk/" "Mozilla/5.0 (Windows NT 6.2; WOW64; rv:26.0) Gecko/20100101 Firefox/26.0"
94.145.68.182 - - [06/Jan/2014:15:21:43 -0500] "GET /index.php/notifications?get=count HTTP/1.1" 200 24 "http://www.pacetest.dk/" "Mozilla/5.0 (Windows NT 6.2; WOW64; rv:26.0) Gecko/20100101 Firefox/26.0"
94.145.68.182 - - [06/Jan/2014:15:22:13 -0500] "GET /index.php/notifications?get=count HTTP/1.1" 200 24 "http://www.pacetest.dk/" "Mozilla/5.0 (Windows NT 6.2; WOW64; rv:26.0) Gecko/20100101 Firefox/26.0"
94.145.68.182 - - [06/Jan/2014:15:22:43 -0500] "GET /index.php/notifications?get=count HTTP/1.1" 200 24 "http://www.pacetest.dk/" "Mozilla/5.0 (Windows NT 6.2; WOW64; rv:26.0) Gecko/20100101 Firefox/26.0"
94.145.68.182 - - [06/Jan/2014:15:23:13 -0500] "GET /index.php/notifications?get=count HTTP/1.1" 200 24 "http://www.pacetest.dk/" "Mozilla/5.0 (Windows NT 6.2; WOW64; rv:26.0) Gecko/20100101 Firefox/26.0"
94.145.68.182 - - [06/Jan/2014:15:23:43 -0500] "GET /index.php/notifications?get=count HTTP/1.1" 200 24 "http://www.pacetest.dk/" "Mozilla/5.0 (Windows NT 6.2; WOW64; rv:26.0) Gecko/20100101 Firefox/26.0"
94.145.68.182 - - [06/Jan/2014:15:24:13 -0500] "GET /index.php/notifications?get=count HTTP/1.1" 200 24 "http://www.pacetest.dk/" "Mozilla/5.0 (Windows NT 6.2; WOW64; rv:26.0) Gecko/20100101 Firefox/26.0"
94.145.68.182 - - [06/Jan/2014:15:24:43 -0500] "GET /index.php/notifications?get=count HTTP/1.1" 200 24 "http://www.pacetest.dk/" "Mozilla/5.0 (Windows NT 6.2; WOW64; rv:26.0) Gecko/20100101 Firefox/26.0"
94.145.68.182 - - [06/Jan/2014:15:25:13 -0500] "GET /index.php/notifications?get=count HTTP/1.1" 200 24 "http://www.pacetest.dk/" "Mozilla/5.0 (Windows NT 6.2; WOW64; rv:26.0) Gecko/20100101 Firefox/26.0"
94.145.68.182 - - [06/Jan/2014:15:25:43 -0500] "GET /index.php/notifications?get=count HTTP/1.1" 200 24 "http://www.pacetest.dk/" "Mozilla/5.0 (Windows NT 6.2; WOW64; rv:26.0) Gecko/20100101 Firefox/26.0"
94.145.68.182 - - [06/Jan/2014:15:26:13 -0500] "GET /index.php/notifications?get=count HTTP/1.1" 200 24 "http://www.pacetest.dk/" "Mozilla/5.0 (Windows NT 6.2; WOW64; rv:26.0) Gecko/20100101 Firefox/26.0"
94.145.68.182 - - [06/Jan/2014:15:26:43 -0500] "GET /index.php/notifications?get=count HTTP/1.1" 200 24 "http://www.pacetest.dk/" "Mozilla/5.0 (Windows NT 6.2; WOW64; rv:26.0) Gecko/20100101 Firefox/26.0"
94.145.68.182 - - [06/Jan/2014:15:27:13 -0500] "GET /index.php/notifications?get=count HTTP/1.1" 200 24 "http://www.pacetest.dk/" "Mozilla/5.0 (Windows NT 6.2; WOW64; rv:26.0) Gecko/20100101 Firefox/26.0"
94.145.68.182 - - [06/Jan/2014:15:27:44 -0500] "GET /index.php/notifications?get=count HTTP/1.1" 200 24 "http://www.pacetest.dk/" "Mozilla/5.0 (Windows NT 6.2; WOW64; rv:26.0) Gecko/20100101 Firefox/26.0"
94.145.68.182 - - [06/Jan/2014:15:28:13 -0500] "GET /index.php/notifications?get=count HTTP/1.1" 200 24 "http://www.pacetest.dk/" "Mozilla/5.0 (Windows NT 6.2; WOW64; rv:26.0) Gecko/20100101 Firefox/26.0"
94.145.68.182 - - [06/Jan/2014:15:28:43 -0500] "GET /index.php/notifications?get=count HTTP/1.1" 200 24 "http://www.pacetest.dk/" "Mozilla/5.0 (Windows NT 6.2; WOW64; rv:26.0) Gecko/20100101 Firefox/26.0"
94.145.68.182 - - [06/Jan/2014:15:29:13 -0500] "GET /index.php/notifications?get=count HTTP/1.1" 200 24 "http://www.pacetest.dk/" "Mozilla/5.0 (Windows NT 6.2; WOW64; rv:26.0) Gecko/20100101 Firefox/26.0"
94.145.68.182 - - [06/Jan/2014:15:29:43 -0500] "GET /index.php/notifications?get=count HTTP/1.1" 200 24 "http://www.pacetest.dk/" "Mozilla/5.0 (Windows NT 6.2; WOW64; rv:26.0) Gecko/20100101 Firefox/26.0"
94.145.68.182 - - [06/Jan/2014:15:30:14 -0500] "GET /index.php/notifications?get=count HTTP/1.1" 200 24 "http://www.pacetest.dk/" "Mozilla/5.0 (Windows NT 6.2; WOW64; rv:26.0) Gecko/20100101 Firefox/26.0"
94.145.68.182 - - [06/Jan/2014:15:30:43 -0500] "GET /index.php/notifications?get=count HTTP/1.1" 200 24 "http://www.pacetest.dk/" "Mozilla/5.0 (Windows NT 6.2; WOW64; rv:26.0) Gecko/20100101 Firefox/26.0"
94.145.68.182 - - [06/Jan/2014:15:31:13 -0500] "GET /index.php/notifications?get=count HTTP/1.1" 200 24 "http://www.pacetest.dk/" "Mozilla/5.0 (Windows NT 6.2; WOW64; rv:26.0) Gecko/20100101 Firefox/26.0"
94.145.68.182 - - [06/Jan/2014:15:31:43 -0500] "GET /index.php/notifications?get=count HTTP/1.1" 200 24 "http://www.pacetest.dk/" "Mozilla/5.0 (Windows NT 6.2; WOW64; rv:26.0) Gecko/20100101 Firefox/26.0"
94.145.68.182 - - [06/Jan/2014:15:32:13 -0500] "GET /index.php/notifications?get=count HTTP/1.1" 200 24 "http://www.pacetest.dk/" "Mozilla/5.0 (Windows NT 6.2; WOW64; rv:26.0) Gecko/20100101 Firefox/26.0"
94.145.68.182 - - [06/Jan/2014:15:32:43 -0500] "GET /index.php/notifications?get=count HTTP/1.1" 200 24 "http://www.pacetest.dk/" "Mozilla/5.0 (Windows NT 6.2; WOW64; rv:26.0) Gecko/20100101 Firefox/26.0"
94.145.68.182 - - [06/Jan/2014:15:33:13 -0500] "GET /index.php/notifications?get=count HTTP/1.1" 200 24 "http://www.pacetest.dk/" "Mozilla/5.0 (Windows NT 6.2; WOW64; rv:26.0) Gecko/20100101 Firefox/26.0"
94.145.68.182 - - [06/Jan/2014:15:33:43 -0500] "GET /index.php/notifications?get=count HTTP/1.1" 200 24 "http://www.pacetest.dk/" "Mozilla/5.0 (Windows NT 6.2; WOW64; rv:26.0) Gecko/20100101 Firefox/26.0"
94.145.68.182 - - [06/Jan/2014:15:34:13 -0500] "GET /index.php/notifications?get=count HTTP/1.1" 200 24 "http://www.pacetest.dk/" "Mozilla/5.0 (Windows NT 6.2; WOW64; rv:26.0) Gecko/20100101 Firefox/26.0"
94.145.68.182 - - [06/Jan/2014:15:34:43 -0500] "GET /index.php/notifications?get=count HTTP/1.1" 200 24 "http://www.pacetest.dk/" "Mozilla/5.0 (Windows NT 6.2; WOW64; rv:26.0) Gecko/20100101 Firefox/26.0"
94.145.68.182 - - [06/Jan/2014:15:35:13 -0500] "GET /index.php/notifications?get=count HTTP/1.1" 200 24 "http://www.pacetest.dk/" "Mozilla/5.0 (Windows NT 6.2; WOW64; rv:26.0) Gecko/20100101 Firefox/26.0"
94.145.68.182 - - [06/Jan/2014:15:35:43 -0500] "GET /index.php/notifications?get=count HTTP/1.1" 200 24 "http://www.pacetest.dk/" "Mozilla/5.0 (Windows NT 6.2; WOW64; rv:26.0) Gecko/20100101 Firefox/26.0"
94.145.68.182 - - [06/Jan/2014:15:36:13 -0500] "GET /index.php/notifications?get=count HTTP/1.1" 200 24 "http://www.pacetest.dk/" "Mozilla/5.0 (Windows NT 6.2; WOW64; rv:26.0) Gecko/20100101 Firefox/26.0"
94.145.68.182 - - [06/Jan/2014:15:36:43 -0500] "GET /index.php/notifications?get=count HTTP/1.1" 200 24 "http://www.pacetest.dk/" "Mozilla/5.0 (Windows NT 6.2; WOW64; rv:26.0) Gecko/20100101 Firefox/26.0"
94.145.68.182 - - [06/Jan/2014:15:37:13 -0500] "GET /index.php/notifications?get=count HTTP/1.1" 200 24 "http://www.pacetest.dk/" "Mozilla/5.0 (Windows NT 6.2; WOW64; rv:26.0) Gecko/20100101 Firefox/26.0"
94.145.68.182 - - [06/Jan/2014:15:37:43 -0500] "GET /index.php/notifications?get=count HTTP/1.1" 200 24 "http://www.pacetest.dk/" "Mozilla/5.0 (Windows NT 6.2; WOW64; rv:26.0) Gecko/20100101 Firefox/26.0"
94.145.68.182 - - [06/Jan/2014:15:38:13 -0500] "GET /index.php/notifications?get=count HTTP/1.1" 200 24 "http://www.pacetest.dk/" "Mozilla/5.0 (Windows NT 6.2; WOW64; rv:26.0) Gecko/20100101 Firefox/26.0"
94.145.68.182 - - [06/Jan/2014:15:38:43 -0500] "GET /index.php/notifications?get=count HTTP/1.1" 200 24 "http://www.pacetest.dk/" "Mozilla/5.0 (Windows NT 6.2; WOW64; rv:26.0) Gecko/20100101 Firefox/26.0"
94.145.68.182 - - [06/Jan/2014:15:39:13 -0500] "GET /index.php/notifications?get=count HTTP/1.1" 200 24 "http://www.pacetest.dk/" "Mozilla/5.0 (Windows NT 6.2; WOW64; rv:26.0) Gecko/20100101 Firefox/26.0"
94.145.68.182 - - [06/Jan/2014:15:39:43 -0500] "GET /index.php/notifications?get=count HTTP/1.1" 200 24 "http://www.pacetest.dk/" "Mozilla/5.0 (Windows NT 6.2; WOW64; rv:26.0) Gecko/20100101 Firefox/26.0"
94.145.68.182 - - [06/Jan/2014:15:40:13 -0500] "GET /index.php/notifications?get=count HTTP/1.1" 200 24 "http://www.pacetest.dk/" "Mozilla/5.0 (Windows NT 6.2; WOW64; rv:26.0) Gecko/20100101 Firefox/26.0"
94.145.68.182 - - [06/Jan/2014:15:40:43 -0500] "GET /index.php/notifications?get=count HTTP/1.1" 200 24 "http://www.pacetest.dk/" "Mozilla/5.0 (Windows NT 6.2; WOW64; rv:26.0) Gecko/20100101 Firefox/26.0"
94.145.68.182 - - [06/Jan/2014:15:41:13 -0500] "GET /index.php/notifications?get=count HTTP/1.1" 200 24 "http://www.pacetest.dk/" "Mozilla/5.0 (Windows NT 6.2; WOW64; rv:26.0) Gecko/20100101 Firefox/26.0"
94.145.68.182 - - [06/Jan/2014:15:41:43 -0500] "GET /index.php/notifications?get=count HTTP/1.1" 200 24 "http://www.pacetest.dk/" "Mozilla/5.0 (Windows NT 6.2; WOW64; rv:26.0) Gecko/20100101 Firefox/26.0"
94.145.68.182 - - [06/Jan/2014:15:42:13 -0500] "GET /index.php/notifications?get=count HTTP/1.1" 200 24 "http://www.pacetest.dk/" "Mozilla/5.0 (Windows NT 6.2; WOW64; rv:26.0) Gecko/20100101 Firefox/26.0"
94.145.68.182 - - [06/Jan/2014:15:42:43 -0500] "GET /index.php/notifications?get=count HTTP/1.1" 200 24 "http://www.pacetest.dk/" "Mozilla/5.0 (Windows NT 6.2; WOW64; rv:26.0) Gecko/20100101 Firefox/26.0"
94.145.68.182 - - [06/Jan/2014:15:43:13 -0500] "GET /index.php/notifications?get=count HTTP/1.1" 200 24 "http://www.pacetest.dk/" "Mozilla/5.0 (Windows NT 6.2; WOW64; rv:26.0) Gecko/20100101 Firefox/26.0"
94.145.68.182 - - [06/Jan/2014:15:43:43 -0500] "GET /index.php/notifications?get=count HTTP/1.1" 200 24 "http://www.pacetest.dk/" "Mozilla/5.0 (Windows NT 6.2; WOW64; rv:26.0) Gecko/20100101 Firefox/26.0"
94.145.68.182 - - [06/Jan/2014:15:44:13 -0500] "GET /index.php/notifications?get=count HTTP/1.1" 200 24 "http://www.pacetest.dk/" "Mozilla/5.0 (Windows NT 6.2; WOW64; rv:26.0) Gecko/20100101 Firefox/26.0"
94.145.68.182 - - [06/Jan/2014:15:44:43 -0500] "GET /index.php/notifications?get=count HTTP/1.1" 200 24 "http://www.pacetest.dk/" "Mozilla/5.0 (Windows NT 6.2; WOW64; rv:26.0) Gecko/20100101 Firefox/26.0"
94.145.68.182 - - [06/Jan/2014:15:45:13 -0500] "GET /index.php/notifications?get=count HTTP/1.1" 200 24 "http://www.pacetest.dk/" "Mozilla/5.0 (Windows NT 6.2; WOW64; rv:26.0) Gecko/20100101 Firefox/26.0"
94.145.68.182 - - [06/Jan/2014:15:45:43 -0500] "GET /index.php/notifications?get=count HTTP/1.1" 200 24 "http://www.pacetest.dk/" "Mozilla/5.0 (Windows NT 6.2; WOW64; rv:26.0) Gecko/20100101 Firefox/26.0"
94.145.68.182 - - [06/Jan/2014:15:46:13 -0500] "GET /index.php/notifications?get=count HTTP/1.1" 200 24 "http://www.pacetest.dk/" "Mozilla/5.0 (Windows NT 6.2; WOW64; rv:26.0) Gecko/20100101 Firefox/26.0"
94.145.68.182 - - [06/Jan/2014:15:46:43 -0500] "GET /index.php/notifications?get=count HTTP/1.1" 200 24 "http://www.pacetest.dk/" "Mozilla/5.0 (Windows NT 6.2; WOW64; rv:26.0) Gecko/20100101 Firefox/26.0"
94.145.68.182 - - [06/Jan/2014:15:47:13 -0500] "GET /index.php/notifications?get=count HTTP/1.1" 200 24 "http://www.pacetest.dk/" "Mozilla/5.0 (Windows NT 6.2; WOW64; rv:26.0) Gecko/20100101 Firefox/26.0"
94.145.68.182 - - [06/Jan/2014:15:47:43 -0500] "GET /index.php/notifications?get=count HTTP/1.1" 200 24 "http://www.pacetest.dk/" "Mozilla/5.0 (Windows NT 6.2; WOW64; rv:26.0) Gecko/20100101 Firefox/26.0"
94.145.68.182 - - [06/Jan/2014:15:48:13 -0500] "GET /index.php/notifications?get=count HTTP/1.1" 200 24 "http://www.pacetest.dk/" "Mozilla/5.0 (Windows NT 6.2; WOW64; rv:26.0) Gecko/20100101 Firefox/26.0"
94.145.68.182 - - [06/Jan/2014:15:48:43 -0500] "GET /index.php/notifications?get=count HTTP/1.1" 200 24 "http://www.pacetest.dk/" "Mozilla/5.0 (Windows NT 6.2; WOW64; rv:26.0) Gecko/20100101 Firefox/26.0"
94.145.68.182 - - [06/Jan/2014:15:49:13 -0500] "GET /index.php/notifications?get=count HTTP/1.1" 200 24 "http://www.pacetest.dk/" "Mozilla/5.0 (Windows NT 6.2; WOW64; rv:26.0) Gecko/20100101 Firefox/26.0"
94.145.68.182 - - [06/Jan/2014:15:49:43 -0500] "GET /index.php/notifications?get=count HTTP/1.1" 200 24 "http://www.pacetest.dk/" "Mozilla/5.0 (Windows NT 6.2; WOW64; rv:26.0) Gecko/20100101 Firefox/26.0"
94.145.68.182 - - [06/Jan/2014:15:50:13 -0500] "GET /index.php/notifications?get=count HTTP/1.1" 200 24 "http://www.pacetest.dk/" "Mozilla/5.0 (Windows NT 6.2; WOW64; rv:26.0) Gecko/20100101 Firefox/26.0"
94.145.68.182 - - [06/Jan/2014:15:50:43 -0500] "GET /index.php/notifications?get=count HTTP/1.1" 200 24 "http://www.pacetest.dk/" "Mozilla/5.0 (Windows NT 6.2; WOW64; rv:26.0) Gecko/20100101 Firefox/26.0"
94.145.68.182 - - [06/Jan/2014:15:51:13 -0500] "GET /index.php/notifications?get=count HTTP/1.1" 200 24 "http://www.pacetest.dk/" "Mozilla/5.0 (Windows NT 6.2; WOW64; rv:26.0) Gecko/20100101 Firefox/26.0"
94.145.68.182 - - [06/Jan/2014:15:51:43 -0500] "GET /index.php/notifications?get=count HTTP/1.1" 200 24 "http://www.pacetest.dk/" "Mozilla/5.0 (Windows NT 6.2; WOW64; rv:26.0) Gecko/20100101 Firefox/26.0"
93.163.233.131 - - [06/Jan/2014:15:52:12 -0500] "GET / HTTP/1.1" 200 7814 "http://www.google.dk/url?sa=t&rct=j&q=&esrc=s&frm=1&source=web&cd=1&ved=0CDIQohAwAA&url=http%3A%2F%2Fwww.pacetest.dk%2F&ei=chfLUujcA4Sn4ATxiYGgDQ&usg=AFQjCNF6nkr7y63WgWcIdfUoXl9YYgY-yA&sig2=bOZBBjW-WBHxsVDp6OJP1A&bvm=bv.58187178,d.bGE" "Mozilla/5.0 (compatible; MSIE 10.0; Windows NT 6.2; ARM; Trident/6.0; Touch; WebView/1.0)"
93.163.233.131 - - [06/Jan/2014:15:52:15 -0500] "GET /templates/shiraz/css/style1/style.css HTTP/1.1" 304 - "http://www.pacetest.dk/" "Mozilla/5.0 (compatible; MSIE 10.0; Windows NT 6.2; ARM; Trident/6.0; Touch; WebView/1.0)"
94.145.68.182 - - [06/Jan/2014:15:52:13 -0500] "GET /index.php/notifications?get=count HTTP/1.1" 200 24 "http://www.pacetest.dk/" "Mozilla/5.0 (Windows NT 6.2; WOW64; rv:26.0) Gecko/20100101 Firefox/26.0"
93.163.233.131 - - [06/Jan/2014:15:52:15 -0500] "GET /media/lib_anahita/js/production/site.uncompressed.js HTTP/1.1" 304 - "http://www.pacetest.dk/" "Mozilla/5.0 (compatible; MSIE 10.0; Windows NT 6.2; ARM; Trident/6.0; Touch; WebView/1.0)"
- - - [06/Jan/2014:15:52:16 -0500] "OPTIONS * HTTP/1.0" 200 - "-" "Apache/2.2.22 (Red Hat Enterprise Web Server) (internal dummy connection)"
93.163.233.131 - - [06/Jan/2014:15:52:16 -0500] "GET /templates/base/css/images/icon-socialmedia-white.png HTTP/1.1" 200 5419 "http://www.pacetest.dk/" "Mozilla/5.0 (compatible; MSIE 10.0; Windows NT 6.2; ARM; Trident/6.0; Touch; WebView/1.0)"
93.163.233.131 - - [06/Jan/2014:15:52:16 -0500] "GET /templates/base/css/images/logo.png HTTP/1.1" 200 5272 "http://www.pacetest.dk/" "Mozilla/5.0 (compatible; MSIE 10.0; Windows NT 6.2; ARM; Trident/6.0; Touch; WebView/1.0)"
93.163.233.131 - - [06/Jan/2014:15:52:16 -0500] "GET /templates/base/css/images/icon-socialmedia.png HTTP/1.1" 200 6399 "http://www.pacetest.dk/" "Mozilla/5.0 (compatible; MSIE 10.0; Windows NT 6.2; ARM; Trident/6.0; Touch; WebView/1.0)"
93.163.233.131 - - [06/Jan/2014:15:52:25 -0500] "GET /templates/base/css/images/spinner.gif HTTP/1.1" 200 723 "http://www.pacetest.dk/" "Mozilla/5.0 (compatible; MSIE 10.0; Windows NT 6.2; ARM; Trident/6.0; Touch; WebView/1.0)"
93.163.233.131 - - [06/Jan/2014:15:52:25 -0500] "GET /index.php/people/session?layout=modal&return=aHR0cDovL3d3dy5wYWNldGVzdC5kay8%3D&hq47gswq HTTP/1.1" 200 1443 "http://www.pacetest.dk/" "Mozilla/5.0 (compatible; MSIE 10.0; Windows NT 6.2; ARM; Trident/6.0; Touch; WebView/1.0)"
94.145.68.182 - - [06/Jan/2014:15:52:43 -0500] "GET /index.php/notifications?get=count HTTP/1.1" 200 24 "http://www.pacetest.dk/" "Mozilla/5.0 (Windows NT 6.2; WOW64; rv:26.0) Gecko/20100101 Firefox/26.0"
93.163.233.131 - - [06/Jan/2014:15:52:59 -0500] "POST /index.php/people/session?layout=modal HTTP/1.1" 303 - "http://www.pacetest.dk/" "Mozilla/5.0 (compatible; MSIE 10.0; Windows NT 6.2; ARM; Trident/6.0; Touch; WebView/1.0)"
93.163.233.131 - - [06/Jan/2014:15:53:00 -0500] "GET / HTTP/1.1" 200 12930 "http://www.pacetest.dk/" "Mozilla/5.0 (compatible; MSIE 10.0; Windows NT 6.2; ARM; Trident/6.0; Touch; WebView/1.0)"
93.163.233.131 - - [06/Jan/2014:15:53:05 -0500] "GET /media/lib_anahita/images/avatar/square_default.gif HTTP/1.1" 200 17821 "http://www.pacetest.dk/" "Mozilla/5.0 (compatible; MSIE 10.0; Windows NT 6.2; ARM; Trident/6.0; Touch; WebView/1.0)"
93.163.233.131 - - [06/Jan/2014:15:53:05 -0500] "GET /media/com_stories/js/stories.js HTTP/1.1" 200 1707 "http://www.pacetest.dk/" "Mozilla/5.0 (compatible; MSIE 10.0; Windows NT 6.2; ARM; Trident/6.0; Touch; WebView/1.0)"
93.163.233.131 - - [06/Jan/2014:15:53:05 -0500] "GET /media/lib_anahita/js/vendors/mediabox.js HTTP/1.1" 200 45415 "http://www.pacetest.dk/" "Mozilla/5.0 (compatible; MSIE 10.0; Windows NT 6.2; ARM; Trident/6.0; Touch; WebView/1.0)"
93.163.233.131 - - [06/Jan/2014:15:53:05 -0500] "GET /media/com_composer/js/composer.js HTTP/1.1" 200 5682 "http://www.pacetest.dk/" "Mozilla/5.0 (compatible; MSIE 10.0; Windows NT 6.2; ARM; Trident/6.0; Touch; WebView/1.0)"
93.163.233.131 - - [06/Jan/2014:15:53:05 -0500] "GET /templates/base/css/images/glyphicons-halflings.png HTTP/1.1" 200 12799 "http://www.pacetest.dk/" "Mozilla/5.0 (compatible; MSIE 10.0; Windows NT 6.2; ARM; Trident/6.0; Touch; WebView/1.0)"
94.145.68.182 - - [06/Jan/2014:15:53:13 -0500] "GET /index.php/notifications?get=count HTTP/1.1" 200 24 "http://www.pacetest.dk/" "Mozilla/5.0 (Windows NT 6.2; WOW64; rv:26.0) Gecko/20100101 Firefox/26.0"
93.163.233.131 - - [06/Jan/2014:15:53:30 -0500] "GET /index.php/notifications?layout=popover&hq47hv05 HTTP/1.1" 200 2862 "http://www.pacetest.dk/" "Mozilla/5.0 (compatible; MSIE 10.0; Windows NT 6.2; ARM; Trident/6.0; Touch; WebView/1.0)"
93.163.233.131 - - [06/Jan/2014:15:53:35 -0500] "GET /index.php/notifications?get=count HTTP/1.1" 200 24 "http://www.pacetest.dk/" "Mozilla/5.0 (compatible; MSIE 10.0; Windows NT 6.2; ARM; Trident/6.0; Touch; WebView/1.0)"
94.145.68.182 - - [06/Jan/2014:15:53:43 -0500] "GET /index.php/notifications?get=count HTTP/1.1" 200 24 "http://www.pacetest.dk/" "Mozilla/5.0 (Windows NT 6.2; WOW64; rv:26.0) Gecko/20100101 Firefox/26.0"
93.163.233.131 - - [06/Jan/2014:15:53:43 -0500] "GET /index.php/people/hera2013 HTTP/1.1" 200 11713 "http://www.pacetest.dk/" "Mozilla/5.0 (compatible; MSIE 10.0; Windows NT 6.2; ARM; Trident/6.0; Touch; WebView/1.0)"
93.163.233.131 - - [06/Jan/2014:15:53:47 -0500] "GET /media/lib_anahita/images/avatar/medium_default.gif HTTP/1.1" 200 191860 "http://www.pacetest.dk/index.php/people/hera2013" "Mozilla/5.0 (compatible; MSIE 10.0; Windows NT 6.2; ARM; Trident/6.0; Touch; WebView/1.0)"
93.163.233.131 - - [06/Jan/2014:15:53:48 -0500] "GET /index.php/people/hera2013/graph/followers?layout=gadget&hq47irb7 HTTP/1.1" 200 1442 "http://www.pacetest.dk/" "Mozilla/5.0 (compatible; MSIE 10.0; Windows NT 6.2; ARM; Trident/6.0; Touch; WebView/1.0)"
93.163.233.131 - - [06/Jan/2014:15:54:05 -0500] "GET /index.php/menu/groups HTTP/1.1" 200 14887 "http://www.pacetest.dk/index.php/people/hera2013" "Mozilla/5.0 (compatible; MSIE 10.0; Windows NT 6.2; ARM; Trident/6.0; Touch; WebView/1.0)"
94.145.68.182 - - [06/Jan/2014:15:54:13 -0500] "GET /index.php/notifications?get=count HTTP/1.1" 200 24 "http://www.pacetest.dk/" "Mozilla/5.0 (Windows NT 6.2; WOW64; rv:26.0) Gecko/20100101 Firefox/26.0"
93.163.233.131 - - [06/Jan/2014:15:54:19 -0500] "POST /index.php/groups/209-ga-nextlevel-sj%C3%A6lland?layout=list&hq47j7ac HTTP/1.1" 200 1078 "http://www.pacetest.dk/" "Mozilla/5.0 (compatible; MSIE 10.0; Windows NT 6.2; ARM; Trident/6.0; Touch; WebView/1.0)"
94.145.68.182 - - [06/Jan/2014:15:54:43 -0500] "GET /index.php/notifications?get=count HTTP/1.1" 200 24 "http://www.pacetest.dk/" "Mozilla/5.0 (Windows NT 6.2; WOW64; rv:26.0) Gecko/20100101 Firefox/26.0"
93.163.233.131 - - [06/Jan/2014:15:54:54 -0500] "GET /index.php/menu/people HTTP/1.1" 200 32367 "http://www.pacetest.dk/index.php/menu/groups" "Mozilla/5.0 (compatible; MSIE 10.0; Windows NT 6.2; ARM; Trident/6.0; Touch; WebView/1.0)"
94.145.68.182 - - [06/Jan/2014:15:55:14 -0500] "GET /index.php/notifications?get=count HTTP/1.1" 200 24 "http://www.pacetest.dk/" "Mozilla/5.0 (Windows NT 6.2; WOW64; rv:26.0) Gecko/20100101 Firefox/26.0"
93.163.233.131 - - [06/Jan/2014:15:55:25 -0500] "POST /index.php/people/Maygervil?layout=list&hq47k9h5 HTTP/1.1" 200 1433 "http://www.pacetest.dk/" "Mozilla/5.0 (compatible; MSIE 10.0; Windows NT 6.2; ARM; Trident/6.0; Touch; WebView/1.0)"
94.145.68.182 - - [06/Jan/2014:15:55:43 -0500] "GET /index.php/notifications?get=count HTTP/1.1" 200 24 "http://www.pacetest.dk/" "Mozilla/5.0 (Windows NT 6.2; WOW64; rv:26.0) Gecko/20100101 Firefox/26.0"
93.163.233.131 - - [06/Jan/2014:15:55:40 -0500] "GET /index.php/people/Maygervil HTTP/1.1" 200 24201 "http://www.pacetest.dk/index.php/menu/people" "Mozilla/5.0 (compatible; MSIE 10.0; Windows NT 6.2; ARM; Trident/6.0; Touch; WebView/1.0)"
- - - [06/Jan/2014:15:55:47 -0500] "OPTIONS * HTTP/1.0" 200 - "-" "Apache/2.2.22 (Red Hat Enterprise Web Server) (internal dummy connection)"
93.163.233.131 - - [06/Jan/2014:15:55:47 -0500] "GET /index.php/people/Maygervil/graph/followers?layout=gadget&hq47lbj2 HTTP/1.1" 200 5181 "http://www.pacetest.dk/" "Mozilla/5.0 (compatible; MSIE 10.0; Windows NT 6.2; ARM; Trident/6.0; Touch; WebView/1.0)"
93.163.233.131 - - [06/Jan/2014:15:56:11 -0500] "GET /index.php/notifications/settings?layout=modal&oid=204&hq47lbj4 HTTP/1.1" 200 1097 "http://www.pacetest.dk/" "Mozilla/5.0 (compatible; MSIE 10.0; Windows NT 6.2; ARM; Trident/6.0; Touch; WebView/1.0)"
94.145.68.182 - - [06/Jan/2014:15:56:13 -0500] "GET /index.php/notifications?get=count HTTP/1.1" 200 24 "http://www.pacetest.dk/" "Mozilla/5.0 (Windows NT 6.2; WOW64; rv:26.0) Gecko/20100101 Firefox/26.0"
93.163.233.131 - - [06/Jan/2014:15:56:24 -0500] "GET / HTTP/1.1" 200 22960 "http://www.pacetest.dk/index.php/people/Maygervil" "Mozilla/5.0 (compatible; MSIE 10.0; Windows NT 6.2; ARM; Trident/6.0; Touch; WebView/1.0)"
93.163.233.131 - - [06/Jan/2014:15:56:41 -0500] "GET /index.php/menu/people HTTP/1.1" 200 32360 "http://www.pacetest.dk/" "Mozilla/5.0 (compatible; MSIE 10.0; Windows NT 6.2; ARM; Trident/6.0; Touch; WebView/1.0)"
94.145.68.182 - - [06/Jan/2014:15:56:43 -0500] "GET /index.php/notifications?get=count HTTP/1.1" 200 24 "http://www.pacetest.dk/" "Mozilla/5.0 (Windows NT 6.2; WOW64; rv:26.0) Gecko/20100101 Firefox/26.0"
- - - [06/Jan/2014:15:56:45 -0500] "OPTIONS * HTTP/1.0" 200 - "-" "Apache/2.2.22 (Red Hat Enterprise Web Server) (internal dummy connection)"
93.163.233.131 - - [06/Jan/2014:15:56:48 -0500] "POST /index.php/people/BentRS?layout=list&hq47mk1z HTTP/1.1" 200 1388 "http://www.pacetest.dk/" "Mozilla/5.0 (compatible; MSIE 10.0; Windows NT 6.2; ARM; Trident/6.0; Touch; WebView/1.0)"
93.163.233.131 - - [06/Jan/2014:15:56:53 -0500] "GET /index.php/people/BentRS HTTP/1.1" 200 39664 "http://www.pacetest.dk/index.php/menu/people" "Mozilla/5.0 (compatible; MSIE 10.0; Windows NT 6.2; ARM; Trident/6.0; Touch; WebView/1.0)"
93.163.233.131 - - [06/Jan/2014:15:57:00 -0500] "GET /index.php/people/BentRS/graph/followers?layout=gadget&hq47mvee HTTP/1.1" 200 5474 "http://www.pacetest.dk/" "Mozilla/5.0 (compatible; MSIE 10.0; Windows NT 6.2; ARM; Trident/6.0; Touch; WebView/1.0)"
94.145.68.182 - - [06/Jan/2014:15:57:13 -0500] "GET /index.php/notifications?get=count HTTP/1.1" 200 24 "http://www.pacetest.dk/" "Mozilla/5.0 (Windows NT 6.2; WOW64; rv:26.0) Gecko/20100101 Firefox/26.0"
93.163.233.131 - - [06/Jan/2014:15:57:24 -0500] "GET /index.php/pages/@1?layout=gadget&hq47mveh HTTP/1.1" 200 372 "http://www.pacetest.dk/" "Mozilla/5.0 (compatible; MSIE 10.0; Windows NT 6.2; ARM; Trident/6.0; Touch; WebView/1.0)"
94.145.68.182 - - [06/Jan/2014:15:57:43 -0500] "GET /index.php/notifications?get=count HTTP/1.1" 200 24 "http://www.pacetest.dk/" "Mozilla/5.0 (Windows NT 6.2; WOW64; rv:26.0) Gecko/20100101 Firefox/26.0"
93.163.233.131 - - [06/Jan/2014:15:57:42 -0500] "GET /index.php/menu/people HTTP/1.1" 200 32353 "http://www.pacetest.dk/index.php/people/BentRS" "Mozilla/5.0 (compatible; MSIE 10.0; Windows NT 6.2; ARM; Trident/6.0; Touch; WebView/1.0)"
- - - [06/Jan/2014:15:57:46 -0500] "OPTIONS * HTTP/1.0" 200 - "-" "Apache/2.2.22 (Red Hat Enterprise Web Server) (internal dummy connection)"
93.163.233.131 - - [06/Jan/2014:15:57:53 -0500] "GET /index.php/people/hera2013 HTTP/1.1" 200 13056 "http://www.pacetest.dk/index.php/menu/people" "Mozilla/5.0 (compatible; MSIE 10.0; Windows NT 6.2; ARM; Trident/6.0; Touch; WebView/1.0)"
93.163.233.131 - - [06/Jan/2014:15:57:56 -0500] "GET /index.php/people/hera2013/graph/followers?layout=gadget&hq47o3bh HTTP/1.1" 200 2677 "http://www.pacetest.dk/" "Mozilla/5.0 (compatible; MSIE 10.0; Windows NT 6.2; ARM; Trident/6.0; Touch; WebView/1.0)"
93.163.233.131 - - [06/Jan/2014:15:58:08 -0500] "GET /index.php/people/233/settings HTTP/1.1" 200 11786 "http://www.pacetest.dk/index.php/people/hera2013" "Mozilla/5.0 (compatible; MSIE 10.0; Windows NT 6.2; ARM; Trident/6.0; Touch; WebView/1.0)"
94.145.68.182 - - [06/Jan/2014:15:58:13 -0500] "GET /index.php/notifications?get=count HTTP/1.1" 200 24 "http://www.pacetest.dk/" "Mozilla/5.0 (Windows NT 6.2; WOW64; rv:26.0) Gecko/20100101 Firefox/26.0"
93.163.233.131 - - [06/Jan/2014:15:58:29 -0500] "POST /index.php/people/hera2013 HTTP/1.1" 303 - "http://www.pacetest.dk/index.php/people/233/settings" "Mozilla/5.0 (compatible; MSIE 10.0; Windows NT 6.2; ARM; Trident/6.0; Touch; WebView/1.0)"
93.163.233.131 - - [06/Jan/2014:15:58:31 -0500] "GET /index.php/people/233/settings HTTP/1.1" 200 11795 "http://www.pacetest.dk/index.php/people/233/settings" "Mozilla/5.0 (compatible; MSIE 10.0; Windows NT 6.2; ARM; Trident/6.0; Touch; WebView/1.0)"
93.163.233.131 - - [06/Jan/2014:15:58:39 -0500] "GET /index.php/people/233/settings?edit=account HTTP/1.1" 200 15416 "http://www.pacetest.dk/index.php/people/233/settings" "Mozilla/5.0 (compatible; MSIE 10.0; Windows NT 6.2; ARM; Trident/6.0; Touch; WebView/1.0)"
94.145.68.182 - - [06/Jan/2014:15:58:43 -0500] "GET /index.php/notifications?get=count HTTP/1.1" 200 24 "http://www.pacetest.dk/" "Mozilla/5.0 (Windows NT 6.2; WOW64; rv:26.0) Gecko/20100101 Firefox/26.0"
93.163.233.131 - - [06/Jan/2014:15:59:00 -0500] "GET /index.php/people/233/settings?edit=permissions HTTP/1.1" 200 13120 "http://www.pacetest.dk/index.php/people/233/settings?edit=account" "Mozilla/5.0 (compatible; MSIE 10.0; Windows NT 6.2; ARM; Trident/6.0; Touch; WebView/1.0)"
94.145.68.182 - - [06/Jan/2014:15:59:13 -0500] "GET /index.php/notifications?get=count HTTP/1.1" 200 24 "http://www.pacetest.dk/" "Mozilla/5.0 (Windows NT 6.2; WOW64; rv:26.0) Gecko/20100101 Firefox/26.0"
93.163.233.131 - - [06/Jan/2014:15:59:18 -0500] "GET /index.php/people/233/settings?edit=profile HTTP/1.1" 200 11795 "http://www.pacetest.dk/index.php/people/233/settings?edit=permissions" "Mozilla/5.0 (compatible; MSIE 10.0; Windows NT 6.2; ARM; Trident/6.0; Touch; WebView/1.0)"
94.145.68.182 - - [06/Jan/2014:15:59:43 -0500] "GET /index.php/notifications?get=count HTTP/1.1" 200 24 "http://www.pacetest.dk/" "Mozilla/5.0 (Windows NT 6.2; WOW64; rv:26.0) Gecko/20100101 Firefox/26.0"
94.145.68.182 - - [06/Jan/2014:16:00:13 -0500] "GET /index.php/notifications?get=count HTTP/1.1" 200 24 "http://www.pacetest.dk/" "Mozilla/5.0 (Windows NT 6.2; WOW64; rv:26.0) Gecko/20100101 Firefox/26.0"
94.145.68.182 - - [06/Jan/2014:16:00:43 -0500] "GET /index.php/notifications?get=count HTTP/1.1" 200 24 "http://www.pacetest.dk/" "Mozilla/5.0 (Windows NT 6.2; WOW64; rv:26.0) Gecko/20100101 Firefox/26.0"
94.145.68.182 - - [06/Jan/2014:16:01:03 -0500] "GET /index.php/notifications?layout=popover&hq3kjtl2 HTTP/1.1" 200 21195 "http://www.pacetest.dk/" "Mozilla/5.0 (Windows NT 6.2; WOW64; rv:26.0) Gecko/20100101 Firefox/26.0"
94.145.68.182 - - [06/Jan/2014:16:01:13 -0500] "GET /index.php/notifications?get=count HTTP/1.1" 200 24 "http://www.pacetest.dk/" "Mozilla/5.0 (Windows NT 6.2; WOW64; rv:26.0) Gecko/20100101 Firefox/26.0"
94.145.68.182 - - [06/Jan/2014:16:01:15 -0500] "GET /index.php/groups/209-ga-nextlevel-sj%C3%A6lland HTTP/1.1" 200 44799 "http://www.pacetest.dk/" "Mozilla/5.0 (Windows NT 6.2; WOW64; rv:26.0) Gecko/20100101 Firefox/26.0"
94.145.68.182 - - [06/Jan/2014:16:01:19 -0500] "GET /media/lib_anahita/js/production/site.uncompressed.js HTTP/1.1" 304 - "http://www.pacetest.dk/index.php/groups/209-ga-nextlevel-sj%C3%A6lland" "Mozilla/5.0 (Windows NT 6.2; WOW64; rv:26.0) Gecko/20100101 Firefox/26.0"
94.145.68.182 - - [06/Jan/2014:16:01:19 -0500] "GET /index.php/groups/209/graph/followers?layout=gadget&hq47siax HTTP/1.1" 200 2048 "http://www.pacetest.dk/index.php/groups/209-ga-nextlevel-sj%C3%A6lland" "Mozilla/5.0 (Windows NT 6.2; WOW64; rv:26.0) Gecko/20100101 Firefox/26.0"
94.145.68.182 - - [06/Jan/2014:16:01:24 -0500] "GET /index.php/notifications?layout=popover&hq47siay HTTP/1.1" 200 21171 "http://www.pacetest.dk/index.php/groups/209-ga-nextlevel-sj%C3%A6lland" "Mozilla/5.0 (Windows NT 6.2; WOW64; rv:26.0) Gecko/20100101 Firefox/26.0"
94.145.68.182 - - [06/Jan/2014:16:01:29 -0500] "GET /index.php/groups/209/settings?edit=requests HTTP/1.1" 200 14562 "http://www.pacetest.dk/index.php/groups/209-ga-nextlevel-sj%C3%A6lland" "Mozilla/5.0 (Windows NT 6.2; WOW64; rv:26.0) Gecko/20100101 Firefox/26.0"
94.145.68.182 - - [06/Jan/2014:16:01:35 -0500] "POST /index.php/groups/209-ga-nextlevel-sj%C3%A6lland?action=confirmrequester&requester=233 HTTP/1.1" 303 - "http://www.pacetest.dk/index.php/groups/209/settings?edit=requests" "Mozilla/5.0 (Windows NT 6.2; WOW64; rv:26.0) Gecko/20100101 Firefox/26.0"
94.145.68.182 - - [06/Jan/2014:16:01:37 -0500] "GET /index.php/groups/209/settings?edit=requests HTTP/1.1" 200 12763 "http://www.pacetest.dk/index.php/groups/209/settings?edit=requests" "Mozilla/5.0 (Windows NT 6.2; WOW64; rv:26.0) Gecko/20100101 Firefox/26.0"
94.145.68.182 - - [06/Jan/2014:16:01:46 -0500] "GET /index.php/groups/209-ga-nextlevel-sj%C3%A6lland HTTP/1.1" 200 44799 "http://www.pacetest.dk/index.php/groups/209/settings?edit=requests" "Mozilla/5.0 (Windows NT 6.2; WOW64; rv:26.0) Gecko/20100101 Firefox/26.0"
94.145.68.182 - - [06/Jan/2014:16:01:51 -0500] "GET /index.php/groups/209/graph/followers?layout=gadget&hq47t6pn HTTP/1.1" 200 2305 "http://www.pacetest.dk/index.php/groups/209-ga-nextlevel-sj%C3%A6lland" "Mozilla/5.0 (Windows NT 6.2; WOW64; rv:26.0) Gecko/20100101 Firefox/26.0"
94.145.68.182 - - [06/Jan/2014:16:02:07 -0500] "GET /index.php/pages/437-deltagerliste-sj%C3%A6lland-10-11-12-januar-2014 HTTP/1.1" 200 28956 "http://www.pacetest.dk/index.php/groups/209-ga-nextlevel-sj%C3%A6lland" "Mozilla/5.0 (Windows NT 6.2; WOW64; rv:26.0) Gecko/20100101 Firefox/26.0"
94.145.68.182 - - [06/Jan/2014:16:02:41 -0500] "GET /index.php/notifications?get=count HTTP/1.1" 200 24 "http://www.pacetest.dk/index.php/pages/437-deltagerliste-sj%C3%A6lland-10-11-12-januar-2014" "Mozilla/5.0 (Windows NT 6.2; WOW64; rv:26.0) Gecko/20100101 Firefox/26.0"
94.145.68.182 - - [06/Jan/2014:16:03:11 -0500] "GET /index.php/notifications?get=count HTTP/1.1" 200 24 "http://www.pacetest.dk/index.php/pages/437-deltagerliste-sj%C3%A6lland-10-11-12-januar-2014" "Mozilla/5.0 (Windows NT 6.2; WOW64; rv:26.0) Gecko/20100101 Firefox/26.0"
94.145.68.182 - - [06/Jan/2014:16:03:41 -0500] "GET /index.php/notifications?get=count HTTP/1.1" 200 24 "http://www.pacetest.dk/index.php/pages/437-deltagerliste-sj%C3%A6lland-10-11-12-januar-2014" "Mozilla/5.0 (Windows NT 6.2; WOW64; rv:26.0) Gecko/20100101 Firefox/26.0"
94.145.68.182 - - [06/Jan/2014:16:04:11 -0500] "GET /index.php/notifications?get=count HTTP/1.1" 200 24 "http://www.pacetest.dk/index.php/pages/437-deltagerliste-sj%C3%A6lland-10-11-12-januar-2014" "Mozilla/5.0 (Windows NT 6.2; WOW64; rv:26.0) Gecko/20100101 Firefox/26.0"
94.145.68.182 - - [06/Jan/2014:16:04:43 -0500] "GET /index.php/notifications?get=count HTTP/1.1" 200 24 "http://www.pacetest.dk/index.php/pages/437-deltagerliste-sj%C3%A6lland-10-11-12-januar-2014" "Mozilla/5.0 (Windows NT 6.2; WOW64; rv:26.0) Gecko/20100101 Firefox/26.0"
94.145.68.182 - - [06/Jan/2014:16:05:11 -0500] "GET /index.php/notifications?get=count HTTP/1.1" 200 24 "http://www.pacetest.dk/index.php/pages/437-deltagerliste-sj%C3%A6lland-10-11-12-januar-2014" "Mozilla/5.0 (Windows NT 6.2; WOW64; rv:26.0) Gecko/20100101 Firefox/26.0"
94.145.68.182 - - [06/Jan/2014:16:05:41 -0500] "GET /index.php/notifications?get=count HTTP/1.1" 200 24 "http://www.pacetest.dk/index.php/pages/437-deltagerliste-sj%C3%A6lland-10-11-12-januar-2014" "Mozilla/5.0 (Windows NT 6.2; WOW64; rv:26.0) Gecko/20100101 Firefox/26.0"
94.145.68.182 - - [06/Jan/2014:16:06:11 -0500] "GET /index.php/notifications?get=count HTTP/1.1" 200 24 "http://www.pacetest.dk/index.php/pages/437-deltagerliste-sj%C3%A6lland-10-11-12-januar-2014" "Mozilla/5.0 (Windows NT 6.2; WOW64; rv:26.0) Gecko/20100101 Firefox/26.0"
94.145.68.182 - - [06/Jan/2014:16:06:41 -0500] "GET /index.php/notifications?get=count HTTP/1.1" 200 24 "http://www.pacetest.dk/index.php/pages/437-deltagerliste-sj%C3%A6lland-10-11-12-januar-2014" "Mozilla/5.0 (Windows NT 6.2; WOW64; rv:26.0) Gecko/20100101 Firefox/26.0"
94.145.68.182 - - [06/Jan/2014:16:07:11 -0500] "GET /index.php/notifications?get=count HTTP/1.1" 200 24 "http://www.pacetest.dk/index.php/pages/437-deltagerliste-sj%C3%A6lland-10-11-12-januar-2014" "Mozilla/5.0 (Windows NT 6.2; WOW64; rv:26.0) Gecko/20100101 Firefox/26.0"
94.145.68.182 - - [06/Jan/2014:16:07:41 -0500] "GET /index.php/notifications?get=count HTTP/1.1" 200 24 "http://www.pacetest.dk/index.php/pages/437-deltagerliste-sj%C3%A6lland-10-11-12-januar-2014" "Mozilla/5.0 (Windows NT 6.2; WOW64; rv:26.0) Gecko/20100101 Firefox/26.0"
94.145.68.182 - - [06/Jan/2014:16:08:11 -0500] "GET /index.php/notifications?get=count HTTP/1.1" 200 24 "http://www.pacetest.dk/index.php/pages/437-deltagerliste-sj%C3%A6lland-10-11-12-januar-2014" "Mozilla/5.0 (Windows NT 6.2; WOW64; rv:26.0) Gecko/20100101 Firefox/26.0"
94.145.68.182 - - [06/Jan/2014:16:08:46 -0500] "GET /index.php/notifications?get=count HTTP/1.1" 200 24 "http://www.pacetest.dk/index.php/pages/437-deltagerliste-sj%C3%A6lland-10-11-12-januar-2014" "Mozilla/5.0 (Windows NT 6.2; WOW64; rv:26.0) Gecko/20100101 Firefox/26.0"
94.145.68.182 - - [06/Jan/2014:16:09:11 -0500] "GET /index.php/notifications?get=count HTTP/1.1" 200 24 "http://www.pacetest.dk/index.php/pages/437-deltagerliste-sj%C3%A6lland-10-11-12-januar-2014" "Mozilla/5.0 (Windows NT 6.2; WOW64; rv:26.0) Gecko/20100101 Firefox/26.0"
94.145.68.182 - - [06/Jan/2014:16:09:41 -0500] "GET /index.php/notifications?get=count HTTP/1.1" 200 24 "http://www.pacetest.dk/index.php/pages/437-deltagerliste-sj%C3%A6lland-10-11-12-januar-2014" "Mozilla/5.0 (Windows NT 6.2; WOW64; rv:26.0) Gecko/20100101 Firefox/26.0"
94.145.68.182 - - [06/Jan/2014:16:10:11 -0500] "GET /index.php/notifications?get=count HTTP/1.1" 200 24 "http://www.pacetest.dk/index.php/pages/437-deltagerliste-sj%C3%A6lland-10-11-12-januar-2014" "Mozilla/5.0 (Windows NT 6.2; WOW64; rv:26.0) Gecko/20100101 Firefox/26.0"
10.110.62.41 - - [06/Jan/2014:16:10:18 -0500] "GET / HTTP/1.1" 200 7906 "-" "Ruby"
10.110.62.41 - - [06/Jan/2014:16:10:19 -0500] "GET / HTTP/1.1" 200 7909 "-" "Ruby"
94.145.68.182 - - [06/Jan/2014:16:10:41 -0500] "GET /index.php/notifications?get=count HTTP/1.1" 200 24 "http://www.pacetest.dk/index.php/pages/437-deltagerliste-sj%C3%A6lland-10-11-12-januar-2014" "Mozilla/5.0 (Windows NT 6.2; WOW64; rv:26.0) Gecko/20100101 Firefox/26.0"
94.145.68.182 - - [06/Jan/2014:16:11:11 -0500] "GET /index.php/notifications?get=count HTTP/1.1" 200 24 "http://www.pacetest.dk/index.php/pages/437-deltagerliste-sj%C3%A6lland-10-11-12-januar-2014" "Mozilla/5.0 (Windows NT 6.2; WOW64; rv:26.0) Gecko/20100101 Firefox/26.0"
94.145.68.182 - - [06/Jan/2014:16:11:41 -0500] "GET /index.php/notifications?get=count HTTP/1.1" 200 24 "http://www.pacetest.dk/index.php/pages/437-deltagerliste-sj%C3%A6lland-10-11-12-januar-2014" "Mozilla/5.0 (Windows NT 6.2; WOW64; rv:26.0) Gecko/20100101 Firefox/26.0"
94.145.68.182 - - [06/Jan/2014:16:12:11 -0500] "GET /index.php/notifications?get=count HTTP/1.1" 200 24 "http://www.pacetest.dk/index.php/pages/437-deltagerliste-sj%C3%A6lland-10-11-12-januar-2014" "Mozilla/5.0 (Windows NT 6.2; WOW64; rv:26.0) Gecko/20100101 Firefox/26.0"
94.145.68.182 - - [06/Jan/2014:16:12:41 -0500] "GET /index.php/notifications?get=count HTTP/1.1" 200 24 "http://www.pacetest.dk/index.php/pages/437-deltagerliste-sj%C3%A6lland-10-11-12-januar-2014" "Mozilla/5.0 (Windows NT 6.2; WOW64; rv:26.0) Gecko/20100101 Firefox/26.0"
94.145.68.182 - - [06/Jan/2014:16:13:11 -0500] "GET /index.php/notifications?get=count HTTP/1.1" 200 24 "http://www.pacetest.dk/index.php/pages/437-deltagerliste-sj%C3%A6lland-10-11-12-januar-2014" "Mozilla/5.0 (Windows NT 6.2; WOW64; rv:26.0) Gecko/20100101 Firefox/26.0"
94.145.68.182 - - [06/Jan/2014:16:13:41 -0500] "GET /index.php/notifications?get=count HTTP/1.1" 200 24 "http://www.pacetest.dk/index.php/pages/437-deltagerliste-sj%C3%A6lland-10-11-12-januar-2014" "Mozilla/5.0 (Windows NT 6.2; WOW64; rv:26.0) Gecko/20100101 Firefox/26.0"
94.145.68.182 - - [06/Jan/2014:16:14:11 -0500] "GET /index.php/notifications?get=count HTTP/1.1" 200 24 "http://www.pacetest.dk/index.php/pages/437-deltagerliste-sj%C3%A6lland-10-11-12-januar-2014" "Mozilla/5.0 (Windows NT 6.2; WOW64; rv:26.0) Gecko/20100101 Firefox/26.0"
94.145.68.182 - - [06/Jan/2014:16:14:41 -0500] "GET /index.php/notifications?get=count HTTP/1.1" 200 24 "http://www.pacetest.dk/index.php/pages/437-deltagerliste-sj%C3%A6lland-10-11-12-januar-2014" "Mozilla/5.0 (Windows NT 6.2; WOW64; rv:26.0) Gecko/20100101 Firefox/26.0"
94.145.68.182 - - [06/Jan/2014:16:14:59 -0500] "GET / HTTP/1.1" 200 110202 "http://www.pacetest.dk/index.php/pages/437-deltagerliste-sj%C3%A6lland-10-11-12-januar-2014" "Mozilla/5.0 (Windows NT 6.2; WOW64; rv:26.0) Gecko/20100101 Firefox/26.0"
94.145.68.182 - - [06/Jan/2014:16:15:11 -0500] "GET /index.php/notifications?get=count HTTP/1.1" 200 24 "http://www.pacetest.dk/index.php/pages/437-deltagerliste-sj%C3%A6lland-10-11-12-januar-2014" "Mozilla/5.0 (Windows NT 6.2; WOW64; rv:26.0) Gecko/20100101 Firefox/26.0"
- - - [06/Jan/2014:16:15:14 -0500] "OPTIONS * HTTP/1.0" 200 - "-" "Apache/2.2.22 (Red Hat Enterprise Web Server) (internal dummy connection)"
94.145.68.182 - - [06/Jan/2014:16:15:03 -0500] "GET / HTTP/1.1" 200 110202 "http://www.pacetest.dk/index.php/pages/437-deltagerliste-sj%C3%A6lland-10-11-12-januar-2014" "Mozilla/5.0 (Windows NT 6.2; WOW64; rv:26.0) Gecko/20100101 Firefox/26.0"
- - - [06/Jan/2014:16:15:18 -0500] "OPTIONS * HTTP/1.0" 200 - "-" "Apache/2.2.22 (Red Hat Enterprise Web Server) (internal dummy connection)"
94.145.68.182 - - [06/Jan/2014:16:15:18 -0500] "GET /index.php/stories?layout=list&filter=leaders&start=40&limit=20 HTTP/1.1" 200 45858 "http://www.pacetest.dk/" "Mozilla/5.0 (Windows NT 6.2; WOW64; rv:26.0) Gecko/20100101 Firefox/26.0"
94.145.68.182 - - [06/Jan/2014:16:15:18 -0500] "GET /index.php/stories?layout=list&filter=leaders&start=20&limit=20 HTTP/1.1" 200 52229 "http://www.pacetest.dk/" "Mozilla/5.0 (Windows NT 6.2; WOW64; rv:26.0) Gecko/20100101 Firefox/26.0"
94.145.68.182 - - [06/Jan/2014:16:15:31 -0500] "GET /index.php/menu/groups HTTP/1.1" 200 14893 "http://www.pacetest.dk/" "Mozilla/5.0 (Windows NT 6.2; WOW64; rv:26.0) Gecko/20100101 Firefox/26.0"
94.145.68.182 - - [06/Jan/2014:16:15:27 -0500] "GET /index.php/stories?layout=list&filter=leaders&start=60&limit=20 HTTP/1.1" 200 103271 "http://www.pacetest.dk/" "Mozilla/5.0 (Windows NT 6.2; WOW64; rv:26.0) Gecko/20100101 Firefox/26.0"
- - - [06/Jan/2014:16:15:35 -0500] "OPTIONS * HTTP/1.0" 200 - "-" "Apache/2.2.22 (Red Hat Enterprise Web Server) (internal dummy connection)"
94.145.68.182 - - [06/Jan/2014:16:15:47 -0500] "GET /index.php/groups/6-kollaborativt-lederskab HTTP/1.1" 200 92570 "http://www.pacetest.dk/index.php/menu/groups" "Mozilla/5.0 (Windows NT 6.2; WOW64; rv:26.0) Gecko/20100101 Firefox/26.0"
94.145.68.182 - - [06/Jan/2014:16:15:53 -0500] "GET /index.php/groups/6/graph/followers?layout=gadget&hq48b8af HTTP/1.1" 200 2378 "http://www.pacetest.dk/index.php/groups/6-kollaborativt-lederskab" "Mozilla/5.0 (Windows NT 6.2; WOW64; rv:26.0) Gecko/20100101 Firefox/26.0"
94.145.68.182 - - [06/Jan/2014:16:16:14 -0500] "GET /index.php/people/Cthrane HTTP/1.1" 200 20116 "http://www.pacetest.dk/index.php/groups/6-kollaborativt-lederskab" "Mozilla/5.0 (Windows NT 6.2; WOW64; rv:26.0) Gecko/20100101 Firefox/26.0"
94.145.68.182 - - [06/Jan/2014:16:16:18 -0500] "GET /index.php/people/Cthrane/graph/followers?layout=gadget&hq48brdi HTTP/1.1" 200 7884 "http://www.pacetest.dk/index.php/people/Cthrane" "Mozilla/5.0 (Windows NT 6.2; WOW64; rv:26.0) Gecko/20100101 Firefox/26.0"
94.145.68.182 - - [06/Jan/2014:16:16:38 -0500] "GET /index.php/people/174/settings HTTP/1.1" 200 11795 "http://www.pacetest.dk/index.php/people/Cthrane" "Mozilla/5.0 (Windows NT 6.2; WOW64; rv:26.0) Gecko/20100101 Firefox/26.0"
94.145.68.182 - - [06/Jan/2014:16:16:51 -0500] "GET /index.php/people/Cthrane HTTP/1.1" 200 20116 "http://www.pacetest.dk/index.php/people/174/settings" "Mozilla/5.0 (Windows NT 6.2; WOW64; rv:26.0) Gecko/20100101 Firefox/26.0"
94.145.68.182 - - [06/Jan/2014:16:16:54 -0500] "GET /index.php/people/Cthrane/graph/followers?layout=gadget&hq48cjku HTTP/1.1" 200 7884 "http://www.pacetest.dk/index.php/people/Cthrane" "Mozilla/5.0 (Windows NT 6.2; WOW64; rv:26.0) Gecko/20100101 Firefox/26.0"
94.145.68.182 - - [06/Jan/2014:16:17:24 -0500] "GET /index.php/notifications?get=count HTTP/1.1" 200 24 "http://www.pacetest.dk/index.php/people/Cthrane" "Mozilla/5.0 (Windows NT 6.2; WOW64; rv:26.0) Gecko/20100101 Firefox/26.0"
94.145.68.182 - - [06/Jan/2014:16:17:54 -0500] "GET /index.php/notifications?get=count HTTP/1.1" 200 24 "http://www.pacetest.dk/index.php/people/Cthrane" "Mozilla/5.0 (Windows NT 6.2; WOW64; rv:26.0) Gecko/20100101 Firefox/26.0"
94.145.68.182 - - [06/Jan/2014:16:18:24 -0500] "GET /index.php/notifications?get=count HTTP/1.1" 200 24 "http://www.pacetest.dk/index.php/people/Cthrane" "Mozilla/5.0 (Windows NT 6.2; WOW64; rv:26.0) Gecko/20100101 Firefox/26.0"
94.145.68.182 - - [06/Jan/2014:16:18:54 -0500] "GET /index.php/notifications?get=count HTTP/1.1" 200 24 "http://www.pacetest.dk/index.php/people/Cthrane" "Mozilla/5.0 (Windows NT 6.2; WOW64; rv:26.0) Gecko/20100101 Firefox/26.0"
94.145.68.182 - - [06/Jan/2014:16:19:24 -0500] "GET /index.php/notifications?get=count HTTP/1.1" 200 24 "http://www.pacetest.dk/index.php/people/Cthrane" "Mozilla/5.0 (Windows NT 6.2; WOW64; rv:26.0) Gecko/20100101 Firefox/26.0"
94.145.68.182 - - [06/Jan/2014:16:19:54 -0500] "GET /index.php/notifications?get=count HTTP/1.1" 200 24 "http://www.pacetest.dk/index.php/people/Cthrane" "Mozilla/5.0 (Windows NT 6.2; WOW64; rv:26.0) Gecko/20100101 Firefox/26.0"
94.145.68.182 - - [06/Jan/2014:16:20:24 -0500] "GET /index.php/notifications?get=count HTTP/1.1" 200 24 "http://www.pacetest.dk/index.php/people/Cthrane" "Mozilla/5.0 (Windows NT 6.2; WOW64; rv:26.0) Gecko/20100101 Firefox/26.0"
94.145.68.182 - - [06/Jan/2014:16:20:54 -0500] "GET /index.php/notifications?get=count HTTP/1.1" 200 24 "http://www.pacetest.dk/index.php/people/Cthrane" "Mozilla/5.0 (Windows NT 6.2; WOW64; rv:26.0) Gecko/20100101 Firefox/26.0"
94.145.68.182 - - [06/Jan/2014:16:21:24 -0500] "GET /index.php/notifications?get=count HTTP/1.1" 200 24 "http://www.pacetest.dk/index.php/people/Cthrane" "Mozilla/5.0 (Windows NT 6.2; WOW64; rv:26.0) Gecko/20100101 Firefox/26.0"
94.145.68.182 - - [06/Jan/2014:16:21:54 -0500] "GET /index.php/notifications?get=count HTTP/1.1" 200 24 "http://www.pacetest.dk/index.php/people/Cthrane" "Mozilla/5.0 (Windows NT 6.2; WOW64; rv:26.0) Gecko/20100101 Firefox/26.0"
94.145.68.182 - - [06/Jan/2014:16:22:24 -0500] "GET /index.php/notifications?get=count HTTP/1.1" 200 24 "http://www.pacetest.dk/index.php/people/Cthrane" "Mozilla/5.0 (Windows NT 6.2; WOW64; rv:26.0) Gecko/20100101 Firefox/26.0"
94.145.68.182 - - [06/Jan/2014:16:22:54 -0500] "GET /index.php/notifications?get=count HTTP/1.1" 200 24 "http://www.pacetest.dk/index.php/people/Cthrane" "Mozilla/5.0 (Windows NT 6.2; WOW64; rv:26.0) Gecko/20100101 Firefox/26.0"
94.145.68.182 - - [06/Jan/2014:16:23:24 -0500] "GET /index.php/notifications?get=count HTTP/1.1" 200 24 "http://www.pacetest.dk/index.php/people/Cthrane" "Mozilla/5.0 (Windows NT 6.2; WOW64; rv:26.0) Gecko/20100101 Firefox/26.0"
94.145.68.182 - - [06/Jan/2014:16:23:55 -0500] "GET /index.php/notifications?get=count HTTP/1.1" 200 24 "http://www.pacetest.dk/index.php/people/Cthrane" "Mozilla/5.0 (Windows NT 6.2; WOW64; rv:26.0) Gecko/20100101 Firefox/26.0"
94.145.68.182 - - [06/Jan/2014:16:24:24 -0500] "GET /index.php/notifications?get=count HTTP/1.1" 200 24 "http://www.pacetest.dk/index.php/people/Cthrane" "Mozilla/5.0 (Windows NT 6.2; WOW64; rv:26.0) Gecko/20100101 Firefox/26.0"
94.145.68.182 - - [06/Jan/2014:16:24:54 -0500] "GET /index.php/notifications?get=count HTTP/1.1" 200 24 "http://www.pacetest.dk/index.php/people/Cthrane" "Mozilla/5.0 (Windows NT 6.2; WOW64; rv:26.0) Gecko/20100101 Firefox/26.0"
94.145.68.182 - - [06/Jan/2014:16:25:24 -0500] "GET /index.php/notifications?get=count HTTP/1.1" 200 24 "http://www.pacetest.dk/index.php/people/Cthrane" "Mozilla/5.0 (Windows NT 6.2; WOW64; rv:26.0) Gecko/20100101 Firefox/26.0"
94.145.68.182 - - [06/Jan/2014:16:25:54 -0500] "GET /index.php/notifications?get=count HTTP/1.1" 200 24 "http://www.pacetest.dk/index.php/people/Cthrane" "Mozilla/5.0 (Windows NT 6.2; WOW64; rv:26.0) Gecko/20100101 Firefox/26.0"
94.145.68.182 - - [06/Jan/2014:16:26:24 -0500] "GET /index.php/notifications?get=count HTTP/1.1" 200 24 "http://www.pacetest.dk/index.php/people/Cthrane" "Mozilla/5.0 (Windows NT 6.2; WOW64; rv:26.0) Gecko/20100101 Firefox/26.0"
94.145.68.182 - - [06/Jan/2014:16:26:54 -0500] "GET /index.php/notifications?get=count HTTP/1.1" 200 24 "http://www.pacetest.dk/index.php/people/Cthrane" "Mozilla/5.0 (Windows NT 6.2; WOW64; rv:26.0) Gecko/20100101 Firefox/26.0"
94.145.68.182 - - [06/Jan/2014:16:27:25 -0500] "GET /index.php/notifications?get=count HTTP/1.1" 200 24 "http://www.pacetest.dk/index.php/people/Cthrane" "Mozilla/5.0 (Windows NT 6.2; WOW64; rv:26.0) Gecko/20100101 Firefox/26.0"
94.145.68.182 - - [06/Jan/2014:16:27:54 -0500] "GET /index.php/notifications?get=count HTTP/1.1" 200 24 "http://www.pacetest.dk/index.php/people/Cthrane" "Mozilla/5.0 (Windows NT 6.2; WOW64; rv:26.0) Gecko/20100101 Firefox/26.0"
94.145.68.182 - - [06/Jan/2014:16:28:25 -0500] "GET /index.php/notifications?get=count HTTP/1.1" 200 24 "http://www.pacetest.dk/index.php/people/Cthrane" "Mozilla/5.0 (Windows NT 6.2; WOW64; rv:26.0) Gecko/20100101 Firefox/26.0"
94.145.68.182 - - [06/Jan/2014:16:28:54 -0500] "GET /index.php/notifications?get=count HTTP/1.1" 200 24 "http://www.pacetest.dk/index.php/people/Cthrane" "Mozilla/5.0 (Windows NT 6.2; WOW64; rv:26.0) Gecko/20100101 Firefox/26.0"
94.145.68.182 - - [06/Jan/2014:16:29:24 -0500] "GET /index.php/notifications?get=count HTTP/1.1" 200 24 "http://www.pacetest.dk/index.php/people/Cthrane" "Mozilla/5.0 (Windows NT 6.2; WOW64; rv:26.0) Gecko/20100101 Firefox/26.0"
94.145.68.182 - - [06/Jan/2014:16:29:54 -0500] "GET /index.php/notifications?get=count HTTP/1.1" 200 24 "http://www.pacetest.dk/index.php/people/Cthrane" "Mozilla/5.0 (Windows NT 6.2; WOW64; rv:26.0) Gecko/20100101 Firefox/26.0"
94.145.68.182 - - [06/Jan/2014:16:30:24 -0500] "GET /index.php/notifications?get=count HTTP/1.1" 200 24 "http://www.pacetest.dk/index.php/people/Cthrane" "Mozilla/5.0 (Windows NT 6.2; WOW64; rv:26.0) Gecko/20100101 Firefox/26.0"
94.145.68.182 - - [06/Jan/2014:16:30:54 -0500] "GET /index.php/notifications?get=count HTTP/1.1" 200 24 "http://www.pacetest.dk/index.php/people/Cthrane" "Mozilla/5.0 (Windows NT 6.2; WOW64; rv:26.0) Gecko/20100101 Firefox/26.0"
94.145.68.182 - - [06/Jan/2014:16:31:24 -0500] "GET /index.php/notifications?get=count HTTP/1.1" 200 24 "http://www.pacetest.dk/index.php/people/Cthrane" "Mozilla/5.0 (Windows NT 6.2; WOW64; rv:26.0) Gecko/20100101 Firefox/26.0"
94.145.68.182 - - [06/Jan/2014:16:31:54 -0500] "GET /index.php/notifications?get=count HTTP/1.1" 200 24 "http://www.pacetest.dk/index.php/people/Cthrane" "Mozilla/5.0 (Windows NT 6.2; WOW64; rv:26.0) Gecko/20100101 Firefox/26.0"
94.145.68.182 - - [06/Jan/2014:16:32:24 -0500] "GET /index.php/notifications?get=count HTTP/1.1" 200 24 "http://www.pacetest.dk/index.php/people/Cthrane" "Mozilla/5.0 (Windows NT 6.2; WOW64; rv:26.0) Gecko/20100101 Firefox/26.0"
94.145.68.182 - - [06/Jan/2014:16:32:54 -0500] "GET /index.php/notifications?get=count HTTP/1.1" 200 24 "http://www.pacetest.dk/index.php/people/Cthrane" "Mozilla/5.0 (Windows NT 6.2; WOW64; rv:26.0) Gecko/20100101 Firefox/26.0"
94.145.68.182 - - [06/Jan/2014:16:33:24 -0500] "GET /index.php/notifications?get=count HTTP/1.1" 200 24 "http://www.pacetest.dk/index.php/people/Cthrane" "Mozilla/5.0 (Windows NT 6.2; WOW64; rv:26.0) Gecko/20100101 Firefox/26.0"
94.145.68.182 - - [06/Jan/2014:16:33:54 -0500] "GET /index.php/notifications?get=count HTTP/1.1" 200 24 "http://www.pacetest.dk/index.php/people/Cthrane" "Mozilla/5.0 (Windows NT 6.2; WOW64; rv:26.0) Gecko/20100101 Firefox/26.0"
94.145.68.182 - - [06/Jan/2014:16:34:24 -0500] "GET /index.php/notifications?get=count HTTP/1.1" 200 24 "http://www.pacetest.dk/index.php/people/Cthrane" "Mozilla/5.0 (Windows NT 6.2; WOW64; rv:26.0) Gecko/20100101 Firefox/26.0"
94.145.68.182 - - [06/Jan/2014:16:34:54 -0500] "GET /index.php/notifications?get=count HTTP/1.1" 200 24 "http://www.pacetest.dk/index.php/people/Cthrane" "Mozilla/5.0 (Windows NT 6.2; WOW64; rv:26.0) Gecko/20100101 Firefox/26.0"
94.145.68.182 - - [06/Jan/2014:16:35:24 -0500] "GET /index.php/notifications?get=count HTTP/1.1" 200 24 "http://www.pacetest.dk/index.php/people/Cthrane" "Mozilla/5.0 (Windows NT 6.2; WOW64; rv:26.0) Gecko/20100101 Firefox/26.0"
