94.145.68.182 - - [15/Jan/2014:13:51:31 -0500] "GET /notifications?get=count HTTP/1.1" 200 24 "http://www.pacetest.dk/pages/439-deltagerliste-jylland-17-18-19-januar-2014?layout=edit" "Mozilla/5.0 (Windows NT 6.2; WOW64; rv:26.0) Gecko/20100101 Firefox/26.0"
94.145.68.182 - - [15/Jan/2014:13:51:36 -0500] "GET /notifications?get=count HTTP/1.1" 200 24 "http://www.pacetest.dk/" "Mozilla/5.0 (X11; Ubuntu; Linux x86_64; rv:25.0) Gecko/20100101 Firefox/25.0"
94.145.68.182 - - [15/Jan/2014:13:52:01 -0500] "GET /notifications?get=count HTTP/1.1" 200 24 "http://www.pacetest.dk/pages/439-deltagerliste-jylland-17-18-19-januar-2014?layout=edit" "Mozilla/5.0 (Windows NT 6.2; WOW64; rv:26.0) Gecko/20100101 Firefox/26.0"
94.145.68.182 - - [15/Jan/2014:13:52:06 -0500] "GET /notifications?get=count HTTP/1.1" 200 24 "http://www.pacetest.dk/" "Mozilla/5.0 (X11; Ubuntu; Linux x86_64; rv:25.0) Gecko/20100101 Firefox/25.0"
94.145.68.182 - - [15/Jan/2014:13:52:31 -0500] "GET /notifications?get=count HTTP/1.1" 200 24 "http://www.pacetest.dk/pages/439-deltagerliste-jylland-17-18-19-januar-2014?layout=edit" "Mozilla/5.0 (Windows NT 6.2; WOW64; rv:26.0) Gecko/20100101 Firefox/26.0"
94.145.68.182 - - [15/Jan/2014:13:52:36 -0500] "GET /notifications?get=count HTTP/1.1" 200 24 "http://www.pacetest.dk/" "Mozilla/5.0 (X11; Ubuntu; Linux x86_64; rv:25.0) Gecko/20100101 Firefox/25.0"
94.145.68.182 - - [15/Jan/2014:13:53:01 -0500] "GET /notifications?get=count HTTP/1.1" 200 24 "http://www.pacetest.dk/pages/439-deltagerliste-jylland-17-18-19-januar-2014?layout=edit" "Mozilla/5.0 (Windows NT 6.2; WOW64; rv:26.0) Gecko/20100101 Firefox/26.0"
94.145.68.182 - - [15/Jan/2014:13:53:06 -0500] "GET /notifications?get=count HTTP/1.1" 200 24 "http://www.pacetest.dk/" "Mozilla/5.0 (X11; Ubuntu; Linux x86_64; rv:25.0) Gecko/20100101 Firefox/25.0"
94.145.68.182 - - [15/Jan/2014:13:53:31 -0500] "GET /notifications?get=count HTTP/1.1" 200 24 "http://www.pacetest.dk/pages/439-deltagerliste-jylland-17-18-19-januar-2014?layout=edit" "Mozilla/5.0 (Windows NT 6.2; WOW64; rv:26.0) Gecko/20100101 Firefox/26.0"
94.145.68.182 - - [15/Jan/2014:13:53:37 -0500] "GET /notifications?get=count HTTP/1.1" 200 24 "http://www.pacetest.dk/" "Mozilla/5.0 (X11; Ubuntu; Linux x86_64; rv:25.0) Gecko/20100101 Firefox/25.0"
94.145.68.182 - - [15/Jan/2014:13:54:01 -0500] "GET /notifications?get=count HTTP/1.1" 200 24 "http://www.pacetest.dk/pages/439-deltagerliste-jylland-17-18-19-januar-2014?layout=edit" "Mozilla/5.0 (Windows NT 6.2; WOW64; rv:26.0) Gecko/20100101 Firefox/26.0"
94.145.68.182 - - [15/Jan/2014:13:54:06 -0500] "GET /notifications?get=count HTTP/1.1" 200 24 "http://www.pacetest.dk/" "Mozilla/5.0 (X11; Ubuntu; Linux x86_64; rv:25.0) Gecko/20100101 Firefox/25.0"
94.145.68.182 - - [15/Jan/2014:13:54:31 -0500] "GET /notifications?get=count HTTP/1.1" 200 24 "http://www.pacetest.dk/pages/439-deltagerliste-jylland-17-18-19-januar-2014?layout=edit" "Mozilla/5.0 (Windows NT 6.2; WOW64; rv:26.0) Gecko/20100101 Firefox/26.0"
94.145.68.182 - - [15/Jan/2014:13:54:36 -0500] "GET /notifications?get=count HTTP/1.1" 200 24 "http://www.pacetest.dk/" "Mozilla/5.0 (X11; Ubuntu; Linux x86_64; rv:25.0) Gecko/20100101 Firefox/25.0"
94.145.68.182 - - [15/Jan/2014:13:55:01 -0500] "GET /notifications?get=count HTTP/1.1" 200 24 "http://www.pacetest.dk/pages/439-deltagerliste-jylland-17-18-19-januar-2014?layout=edit" "Mozilla/5.0 (Windows NT 6.2; WOW64; rv:26.0) Gecko/20100101 Firefox/26.0"
94.145.68.182 - - [15/Jan/2014:13:55:06 -0500] "GET /notifications?get=count HTTP/1.1" 200 24 "http://www.pacetest.dk/" "Mozilla/5.0 (X11; Ubuntu; Linux x86_64; rv:25.0) Gecko/20100101 Firefox/25.0"
94.145.68.182 - - [15/Jan/2014:13:55:31 -0500] "GET /notifications?get=count HTTP/1.1" 200 24 "http://www.pacetest.dk/pages/439-deltagerliste-jylland-17-18-19-januar-2014?layout=edit" "Mozilla/5.0 (Windows NT 6.2; WOW64; rv:26.0) Gecko/20100101 Firefox/26.0"
94.145.68.182 - - [15/Jan/2014:13:55:36 -0500] "GET /notifications?get=count HTTP/1.1" 200 24 "http://www.pacetest.dk/" "Mozilla/5.0 (X11; Ubuntu; Linux x86_64; rv:25.0) Gecko/20100101 Firefox/25.0"
94.145.68.182 - - [15/Jan/2014:13:56:01 -0500] "GET /notifications?get=count HTTP/1.1" 200 24 "http://www.pacetest.dk/pages/439-deltagerliste-jylland-17-18-19-januar-2014?layout=edit" "Mozilla/5.0 (Windows NT 6.2; WOW64; rv:26.0) Gecko/20100101 Firefox/26.0"
94.145.68.182 - - [15/Jan/2014:13:56:06 -0500] "GET /notifications?get=count HTTP/1.1" 200 24 "http://www.pacetest.dk/" "Mozilla/5.0 (X11; Ubuntu; Linux x86_64; rv:25.0) Gecko/20100101 Firefox/25.0"
94.145.68.182 - - [15/Jan/2014:13:56:31 -0500] "GET /notifications?get=count HTTP/1.1" 200 24 "http://www.pacetest.dk/pages/439-deltagerliste-jylland-17-18-19-januar-2014?layout=edit" "Mozilla/5.0 (Windows NT 6.2; WOW64; rv:26.0) Gecko/20100101 Firefox/26.0"
94.145.68.182 - - [15/Jan/2014:13:56:36 -0500] "GET /notifications?get=count HTTP/1.1" 200 24 "http://www.pacetest.dk/" "Mozilla/5.0 (X11; Ubuntu; Linux x86_64; rv:25.0) Gecko/20100101 Firefox/25.0"
94.145.68.182 - - [15/Jan/2014:13:57:01 -0500] "GET /notifications?get=count HTTP/1.1" 200 24 "http://www.pacetest.dk/pages/439-deltagerliste-jylland-17-18-19-januar-2014?layout=edit" "Mozilla/5.0 (Windows NT 6.2; WOW64; rv:26.0) Gecko/20100101 Firefox/26.0"
94.145.68.182 - - [15/Jan/2014:13:57:06 -0500] "GET /notifications?get=count HTTP/1.1" 200 24 "http://www.pacetest.dk/" "Mozilla/5.0 (X11; Ubuntu; Linux x86_64; rv:25.0) Gecko/20100101 Firefox/25.0"
94.145.68.182 - - [15/Jan/2014:13:57:31 -0500] "GET /notifications?get=count HTTP/1.1" 200 24 "http://www.pacetest.dk/pages/439-deltagerliste-jylland-17-18-19-januar-2014?layout=edit" "Mozilla/5.0 (Windows NT 6.2; WOW64; rv:26.0) Gecko/20100101 Firefox/26.0"
94.145.68.182 - - [15/Jan/2014:13:57:36 -0500] "GET /notifications?get=count HTTP/1.1" 200 24 "http://www.pacetest.dk/" "Mozilla/5.0 (X11; Ubuntu; Linux x86_64; rv:25.0) Gecko/20100101 Firefox/25.0"
212.130.148.138 - - [15/Jan/2014:13:57:50 -0500] "GET /pages/439-deltagerliste-jylland-17-18-19-januar-2014 HTTP/1.1" 303 - "-" "Mozilla/5.0 (iPad; CPU OS 6_1_3 like Mac OS X) AppleWebKit/536.26 (KHTML, like Gecko) Mobile/10B329"
212.130.148.138 - - [15/Jan/2014:13:57:52 -0500] "GET /people/session?return=aHR0cDovL3d3dy5wYWNldGVzdC5kay9wYWdlcy80MzktZGVsdGFnZXJsaXN0ZS1qeWxsYW5kLTE3LTE4LTE5LWphbnVhci0yMDE0 HTTP/1.1" 200 6984 "-" "Mozilla/5.0 (iPad; CPU OS 6_1_3 like Mac OS X) AppleWebKit/536.26 (KHTML, like Gecko) Mobile/10B329"
212.130.148.138 - - [15/Jan/2014:13:57:53 -0500] "GET /templates/shiraz/css/style1/style.css HTTP/1.1" 200 151926 "http://www.pacetest.dk/people/session?return=aHR0cDovL3d3dy5wYWNldGVzdC5kay9wYWdlcy80MzktZGVsdGFnZXJsaXN0ZS1qeWxsYW5kLTE3LTE4LTE5LWphbnVhci0yMDE0" "Mozilla/5.0 (iPad; CPU OS 6_1_3 like Mac OS X) AppleWebKit/536.26 (KHTML, like Gecko) Mobile/10B329"
212.130.148.138 - - [15/Jan/2014:13:57:54 -0500] "GET /media/lib_anahita/js/production/site.js HTTP/1.1" 200 310197 "http://www.pacetest.dk/people/session?return=aHR0cDovL3d3dy5wYWNldGVzdC5kay9wYWdlcy80MzktZGVsdGFnZXJsaXN0ZS1qeWxsYW5kLTE3LTE4LTE5LWphbnVhci0yMDE0" "Mozilla/5.0 (iPad; CPU OS 6_1_3 like Mac OS X) AppleWebKit/536.26 (KHTML, like Gecko) Mobile/10B329"
94.145.68.182 - - [15/Jan/2014:13:58:01 -0500] "GET /notifications?get=count HTTP/1.1" 200 24 "http://www.pacetest.dk/pages/439-deltagerliste-jylland-17-18-19-januar-2014?layout=edit" "Mozilla/5.0 (Windows NT 6.2; WOW64; rv:26.0) Gecko/20100101 Firefox/26.0"
94.145.68.182 - - [15/Jan/2014:13:58:06 -0500] "GET /notifications?get=count HTTP/1.1" 200 24 "http://www.pacetest.dk/" "Mozilla/5.0 (X11; Ubuntu; Linux x86_64; rv:25.0) Gecko/20100101 Firefox/25.0"
212.130.148.138 - - [15/Jan/2014:13:58:17 -0500] "POST /people/session HTTP/1.1" 303 - "http://www.pacetest.dk/people/session?return=aHR0cDovL3d3dy5wYWNldGVzdC5kay9wYWdlcy80MzktZGVsdGFnZXJsaXN0ZS1qeWxsYW5kLTE3LTE4LTE5LWphbnVhci0yMDE0" "Mozilla/5.0 (iPad; CPU OS 6_1_3 like Mac OS X) AppleWebKit/536.26 (KHTML, like Gecko) Mobile/10B329"
212.130.148.138 - - [15/Jan/2014:13:58:18 -0500] "GET /pages/439-deltagerliste-jylland-17-18-19-januar-2014 HTTP/1.1" 200 27689 "http://www.pacetest.dk/people/session?return=aHR0cDovL3d3dy5wYWNldGVzdC5kay9wYWdlcy80MzktZGVsdGFnZXJsaXN0ZS1qeWxsYW5kLTE3LTE4LTE5LWphbnVhci0yMDE0" "Mozilla/5.0 (iPad; CPU OS 6_1_3 like Mac OS X) AppleWebKit/536.26 (KHTML, like Gecko) Mobile/10B329"
212.130.148.138 - - [15/Jan/2014:13:58:21 -0500] "POST /people/session HTTP/1.1" 303 - "http://www.pacetest.dk/people/session?return=aHR0cDovL3d3dy5wYWNldGVzdC5kay9wYWdlcy80MzktZGVsdGFnZXJsaXN0ZS1qeWxsYW5kLTE3LTE4LTE5LWphbnVhci0yMDE0" "Mozilla/5.0 (iPad; CPU OS 6_1_3 like Mac OS X) AppleWebKit/536.26 (KHTML, like Gecko) Mobile/10B329"
212.130.148.138 - - [15/Jan/2014:13:58:23 -0500] "GET /pages/439-deltagerliste-jylland-17-18-19-januar-2014 HTTP/1.1" 200 27689 "http://www.pacetest.dk/people/session?return=aHR0cDovL3d3dy5wYWNldGVzdC5kay9wYWdlcy80MzktZGVsdGFnZXJsaXN0ZS1qeWxsYW5kLTE3LTE4LTE5LWphbnVhci0yMDE0" "Mozilla/5.0 (iPad; CPU OS 6_1_3 like Mac OS X) AppleWebKit/536.26 (KHTML, like Gecko) Mobile/10B329"
212.130.148.138 - - [15/Jan/2014:13:58:27 -0500] "GET /templates/base/css/images/logo.png HTTP/1.1" 200 5272 "http://www.pacetest.dk/pages/439-deltagerliste-jylland-17-18-19-januar-2014" "Mozilla/5.0 (iPad; CPU OS 6_1_3 like Mac OS X) AppleWebKit/536.26 (KHTML, like Gecko) Mobile/10B329"
212.130.148.138 - - [15/Jan/2014:13:58:28 -0500] "GET /media/com_pages/js/pages.js HTTP/1.1" 200 622 "http://www.pacetest.dk/pages/439-deltagerliste-jylland-17-18-19-januar-2014" "Mozilla/5.0 (iPad; CPU OS 6_1_3 like Mac OS X) AppleWebKit/536.26 (KHTML, like Gecko) Mobile/10B329"
- - - [15/Jan/2014:13:58:28 -0500] "OPTIONS * HTTP/1.0" 200 - "-" "Apache/2.2.22 (Red Hat Enterprise Web Server) (internal dummy connection)"
212.130.148.138 - - [15/Jan/2014:13:58:28 -0500] "GET /templates/base/css/images/glyphicons-halflings.png HTTP/1.1" 200 12799 "http://www.pacetest.dk/pages/439-deltagerliste-jylland-17-18-19-januar-2014" "Mozilla/5.0 (iPad; CPU OS 6_1_3 like Mac OS X) AppleWebKit/536.26 (KHTML, like Gecko) Mobile/10B329"
94.145.68.182 - - [15/Jan/2014:13:58:31 -0500] "GET /notifications?get=count HTTP/1.1" 200 24 "http://www.pacetest.dk/pages/439-deltagerliste-jylland-17-18-19-januar-2014?layout=edit" "Mozilla/5.0 (Windows NT 6.2; WOW64; rv:26.0) Gecko/20100101 Firefox/26.0"
94.145.68.182 - - [15/Jan/2014:13:58:36 -0500] "GET /notifications?get=count HTTP/1.1" 200 24 "http://www.pacetest.dk/" "Mozilla/5.0 (X11; Ubuntu; Linux x86_64; rv:25.0) Gecko/20100101 Firefox/25.0"
212.130.148.138 - - [15/Jan/2014:13:58:46 -0500] "GET /pages/439-deltagerliste-jylland-17-18-19-januar-2014?layout=edit HTTP/1.1" 200 12307 "http://www.pacetest.dk/pages/439-deltagerliste-jylland-17-18-19-januar-2014" "Mozilla/5.0 (iPad; CPU OS 6_1_3 like Mac OS X) AppleWebKit/536.26 (KHTML, like Gecko) Mobile/10B329"
212.130.148.138 - - [15/Jan/2014:13:58:49 -0500] "GET /media/lib_anahita/js/editor/tiny_mce.js HTTP/1.1" 200 203808 "http://www.pacetest.dk/pages/439-deltagerliste-jylland-17-18-19-januar-2014?layout=edit" "Mozilla/5.0 (iPad; CPU OS 6_1_3 like Mac OS X) AppleWebKit/536.26 (KHTML, like Gecko) Mobile/10B329"
212.130.148.138 - - [15/Jan/2014:13:58:49 -0500] "GET /media/lib_anahita/js/editor/editor.js HTTP/1.1" 200 11576 "http://www.pacetest.dk/pages/439-deltagerliste-jylland-17-18-19-januar-2014?layout=edit" "Mozilla/5.0 (iPad; CPU OS 6_1_3 like Mac OS X) AppleWebKit/536.26 (KHTML, like Gecko) Mobile/10B329"
212.130.148.138 - - [15/Jan/2014:13:58:49 -0500] "GET /media/lib_anahita/js/editor/encoder.js HTTP/1.1" 200 10452 "http://www.pacetest.dk/pages/439-deltagerliste-jylland-17-18-19-januar-2014?layout=edit" "Mozilla/5.0 (iPad; CPU OS 6_1_3 like Mac OS X) AppleWebKit/536.26 (KHTML, like Gecko) Mobile/10B329"
94.145.68.182 - - [15/Jan/2014:13:59:01 -0500] "GET /notifications?get=count HTTP/1.1" 200 24 "http://www.pacetest.dk/pages/439-deltagerliste-jylland-17-18-19-januar-2014?layout=edit" "Mozilla/5.0 (Windows NT 6.2; WOW64; rv:26.0) Gecko/20100101 Firefox/26.0"
94.145.68.182 - - [15/Jan/2014:13:59:06 -0500] "GET /notifications?get=count HTTP/1.1" 200 24 "http://www.pacetest.dk/" "Mozilla/5.0 (X11; Ubuntu; Linux x86_64; rv:25.0) Gecko/20100101 Firefox/25.0"
212.130.148.138 - - [15/Jan/2014:13:59:19 -0500] "GET /notifications?get=count HTTP/1.1" 200 24 "http://www.pacetest.dk/pages/439-deltagerliste-jylland-17-18-19-januar-2014?layout=edit" "Mozilla/5.0 (iPad; CPU OS 6_1_3 like Mac OS X) AppleWebKit/536.26 (KHTML, like Gecko) Mobile/10B329"
94.145.68.182 - - [15/Jan/2014:13:59:31 -0500] "GET /notifications?get=count HTTP/1.1" 200 24 "http://www.pacetest.dk/pages/439-deltagerliste-jylland-17-18-19-januar-2014?layout=edit" "Mozilla/5.0 (Windows NT 6.2; WOW64; rv:26.0) Gecko/20100101 Firefox/26.0"
94.145.68.182 - - [15/Jan/2014:13:59:36 -0500] "GET /notifications?get=count HTTP/1.1" 200 24 "http://www.pacetest.dk/" "Mozilla/5.0 (X11; Ubuntu; Linux x86_64; rv:25.0) Gecko/20100101 Firefox/25.0"
212.130.148.138 - - [15/Jan/2014:13:59:49 -0500] "GET /notifications?get=count HTTP/1.1" 200 24 "http://www.pacetest.dk/pages/439-deltagerliste-jylland-17-18-19-januar-2014?layout=edit" "Mozilla/5.0 (iPad; CPU OS 6_1_3 like Mac OS X) AppleWebKit/536.26 (KHTML, like Gecko) Mobile/10B329"
94.145.68.182 - - [15/Jan/2014:14:00:01 -0500] "GET /notifications?get=count HTTP/1.1" 200 24 "http://www.pacetest.dk/pages/439-deltagerliste-jylland-17-18-19-januar-2014?layout=edit" "Mozilla/5.0 (Windows NT 6.2; WOW64; rv:26.0) Gecko/20100101 Firefox/26.0"
94.145.68.182 - - [15/Jan/2014:14:00:06 -0500] "GET /notifications?get=count HTTP/1.1" 200 24 "http://www.pacetest.dk/" "Mozilla/5.0 (X11; Ubuntu; Linux x86_64; rv:25.0) Gecko/20100101 Firefox/25.0"
212.130.148.138 - - [15/Jan/2014:14:00:16 -0500] "POST /pages/@197/439-deltagerliste-jylland-17-18-19-januar-2014 HTTP/1.1" 303 - "http://www.pacetest.dk/pages/439-deltagerliste-jylland-17-18-19-januar-2014?layout=edit" "Mozilla/5.0 (iPad; CPU OS 6_1_3 like Mac OS X) AppleWebKit/536.26 (KHTML, like Gecko) Mobile/10B329"
212.130.148.138 - - [15/Jan/2014:14:00:18 -0500] "GET /pages/439-deltagerliste-jylland-17-18-19-januar-2014?layout=edit HTTP/1.1" 200 12483 "http://www.pacetest.dk/pages/439-deltagerliste-jylland-17-18-19-januar-2014?layout=edit" "Mozilla/5.0 (iPad; CPU OS 6_1_3 like Mac OS X) AppleWebKit/536.26 (KHTML, like Gecko) Mobile/10B329"
212.130.148.138 - - [15/Jan/2014:14:00:20 -0500] "POST /pages/@197/439-deltagerliste-jylland-17-18-19-januar-2014 HTTP/1.1" 303 - "http://www.pacetest.dk/pages/439-deltagerliste-jylland-17-18-19-januar-2014?layout=edit" "Mozilla/5.0 (iPad; CPU OS 6_1_3 like Mac OS X) AppleWebKit/536.26 (KHTML, like Gecko) Mobile/10B329"
- - - [15/Jan/2014:14:00:24 -0500] "OPTIONS * HTTP/1.0" 200 - "-" "Apache/2.2.22 (Red Hat Enterprise Web Server) (internal dummy connection)"
212.130.148.138 - - [15/Jan/2014:14:00:21 -0500] "POST /pages/@197/439-deltagerliste-jylland-17-18-19-januar-2014 HTTP/1.1" 303 - "http://www.pacetest.dk/pages/439-deltagerliste-jylland-17-18-19-januar-2014?layout=edit" "Mozilla/5.0 (iPad; CPU OS 6_1_3 like Mac OS X) AppleWebKit/536.26 (KHTML, like Gecko) Mobile/10B329"
- - - [15/Jan/2014:14:00:26 -0500] "OPTIONS * HTTP/1.0" 200 - "-" "Apache/2.2.22 (Red Hat Enterprise Web Server) (internal dummy connection)"
212.130.148.138 - - [15/Jan/2014:14:00:26 -0500] "POST /pages/@197/439-deltagerliste-jylland-17-18-19-januar-2014 HTTP/1.1" 303 - "http://www.pacetest.dk/pages/439-deltagerliste-jylland-17-18-19-januar-2014?layout=edit" "Mozilla/5.0 (iPad; CPU OS 6_1_3 like Mac OS X) AppleWebKit/536.26 (KHTML, like Gecko) Mobile/10B329"
212.130.148.138 - - [15/Jan/2014:14:00:26 -0500] "GET /pages/439-deltagerliste-jylland-17-18-19-januar-2014?layout=edit HTTP/1.1" 200 12483 "http://www.pacetest.dk/pages/439-deltagerliste-jylland-17-18-19-januar-2014?layout=edit" "Mozilla/5.0 (iPad; CPU OS 6_1_3 like Mac OS X) AppleWebKit/536.26 (KHTML, like Gecko) Mobile/10B329"
212.130.148.138 - - [15/Jan/2014:14:00:31 -0500] "GET /pages/439-deltagerliste-jylland-17-18-19-januar-2014?layout=edit HTTP/1.1" 200 12321 "http://www.pacetest.dk/pages/439-deltagerliste-jylland-17-18-19-januar-2014?layout=edit" "Mozilla/5.0 (iPad; CPU OS 6_1_3 like Mac OS X) AppleWebKit/536.26 (KHTML, like Gecko) Mobile/10B329"
94.145.68.182 - - [15/Jan/2014:14:00:32 -0500] "GET /notifications?get=count HTTP/1.1" 200 24 "http://www.pacetest.dk/pages/439-deltagerliste-jylland-17-18-19-januar-2014?layout=edit" "Mozilla/5.0 (Windows NT 6.2; WOW64; rv:26.0) Gecko/20100101 Firefox/26.0"
- - - [15/Jan/2014:14:00:36 -0500] "OPTIONS * HTTP/1.0" 200 - "-" "Apache/2.2.22 (Red Hat Enterprise Web Server) (internal dummy connection)"
212.130.148.138 - - [15/Jan/2014:14:00:32 -0500] "POST /pages/@197/439-deltagerliste-jylland-17-18-19-januar-2014 HTTP/1.1" 303 - "http://www.pacetest.dk/pages/439-deltagerliste-jylland-17-18-19-januar-2014?layout=edit" "Mozilla/5.0 (iPad; CPU OS 6_1_3 like Mac OS X) AppleWebKit/536.26 (KHTML, like Gecko) Mobile/10B329"
94.145.68.182 - - [15/Jan/2014:14:00:36 -0500] "GET /notifications?get=count HTTP/1.1" 200 24 "http://www.pacetest.dk/" "Mozilla/5.0 (X11; Ubuntu; Linux x86_64; rv:25.0) Gecko/20100101 Firefox/25.0"
212.130.148.138 - - [15/Jan/2014:14:00:38 -0500] "GET /pages/439-deltagerliste-jylland-17-18-19-januar-2014?layout=edit HTTP/1.1" 200 12321 "http://www.pacetest.dk/pages/439-deltagerliste-jylland-17-18-19-januar-2014?layout=edit" "Mozilla/5.0 (iPad; CPU OS 6_1_3 like Mac OS X) AppleWebKit/536.26 (KHTML, like Gecko) Mobile/10B329"
- - - [15/Jan/2014:14:00:42 -0500] "OPTIONS * HTTP/1.0" 200 - "-" "Apache/2.2.22 (Red Hat Enterprise Web Server) (internal dummy connection)"
212.130.148.138 - - [15/Jan/2014:14:00:44 -0500] "GET /notifications?layout=popover&hqgyfzpe HTTP/1.1" 200 6767 "http://www.pacetest.dk/pages/439-deltagerliste-jylland-17-18-19-januar-2014?layout=edit" "Mozilla/5.0 (iPad; CPU OS 6_1_3 like Mac OS X) AppleWebKit/536.26 (KHTML, like Gecko) Mobile/10B329"
212.130.148.138 - - [15/Jan/2014:14:00:57 -0500] "POST /pages/@197/439-deltagerliste-jylland-17-18-19-januar-2014 HTTP/1.1" 303 - "http://www.pacetest.dk/pages/439-deltagerliste-jylland-17-18-19-januar-2014?layout=edit" "Mozilla/5.0 (iPad; CPU OS 6_1_3 like Mac OS X) AppleWebKit/536.26 (KHTML, like Gecko) Mobile/10B329"
212.130.148.138 - - [15/Jan/2014:14:00:59 -0500] "GET /pages/439-deltagerliste-jylland-17-18-19-januar-2014?layout=edit HTTP/1.1" 200 12306 "http://www.pacetest.dk/pages/439-deltagerliste-jylland-17-18-19-januar-2014?layout=edit" "Mozilla/5.0 (iPad; CPU OS 6_1_3 like Mac OS X) AppleWebKit/536.26 (KHTML, like Gecko) Mobile/10B329"
94.145.68.182 - - [15/Jan/2014:14:01:01 -0500] "GET /notifications?get=count HTTP/1.1" 200 24 "http://www.pacetest.dk/pages/439-deltagerliste-jylland-17-18-19-januar-2014?layout=edit" "Mozilla/5.0 (Windows NT 6.2; WOW64; rv:26.0) Gecko/20100101 Firefox/26.0"
94.145.68.182 - - [15/Jan/2014:14:01:06 -0500] "GET /notifications?get=count HTTP/1.1" 200 24 "http://www.pacetest.dk/" "Mozilla/5.0 (X11; Ubuntu; Linux x86_64; rv:25.0) Gecko/20100101 Firefox/25.0"
- - - [15/Jan/2014:14:01:14 -0500] "OPTIONS * HTTP/1.0" 200 - "-" "Apache/2.2.22 (Red Hat Enterprise Web Server) (internal dummy connection)"
212.130.148.138 - - [15/Jan/2014:14:01:06 -0500] "POST /pages/@197/439-deltagerliste-jylland-17-18-19-januar-2014 HTTP/1.1" 303 - "http://www.pacetest.dk/pages/439-deltagerliste-jylland-17-18-19-januar-2014?layout=edit" "Mozilla/5.0 (iPad; CPU OS 6_1_3 like Mac OS X) AppleWebKit/536.26 (KHTML, like Gecko) Mobile/10B329"
- - - [15/Jan/2014:14:01:17 -0500] "OPTIONS * HTTP/1.0" 200 - "-" "Apache/2.2.22 (Red Hat Enterprise Web Server) (internal dummy connection)"
212.130.148.138 - - [15/Jan/2014:14:01:01 -0500] "GET /pages/439-deltagerliste-jylland-17-18-19-januar-2014 HTTP/1.1" 200 27683 "http://www.pacetest.dk/pages/439-deltagerliste-jylland-17-18-19-januar-2014?layout=edit" "Mozilla/5.0 (iPad; CPU OS 6_1_3 like Mac OS X) AppleWebKit/536.26 (KHTML, like Gecko) Mobile/10B329"
212.130.148.138 - - [15/Jan/2014:14:01:03 -0500] "GET /pages/439-deltagerliste-jylland-17-18-19-januar-2014 HTTP/1.1" 200 27683 "http://www.pacetest.dk/pages/439-deltagerliste-jylland-17-18-19-januar-2014?layout=edit" "Mozilla/5.0 (iPad; CPU OS 6_1_3 like Mac OS X) AppleWebKit/536.26 (KHTML, like Gecko) Mobile/10B329"
212.130.148.138 - - [15/Jan/2014:14:01:04 -0500] "GET /pages/439-deltagerliste-jylland-17-18-19-januar-2014 HTTP/1.1" 200 27683 "http://www.pacetest.dk/pages/439-deltagerliste-jylland-17-18-19-januar-2014?layout=edit" "Mozilla/5.0 (iPad; CPU OS 6_1_3 like Mac OS X) AppleWebKit/536.26 (KHTML, like Gecko) Mobile/10B329"
- - - [15/Jan/2014:14:01:22 -0500] "OPTIONS * HTTP/1.0" 200 - "-" "Apache/2.2.22 (Red Hat Enterprise Web Server) (internal dummy connection)"
- - - [15/Jan/2014:14:01:22 -0500] "OPTIONS * HTTP/1.0" 200 - "-" "Apache/2.2.22 (Red Hat Enterprise Web Server) (internal dummy connection)"
212.130.148.138 - - [15/Jan/2014:14:01:18 -0500] "GET /pages/439-deltagerliste-jylland-17-18-19-januar-2014?layout=edit HTTP/1.1" 200 12306 "http://www.pacetest.dk/pages/439-deltagerliste-jylland-17-18-19-januar-2014?layout=edit" "Mozilla/5.0 (iPad; CPU OS 6_1_3 like Mac OS X) AppleWebKit/536.26 (KHTML, like Gecko) Mobile/10B329"
- - - [15/Jan/2014:14:01:23 -0500] "OPTIONS * HTTP/1.0" 200 - "-" "Apache/2.2.22 (Red Hat Enterprise Web Server) (internal dummy connection)"
94.145.68.182 - - [15/Jan/2014:14:01:31 -0500] "GET /notifications?get=count HTTP/1.1" 200 24 "http://www.pacetest.dk/pages/439-deltagerliste-jylland-17-18-19-januar-2014?layout=edit" "Mozilla/5.0 (Windows NT 6.2; WOW64; rv:26.0) Gecko/20100101 Firefox/26.0"
94.145.68.182 - - [15/Jan/2014:14:01:36 -0500] "GET /notifications?get=count HTTP/1.1" 200 24 "http://www.pacetest.dk/" "Mozilla/5.0 (X11; Ubuntu; Linux x86_64; rv:25.0) Gecko/20100101 Firefox/25.0"
212.130.148.138 - - [15/Jan/2014:14:01:45 -0500] "GET /pages/439-deltagerliste-jylland-17-18-19-januar-2014 HTTP/1.1" 200 27681 "-" "Mozilla/5.0 (iPad; CPU OS 6_1_3 like Mac OS X) AppleWebKit/536.26 (KHTML, like Gecko) Mobile/10B329"
94.145.68.182 - - [15/Jan/2014:14:02:01 -0500] "GET /notifications?get=count HTTP/1.1" 200 24 "http://www.pacetest.dk/pages/439-deltagerliste-jylland-17-18-19-januar-2014?layout=edit" "Mozilla/5.0 (Windows NT 6.2; WOW64; rv:26.0) Gecko/20100101 Firefox/26.0"
94.145.68.182 - - [15/Jan/2014:14:02:08 -0500] "GET /notifications?get=count HTTP/1.1" 200 24 "http://www.pacetest.dk/" "Mozilla/5.0 (X11; Ubuntu; Linux x86_64; rv:25.0) Gecko/20100101 Firefox/25.0"
94.145.68.182 - - [15/Jan/2014:14:02:31 -0500] "GET /notifications?get=count HTTP/1.1" 200 24 "http://www.pacetest.dk/pages/439-deltagerliste-jylland-17-18-19-januar-2014?layout=edit" "Mozilla/5.0 (Windows NT 6.2; WOW64; rv:26.0) Gecko/20100101 Firefox/26.0"
94.145.68.182 - - [15/Jan/2014:14:02:36 -0500] "GET /notifications?get=count HTTP/1.1" 200 24 "http://www.pacetest.dk/" "Mozilla/5.0 (X11; Ubuntu; Linux x86_64; rv:25.0) Gecko/20100101 Firefox/25.0"
212.130.148.138 - - [15/Jan/2014:14:02:42 -0500] "GET /notifications?get=count HTTP/1.1" 200 24 "http://www.pacetest.dk/pages/439-deltagerliste-jylland-17-18-19-januar-2014" "Mozilla/5.0 (iPad; CPU OS 6_1_3 like Mac OS X) AppleWebKit/536.26 (KHTML, like Gecko) Mobile/10B329"
94.145.68.182 - - [15/Jan/2014:14:03:01 -0500] "GET /notifications?get=count HTTP/1.1" 200 24 "http://www.pacetest.dk/pages/439-deltagerliste-jylland-17-18-19-januar-2014?layout=edit" "Mozilla/5.0 (Windows NT 6.2; WOW64; rv:26.0) Gecko/20100101 Firefox/26.0"
94.145.68.182 - - [15/Jan/2014:14:03:06 -0500] "GET /notifications?get=count HTTP/1.1" 200 24 "http://www.pacetest.dk/" "Mozilla/5.0 (X11; Ubuntu; Linux x86_64; rv:25.0) Gecko/20100101 Firefox/25.0"
212.130.148.138 - - [15/Jan/2014:14:03:12 -0500] "GET /notifications?get=count HTTP/1.1" 200 24 "http://www.pacetest.dk/pages/439-deltagerliste-jylland-17-18-19-januar-2014" "Mozilla/5.0 (iPad; CPU OS 6_1_3 like Mac OS X) AppleWebKit/536.26 (KHTML, like Gecko) Mobile/10B329"
94.145.68.182 - - [15/Jan/2014:14:03:31 -0500] "GET /notifications?get=count HTTP/1.1" 200 24 "http://www.pacetest.dk/pages/439-deltagerliste-jylland-17-18-19-januar-2014?layout=edit" "Mozilla/5.0 (Windows NT 6.2; WOW64; rv:26.0) Gecko/20100101 Firefox/26.0"
94.145.68.182 - - [15/Jan/2014:14:03:36 -0500] "GET /notifications?get=count HTTP/1.1" 200 24 "http://www.pacetest.dk/" "Mozilla/5.0 (X11; Ubuntu; Linux x86_64; rv:25.0) Gecko/20100101 Firefox/25.0"
212.130.148.138 - - [15/Jan/2014:14:03:42 -0500] "GET /notifications?get=count HTTP/1.1" 200 24 "http://www.pacetest.dk/pages/439-deltagerliste-jylland-17-18-19-januar-2014" "Mozilla/5.0 (iPad; CPU OS 6_1_3 like Mac OS X) AppleWebKit/536.26 (KHTML, like Gecko) Mobile/10B329"
93.165.119.134 - - [15/Jan/2014:14:03:58 -0500] "GET / HTTP/1.1" 200 7760 "-" "Mozilla/5.0 (Windows NT 6.1; WOW64) AppleWebKit/537.36 (KHTML, like Gecko) Chrome/31.0.1650.63 Safari/537.36"
93.165.119.134 - - [15/Jan/2014:14:04:00 -0500] "GET /templates/shiraz/css/style1/style.css HTTP/1.1" 200 151926 "http://www.pacetest.dk/" "Mozilla/5.0 (Windows NT 6.1; WOW64) AppleWebKit/537.36 (KHTML, like Gecko) Chrome/31.0.1650.63 Safari/537.36"
93.165.119.134 - - [15/Jan/2014:14:04:00 -0500] "GET /media/lib_anahita/js/production/site.js HTTP/1.1" 200 310197 "http://www.pacetest.dk/" "Mozilla/5.0 (Windows NT 6.1; WOW64) AppleWebKit/537.36 (KHTML, like Gecko) Chrome/31.0.1650.63 Safari/537.36"
93.165.119.134 - - [15/Jan/2014:14:04:01 -0500] "GET /templates/base/css/images/icon-socialmedia-white.png HTTP/1.1" 200 5419 "http://www.pacetest.dk/" "Mozilla/5.0 (Windows NT 6.1; WOW64) AppleWebKit/537.36 (KHTML, like Gecko) Chrome/31.0.1650.63 Safari/537.36"
93.165.119.134 - - [15/Jan/2014:14:04:01 -0500] "GET /templates/base/css/images/icon-socialmedia.png HTTP/1.1" 200 6399 "http://www.pacetest.dk/" "Mozilla/5.0 (Windows NT 6.1; WOW64) AppleWebKit/537.36 (KHTML, like Gecko) Chrome/31.0.1650.63 Safari/537.36"
93.165.119.134 - - [15/Jan/2014:14:04:01 -0500] "GET /templates/base/css/images/logo.png HTTP/1.1" 200 5272 "http://www.pacetest.dk/" "Mozilla/5.0 (Windows NT 6.1; WOW64) AppleWebKit/537.36 (KHTML, like Gecko) Chrome/31.0.1650.63 Safari/537.36"
93.165.119.134 - - [15/Jan/2014:14:04:01 -0500] "GET /templates/base/css/images/favicon.ico HTTP/1.1" 200 1150 "-" "Mozilla/5.0 (Windows NT 6.1; WOW64) AppleWebKit/537.36 (KHTML, like Gecko) Chrome/31.0.1650.63 Safari/537.36"
94.145.68.182 - - [15/Jan/2014:14:04:01 -0500] "GET /notifications?get=count HTTP/1.1" 200 24 "http://www.pacetest.dk/pages/439-deltagerliste-jylland-17-18-19-januar-2014?layout=edit" "Mozilla/5.0 (Windows NT 6.2; WOW64; rv:26.0) Gecko/20100101 Firefox/26.0"
93.165.119.134 - - [15/Jan/2014:14:04:01 -0500] "GET / HTTP/1.1" 200 7760 "-" "Mozilla/5.0 (Windows NT 6.1; WOW64) AppleWebKit/537.36 (KHTML, like Gecko) Chrome/31.0.1650.63 Safari/537.36"
- - - [15/Jan/2014:14:04:04 -0500] "OPTIONS * HTTP/1.0" 200 - "-" "Apache/2.2.22 (Red Hat Enterprise Web Server) (internal dummy connection)"
93.165.119.134 - - [15/Jan/2014:14:04:04 -0500] "GET /media/lib_anahita/js/production/site.js HTTP/1.1" 200 310197 "http://www.pacetest.dk/" "Mozilla/5.0 (Windows NT 6.1; WOW64) AppleWebKit/537.36 (KHTML, like Gecko) Chrome/31.0.1650.63 Safari/537.36"
94.145.68.182 - - [15/Jan/2014:14:04:06 -0500] "GET /notifications?get=count HTTP/1.1" 200 24 "http://www.pacetest.dk/" "Mozilla/5.0 (X11; Ubuntu; Linux x86_64; rv:25.0) Gecko/20100101 Firefox/25.0"
93.165.119.134 - - [15/Jan/2014:14:04:10 -0500] "GET /templates/base/css/images/spinner.gif HTTP/1.1" 200 723 "http://www.pacetest.dk/" "Mozilla/5.0 (Windows NT 6.1; WOW64) AppleWebKit/537.36 (KHTML, like Gecko) Chrome/31.0.1650.63 Safari/537.36"
93.165.119.134 - - [15/Jan/2014:14:04:10 -0500] "GET /people/session?layout=modal&return=aHR0cDovL3d3dy5wYWNldGVzdC5kay8%3D&hqgyk9g9 HTTP/1.1" 200 1413 "http://www.pacetest.dk/" "Mozilla/5.0 (Windows NT 6.1; WOW64) AppleWebKit/537.36 (KHTML, like Gecko) Chrome/31.0.1650.63 Safari/537.36"
93.165.119.134 - - [15/Jan/2014:14:04:22 -0500] "POST /people/session?layout=modal HTTP/1.1" 303 - "http://www.pacetest.dk/" "Mozilla/5.0 (Windows NT 6.1; WOW64) AppleWebKit/537.36 (KHTML, like Gecko) Chrome/31.0.1650.63 Safari/537.36"
93.165.119.134 - - [15/Jan/2014:14:04:24 -0500] "GET / HTTP/1.1" 200 99321 "http://www.pacetest.dk/" "Mozilla/5.0 (Windows NT 6.1; WOW64) AppleWebKit/537.36 (KHTML, like Gecko) Chrome/31.0.1650.63 Safari/537.36"
94.145.68.182 - - [15/Jan/2014:14:04:31 -0500] "GET /notifications?get=count HTTP/1.1" 200 24 "http://www.pacetest.dk/pages/439-deltagerliste-jylland-17-18-19-januar-2014?layout=edit" "Mozilla/5.0 (Windows NT 6.2; WOW64; rv:26.0) Gecko/20100101 Firefox/26.0"
- - - [15/Jan/2014:14:04:35 -0500] "OPTIONS * HTTP/1.0" 200 - "-" "Apache/2.2.22 (Red Hat Enterprise Web Server) (internal dummy connection)"
93.165.119.134 - - [15/Jan/2014:14:04:32 -0500] "POST /people/session?layout=modal HTTP/1.1" 303 - "http://www.pacetest.dk/" "Mozilla/5.0 (Windows NT 6.1; WOW64) AppleWebKit/537.36 (KHTML, like Gecko) Chrome/31.0.1650.63 Safari/537.36"
- - - [15/Jan/2014:14:04:35 -0500] "OPTIONS * HTTP/1.0" 200 - "-" "Apache/2.2.22 (Red Hat Enterprise Web Server) (internal dummy connection)"
94.145.68.182 - - [15/Jan/2014:14:04:36 -0500] "GET /notifications?get=count HTTP/1.1" 200 24 "http://www.pacetest.dk/" "Mozilla/5.0 (X11; Ubuntu; Linux x86_64; rv:25.0) Gecko/20100101 Firefox/25.0"
93.165.119.134 - - [15/Jan/2014:14:04:35 -0500] "GET / HTTP/1.1" 200 99321 "http://www.pacetest.dk/" "Mozilla/5.0 (Windows NT 6.1; WOW64) AppleWebKit/537.36 (KHTML, like Gecko) Chrome/31.0.1650.63 Safari/537.36"
- - - [15/Jan/2014:14:04:46 -0500] "OPTIONS * HTTP/1.0" 200 - "-" "Apache/2.2.22 (Red Hat Enterprise Web Server) (internal dummy connection)"
93.165.119.134 - - [15/Jan/2014:14:04:46 -0500] "GET /media/com_stories/js/stories.js HTTP/1.1" 200 1707 "http://www.pacetest.dk/" "Mozilla/5.0 (Windows NT 6.1; WOW64) AppleWebKit/537.36 (KHTML, like Gecko) Chrome/31.0.1650.63 Safari/537.36"
93.165.119.134 - - [15/Jan/2014:14:04:46 -0500] "GET /media/lib_anahita/js/vendors/mediabox.js HTTP/1.1" 200 45415 "http://www.pacetest.dk/" "Mozilla/5.0 (Windows NT 6.1; WOW64) AppleWebKit/537.36 (KHTML, like Gecko) Chrome/31.0.1650.63 Safari/537.36"
93.165.119.134 - - [15/Jan/2014:14:04:47 -0500] "GET /media/com_composer/js/composer.js HTTP/1.1" 200 5682 "http://www.pacetest.dk/" "Mozilla/5.0 (Windows NT 6.1; WOW64) AppleWebKit/537.36 (KHTML, like Gecko) Chrome/31.0.1650.63 Safari/537.36"
93.165.119.134 - - [15/Jan/2014:14:04:47 -0500] "GET /templates/base/css/images/glyphicons-halflings.png HTTP/1.1" 200 12799 "http://www.pacetest.dk/" "Mozilla/5.0 (Windows NT 6.1; WOW64) AppleWebKit/537.36 (KHTML, like Gecko) Chrome/31.0.1650.63 Safari/537.36"
93.165.119.134 - - [15/Jan/2014:14:04:48 -0500] "GET /stories?layout=list&filter=leaders&start=20&limit=20 HTTP/1.1" 200 33865 "http://www.pacetest.dk/" "Mozilla/5.0 (Windows NT 6.1; WOW64) AppleWebKit/537.36 (KHTML, like Gecko) Chrome/31.0.1650.63 Safari/537.36"
93.165.119.134 - - [15/Jan/2014:14:04:48 -0500] "GET /stories?layout=list&filter=leaders&start=40&limit=20 HTTP/1.1" 200 84149 "http://www.pacetest.dk/" "Mozilla/5.0 (Windows NT 6.1; WOW64) AppleWebKit/537.36 (KHTML, like Gecko) Chrome/31.0.1650.63 Safari/537.36"
94.145.68.182 - - [15/Jan/2014:14:05:01 -0500] "GET /notifications?get=count HTTP/1.1" 200 24 "http://www.pacetest.dk/pages/439-deltagerliste-jylland-17-18-19-januar-2014?layout=edit" "Mozilla/5.0 (Windows NT 6.2; WOW64; rv:26.0) Gecko/20100101 Firefox/26.0"
94.145.68.182 - - [15/Jan/2014:14:05:06 -0500] "GET /notifications?get=count HTTP/1.1" 200 24 "http://www.pacetest.dk/" "Mozilla/5.0 (X11; Ubuntu; Linux x86_64; rv:25.0) Gecko/20100101 Firefox/25.0"
93.165.119.134 - - [15/Jan/2014:14:05:03 -0500] "GET /pages/439-deltagerliste-jylland-17-18-19-januar-2014 HTTP/1.1" 200 27674 "http://www.pacetest.dk/" "Mozilla/5.0 (Windows NT 6.1; WOW64) AppleWebKit/537.36 (KHTML, like Gecko) Chrome/31.0.1650.63 Safari/537.36"
- - - [15/Jan/2014:14:05:13 -0500] "OPTIONS * HTTP/1.0" 200 - "-" "Apache/2.2.22 (Red Hat Enterprise Web Server) (internal dummy connection)"
93.165.119.134 - - [15/Jan/2014:14:05:14 -0500] "GET /media/com_pages/js/pages.js HTTP/1.1" 200 622 "http://www.pacetest.dk/pages/439-deltagerliste-jylland-17-18-19-januar-2014" "Mozilla/5.0 (Windows NT 6.1; WOW64) AppleWebKit/537.36 (KHTML, like Gecko) Chrome/31.0.1650.63 Safari/537.36"
93.165.119.134 - - [15/Jan/2014:14:05:00 -0500] "GET /stories?layout=list&filter=leaders&start=60&limit=20 HTTP/1.1" 200 43176 "http://www.pacetest.dk/" "Mozilla/5.0 (Windows NT 6.1; WOW64) AppleWebKit/537.36 (KHTML, like Gecko) Chrome/31.0.1650.63 Safari/537.36"
- - - [15/Jan/2014:14:05:16 -0500] "OPTIONS * HTTP/1.0" 200 - "-" "Apache/2.2.22 (Red Hat Enterprise Web Server) (internal dummy connection)"
94.145.68.182 - - [15/Jan/2014:14:05:31 -0500] "GET /notifications?get=count HTTP/1.1" 200 24 "http://www.pacetest.dk/pages/439-deltagerliste-jylland-17-18-19-januar-2014?layout=edit" "Mozilla/5.0 (Windows NT 6.2; WOW64; rv:26.0) Gecko/20100101 Firefox/26.0"
94.145.68.182 - - [15/Jan/2014:14:05:36 -0500] "GET /notifications?get=count HTTP/1.1" 200 24 "http://www.pacetest.dk/" "Mozilla/5.0 (X11; Ubuntu; Linux x86_64; rv:25.0) Gecko/20100101 Firefox/25.0"
93.165.119.134 - - [15/Jan/2014:14:05:45 -0500] "GET /notifications?get=count HTTP/1.1" 200 24 "http://www.pacetest.dk/pages/439-deltagerliste-jylland-17-18-19-januar-2014" "Mozilla/5.0 (Windows NT 6.1; WOW64) AppleWebKit/537.36 (KHTML, like Gecko) Chrome/31.0.1650.63 Safari/537.36"
94.145.68.182 - - [15/Jan/2014:14:06:01 -0500] "GET /notifications?get=count HTTP/1.1" 200 24 "http://www.pacetest.dk/pages/439-deltagerliste-jylland-17-18-19-januar-2014?layout=edit" "Mozilla/5.0 (Windows NT 6.2; WOW64; rv:26.0) Gecko/20100101 Firefox/26.0"
94.145.68.182 - - [15/Jan/2014:14:06:06 -0500] "GET /notifications?get=count HTTP/1.1" 200 24 "http://www.pacetest.dk/" "Mozilla/5.0 (X11; Ubuntu; Linux x86_64; rv:25.0) Gecko/20100101 Firefox/25.0"
93.165.119.134 - - [15/Jan/2014:14:06:15 -0500] "GET /notifications?get=count HTTP/1.1" 200 24 "http://www.pacetest.dk/pages/439-deltagerliste-jylland-17-18-19-januar-2014" "Mozilla/5.0 (Windows NT 6.1; WOW64) AppleWebKit/537.36 (KHTML, like Gecko) Chrome/31.0.1650.63 Safari/537.36"
94.145.68.182 - - [15/Jan/2014:14:06:31 -0500] "GET /notifications?get=count HTTP/1.1" 200 24 "http://www.pacetest.dk/pages/439-deltagerliste-jylland-17-18-19-januar-2014?layout=edit" "Mozilla/5.0 (Windows NT 6.2; WOW64; rv:26.0) Gecko/20100101 Firefox/26.0"
94.145.68.182 - - [15/Jan/2014:14:06:36 -0500] "GET /notifications?get=count HTTP/1.1" 200 24 "http://www.pacetest.dk/" "Mozilla/5.0 (X11; Ubuntu; Linux x86_64; rv:25.0) Gecko/20100101 Firefox/25.0"
93.165.119.134 - - [15/Jan/2014:14:06:45 -0500] "GET /notifications?get=count HTTP/1.1" 200 24 "http://www.pacetest.dk/pages/439-deltagerliste-jylland-17-18-19-januar-2014" "Mozilla/5.0 (Windows NT 6.1; WOW64) AppleWebKit/537.36 (KHTML, like Gecko) Chrome/31.0.1650.63 Safari/537.36"
94.145.68.182 - - [15/Jan/2014:14:07:01 -0500] "GET /notifications?get=count HTTP/1.1" 200 24 "http://www.pacetest.dk/pages/439-deltagerliste-jylland-17-18-19-januar-2014?layout=edit" "Mozilla/5.0 (Windows NT 6.2; WOW64; rv:26.0) Gecko/20100101 Firefox/26.0"
94.145.68.182 - - [15/Jan/2014:14:07:06 -0500] "GET /notifications?get=count HTTP/1.1" 200 24 "http://www.pacetest.dk/" "Mozilla/5.0 (X11; Ubuntu; Linux x86_64; rv:25.0) Gecko/20100101 Firefox/25.0"
93.165.119.134 - - [15/Jan/2014:14:07:15 -0500] "GET /notifications?get=count HTTP/1.1" 200 24 "http://www.pacetest.dk/pages/439-deltagerliste-jylland-17-18-19-januar-2014" "Mozilla/5.0 (Windows NT 6.1; WOW64) AppleWebKit/537.36 (KHTML, like Gecko) Chrome/31.0.1650.63 Safari/537.36"
94.145.68.182 - - [15/Jan/2014:14:07:31 -0500] "GET /notifications?get=count HTTP/1.1" 200 24 "http://www.pacetest.dk/pages/439-deltagerliste-jylland-17-18-19-januar-2014?layout=edit" "Mozilla/5.0 (Windows NT 6.2; WOW64; rv:26.0) Gecko/20100101 Firefox/26.0"
94.145.68.182 - - [15/Jan/2014:14:07:36 -0500] "GET /notifications?get=count HTTP/1.1" 200 24 "http://www.pacetest.dk/" "Mozilla/5.0 (X11; Ubuntu; Linux x86_64; rv:25.0) Gecko/20100101 Firefox/25.0"
93.165.119.134 - - [15/Jan/2014:14:07:45 -0500] "GET /notifications?get=count HTTP/1.1" 200 24 "http://www.pacetest.dk/pages/439-deltagerliste-jylland-17-18-19-januar-2014" "Mozilla/5.0 (Windows NT 6.1; WOW64) AppleWebKit/537.36 (KHTML, like Gecko) Chrome/31.0.1650.63 Safari/537.36"
94.145.68.182 - - [15/Jan/2014:14:08:01 -0500] "GET /notifications?get=count HTTP/1.1" 200 24 "http://www.pacetest.dk/pages/439-deltagerliste-jylland-17-18-19-januar-2014?layout=edit" "Mozilla/5.0 (Windows NT 6.2; WOW64; rv:26.0) Gecko/20100101 Firefox/26.0"
94.145.68.182 - - [15/Jan/2014:14:08:06 -0500] "GET /notifications?get=count HTTP/1.1" 200 24 "http://www.pacetest.dk/" "Mozilla/5.0 (X11; Ubuntu; Linux x86_64; rv:25.0) Gecko/20100101 Firefox/25.0"
93.165.119.134 - - [15/Jan/2014:14:08:15 -0500] "GET /notifications?get=count HTTP/1.1" 200 24 "http://www.pacetest.dk/pages/439-deltagerliste-jylland-17-18-19-januar-2014" "Mozilla/5.0 (Windows NT 6.1; WOW64) AppleWebKit/537.36 (KHTML, like Gecko) Chrome/31.0.1650.63 Safari/537.36"
94.145.68.182 - - [15/Jan/2014:14:08:31 -0500] "GET /notifications?get=count HTTP/1.1" 200 24 "http://www.pacetest.dk/pages/439-deltagerliste-jylland-17-18-19-januar-2014?layout=edit" "Mozilla/5.0 (Windows NT 6.2; WOW64; rv:26.0) Gecko/20100101 Firefox/26.0"
94.145.68.182 - - [15/Jan/2014:14:08:36 -0500] "GET /notifications?get=count HTTP/1.1" 200 24 "http://www.pacetest.dk/" "Mozilla/5.0 (X11; Ubuntu; Linux x86_64; rv:25.0) Gecko/20100101 Firefox/25.0"
93.165.119.134 - - [15/Jan/2014:14:08:45 -0500] "GET /notifications?get=count HTTP/1.1" 200 24 "http://www.pacetest.dk/pages/439-deltagerliste-jylland-17-18-19-januar-2014" "Mozilla/5.0 (Windows NT 6.1; WOW64) AppleWebKit/537.36 (KHTML, like Gecko) Chrome/31.0.1650.63 Safari/537.36"
94.145.68.182 - - [15/Jan/2014:14:09:01 -0500] "GET /notifications?get=count HTTP/1.1" 200 24 "http://www.pacetest.dk/pages/439-deltagerliste-jylland-17-18-19-januar-2014?layout=edit" "Mozilla/5.0 (Windows NT 6.2; WOW64; rv:26.0) Gecko/20100101 Firefox/26.0"
94.145.68.182 - - [15/Jan/2014:14:09:06 -0500] "GET /notifications?get=count HTTP/1.1" 200 24 "http://www.pacetest.dk/" "Mozilla/5.0 (X11; Ubuntu; Linux x86_64; rv:25.0) Gecko/20100101 Firefox/25.0"
93.165.119.134 - - [15/Jan/2014:14:09:15 -0500] "GET /notifications?get=count HTTP/1.1" 200 24 "http://www.pacetest.dk/pages/439-deltagerliste-jylland-17-18-19-januar-2014" "Mozilla/5.0 (Windows NT 6.1; WOW64) AppleWebKit/537.36 (KHTML, like Gecko) Chrome/31.0.1650.63 Safari/537.36"
94.145.68.182 - - [15/Jan/2014:14:09:31 -0500] "GET /notifications?get=count HTTP/1.1" 200 24 "http://www.pacetest.dk/pages/439-deltagerliste-jylland-17-18-19-januar-2014?layout=edit" "Mozilla/5.0 (Windows NT 6.2; WOW64; rv:26.0) Gecko/20100101 Firefox/26.0"
94.145.68.182 - - [15/Jan/2014:14:09:36 -0500] "GET /notifications?get=count HTTP/1.1" 200 24 "http://www.pacetest.dk/" "Mozilla/5.0 (X11; Ubuntu; Linux x86_64; rv:25.0) Gecko/20100101 Firefox/25.0"
93.165.119.134 - - [15/Jan/2014:14:09:45 -0500] "GET /notifications?get=count HTTP/1.1" 200 24 "http://www.pacetest.dk/pages/439-deltagerliste-jylland-17-18-19-januar-2014" "Mozilla/5.0 (Windows NT 6.1; WOW64) AppleWebKit/537.36 (KHTML, like Gecko) Chrome/31.0.1650.63 Safari/537.36"
94.145.68.182 - - [15/Jan/2014:14:10:01 -0500] "GET /notifications?get=count HTTP/1.1" 200 24 "http://www.pacetest.dk/pages/439-deltagerliste-jylland-17-18-19-januar-2014?layout=edit" "Mozilla/5.0 (Windows NT 6.2; WOW64; rv:26.0) Gecko/20100101 Firefox/26.0"
94.145.68.182 - - [15/Jan/2014:14:10:06 -0500] "GET /notifications?get=count HTTP/1.1" 200 24 "http://www.pacetest.dk/" "Mozilla/5.0 (X11; Ubuntu; Linux x86_64; rv:25.0) Gecko/20100101 Firefox/25.0"
93.165.119.134 - - [15/Jan/2014:14:10:15 -0500] "GET /notifications?get=count HTTP/1.1" 200 24 "http://www.pacetest.dk/pages/439-deltagerliste-jylland-17-18-19-januar-2014" "Mozilla/5.0 (Windows NT 6.1; WOW64) AppleWebKit/537.36 (KHTML, like Gecko) Chrome/31.0.1650.63 Safari/537.36"
10.110.62.41 - - [15/Jan/2014:14:10:17 -0500] "GET / HTTP/1.1" 200 7852 "-" "Ruby"
10.110.62.41 - - [15/Jan/2014:14:10:19 -0500] "GET / HTTP/1.1" 200 7855 "-" "Ruby"
94.145.68.182 - - [15/Jan/2014:14:10:31 -0500] "GET /notifications?get=count HTTP/1.1" 200 24 "http://www.pacetest.dk/pages/439-deltagerliste-jylland-17-18-19-januar-2014?layout=edit" "Mozilla/5.0 (Windows NT 6.2; WOW64; rv:26.0) Gecko/20100101 Firefox/26.0"
94.145.68.182 - - [15/Jan/2014:14:10:36 -0500] "GET /notifications?get=count HTTP/1.1" 200 24 "http://www.pacetest.dk/" "Mozilla/5.0 (X11; Ubuntu; Linux x86_64; rv:25.0) Gecko/20100101 Firefox/25.0"
93.165.119.134 - - [15/Jan/2014:14:10:45 -0500] "GET /notifications?get=count HTTP/1.1" 200 24 "http://www.pacetest.dk/pages/439-deltagerliste-jylland-17-18-19-januar-2014" "Mozilla/5.0 (Windows NT 6.1; WOW64) AppleWebKit/537.36 (KHTML, like Gecko) Chrome/31.0.1650.63 Safari/537.36"
94.145.68.182 - - [15/Jan/2014:14:11:01 -0500] "GET /notifications?get=count HTTP/1.1" 200 24 "http://www.pacetest.dk/pages/439-deltagerliste-jylland-17-18-19-januar-2014?layout=edit" "Mozilla/5.0 (Windows NT 6.2; WOW64; rv:26.0) Gecko/20100101 Firefox/26.0"
94.145.68.182 - - [15/Jan/2014:14:11:06 -0500] "GET /notifications?get=count HTTP/1.1" 200 24 "http://www.pacetest.dk/" "Mozilla/5.0 (X11; Ubuntu; Linux x86_64; rv:25.0) Gecko/20100101 Firefox/25.0"
93.165.119.134 - - [15/Jan/2014:14:11:15 -0500] "GET /notifications?get=count HTTP/1.1" 200 24 "http://www.pacetest.dk/pages/439-deltagerliste-jylland-17-18-19-januar-2014" "Mozilla/5.0 (Windows NT 6.1; WOW64) AppleWebKit/537.36 (KHTML, like Gecko) Chrome/31.0.1650.63 Safari/537.36"
94.145.68.182 - - [15/Jan/2014:14:11:31 -0500] "GET /notifications?get=count HTTP/1.1" 200 24 "http://www.pacetest.dk/pages/439-deltagerliste-jylland-17-18-19-januar-2014?layout=edit" "Mozilla/5.0 (Windows NT 6.2; WOW64; rv:26.0) Gecko/20100101 Firefox/26.0"
94.145.68.182 - - [15/Jan/2014:14:11:36 -0500] "GET /notifications?get=count HTTP/1.1" 200 24 "http://www.pacetest.dk/" "Mozilla/5.0 (X11; Ubuntu; Linux x86_64; rv:25.0) Gecko/20100101 Firefox/25.0"
93.165.119.134 - - [15/Jan/2014:14:11:45 -0500] "GET /notifications?get=count HTTP/1.1" 200 24 "http://www.pacetest.dk/pages/439-deltagerliste-jylland-17-18-19-januar-2014" "Mozilla/5.0 (Windows NT 6.1; WOW64) AppleWebKit/537.36 (KHTML, like Gecko) Chrome/31.0.1650.63 Safari/537.36"
94.145.68.182 - - [15/Jan/2014:14:12:01 -0500] "GET /notifications?get=count HTTP/1.1" 200 24 "http://www.pacetest.dk/pages/439-deltagerliste-jylland-17-18-19-januar-2014?layout=edit" "Mozilla/5.0 (Windows NT 6.2; WOW64; rv:26.0) Gecko/20100101 Firefox/26.0"
94.145.68.182 - - [15/Jan/2014:14:12:06 -0500] "GET /notifications?get=count HTTP/1.1" 200 24 "http://www.pacetest.dk/" "Mozilla/5.0 (X11; Ubuntu; Linux x86_64; rv:25.0) Gecko/20100101 Firefox/25.0"
93.165.119.134 - - [15/Jan/2014:14:12:15 -0500] "GET /notifications?get=count HTTP/1.1" 200 24 "http://www.pacetest.dk/pages/439-deltagerliste-jylland-17-18-19-januar-2014" "Mozilla/5.0 (Windows NT 6.1; WOW64) AppleWebKit/537.36 (KHTML, like Gecko) Chrome/31.0.1650.63 Safari/537.36"
94.145.68.182 - - [15/Jan/2014:14:12:31 -0500] "GET /notifications?get=count HTTP/1.1" 200 24 "http://www.pacetest.dk/pages/439-deltagerliste-jylland-17-18-19-januar-2014?layout=edit" "Mozilla/5.0 (Windows NT 6.2; WOW64; rv:26.0) Gecko/20100101 Firefox/26.0"
93.165.119.134 - - [15/Jan/2014:14:12:45 -0500] "GET /notifications?get=count HTTP/1.1" 200 24 "http://www.pacetest.dk/pages/439-deltagerliste-jylland-17-18-19-januar-2014" "Mozilla/5.0 (Windows NT 6.1; WOW64) AppleWebKit/537.36 (KHTML, like Gecko) Chrome/31.0.1650.63 Safari/537.36"
94.145.68.182 - - [15/Jan/2014:14:13:01 -0500] "GET /notifications?get=count HTTP/1.1" 200 24 "http://www.pacetest.dk/pages/439-deltagerliste-jylland-17-18-19-januar-2014?layout=edit" "Mozilla/5.0 (Windows NT 6.2; WOW64; rv:26.0) Gecko/20100101 Firefox/26.0"
93.165.119.134 - - [15/Jan/2014:14:13:15 -0500] "GET /notifications?get=count HTTP/1.1" 200 24 "http://www.pacetest.dk/pages/439-deltagerliste-jylland-17-18-19-januar-2014" "Mozilla/5.0 (Windows NT 6.1; WOW64) AppleWebKit/537.36 (KHTML, like Gecko) Chrome/31.0.1650.63 Safari/537.36"
94.145.68.182 - - [15/Jan/2014:14:13:31 -0500] "GET /notifications?get=count HTTP/1.1" 200 24 "http://www.pacetest.dk/pages/439-deltagerliste-jylland-17-18-19-januar-2014?layout=edit" "Mozilla/5.0 (Windows NT 6.2; WOW64; rv:26.0) Gecko/20100101 Firefox/26.0"
93.165.119.134 - - [15/Jan/2014:14:13:45 -0500] "GET /notifications?get=count HTTP/1.1" 200 24 "http://www.pacetest.dk/pages/439-deltagerliste-jylland-17-18-19-januar-2014" "Mozilla/5.0 (Windows NT 6.1; WOW64) AppleWebKit/537.36 (KHTML, like Gecko) Chrome/31.0.1650.63 Safari/537.36"
94.145.68.182 - - [15/Jan/2014:14:14:01 -0500] "GET /notifications?get=count HTTP/1.1" 200 24 "http://www.pacetest.dk/pages/439-deltagerliste-jylland-17-18-19-januar-2014?layout=edit" "Mozilla/5.0 (Windows NT 6.2; WOW64; rv:26.0) Gecko/20100101 Firefox/26.0"
93.165.119.134 - - [15/Jan/2014:14:14:15 -0500] "GET /notifications?get=count HTTP/1.1" 200 24 "http://www.pacetest.dk/pages/439-deltagerliste-jylland-17-18-19-januar-2014" "Mozilla/5.0 (Windows NT 6.1; WOW64) AppleWebKit/537.36 (KHTML, like Gecko) Chrome/31.0.1650.63 Safari/537.36"
94.145.68.182 - - [15/Jan/2014:14:14:31 -0500] "GET /notifications?get=count HTTP/1.1" 200 24 "http://www.pacetest.dk/pages/439-deltagerliste-jylland-17-18-19-januar-2014?layout=edit" "Mozilla/5.0 (Windows NT 6.2; WOW64; rv:26.0) Gecko/20100101 Firefox/26.0"
93.165.119.134 - - [15/Jan/2014:14:14:45 -0500] "GET /notifications?get=count HTTP/1.1" 200 24 "http://www.pacetest.dk/pages/439-deltagerliste-jylland-17-18-19-januar-2014" "Mozilla/5.0 (Windows NT 6.1; WOW64) AppleWebKit/537.36 (KHTML, like Gecko) Chrome/31.0.1650.63 Safari/537.36"
94.145.68.182 - - [15/Jan/2014:14:15:01 -0500] "GET /notifications?get=count HTTP/1.1" 200 24 "http://www.pacetest.dk/pages/439-deltagerliste-jylland-17-18-19-januar-2014?layout=edit" "Mozilla/5.0 (Windows NT 6.2; WOW64; rv:26.0) Gecko/20100101 Firefox/26.0"
93.165.119.134 - - [15/Jan/2014:14:15:15 -0500] "GET /notifications?get=count HTTP/1.1" 200 24 "http://www.pacetest.dk/pages/439-deltagerliste-jylland-17-18-19-januar-2014" "Mozilla/5.0 (Windows NT 6.1; WOW64) AppleWebKit/537.36 (KHTML, like Gecko) Chrome/31.0.1650.63 Safari/537.36"
94.145.68.182 - - [15/Jan/2014:14:15:31 -0500] "GET /notifications?get=count HTTP/1.1" 200 24 "http://www.pacetest.dk/pages/439-deltagerliste-jylland-17-18-19-januar-2014?layout=edit" "Mozilla/5.0 (Windows NT 6.2; WOW64; rv:26.0) Gecko/20100101 Firefox/26.0"
93.165.119.134 - - [15/Jan/2014:14:15:45 -0500] "GET /notifications?get=count HTTP/1.1" 200 24 "http://www.pacetest.dk/pages/439-deltagerliste-jylland-17-18-19-januar-2014" "Mozilla/5.0 (Windows NT 6.1; WOW64) AppleWebKit/537.36 (KHTML, like Gecko) Chrome/31.0.1650.63 Safari/537.36"
94.145.68.182 - - [15/Jan/2014:14:16:01 -0500] "GET /notifications?get=count HTTP/1.1" 200 24 "http://www.pacetest.dk/pages/439-deltagerliste-jylland-17-18-19-januar-2014?layout=edit" "Mozilla/5.0 (Windows NT 6.2; WOW64; rv:26.0) Gecko/20100101 Firefox/26.0"
94.145.68.182 - - [15/Jan/2014:14:16:31 -0500] "GET /notifications?get=count HTTP/1.1" 200 24 "http://www.pacetest.dk/pages/439-deltagerliste-jylland-17-18-19-januar-2014?layout=edit" "Mozilla/5.0 (Windows NT 6.2; WOW64; rv:26.0) Gecko/20100101 Firefox/26.0"
94.145.68.182 - - [15/Jan/2014:14:17:01 -0500] "GET /notifications?get=count HTTP/1.1" 200 24 "http://www.pacetest.dk/pages/439-deltagerliste-jylland-17-18-19-januar-2014?layout=edit" "Mozilla/5.0 (Windows NT 6.2; WOW64; rv:26.0) Gecko/20100101 Firefox/26.0"
94.145.68.182 - - [15/Jan/2014:14:17:31 -0500] "GET /notifications?get=count HTTP/1.1" 200 24 "http://www.pacetest.dk/pages/439-deltagerliste-jylland-17-18-19-januar-2014?layout=edit" "Mozilla/5.0 (Windows NT 6.2; WOW64; rv:26.0) Gecko/20100101 Firefox/26.0"
94.145.68.182 - - [15/Jan/2014:14:18:01 -0500] "GET /notifications?get=count HTTP/1.1" 200 24 "http://www.pacetest.dk/pages/439-deltagerliste-jylland-17-18-19-januar-2014?layout=edit" "Mozilla/5.0 (Windows NT 6.2; WOW64; rv:26.0) Gecko/20100101 Firefox/26.0"
94.145.68.182 - - [15/Jan/2014:14:18:31 -0500] "GET /notifications?get=count HTTP/1.1" 200 24 "http://www.pacetest.dk/pages/439-deltagerliste-jylland-17-18-19-januar-2014?layout=edit" "Mozilla/5.0 (Windows NT 6.2; WOW64; rv:26.0) Gecko/20100101 Firefox/26.0"
94.145.68.182 - - [15/Jan/2014:14:19:01 -0500] "GET /notifications?get=count HTTP/1.1" 200 24 "http://www.pacetest.dk/pages/439-deltagerliste-jylland-17-18-19-januar-2014?layout=edit" "Mozilla/5.0 (Windows NT 6.2; WOW64; rv:26.0) Gecko/20100101 Firefox/26.0"
94.145.68.182 - - [15/Jan/2014:14:19:31 -0500] "GET /notifications?get=count HTTP/1.1" 200 24 "http://www.pacetest.dk/pages/439-deltagerliste-jylland-17-18-19-januar-2014?layout=edit" "Mozilla/5.0 (Windows NT 6.2; WOW64; rv:26.0) Gecko/20100101 Firefox/26.0"
94.145.68.182 - - [15/Jan/2014:14:20:01 -0500] "GET /notifications?get=count HTTP/1.1" 200 24 "http://www.pacetest.dk/pages/439-deltagerliste-jylland-17-18-19-januar-2014?layout=edit" "Mozilla/5.0 (Windows NT 6.2; WOW64; rv:26.0) Gecko/20100101 Firefox/26.0"
94.145.68.182 - - [15/Jan/2014:14:20:31 -0500] "GET /notifications?get=count HTTP/1.1" 200 24 "http://www.pacetest.dk/pages/439-deltagerliste-jylland-17-18-19-januar-2014?layout=edit" "Mozilla/5.0 (Windows NT 6.2; WOW64; rv:26.0) Gecko/20100101 Firefox/26.0"
