- - - [27/Jan/2014:08:38:16 -0500] "OPTIONS * HTTP/1.0" 200 - "-" "Apache/2.2.22 (Red Hat Enterprise Web Server) (internal dummy connection)"
94.145.68.182 - - [27/Jan/2014:08:38:18 -0500] "GET /notifications?get=count HTTP/1.1" 200 24 "http://www.pacetest.dk/people/642/settings?edit=apps" "Mozilla/5.0 (Windows NT 6.2; WOW64; rv:26.0) Gecko/20100101 Firefox/26.0"
188.180.160.53 - - [27/Jan/2014:08:38:19 -0500] "GET /pages/610-deltagerliste-jylland-14-15-16-februar-2014 HTTP/1.1" 200 13793 "http://www.pacetest.dk/" "Mozilla/5.0 (Windows NT 6.1; WOW64; Trident/7.0; MALC; rv:11.0) like Gecko"
188.180.160.53 - - [27/Jan/2014:08:38:22 -0500] "GET /media/com_pages/js/pages.js HTTP/1.1" 200 622 "http://www.pacetest.dk/pages/610-deltagerliste-jylland-14-15-16-februar-2014" "Mozilla/5.0 (Windows NT 6.1; WOW64; Trident/7.0; MALC; rv:11.0) like Gecko"
188.180.160.53 - - [27/Jan/2014:08:38:35 -0500] "GET /notifications?layout=popover&hqxs7lto HTTP/1.1" 200 1155 "http://www.pacetest.dk/" "Mozilla/4.0 (compatible; MSIE 7.0; Windows NT 6.1; WOW64; Trident/7.0; SLCC2; .NET CLR 2.0.50727; .NET CLR 3.5.30729; .NET CLR 3.0.30729; Media Center PC 6.0; .NET4.0C; InfoPath.2; MALC)"
94.145.68.182 - - [27/Jan/2014:08:38:35 -0500] "GET /people/StallSP HTTP/1.1" 200 19889 "http://www.pacetest.dk/people/642/settings?edit=apps" "Mozilla/5.0 (Windows NT 6.2; WOW64; rv:26.0) Gecko/20100101 Firefox/26.0"
94.145.68.182 - - [27/Jan/2014:08:38:40 -0500] "GET /people/StallSP/graph/followers?layout=gadget&hqxs8mz7 HTTP/1.1" 200 5680 "http://www.pacetest.dk/people/StallSP" "Mozilla/5.0 (Windows NT 6.2; WOW64; rv:26.0) Gecko/20100101 Firefox/26.0"
80.213.131.29 - - [27/Jan/2014:08:38:42 -0500] "GET /people/StallSP HTTP/1.1" 200 19078 "http://www.pacetest.dk/people/642/settings?edit=apps" "Mozilla/5.0 (Macintosh; Intel Mac OS X 10_7_5) AppleWebKit/537.36 (KHTML, like Gecko) Chrome/32.0.1700.77 Safari/537.36"
80.213.131.29 - - [27/Jan/2014:08:38:46 -0500] "GET /people/StallSP/graph/followers?layout=gadget&hqxs87qq HTTP/1.1" 200 3558 "http://www.pacetest.dk/people/StallSP" "Mozilla/5.0 (Macintosh; Intel Mac OS X 10_7_5) AppleWebKit/537.36 (KHTML, like Gecko) Chrome/32.0.1700.77 Safari/537.36"
- - - [27/Jan/2014:08:38:48 -0500] "OPTIONS * HTTP/1.0" 200 - "-" "Apache/2.2.22 (Red Hat Enterprise Web Server) (internal dummy connection)"
188.180.160.53 - - [27/Jan/2014:08:38:52 -0500] "GET /notifications?get=count HTTP/1.1" 200 24 "http://www.pacetest.dk/" "Mozilla/4.0 (compatible; MSIE 7.0; Windows NT 6.1; WOW64; Trident/7.0; SLCC2; .NET CLR 2.0.50727; .NET CLR 3.5.30729; .NET CLR 3.0.30729; Media Center PC 6.0; .NET4.0C; InfoPath.2; MALC)"
94.145.68.182 - - [27/Jan/2014:08:39:10 -0500] "GET /notifications?get=count HTTP/1.1" 200 24 "http://www.pacetest.dk/people/StallSP" "Mozilla/5.0 (Windows NT 6.2; WOW64; rv:26.0) Gecko/20100101 Firefox/26.0"
80.213.131.29 - - [27/Jan/2014:08:39:17 -0500] "GET /notifications?get=count HTTP/1.1" 200 24 "http://www.pacetest.dk/people/StallSP" "Mozilla/5.0 (Macintosh; Intel Mac OS X 10_7_5) AppleWebKit/537.36 (KHTML, like Gecko) Chrome/32.0.1700.77 Safari/537.36"
94.145.68.182 - - [27/Jan/2014:08:39:18 -0500] "GET /photos/@StallSP?layout=gadget&hqxs8mza HTTP/1.1" 200 89 "http://www.pacetest.dk/people/StallSP" "Mozilla/5.0 (Windows NT 6.2; WOW64; rv:26.0) Gecko/20100101 Firefox/26.0"
80.213.131.29 - - [27/Jan/2014:08:39:20 -0500] "GET /photos/@StallSP?layout=gadget&hqxs87qt HTTP/1.1" 200 89 "http://www.pacetest.dk/people/StallSP" "Mozilla/5.0 (Macintosh; Intel Mac OS X 10_7_5) AppleWebKit/537.36 (KHTML, like Gecko) Chrome/32.0.1700.77 Safari/537.36"
80.213.131.29 - - [27/Jan/2014:08:39:24 -0500] "GET /photos/@642 HTTP/1.1" 200 10029 "http://www.pacetest.dk/people/StallSP" "Mozilla/5.0 (Macintosh; Intel Mac OS X 10_7_5) AppleWebKit/537.36 (KHTML, like Gecko) Chrome/32.0.1700.77 Safari/537.36"
94.145.68.182 - - [27/Jan/2014:08:39:29 -0500] "GET /photos/@642 HTTP/1.1" 200 9914 "http://www.pacetest.dk/people/StallSP" "Mozilla/5.0 (Windows NT 6.2; WOW64; rv:26.0) Gecko/20100101 Firefox/26.0"
80.213.131.29 - - [27/Jan/2014:08:39:33 -0500] "GET /photos/@642?layout=default HTTP/1.1" 200 10029 "http://www.pacetest.dk/photos/@642" "Mozilla/5.0 (Macintosh; Intel Mac OS X 10_7_5) AppleWebKit/537.36 (KHTML, like Gecko) Chrome/32.0.1700.77 Safari/537.36"
80.213.131.29 - - [27/Jan/2014:08:39:35 -0500] "GET /photos/@642?layout=masonry HTTP/1.1" 200 9988 "http://www.pacetest.dk/photos/@642" "Mozilla/5.0 (Macintosh; Intel Mac OS X 10_7_5) AppleWebKit/537.36 (KHTML, like Gecko) Chrome/32.0.1700.77 Safari/537.36"
- - - [27/Jan/2014:08:39:39 -0500] "OPTIONS * HTTP/1.0" 200 - "-" "Apache/2.2.22 (Red Hat Enterprise Web Server) (internal dummy connection)"
80.213.131.29 - - [27/Jan/2014:08:39:41 -0500] "GET /photos/@642/photo?layout=add HTTP/1.1" 200 10797 "http://www.pacetest.dk/photos/@642?layout=masonry" "Mozilla/5.0 (Macintosh; Intel Mac OS X 10_7_5) AppleWebKit/537.36 (KHTML, like Gecko) Chrome/32.0.1700.77 Safari/537.36"
94.145.68.182 - - [27/Jan/2014:08:39:43 -0500] "GET /photos/@642/photo?layout=add HTTP/1.1" 200 10693 "http://www.pacetest.dk/photos/@642" "Mozilla/5.0 (Windows NT 6.2; WOW64; rv:26.0) Gecko/20100101 Firefox/26.0"
- - - [27/Jan/2014:08:39:46 -0500] "OPTIONS * HTTP/1.0" 200 - "-" "Apache/2.2.22 (Red Hat Enterprise Web Server) (internal dummy connection)"
94.145.68.182 - - [27/Jan/2014:08:39:46 -0500] "GET /media/lib_anahita/js/vendors/plupload.js HTTP/1.1" 200 52681 "http://www.pacetest.dk/photos/@642/photo?layout=add" "Mozilla/5.0 (Windows NT 6.2; WOW64; rv:26.0) Gecko/20100101 Firefox/26.0"
94.145.68.182 - - [27/Jan/2014:08:39:46 -0500] "GET /media/lib_anahita/js/uploader.js HTTP/1.1" 200 6604 "http://www.pacetest.dk/photos/@642/photo?layout=add" "Mozilla/5.0 (Windows NT 6.2; WOW64; rv:26.0) Gecko/20100101 Firefox/26.0"
94.145.68.182 - - [27/Jan/2014:08:39:47 -0500] "GET /media/com_photos/js/upload.js HTTP/1.1" 200 2556 "http://www.pacetest.dk/photos/@642/photo?layout=add" "Mozilla/5.0 (Windows NT 6.2; WOW64; rv:26.0) Gecko/20100101 Firefox/26.0"
- - - [27/Jan/2014:08:39:47 -0500] "OPTIONS * HTTP/1.0" 200 - "-" "Apache/2.2.22 (Red Hat Enterprise Web Server) (internal dummy connection)"
94.145.68.182 - - [27/Jan/2014:08:40:08 -0500] "GET /people/BentRS HTTP/1.1" 200 66232 "http://www.pacetest.dk/photos/@642/photo?layout=add" "Mozilla/5.0 (Windows NT 6.2; WOW64; rv:26.0) Gecko/20100101 Firefox/26.0"
80.213.131.29 - - [27/Jan/2014:08:40:15 -0500] "GET /notifications?get=count HTTP/1.1" 200 24 "http://www.pacetest.dk/photos/@642/photo?layout=add" "Mozilla/5.0 (Macintosh; Intel Mac OS X 10_7_5) AppleWebKit/537.36 (KHTML, like Gecko) Chrome/32.0.1700.77 Safari/537.36"
94.145.68.182 - - [27/Jan/2014:08:40:15 -0500] "GET /people/BentRS/graph/followers?layout=gadget&hqxsanm1 HTTP/1.1" 200 7680 "http://www.pacetest.dk/people/BentRS" "Mozilla/5.0 (Windows NT 6.2; WOW64; rv:26.0) Gecko/20100101 Firefox/26.0"
- - - [27/Jan/2014:08:40:18 -0500] "OPTIONS * HTTP/1.0" 200 - "-" "Apache/2.2.22 (Red Hat Enterprise Web Server) (internal dummy connection)"
94.145.68.182 - - [27/Jan/2014:08:40:44 -0500] "GET /notifications?get=count HTTP/1.1" 200 24 "http://www.pacetest.dk/people/BentRS" "Mozilla/5.0 (Windows NT 6.2; WOW64; rv:26.0) Gecko/20100101 Firefox/26.0"
- - - [27/Jan/2014:08:40:47 -0500] "OPTIONS * HTTP/1.0" 200 - "-" "Apache/2.2.22 (Red Hat Enterprise Web Server) (internal dummy connection)"
80.213.131.29 - - [27/Jan/2014:08:40:45 -0500] "GET /notifications?get=count HTTP/1.1" 200 24 "http://www.pacetest.dk/photos/@642/photo?layout=add" "Mozilla/5.0 (Macintosh; Intel Mac OS X 10_7_5) AppleWebKit/537.36 (KHTML, like Gecko) Chrome/32.0.1700.77 Safari/537.36"
- - - [27/Jan/2014:08:40:48 -0500] "OPTIONS * HTTP/1.0" 200 - "-" "Apache/2.2.22 (Red Hat Enterprise Web Server) (internal dummy connection)"
94.145.68.182 - - [27/Jan/2014:08:40:45 -0500] "GET /photos/@BentRS?layout=gadget&hqxsanm4 HTTP/1.1" 200 2469 "http://www.pacetest.dk/people/BentRS" "Mozilla/5.0 (Windows NT 6.2; WOW64; rv:26.0) Gecko/20100101 Firefox/26.0"
80.213.131.29 - - [27/Jan/2014:08:40:48 -0500] "POST /photos/@642/photo.json HTTP/1.1" 201 4605 "http://www.pacetest.dk/photos/@642/photo?layout=add" "Mozilla/5.0 (Macintosh; Intel Mac OS X 10_7_5) AppleWebKit/537.36 (KHTML, like Gecko) Chrome/32.0.1700.77 Safari/537.36"
80.213.131.29 - - [27/Jan/2014:08:40:55 -0500] "GET /photos/@642/sets?layout=add_photos&photo_id[]=696&hqxs9gmi HTTP/1.1" 200 1131 "http://www.pacetest.dk/photos/@642/photo?layout=add" "Mozilla/5.0 (Macintosh; Intel Mac OS X 10_7_5) AppleWebKit/537.36 (KHTML, like Gecko) Chrome/32.0.1700.77 Safari/537.36"
- - - [27/Jan/2014:08:40:57 -0500] "OPTIONS * HTTP/1.0" 200 - "-" "Apache/2.2.22 (Red Hat Enterprise Web Server) (internal dummy connection)"
94.145.68.182 - - [27/Jan/2014:08:41:01 -0500] "GET /photos/@1 HTTP/1.1" 200 12525 "http://www.pacetest.dk/people/BentRS" "Mozilla/5.0 (Windows NT 6.2; WOW64; rv:26.0) Gecko/20100101 Firefox/26.0"
94.145.68.182 - - [27/Jan/2014:08:41:09 -0500] "GET /photos/129 HTTP/1.1" 200 17163 "http://www.pacetest.dk/photos/@1" "Mozilla/5.0 (Windows NT 6.2; WOW64; rv:26.0) Gecko/20100101 Firefox/26.0"
94.145.68.182 - - [27/Jan/2014:08:41:09 -0500] "GET /photos/129 HTTP/1.1" 200 17163 "http://www.pacetest.dk/photos/@1" "Mozilla/5.0 (Windows NT 6.2; WOW64; rv:26.0) Gecko/20100101 Firefox/26.0"
94.145.68.182 - - [27/Jan/2014:08:41:15 -0500] "GET /media/com_photos/js/photoset.js HTTP/1.1" 200 2757 "http://www.pacetest.dk/photos/129" "Mozilla/5.0 (Windows NT 6.2; WOW64; rv:26.0) Gecko/20100101 Firefox/26.0"
80.213.131.29 - - [27/Jan/2014:08:41:15 -0500] "GET /notifications?get=count HTTP/1.1" 200 24 "http://www.pacetest.dk/photos/@642/photo?layout=add" "Mozilla/5.0 (Macintosh; Intel Mac OS X 10_7_5) AppleWebKit/537.36 (KHTML, like Gecko) Chrome/32.0.1700.77 Safari/537.36"
- - - [27/Jan/2014:08:41:17 -0500] "OPTIONS * HTTP/1.0" 200 - "-" "Apache/2.2.22 (Red Hat Enterprise Web Server) (internal dummy connection)"
80.213.131.29 - - [27/Jan/2014:08:41:23 -0500] "POST /photos/@642/set HTTP/1.1" 303 - "http://www.pacetest.dk/photos/@642/photo?layout=add" "Mozilla/5.0 (Macintosh; Intel Mac OS X 10_7_5) AppleWebKit/537.36 (KHTML, like Gecko) Chrome/32.0.1700.77 Safari/537.36"
80.213.131.29 - - [27/Jan/2014:08:41:26 -0500] "GET /photos/sets/698-iben-er-snill-med-hester HTTP/1.1" 200 16031 "http://www.pacetest.dk/photos/@642/photo?layout=add" "Mozilla/5.0 (Macintosh; Intel Mac OS X 10_7_5) AppleWebKit/537.36 (KHTML, like Gecko) Chrome/32.0.1700.77 Safari/537.36"
80.213.131.29 - - [27/Jan/2014:08:41:28 -0500] "GET /people/StallSP HTTP/1.1" 200 27212 "http://www.pacetest.dk/photos/@642/photo?layout=add" "Mozilla/5.0 (Macintosh; Intel Mac OS X 10_7_5) AppleWebKit/537.36 (KHTML, like Gecko) Chrome/32.0.1700.77 Safari/537.36"
80.213.131.29 - - [27/Jan/2014:08:41:34 -0500] "GET /people/StallSP/graph/followers?layout=gadget&hqxsbsw4 HTTP/1.1" 200 3558 "http://www.pacetest.dk/people/StallSP" "Mozilla/5.0 (Macintosh; Intel Mac OS X 10_7_5) AppleWebKit/537.36 (KHTML, like Gecko) Chrome/32.0.1700.77 Safari/537.36"
- - - [27/Jan/2014:08:41:36 -0500] "OPTIONS * HTTP/1.0" 200 - "-" "Apache/2.2.22 (Red Hat Enterprise Web Server) (internal dummy connection)"
94.145.68.182 - - [27/Jan/2014:08:41:45 -0500] "GET /notifications?get=count HTTP/1.1" 200 24 "http://www.pacetest.dk/photos/129" "Mozilla/5.0 (Windows NT 6.2; WOW64; rv:26.0) Gecko/20100101 Firefox/26.0"
80.213.131.29 - - [27/Jan/2014:08:42:04 -0500] "GET /notifications?get=count HTTP/1.1" 200 24 "http://www.pacetest.dk/people/StallSP" "Mozilla/5.0 (Macintosh; Intel Mac OS X 10_7_5) AppleWebKit/537.36 (KHTML, like Gecko) Chrome/32.0.1700.77 Safari/537.36"
80.213.131.29 - - [27/Jan/2014:08:42:09 -0500] "GET /people/BentRS HTTP/1.1" 200 41523 "http://www.pacetest.dk/people/StallSP" "Mozilla/5.0 (Macintosh; Intel Mac OS X 10_7_5) AppleWebKit/537.36 (KHTML, like Gecko) Chrome/32.0.1700.77 Safari/537.36"
94.145.68.182 - - [27/Jan/2014:08:42:15 -0500] "GET /notifications?get=count HTTP/1.1" 200 24 "http://www.pacetest.dk/photos/129" "Mozilla/5.0 (Windows NT 6.2; WOW64; rv:26.0) Gecko/20100101 Firefox/26.0"
80.213.131.29 - - [27/Jan/2014:08:42:15 -0500] "GET /people/BentRS/graph/followers?layout=gadget&hqxscoae HTTP/1.1" 200 7613 "http://www.pacetest.dk/people/BentRS" "Mozilla/5.0 (Macintosh; Intel Mac OS X 10_7_5) AppleWebKit/537.36 (KHTML, like Gecko) Chrome/32.0.1700.77 Safari/537.36"
- - - [27/Jan/2014:08:42:18 -0500] "OPTIONS * HTTP/1.0" 200 - "-" "Apache/2.2.22 (Red Hat Enterprise Web Server) (internal dummy connection)"
80.213.131.29 - - [27/Jan/2014:08:42:21 -0500] "GET /people/StallSP/graph/followers?layout=gadget&hqxsctau HTTP/1.1" 200 3558 "http://www.pacetest.dk/people/StallSP" "Mozilla/5.0 (Macintosh; Intel Mac OS X 10_7_5) AppleWebKit/537.36 (KHTML, like Gecko) Chrome/32.0.1700.77 Safari/537.36"
80.213.131.29 - - [27/Jan/2014:08:42:23 -0500] "GET /photos/sets/698-iben-er-snill-med-hester HTTP/1.1" 200 15868 "http://www.pacetest.dk/people/StallSP" "Mozilla/5.0 (Macintosh; Intel Mac OS X 10_7_5) AppleWebKit/537.36 (KHTML, like Gecko) Chrome/32.0.1700.77 Safari/537.36"
80.213.131.29 - - [27/Jan/2014:08:42:26 -0500] "GET /media/com_photos/js/organizer.js HTTP/1.1" 200 5494 "http://www.pacetest.dk/photos/sets/698-iben-er-snill-med-hester" "Mozilla/5.0 (Macintosh; Intel Mac OS X 10_7_5) AppleWebKit/537.36 (KHTML, like Gecko) Chrome/32.0.1700.77 Safari/537.36"
80.213.131.29 - - [27/Jan/2014:08:42:41 -0500] "GET /index.php?option=com_photos&view=photos&oid=642&layout=selector&exclude_set=698&hqxscwyc HTTP/1.1" 200 744 "http://www.pacetest.dk/photos/sets/698-iben-er-snill-med-hester" "Mozilla/5.0 (Macintosh; Intel Mac OS X 10_7_5) AppleWebKit/537.36 (KHTML, like Gecko) Chrome/32.0.1700.77 Safari/537.36"
94.145.68.182 - - [27/Jan/2014:08:42:45 -0500] "GET /notifications?get=count HTTP/1.1" 200 24 "http://www.pacetest.dk/photos/129" "Mozilla/5.0 (Windows NT 6.2; WOW64; rv:26.0) Gecko/20100101 Firefox/26.0"
80.213.131.29 - - [27/Jan/2014:08:42:51 -0500] "GET /people/StallSP/graph/followers?layout=gadget&hqxsdgg1 HTTP/1.1" 200 3558 "http://www.pacetest.dk/people/StallSP" "Mozilla/5.0 (Macintosh; Intel Mac OS X 10_7_5) AppleWebKit/537.36 (KHTML, like Gecko) Chrome/32.0.1700.77 Safari/537.36"
80.213.131.29 - - [27/Jan/2014:08:42:59 -0500] "GET /photos/sets/698-iben-er-snill-med-hester HTTP/1.1" 200 15866 "http://www.pacetest.dk/people/StallSP" "Mozilla/5.0 (Macintosh; Intel Mac OS X 10_7_5) AppleWebKit/537.36 (KHTML, like Gecko) Chrome/32.0.1700.77 Safari/537.36"
94.145.68.182 - - [27/Jan/2014:08:43:15 -0500] "GET /notifications?get=count HTTP/1.1" 200 24 "http://www.pacetest.dk/photos/129" "Mozilla/5.0 (Windows NT 6.2; WOW64; rv:26.0) Gecko/20100101 Firefox/26.0"
80.213.131.29 - - [27/Jan/2014:08:43:32 -0500] "GET /notifications?get=count HTTP/1.1" 200 24 "http://www.pacetest.dk/photos/sets/698-iben-er-snill-med-hester" "Mozilla/5.0 (Macintosh; Intel Mac OS X 10_7_5) AppleWebKit/537.36 (KHTML, like Gecko) Chrome/32.0.1700.77 Safari/537.36"
80.213.131.29 - - [27/Jan/2014:08:43:32 -0500] "POST /photos/sets/698-iben-er-snill-med-hester?hqxsdoz9 HTTP/1.1" 200 55081 "http://www.pacetest.dk/photos/sets/698-iben-er-snill-med-hester" "Mozilla/5.0 (Macintosh; Intel Mac OS X 10_7_5) AppleWebKit/537.36 (KHTML, like Gecko) Chrome/32.0.1700.77 Safari/537.36"
- - - [27/Jan/2014:08:43:36 -0500] "OPTIONS * HTTP/1.0" 200 - "-" "Apache/2.2.22 (Red Hat Enterprise Web Server) (internal dummy connection)"
94.145.68.182 - - [27/Jan/2014:08:43:45 -0500] "GET /notifications?get=count HTTP/1.1" 200 24 "http://www.pacetest.dk/photos/129" "Mozilla/5.0 (Windows NT 6.2; WOW64; rv:26.0) Gecko/20100101 Firefox/26.0"
80.213.131.29 - - [27/Jan/2014:08:44:02 -0500] "GET /notifications?get=count HTTP/1.1" 200 24 "http://www.pacetest.dk/photos/sets/698-iben-er-snill-med-hester" "Mozilla/5.0 (Macintosh; Intel Mac OS X 10_7_5) AppleWebKit/537.36 (KHTML, like Gecko) Chrome/32.0.1700.77 Safari/537.36"
94.145.68.182 - - [27/Jan/2014:08:44:15 -0500] "GET /notifications?get=count HTTP/1.1" 200 24 "http://www.pacetest.dk/photos/129" "Mozilla/5.0 (Windows NT 6.2; WOW64; rv:26.0) Gecko/20100101 Firefox/26.0"
94.145.68.182 - - [27/Jan/2014:08:44:16 -0500] "GET /menu/people HTTP/1.1" 200 34122 "http://www.pacetest.dk/photos/129" "Mozilla/5.0 (Windows NT 6.2; WOW64; rv:26.0) Gecko/20100101 Firefox/26.0"
- - - [27/Jan/2014:08:44:21 -0500] "OPTIONS * HTTP/1.0" 200 - "-" "Apache/2.2.22 (Red Hat Enterprise Web Server) (internal dummy connection)"
80.213.131.29 - - [27/Jan/2014:08:44:18 -0500] "GET /people/StallSP/graph/followers?layout=gadget&hqxsfbbe HTTP/1.1" 200 3558 "http://www.pacetest.dk/people/StallSP" "Mozilla/5.0 (Macintosh; Intel Mac OS X 10_7_5) AppleWebKit/537.36 (KHTML, like Gecko) Chrome/32.0.1700.77 Safari/537.36"
- - - [27/Jan/2014:08:44:22 -0500] "OPTIONS * HTTP/1.0" 200 - "-" "Apache/2.2.22 (Red Hat Enterprise Web Server) (internal dummy connection)"
80.213.131.29 - - [27/Jan/2014:08:44:19 -0500] "GET /photos/sets/698-iben-er-snill-med-hester HTTP/1.1" 200 15897 "http://www.pacetest.dk/people/StallSP" "Mozilla/5.0 (Macintosh; Intel Mac OS X 10_7_5) AppleWebKit/537.36 (KHTML, like Gecko) Chrome/32.0.1700.77 Safari/537.36"
- - - [27/Jan/2014:08:44:24 -0500] "OPTIONS * HTTP/1.0" 200 - "-" "Apache/2.2.22 (Red Hat Enterprise Web Server) (internal dummy connection)"
80.213.131.29 - - [27/Jan/2014:08:44:30 -0500] "POST /photos/sets/698-iben-er-snill-med-hester?hqxsfg67 HTTP/1.1" 200 55083 "http://www.pacetest.dk/photos/sets/698-iben-er-snill-med-hester" "Mozilla/5.0 (Macintosh; Intel Mac OS X 10_7_5) AppleWebKit/537.36 (KHTML, like Gecko) Chrome/32.0.1700.77 Safari/537.36"
94.145.68.182 - - [27/Jan/2014:08:44:28 -0500] "GET /people/StallSP HTTP/1.1" 200 28280 "http://www.pacetest.dk/menu/people" "Mozilla/5.0 (Windows NT 6.2; WOW64; rv:26.0) Gecko/20100101 Firefox/26.0"
- - - [27/Jan/2014:08:44:36 -0500] "OPTIONS * HTTP/1.0" 200 - "-" "Apache/2.2.22 (Red Hat Enterprise Web Server) (internal dummy connection)"
94.145.68.182 - - [27/Jan/2014:08:44:36 -0500] "GET /people/StallSP/graph/followers?layout=gadget&hqxsg9ok HTTP/1.1" 200 5680 "http://www.pacetest.dk/people/StallSP" "Mozilla/5.0 (Windows NT 6.2; WOW64; rv:26.0) Gecko/20100101 Firefox/26.0"
94.145.68.182 - - [27/Jan/2014:08:44:42 -0500] "GET /photos/sets/698-iben-er-snill-med-hester HTTP/1.1" 200 15770 "http://www.pacetest.dk/people/StallSP" "Mozilla/5.0 (Windows NT 6.2; WOW64; rv:26.0) Gecko/20100101 Firefox/26.0"
80.213.131.29 - - [27/Jan/2014:08:44:48 -0500] "GET /photos/@StallSP HTTP/1.1" 200 13689 "http://www.pacetest.dk/photos/sets/698-iben-er-snill-med-hester" "Mozilla/5.0 (Macintosh; Intel Mac OS X 10_7_5) AppleWebKit/537.36 (KHTML, like Gecko) Chrome/32.0.1700.77 Safari/537.36"
80.213.131.29 - - [27/Jan/2014:08:44:52 -0500] "GET /photos/@StallSP HTTP/1.1" 200 13689 "http://www.pacetest.dk/photos/sets/698-iben-er-snill-med-hester" "Mozilla/5.0 (Macintosh; Intel Mac OS X 10_7_5) AppleWebKit/537.36 (KHTML, like Gecko) Chrome/32.0.1700.77 Safari/537.36"
- - - [27/Jan/2014:08:44:57 -0500] "OPTIONS * HTTP/1.0" 200 - "-" "Apache/2.2.22 (Red Hat Enterprise Web Server) (internal dummy connection)"
80.213.131.29 - - [27/Jan/2014:08:45:04 -0500] "GET /photos/@StallSP?filter=leaders HTTP/1.1" 200 17716 "http://www.pacetest.dk/photos/@StallSP" "Mozilla/5.0 (Macintosh; Intel Mac OS X 10_7_5) AppleWebKit/537.36 (KHTML, like Gecko) Chrome/32.0.1700.77 Safari/537.36"
94.145.68.182 - - [27/Jan/2014:08:45:15 -0500] "GET /notifications?get=count HTTP/1.1" 200 24 "http://www.pacetest.dk/photos/sets/698-iben-er-snill-med-hester" "Mozilla/5.0 (Windows NT 6.2; WOW64; rv:26.0) Gecko/20100101 Firefox/26.0"
94.145.68.182 - - [27/Jan/2014:08:45:20 -0500] "GET /people/StallSP HTTP/1.1" 200 28280 "http://www.pacetest.dk/photos/sets/698-iben-er-snill-med-hester" "Mozilla/5.0 (Windows NT 6.2; WOW64; rv:26.0) Gecko/20100101 Firefox/26.0"
94.145.68.182 - - [27/Jan/2014:08:45:25 -0500] "GET /people/StallSP/graph/followers?layout=gadget&hqxshbde HTTP/1.1" 200 5680 "http://www.pacetest.dk/people/StallSP" "Mozilla/5.0 (Windows NT 6.2; WOW64; rv:26.0) Gecko/20100101 Firefox/26.0"
80.213.131.29 - - [27/Jan/2014:08:45:22 -0500] "GET /people/StallSP HTTP/1.1" 200 27481 "http://www.pacetest.dk/photos/@StallSP?filter=leaders" "Mozilla/5.0 (Macintosh; Intel Mac OS X 10_7_5) AppleWebKit/537.36 (KHTML, like Gecko) Chrome/32.0.1700.77 Safari/537.36"
94.145.68.182 - - [27/Jan/2014:08:45:28 -0500] "GET /people/642/settings HTTP/1.1" 200 11597 "http://www.pacetest.dk/people/StallSP" "Mozilla/5.0 (Windows NT 6.2; WOW64; rv:26.0) Gecko/20100101 Firefox/26.0"
- - - [27/Jan/2014:08:45:35 -0500] "OPTIONS * HTTP/1.0" 200 - "-" "Apache/2.2.22 (Red Hat Enterprise Web Server) (internal dummy connection)"
80.213.131.29 - - [27/Jan/2014:08:45:33 -0500] "GET /people/StallSP/graph/followers?layout=gadget&hqxsgxl0 HTTP/1.1" 200 3558 "http://www.pacetest.dk/people/StallSP" "Mozilla/5.0 (Macintosh; Intel Mac OS X 10_7_5) AppleWebKit/537.36 (KHTML, like Gecko) Chrome/32.0.1700.77 Safari/537.36"
80.213.131.29 - - [27/Jan/2014:08:45:36 -0500] "GET /people/642/settings HTTP/1.1" 200 11746 "http://www.pacetest.dk/people/StallSP" "Mozilla/5.0 (Macintosh; Intel Mac OS X 10_7_5) AppleWebKit/537.36 (KHTML, like Gecko) Chrome/32.0.1700.77 Safari/537.36"
- - - [27/Jan/2014:08:45:38 -0500] "OPTIONS * HTTP/1.0" 200 - "-" "Apache/2.2.22 (Red Hat Enterprise Web Server) (internal dummy connection)"
94.145.68.182 - - [27/Jan/2014:08:45:40 -0500] "GET /people/642/settings?edit=permissions HTTP/1.1" 200 17192 "http://www.pacetest.dk/people/642/settings" "Mozilla/5.0 (Windows NT 6.2; WOW64; rv:26.0) Gecko/20100101 Firefox/26.0"
80.213.131.29 - - [27/Jan/2014:08:45:41 -0500] "GET /people/642/settings?edit=permissions HTTP/1.1" 200 17231 "http://www.pacetest.dk/people/642/settings" "Mozilla/5.0 (Macintosh; Intel Mac OS X 10_7_5) AppleWebKit/537.36 (KHTML, like Gecko) Chrome/32.0.1700.77 Safari/537.36"
- - - [27/Jan/2014:08:45:45 -0500] "OPTIONS * HTTP/1.0" 200 - "-" "Apache/2.2.22 (Red Hat Enterprise Web Server) (internal dummy connection)"
94.145.68.182 - - [27/Jan/2014:08:46:16 -0500] "GET /notifications?get=count HTTP/1.1" 200 24 "http://www.pacetest.dk/people/642/settings?edit=permissions" "Mozilla/5.0 (Windows NT 6.2; WOW64; rv:26.0) Gecko/20100101 Firefox/26.0"
80.213.131.29 - - [27/Jan/2014:08:46:16 -0500] "GET /notifications?get=count HTTP/1.1" 200 24 "http://www.pacetest.dk/people/642/settings?edit=permissions" "Mozilla/5.0 (Macintosh; Intel Mac OS X 10_7_5) AppleWebKit/537.36 (KHTML, like Gecko) Chrome/32.0.1700.77 Safari/537.36"
- - - [27/Jan/2014:08:46:19 -0500] "OPTIONS * HTTP/1.0" 200 - "-" "Apache/2.2.22 (Red Hat Enterprise Web Server) (internal dummy connection)"
94.145.68.182 - - [27/Jan/2014:08:46:46 -0500] "GET /notifications?get=count HTTP/1.1" 200 24 "http://www.pacetest.dk/people/642/settings?edit=permissions" "Mozilla/5.0 (Windows NT 6.2; WOW64; rv:26.0) Gecko/20100101 Firefox/26.0"
80.213.131.29 - - [27/Jan/2014:08:46:46 -0500] "GET /notifications?get=count HTTP/1.1" 200 24 "http://www.pacetest.dk/people/642/settings?edit=permissions" "Mozilla/5.0 (Macintosh; Intel Mac OS X 10_7_5) AppleWebKit/537.36 (KHTML, like Gecko) Chrome/32.0.1700.77 Safari/537.36"
- - - [27/Jan/2014:08:46:48 -0500] "OPTIONS * HTTP/1.0" 200 - "-" "Apache/2.2.22 (Red Hat Enterprise Web Server) (internal dummy connection)"
80.213.131.29 - - [27/Jan/2014:08:47:16 -0500] "GET /notifications?get=count HTTP/1.1" 200 24 "http://www.pacetest.dk/people/642/settings?edit=permissions" "Mozilla/5.0 (Macintosh; Intel Mac OS X 10_7_5) AppleWebKit/537.36 (KHTML, like Gecko) Chrome/32.0.1700.77 Safari/537.36"
94.145.68.182 - - [27/Jan/2014:08:47:16 -0500] "GET /notifications?get=count HTTP/1.1" 200 24 "http://www.pacetest.dk/people/642/settings?edit=permissions" "Mozilla/5.0 (Windows NT 6.2; WOW64; rv:26.0) Gecko/20100101 Firefox/26.0"
- - - [27/Jan/2014:08:47:18 -0500] "OPTIONS * HTTP/1.0" 200 - "-" "Apache/2.2.22 (Red Hat Enterprise Web Server) (internal dummy connection)"
80.213.131.29 - - [27/Jan/2014:08:47:29 -0500] "GET /people/StallSP HTTP/1.1" 200 27109 "http://www.pacetest.dk/people/642/settings?edit=permissions" "Mozilla/5.0 (Macintosh; Intel Mac OS X 10_7_5) AppleWebKit/537.36 (KHTML, like Gecko) Chrome/32.0.1700.77 Safari/537.36"
80.213.131.29 - - [27/Jan/2014:08:47:34 -0500] "GET /people/StallSP/graph/followers?layout=gadget&hqxsjii6 HTTP/1.1" 200 3558 "http://www.pacetest.dk/people/StallSP" "Mozilla/5.0 (Macintosh; Intel Mac OS X 10_7_5) AppleWebKit/537.36 (KHTML, like Gecko) Chrome/32.0.1700.77 Safari/537.36"
80.213.131.29 - - [27/Jan/2014:08:47:43 -0500] "GET /photos/@StallSP?layout=gadget&hqxsjii9 HTTP/1.1" 200 2454 "http://www.pacetest.dk/people/StallSP" "Mozilla/5.0 (Macintosh; Intel Mac OS X 10_7_5) AppleWebKit/537.36 (KHTML, like Gecko) Chrome/32.0.1700.77 Safari/537.36"
94.145.68.182 - - [27/Jan/2014:08:47:46 -0500] "GET /notifications?get=count HTTP/1.1" 200 24 "http://www.pacetest.dk/people/642/settings?edit=permissions" "Mozilla/5.0 (Windows NT 6.2; WOW64; rv:26.0) Gecko/20100101 Firefox/26.0"
80.213.131.29 - - [27/Jan/2014:08:47:50 -0500] "GET /photos/@642 HTTP/1.1" 200 13681 "http://www.pacetest.dk/people/StallSP" "Mozilla/5.0 (Macintosh; Intel Mac OS X 10_7_5) AppleWebKit/537.36 (KHTML, like Gecko) Chrome/32.0.1700.77 Safari/537.36"
80.213.131.29 - - [27/Jan/2014:08:47:56 -0500] "GET /photos/@StallSP/sets HTTP/1.1" 200 10883 "http://www.pacetest.dk/photos/@642" "Mozilla/5.0 (Macintosh; Intel Mac OS X 10_7_5) AppleWebKit/537.36 (KHTML, like Gecko) Chrome/32.0.1700.77 Safari/537.36"
80.213.131.29 - - [27/Jan/2014:08:48:02 -0500] "GET /photos/@642/set?layout=add HTTP/1.1" 200 11455 "http://www.pacetest.dk/photos/@StallSP/sets" "Mozilla/5.0 (Macintosh; Intel Mac OS X 10_7_5) AppleWebKit/537.36 (KHTML, like Gecko) Chrome/32.0.1700.77 Safari/537.36"
94.145.68.182 - - [27/Jan/2014:08:48:03 -0500] "GET /people/StallSP HTTP/1.1" 200 27908 "http://www.pacetest.dk/people/642/settings?edit=permissions" "Mozilla/5.0 (Windows NT 6.2; WOW64; rv:26.0) Gecko/20100101 Firefox/26.0"
- - - [27/Jan/2014:08:48:10 -0500] "OPTIONS * HTTP/1.0" 200 - "-" "Apache/2.2.22 (Red Hat Enterprise Web Server) (internal dummy connection)"
94.145.68.182 - - [27/Jan/2014:08:48:10 -0500] "GET /people/StallSP/graph/followers?layout=gadget&hqxskuys HTTP/1.1" 200 5680 "http://www.pacetest.dk/people/StallSP" "Mozilla/5.0 (Windows NT 6.2; WOW64; rv:26.0) Gecko/20100101 Firefox/26.0"
80.213.131.29 - - [27/Jan/2014:08:48:38 -0500] "GET /notifications?get=count HTTP/1.1" 200 24 "http://www.pacetest.dk/photos/@642/set?layout=add" "Mozilla/5.0 (Macintosh; Intel Mac OS X 10_7_5) AppleWebKit/537.36 (KHTML, like Gecko) Chrome/32.0.1700.77 Safari/537.36"
94.145.68.182 - - [27/Jan/2014:08:48:40 -0500] "GET /notifications?get=count HTTP/1.1" 200 24 "http://www.pacetest.dk/people/StallSP" "Mozilla/5.0 (Windows NT 6.2; WOW64; rv:26.0) Gecko/20100101 Firefox/26.0"
80.213.131.29 - - [27/Jan/2014:08:49:08 -0500] "GET /notifications?get=count HTTP/1.1" 200 24 "http://www.pacetest.dk/photos/@642/set?layout=add" "Mozilla/5.0 (Macintosh; Intel Mac OS X 10_7_5) AppleWebKit/537.36 (KHTML, like Gecko) Chrome/32.0.1700.77 Safari/537.36"
94.145.68.182 - - [27/Jan/2014:08:49:10 -0500] "GET /notifications?get=count HTTP/1.1" 200 24 "http://www.pacetest.dk/people/StallSP" "Mozilla/5.0 (Windows NT 6.2; WOW64; rv:26.0) Gecko/20100101 Firefox/26.0"
80.213.131.29 - - [27/Jan/2014:08:49:10 -0500] "GET /menu/people HTTP/1.1" 200 32947 "http://www.pacetest.dk/photos/@642/set?layout=add" "Mozilla/5.0 (Macintosh; Intel Mac OS X 10_7_5) AppleWebKit/537.36 (KHTML, like Gecko) Chrome/32.0.1700.77 Safari/537.36"
- - - [27/Jan/2014:08:49:14 -0500] "OPTIONS * HTTP/1.0" 200 - "-" "Apache/2.2.22 (Red Hat Enterprise Web Server) (internal dummy connection)"
80.213.131.29 - - [27/Jan/2014:08:49:24 -0500] "GET /people/StallSP HTTP/1.1" 200 27105 "http://www.pacetest.dk/menu/people" "Mozilla/5.0 (Macintosh; Intel Mac OS X 10_7_5) AppleWebKit/537.36 (KHTML, like Gecko) Chrome/32.0.1700.77 Safari/537.36"
80.213.131.29 - - [27/Jan/2014:08:49:29 -0500] "GET /people/StallSP/graph/followers?layout=gadget&hqxslzba HTTP/1.1" 200 3558 "http://www.pacetest.dk/people/StallSP" "Mozilla/5.0 (Macintosh; Intel Mac OS X 10_7_5) AppleWebKit/537.36 (KHTML, like Gecko) Chrome/32.0.1700.77 Safari/537.36"
80.213.131.29 - - [27/Jan/2014:08:49:35 -0500] "GET /photos/@StallSP?layout=gadget&hqxslzbd HTTP/1.1" 200 2454 "http://www.pacetest.dk/people/StallSP" "Mozilla/5.0 (Macintosh; Intel Mac OS X 10_7_5) AppleWebKit/537.36 (KHTML, like Gecko) Chrome/32.0.1700.77 Safari/537.36"
94.145.68.182 - - [27/Jan/2014:08:49:40 -0500] "GET /notifications?get=count HTTP/1.1" 200 24 "http://www.pacetest.dk/people/StallSP" "Mozilla/5.0 (Windows NT 6.2; WOW64; rv:26.0) Gecko/20100101 Firefox/26.0"
80.213.131.29 - - [27/Jan/2014:08:49:44 -0500] "GET /photos/@642 HTTP/1.1" 200 13681 "http://www.pacetest.dk/people/StallSP" "Mozilla/5.0 (Macintosh; Intel Mac OS X 10_7_5) AppleWebKit/537.36 (KHTML, like Gecko) Chrome/32.0.1700.77 Safari/537.36"
80.213.131.29 - - [27/Jan/2014:08:50:07 -0500] "GET /menu/groups HTTP/1.1" 200 16250 "http://www.pacetest.dk/photos/@642" "Mozilla/5.0 (Macintosh; Intel Mac OS X 10_7_5) AppleWebKit/537.36 (KHTML, like Gecko) Chrome/32.0.1700.77 Safari/537.36"
94.145.68.182 - - [27/Jan/2014:08:50:10 -0500] "GET /notifications?get=count HTTP/1.1" 200 24 "http://www.pacetest.dk/people/StallSP" "Mozilla/5.0 (Windows NT 6.2; WOW64; rv:26.0) Gecko/20100101 Firefox/26.0"
80.213.131.29 - - [27/Jan/2014:08:50:15 -0500] "GET /groups/625-ga-nextlevel-norge-stallsp HTTP/1.1" 200 44973 "http://www.pacetest.dk/menu/groups" "Mozilla/5.0 (Macintosh; Intel Mac OS X 10_7_5) AppleWebKit/537.36 (KHTML, like Gecko) Chrome/32.0.1700.77 Safari/537.36"
80.213.131.29 - - [27/Jan/2014:08:50:22 -0500] "GET /groups/625/graph/followers?layout=gadget&hqxsn4k4 HTTP/1.1" 200 1659 "http://www.pacetest.dk/groups/625-ga-nextlevel-norge-stallsp" "Mozilla/5.0 (Macintosh; Intel Mac OS X 10_7_5) AppleWebKit/537.36 (KHTML, like Gecko) Chrome/32.0.1700.77 Safari/537.36"
80.213.131.29 - - [27/Jan/2014:08:50:30 -0500] "GET /photos/@625?layout=gadget&hqxsn4k7 HTTP/1.1" 200 2566 "http://www.pacetest.dk/groups/625-ga-nextlevel-norge-stallsp" "Mozilla/5.0 (Macintosh; Intel Mac OS X 10_7_5) AppleWebKit/537.36 (KHTML, like Gecko) Chrome/32.0.1700.77 Safari/537.36"
80.213.131.29 - - [27/Jan/2014:08:50:35 -0500] "GET /photos/@625 HTTP/1.1" 200 14217 "http://www.pacetest.dk/groups/625-ga-nextlevel-norge-stallsp" "Mozilla/5.0 (Macintosh; Intel Mac OS X 10_7_5) AppleWebKit/537.36 (KHTML, like Gecko) Chrome/32.0.1700.77 Safari/537.36"
94.145.68.182 - - [27/Jan/2014:08:50:40 -0500] "GET /notifications?get=count HTTP/1.1" 200 24 "http://www.pacetest.dk/people/StallSP" "Mozilla/5.0 (Windows NT 6.2; WOW64; rv:26.0) Gecko/20100101 Firefox/26.0"
80.213.131.29 - - [27/Jan/2014:08:50:42 -0500] "GET /photos/@625/sets HTTP/1.1" 200 11855 "http://www.pacetest.dk/photos/@625" "Mozilla/5.0 (Macintosh; Intel Mac OS X 10_7_5) AppleWebKit/537.36 (KHTML, like Gecko) Chrome/32.0.1700.77 Safari/537.36"
80.213.131.29 - - [27/Jan/2014:08:50:53 -0500] "GET /photos/@625/set?layout=add HTTP/1.1" 200 11410 "http://www.pacetest.dk/photos/@625/sets" "Mozilla/5.0 (Macintosh; Intel Mac OS X 10_7_5) AppleWebKit/537.36 (KHTML, like Gecko) Chrome/32.0.1700.77 Safari/537.36"
94.145.68.182 - - [27/Jan/2014:08:51:10 -0500] "GET /notifications?get=count HTTP/1.1" 200 24 "http://www.pacetest.dk/people/StallSP" "Mozilla/5.0 (Windows NT 6.2; WOW64; rv:26.0) Gecko/20100101 Firefox/26.0"
80.213.131.29 - - [27/Jan/2014:08:51:26 -0500] "GET /notifications?get=count HTTP/1.1" 200 24 "http://www.pacetest.dk/photos/@625/set?layout=add" "Mozilla/5.0 (Macintosh; Intel Mac OS X 10_7_5) AppleWebKit/537.36 (KHTML, like Gecko) Chrome/32.0.1700.77 Safari/537.36"
80.213.131.29 - - [27/Jan/2014:08:51:28 -0500] "GET /groups/625-ga-nextlevel-norge-stallsp HTTP/1.1" 200 45703 "http://www.pacetest.dk/photos/@625/set?layout=add" "Mozilla/5.0 (Macintosh; Intel Mac OS X 10_7_5) AppleWebKit/537.36 (KHTML, like Gecko) Chrome/32.0.1700.77 Safari/537.36"
80.213.131.29 - - [27/Jan/2014:08:51:35 -0500] "GET /groups/625/graph/followers?layout=gadget&hqxsoohz HTTP/1.1" 200 1659 "http://www.pacetest.dk/groups/625-ga-nextlevel-norge-stallsp" "Mozilla/5.0 (Macintosh; Intel Mac OS X 10_7_5) AppleWebKit/537.36 (KHTML, like Gecko) Chrome/32.0.1700.77 Safari/537.36"
94.145.68.182 - - [27/Jan/2014:08:51:40 -0500] "GET /notifications?get=count HTTP/1.1" 200 24 "http://www.pacetest.dk/people/StallSP" "Mozilla/5.0 (Windows NT 6.2; WOW64; rv:26.0) Gecko/20100101 Firefox/26.0"
80.213.131.29 - - [27/Jan/2014:08:51:40 -0500] "GET /photos/@625?layout=gadget&hqxsooi2 HTTP/1.1" 200 2566 "http://www.pacetest.dk/groups/625-ga-nextlevel-norge-stallsp" "Mozilla/5.0 (Macintosh; Intel Mac OS X 10_7_5) AppleWebKit/537.36 (KHTML, like Gecko) Chrome/32.0.1700.77 Safari/537.36"
- - - [27/Jan/2014:08:51:44 -0500] "OPTIONS * HTTP/1.0" 200 - "-" "Apache/2.2.22 (Red Hat Enterprise Web Server) (internal dummy connection)"
80.213.131.29 - - [27/Jan/2014:08:51:47 -0500] "GET /photos/@625 HTTP/1.1" 200 14217 "http://www.pacetest.dk/groups/625-ga-nextlevel-norge-stallsp" "Mozilla/5.0 (Macintosh; Intel Mac OS X 10_7_5) AppleWebKit/537.36 (KHTML, like Gecko) Chrome/32.0.1700.77 Safari/537.36"
80.213.131.29 - - [27/Jan/2014:08:51:56 -0500] "GET /photos/@625/sets HTTP/1.1" 200 11855 "http://www.pacetest.dk/photos/@625" "Mozilla/5.0 (Macintosh; Intel Mac OS X 10_7_5) AppleWebKit/537.36 (KHTML, like Gecko) Chrome/32.0.1700.77 Safari/537.36"
94.145.68.182 - - [27/Jan/2014:08:52:10 -0500] "GET /notifications?get=count HTTP/1.1" 200 24 "http://www.pacetest.dk/people/StallSP" "Mozilla/5.0 (Windows NT 6.2; WOW64; rv:26.0) Gecko/20100101 Firefox/26.0"
80.213.131.29 - - [27/Jan/2014:08:52:10 -0500] "GET /people/StallSP HTTP/1.1" 200 27103 "http://www.pacetest.dk/photos/@625/sets" "Mozilla/5.0 (Macintosh; Intel Mac OS X 10_7_5) AppleWebKit/537.36 (KHTML, like Gecko) Chrome/32.0.1700.77 Safari/537.36"
80.213.131.29 - - [27/Jan/2014:08:52:17 -0500] "GET /people/StallSP/graph/followers?layout=gadget&hqxspl1y HTTP/1.1" 200 3558 "http://www.pacetest.dk/people/StallSP" "Mozilla/5.0 (Macintosh; Intel Mac OS X 10_7_5) AppleWebKit/537.36 (KHTML, like Gecko) Chrome/32.0.1700.77 Safari/537.36"
- - - [27/Jan/2014:08:52:19 -0500] "OPTIONS * HTTP/1.0" 200 - "-" "Apache/2.2.22 (Red Hat Enterprise Web Server) (internal dummy connection)"
80.213.131.29 - - [27/Jan/2014:08:52:30 -0500] "GET /people/Malene HTTP/1.1" 200 15260 "http://www.pacetest.dk/people/StallSP" "Mozilla/5.0 (Macintosh; Intel Mac OS X 10_7_5) AppleWebKit/537.36 (KHTML, like Gecko) Chrome/32.0.1700.77 Safari/537.36"
80.213.131.29 - - [27/Jan/2014:08:52:34 -0500] "GET /people/Malene/graph/followers?layout=gadget&hqxspy0c HTTP/1.1" 200 6678 "http://www.pacetest.dk/people/Malene" "Mozilla/5.0 (Macintosh; Intel Mac OS X 10_7_5) AppleWebKit/537.36 (KHTML, like Gecko) Chrome/32.0.1700.77 Safari/537.36"
94.145.68.182 - - [27/Jan/2014:08:52:40 -0500] "GET /notifications?get=count HTTP/1.1" 200 24 "http://www.pacetest.dk/people/StallSP" "Mozilla/5.0 (Windows NT 6.2; WOW64; rv:26.0) Gecko/20100101 Firefox/26.0"
80.213.131.29 - - [27/Jan/2014:08:52:42 -0500] "GET /menu/people HTTP/1.1" 200 32947 "http://www.pacetest.dk/people/Malene" "Mozilla/5.0 (Macintosh; Intel Mac OS X 10_7_5) AppleWebKit/537.36 (KHTML, like Gecko) Chrome/32.0.1700.77 Safari/537.36"
94.145.68.182 - - [27/Jan/2014:08:53:10 -0500] "GET /notifications?get=count HTTP/1.1" 200 24 "http://www.pacetest.dk/people/StallSP" "Mozilla/5.0 (Windows NT 6.2; WOW64; rv:26.0) Gecko/20100101 Firefox/26.0"
80.213.131.29 - - [27/Jan/2014:08:53:15 -0500] "GET /notifications?get=count HTTP/1.1" 200 24 "http://www.pacetest.dk/menu/people" "Mozilla/5.0 (Macintosh; Intel Mac OS X 10_7_5) AppleWebKit/537.36 (KHTML, like Gecko) Chrome/32.0.1700.77 Safari/537.36"
80.213.131.29 - - [27/Jan/2014:08:53:32 -0500] "GET /people/StallSP HTTP/1.1" 200 27103 "http://www.pacetest.dk/menu/people" "Mozilla/5.0 (Macintosh; Intel Mac OS X 10_7_5) AppleWebKit/537.36 (KHTML, like Gecko) Chrome/32.0.1700.77 Safari/537.36"
80.213.131.29 - - [27/Jan/2014:08:53:37 -0500] "GET /people/StallSP/graph/followers?layout=gadget&hqxsraua HTTP/1.1" 200 3558 "http://www.pacetest.dk/people/StallSP" "Mozilla/5.0 (Macintosh; Intel Mac OS X 10_7_5) AppleWebKit/537.36 (KHTML, like Gecko) Chrome/32.0.1700.77 Safari/537.36"
94.145.68.182 - - [27/Jan/2014:08:53:40 -0500] "GET /notifications?get=count HTTP/1.1" 200 24 "http://www.pacetest.dk/people/StallSP" "Mozilla/5.0 (Windows NT 6.2; WOW64; rv:26.0) Gecko/20100101 Firefox/26.0"
80.213.131.29 - - [27/Jan/2014:08:53:50 -0500] "POST /people/session?action=delete&return=aHR0cDovL3d3dy5wYWNldGVzdC5kay8%3D HTTP/1.1" 303 - "http://www.pacetest.dk/people/StallSP" "Mozilla/5.0 (Macintosh; Intel Mac OS X 10_7_5) AppleWebKit/537.36 (KHTML, like Gecko) Chrome/32.0.1700.77 Safari/537.36"
80.213.131.29 - - [27/Jan/2014:08:53:51 -0500] "GET /index.php HTTP/1.1" 200 7772 "http://www.pacetest.dk/people/StallSP" "Mozilla/5.0 (Macintosh; Intel Mac OS X 10_7_5) AppleWebKit/537.36 (KHTML, like Gecko) Chrome/32.0.1700.77 Safari/537.36"
80.213.131.29 - - [27/Jan/2014:08:53:56 -0500] "GET /people/session?layout=modal&return=aHR0cDovL3d3dy5wYWNldGVzdC5kay9pbmRleC5waHA%3D&hqxsrn0g HTTP/1.1" 200 1437 "http://www.pacetest.dk/index.php" "Mozilla/5.0 (Macintosh; Intel Mac OS X 10_7_5) AppleWebKit/537.36 (KHTML, like Gecko) Chrome/32.0.1700.77 Safari/537.36"
80.213.131.29 - - [27/Jan/2014:08:54:09 -0500] "POST /people/session?layout=modal HTTP/1.1" 303 - "http://www.pacetest.dk/index.php" "Mozilla/5.0 (Macintosh; Intel Mac OS X 10_7_5) AppleWebKit/537.36 (KHTML, like Gecko) Chrome/32.0.1700.77 Safari/537.36"
94.145.68.182 - - [27/Jan/2014:08:54:10 -0500] "GET /notifications?get=count HTTP/1.1" 200 24 "http://www.pacetest.dk/people/StallSP" "Mozilla/5.0 (Windows NT 6.2; WOW64; rv:26.0) Gecko/20100101 Firefox/26.0"
80.213.131.29 - - [27/Jan/2014:08:54:15 -0500] "POST /people/session?layout=modal HTTP/1.1" 303 - "http://www.pacetest.dk/index.php" "Mozilla/5.0 (Macintosh; Intel Mac OS X 10_7_5) AppleWebKit/537.36 (KHTML, like Gecko) Chrome/32.0.1700.77 Safari/537.36"
80.213.131.29 - - [27/Jan/2014:08:54:10 -0500] "GET /index.php HTTP/1.1" 200 84314 "http://www.pacetest.dk/index.php" "Mozilla/5.0 (Macintosh; Intel Mac OS X 10_7_5) AppleWebKit/537.36 (KHTML, like Gecko) Chrome/32.0.1700.77 Safari/537.36"
80.213.131.29 - - [27/Jan/2014:08:54:19 -0500] "GET /index.php HTTP/1.1" 200 85416 "http://www.pacetest.dk/index.php" "Mozilla/5.0 (Macintosh; Intel Mac OS X 10_7_5) AppleWebKit/537.36 (KHTML, like Gecko) Chrome/32.0.1700.77 Safari/537.36"
94.145.68.182 - - [27/Jan/2014:08:54:40 -0500] "GET /notifications?get=count HTTP/1.1" 200 24 "http://www.pacetest.dk/people/StallSP" "Mozilla/5.0 (Windows NT 6.2; WOW64; rv:26.0) Gecko/20100101 Firefox/26.0"
80.213.131.29 - - [27/Jan/2014:08:54:32 -0500] "GET /stories?layout=list&filter=leaders&start=40&limit=20 HTTP/1.1" 200 41143 "http://www.pacetest.dk/index.php" "Mozilla/5.0 (Macintosh; Intel Mac OS X 10_7_5) AppleWebKit/537.36 (KHTML, like Gecko) Chrome/32.0.1700.77 Safari/537.36"
- - - [27/Jan/2014:08:54:45 -0500] "OPTIONS * HTTP/1.0" 200 - "-" "Apache/2.2.22 (Red Hat Enterprise Web Server) (internal dummy connection)"
80.213.131.29 - - [27/Jan/2014:08:54:32 -0500] "GET /stories?layout=list&filter=leaders&start=20&limit=20 HTTP/1.1" 200 57379 "http://www.pacetest.dk/index.php" "Mozilla/5.0 (Macintosh; Intel Mac OS X 10_7_5) AppleWebKit/537.36 (KHTML, like Gecko) Chrome/32.0.1700.77 Safari/537.36"
80.213.131.29 - - [27/Jan/2014:08:54:45 -0500] "GET /stories?layout=list&filter=leaders&start=60&limit=20 HTTP/1.1" 200 1441 "http://www.pacetest.dk/index.php" "Mozilla/5.0 (Macintosh; Intel Mac OS X 10_7_5) AppleWebKit/537.36 (KHTML, like Gecko) Chrome/32.0.1700.77 Safari/537.36"
- - - [27/Jan/2014:08:54:48 -0500] "OPTIONS * HTTP/1.0" 200 - "-" "Apache/2.2.22 (Red Hat Enterprise Web Server) (internal dummy connection)"
80.213.131.29 - - [27/Jan/2014:08:55:02 -0500] "GET /notifications?get=count HTTP/1.1" 200 24 "http://www.pacetest.dk/index.php" "Mozilla/5.0 (Macintosh; Intel Mac OS X 10_7_5) AppleWebKit/537.36 (KHTML, like Gecko) Chrome/32.0.1700.77 Safari/537.36"
94.145.68.182 - - [27/Jan/2014:08:55:10 -0500] "GET /notifications?get=count HTTP/1.1" 200 24 "http://www.pacetest.dk/people/StallSP" "Mozilla/5.0 (Windows NT 6.2; WOW64; rv:26.0) Gecko/20100101 Firefox/26.0"
80.213.131.29 - - [27/Jan/2014:08:55:32 -0500] "GET /notifications?get=count HTTP/1.1" 200 24 "http://www.pacetest.dk/index.php" "Mozilla/5.0 (Macintosh; Intel Mac OS X 10_7_5) AppleWebKit/537.36 (KHTML, like Gecko) Chrome/32.0.1700.77 Safari/537.36"
94.145.68.182 - - [27/Jan/2014:08:55:30 -0500] "GET /notifications?layout=popover&hqxskuyt HTTP/1.1" 200 9455 "http://www.pacetest.dk/people/StallSP" "Mozilla/5.0 (Windows NT 6.2; WOW64; rv:26.0) Gecko/20100101 Firefox/26.0"
- - - [27/Jan/2014:08:55:35 -0500] "OPTIONS * HTTP/1.0" 200 - "-" "Apache/2.2.22 (Red Hat Enterprise Web Server) (internal dummy connection)"
94.145.68.182 - - [27/Jan/2014:08:55:40 -0500] "GET /notifications?get=count HTTP/1.1" 200 24 "http://www.pacetest.dk/people/StallSP" "Mozilla/5.0 (Windows NT 6.2; WOW64; rv:26.0) Gecko/20100101 Firefox/26.0"
94.145.68.182 - - [27/Jan/2014:08:55:41 -0500] "GET /groups/209/settings?edit=requests HTTP/1.1" 200 12519 "http://www.pacetest.dk/people/StallSP" "Mozilla/5.0 (Windows NT 6.2; WOW64; rv:26.0) Gecko/20100101 Firefox/26.0"
- - - [27/Jan/2014:08:55:44 -0500] "OPTIONS * HTTP/1.0" 200 - "-" "Apache/2.2.22 (Red Hat Enterprise Web Server) (internal dummy connection)"
94.145.68.182 - - [27/Jan/2014:08:55:48 -0500] "GET /notifications?layout=popover&hqxsul92 HTTP/1.1" 200 9455 "http://www.pacetest.dk/groups/209/settings?edit=requests" "Mozilla/5.0 (Windows NT 6.2; WOW64; rv:26.0) Gecko/20100101 Firefox/26.0"
80.213.131.29 - - [27/Jan/2014:08:56:02 -0500] "GET /notifications?get=count HTTP/1.1" 200 24 "http://www.pacetest.dk/index.php" "Mozilla/5.0 (Macintosh; Intel Mac OS X 10_7_5) AppleWebKit/537.36 (KHTML, like Gecko) Chrome/32.0.1700.77 Safari/537.36"
80.213.131.29 - - [27/Jan/2014:08:56:12 -0500] "GET /people/642/settings HTTP/1.1" 200 11746 "http://www.pacetest.dk/index.php" "Mozilla/5.0 (Macintosh; Intel Mac OS X 10_7_5) AppleWebKit/537.36 (KHTML, like Gecko) Chrome/32.0.1700.77 Safari/537.36"
94.145.68.182 - - [27/Jan/2014:08:56:14 -0500] "GET /notifications?get=count HTTP/1.1" 200 24 "http://www.pacetest.dk/groups/209/settings?edit=requests" "Mozilla/5.0 (Windows NT 6.2; WOW64; rv:26.0) Gecko/20100101 Firefox/26.0"
- - - [27/Jan/2014:08:56:19 -0500] "OPTIONS * HTTP/1.0" 200 - "-" "Apache/2.2.22 (Red Hat Enterprise Web Server) (internal dummy connection)"
94.145.68.182 - - [27/Jan/2014:08:56:08 -0500] "GET / HTTP/1.1" 200 79457 "http://www.pacetest.dk/groups/209/settings?edit=requests" "Mozilla/5.0 (Windows NT 6.2; WOW64; rv:26.0) Gecko/20100101 Firefox/26.0"
- - - [27/Jan/2014:08:56:19 -0500] "OPTIONS * HTTP/1.0" 200 - "-" "Apache/2.2.22 (Red Hat Enterprise Web Server) (internal dummy connection)"
94.145.68.182 - - [27/Jan/2014:08:56:20 -0500] "GET /stories?layout=list&filter=leaders&start=40&limit=20 HTTP/1.1" 200 47906 "http://www.pacetest.dk/" "Mozilla/5.0 (Windows NT 6.2; WOW64; rv:26.0) Gecko/20100101 Firefox/26.0"
94.145.68.182 - - [27/Jan/2014:08:56:20 -0500] "GET /stories?layout=list&filter=leaders&start=20&limit=20 HTTP/1.1" 200 94315 "http://www.pacetest.dk/" "Mozilla/5.0 (Windows NT 6.2; WOW64; rv:26.0) Gecko/20100101 Firefox/26.0"
80.213.131.29 - - [27/Jan/2014:08:56:31 -0500] "GET /people/642/settings?edit=permissions HTTP/1.1" 200 17231 "http://www.pacetest.dk/people/642/settings" "Mozilla/5.0 (Macintosh; Intel Mac OS X 10_7_5) AppleWebKit/537.36 (KHTML, like Gecko) Chrome/32.0.1700.77 Safari/537.36"
94.145.68.182 - - [27/Jan/2014:08:56:29 -0500] "GET /stories?layout=list&filter=leaders&start=60&limit=20 HTTP/1.1" 200 48987 "http://www.pacetest.dk/" "Mozilla/5.0 (Windows NT 6.2; WOW64; rv:26.0) Gecko/20100101 Firefox/26.0"
- - - [27/Jan/2014:08:56:38 -0500] "OPTIONS * HTTP/1.0" 200 - "-" "Apache/2.2.22 (Red Hat Enterprise Web Server) (internal dummy connection)"
94.145.68.182 - - [27/Jan/2014:08:56:49 -0500] "GET /notifications?get=count HTTP/1.1" 200 24 "http://www.pacetest.dk/" "Mozilla/5.0 (Windows NT 6.2; WOW64; rv:26.0) Gecko/20100101 Firefox/26.0"
80.213.131.29 - - [27/Jan/2014:08:57:07 -0500] "GET /notifications?get=count HTTP/1.1" 200 24 "http://www.pacetest.dk/people/642/settings?edit=permissions" "Mozilla/5.0 (Macintosh; Intel Mac OS X 10_7_5) AppleWebKit/537.36 (KHTML, like Gecko) Chrome/32.0.1700.77 Safari/537.36"
80.213.131.29 - - [27/Jan/2014:08:57:17 -0500] "POST /people/StallSP?hqxsv5fl HTTP/1.1" 200 - "http://www.pacetest.dk/people/642/settings?edit=permissions" "Mozilla/5.0 (Macintosh; Intel Mac OS X 10_7_5) AppleWebKit/537.36 (KHTML, like Gecko) Chrome/32.0.1700.77 Safari/537.36"
94.145.68.182 - - [27/Jan/2014:08:57:19 -0500] "GET /notifications?get=count HTTP/1.1" 200 24 "http://www.pacetest.dk/" "Mozilla/5.0 (Windows NT 6.2; WOW64; rv:26.0) Gecko/20100101 Firefox/26.0"
80.213.131.29 - - [27/Jan/2014:08:57:36 -0500] "POST /people/StallSP?hqxsv5fo HTTP/1.1" 200 - "http://www.pacetest.dk/people/642/settings?edit=permissions" "Mozilla/5.0 (Macintosh; Intel Mac OS X 10_7_5) AppleWebKit/537.36 (KHTML, like Gecko) Chrome/32.0.1700.77 Safari/537.36"
80.213.131.29 - - [27/Jan/2014:08:57:37 -0500] "GET /notifications?get=count HTTP/1.1" 200 24 "http://www.pacetest.dk/people/642/settings?edit=permissions" "Mozilla/5.0 (Macintosh; Intel Mac OS X 10_7_5) AppleWebKit/537.36 (KHTML, like Gecko) Chrome/32.0.1700.77 Safari/537.36"
- - - [27/Jan/2014:08:57:39 -0500] "OPTIONS * HTTP/1.0" 200 - "-" "Apache/2.2.22 (Red Hat Enterprise Web Server) (internal dummy connection)"
94.145.68.182 - - [27/Jan/2014:08:57:49 -0500] "GET /notifications?get=count HTTP/1.1" 200 24 "http://www.pacetest.dk/" "Mozilla/5.0 (Windows NT 6.2; WOW64; rv:26.0) Gecko/20100101 Firefox/26.0"
94.145.68.182 - - [27/Jan/2014:08:57:44 -0500] "GET /groups/625-ga-nextlevel-norge-stallsp HTTP/1.1" 200 44929 "http://www.pacetest.dk/" "Mozilla/5.0 (Windows NT 6.2; WOW64; rv:26.0) Gecko/20100101 Firefox/26.0"
- - - [27/Jan/2014:08:57:55 -0500] "OPTIONS * HTTP/1.0" 200 - "-" "Apache/2.2.22 (Red Hat Enterprise Web Server) (internal dummy connection)"
80.213.131.29 - - [27/Jan/2014:08:57:46 -0500] "GET /people/StallSP HTTP/1.1" 200 27103 "http://www.pacetest.dk/people/642/settings?edit=permissions" "Mozilla/5.0 (Macintosh; Intel Mac OS X 10_7_5) AppleWebKit/537.36 (KHTML, like Gecko) Chrome/32.0.1700.77 Safari/537.36"
94.145.68.182 - - [27/Jan/2014:08:57:56 -0500] "GET /groups/625/graph/followers?layout=gadget&hqxsxegj HTTP/1.1" 200 1659 "http://www.pacetest.dk/groups/625-ga-nextlevel-norge-stallsp" "Mozilla/5.0 (Windows NT 6.2; WOW64; rv:26.0) Gecko/20100101 Firefox/26.0"
- - - [27/Jan/2014:08:58:00 -0500] "OPTIONS * HTTP/1.0" 200 - "-" "Apache/2.2.22 (Red Hat Enterprise Web Server) (internal dummy connection)"
80.213.131.29 - - [27/Jan/2014:08:57:58 -0500] "GET /people/StallSP HTTP/1.1" 200 27103 "http://www.pacetest.dk/people/642/settings?edit=permissions" "Mozilla/5.0 (Macintosh; Intel Mac OS X 10_7_5) AppleWebKit/537.36 (KHTML, like Gecko) Chrome/32.0.1700.77 Safari/537.36"
80.213.131.29 - - [27/Jan/2014:08:58:04 -0500] "GET /people/StallSP/graph/followers?layout=gadget&hqxsx12d HTTP/1.1" 200 3558 "http://www.pacetest.dk/people/StallSP" "Mozilla/5.0 (Macintosh; Intel Mac OS X 10_7_5) AppleWebKit/537.36 (KHTML, like Gecko) Chrome/32.0.1700.77 Safari/537.36"
- - - [27/Jan/2014:08:58:06 -0500] "OPTIONS * HTTP/1.0" 200 - "-" "Apache/2.2.22 (Red Hat Enterprise Web Server) (internal dummy connection)"
80.213.131.29 - - [27/Jan/2014:08:58:13 -0500] "GET /menu/groups HTTP/1.1" 200 16250 "http://www.pacetest.dk/people/StallSP" "Mozilla/5.0 (Macintosh; Intel Mac OS X 10_7_5) AppleWebKit/537.36 (KHTML, like Gecko) Chrome/32.0.1700.77 Safari/537.36"
94.145.68.182 - - [27/Jan/2014:08:58:15 -0500] "GET / HTTP/1.1" 200 78355 "http://www.pacetest.dk/groups/625-ga-nextlevel-norge-stallsp" "Mozilla/5.0 (Windows NT 6.2; WOW64; rv:26.0) Gecko/20100101 Firefox/26.0"
94.145.68.182 - - [27/Jan/2014:08:58:26 -0500] "GET /notifications?get=count HTTP/1.1" 200 24 "http://www.pacetest.dk/groups/625-ga-nextlevel-norge-stallsp" "Mozilla/5.0 (Windows NT 6.2; WOW64; rv:26.0) Gecko/20100101 Firefox/26.0"
- - - [27/Jan/2014:08:58:31 -0500] "OPTIONS * HTTP/1.0" 200 - "-" "Apache/2.2.22 (Red Hat Enterprise Web Server) (internal dummy connection)"
94.145.68.182 - - [27/Jan/2014:08:58:26 -0500] "GET /stories?layout=list&filter=leaders&start=40&limit=20 HTTP/1.1" 200 47906 "http://www.pacetest.dk/" "Mozilla/5.0 (Windows NT 6.2; WOW64; rv:26.0) Gecko/20100101 Firefox/26.0"
80.213.131.29 - - [27/Jan/2014:08:58:19 -0500] "GET / HTTP/1.1" 200 84314 "http://www.pacetest.dk/menu/groups" "Mozilla/5.0 (Macintosh; Intel Mac OS X 10_7_5) AppleWebKit/537.36 (KHTML, like Gecko) Chrome/32.0.1700.77 Safari/537.36"
94.145.68.182 - - [27/Jan/2014:08:58:26 -0500] "GET /stories?layout=list&filter=leaders&start=20&limit=20 HTTP/1.1" 200 94315 "http://www.pacetest.dk/" "Mozilla/5.0 (Windows NT 6.2; WOW64; rv:26.0) Gecko/20100101 Firefox/26.0"
- - - [27/Jan/2014:08:58:50 -0500] "OPTIONS * HTTP/1.0" 200 - "-" "Apache/2.2.22 (Red Hat Enterprise Web Server) (internal dummy connection)"
94.145.68.182 - - [27/Jan/2014:08:58:44 -0500] "GET /stories?layout=list&filter=leaders&start=60&limit=20 HTTP/1.1" 200 48987 "http://www.pacetest.dk/" "Mozilla/5.0 (Windows NT 6.2; WOW64; rv:26.0) Gecko/20100101 Firefox/26.0"
