94.145.68.182 - - [25/Nov/2013:08:09:20 -0500] "GET /index.php/notifications?get=count HTTP/1.1" 200 24 "http://www.pacetest.dk/index.php/menu/people" "Mozilla/5.0 (Windows NT 6.2; WOW64; rv:25.0) Gecko/20100101 Firefox/25.0"
87.57.96.202 - - [25/Nov/2013:08:09:22 -0500] "POST /index.php/people/session?layout=modal HTTP/1.1" 403 6348 "http://www.pacetest.dk/index.php/people/token" "Mozilla/5.0 (compatible; MSIE 10.0; Windows NT 6.2; WOW64; Trident/6.0)"
87.57.96.202 - - [25/Nov/2013:08:09:30 -0500] "GET /index.php/people/session?layout=modal&return=aHR0cDovL3d3dy5wYWNldGVzdC5kay9pbmRleC5waHAvcGVvcGxlL3Nlc3Npb24%2FbGF5b3V0PW1vZGFs&hofqfqm2 HTTP/1.1" 200 1558 "http://www.pacetest.dk/" "Mozilla/5.0 (compatible; MSIE 10.0; Windows NT 6.2; WOW64; Trident/6.0)"
87.57.96.202 - - [25/Nov/2013:08:09:32 -0500] "GET /index.php/people/person?layout=add&return=aHR0cDovL3d3dy5wYWNldGVzdC5kay9pbmRleC5waHAvcGVvcGxlL3Nlc3Npb24%2FbGF5b3V0PW1vZGFs HTTP/1.1" 200 9185 "http://www.pacetest.dk/index.php/people/session?layout=modal" "Mozilla/5.0 (compatible; MSIE 10.0; Windows NT 6.2; WOW64; Trident/6.0)"
94.145.68.182 - - [25/Nov/2013:08:09:45 -0500] "GET /index.php/notifications?get=count HTTP/1.1" 200 24 "http://www.pacetest.dk/" "Mozilla/5.0 (Windows NT 6.2; WOW64; rv:25.0) Gecko/20100101 Firefox/25.0"
87.57.96.202 - - [25/Nov/2013:08:09:49 -0500] "POST /index.php/people/person HTTP/1.1" 200 - "http://www.pacetest.dk/" "Mozilla/5.0 (compatible; MSIE 10.0; Windows NT 6.2; WOW64; Trident/6.0)"
94.145.68.182 - - [25/Nov/2013:08:09:50 -0500] "GET /index.php/notifications?get=count HTTP/1.1" 200 24 "http://www.pacetest.dk/index.php/menu/people" "Mozilla/5.0 (Windows NT 6.2; WOW64; rv:25.0) Gecko/20100101 Firefox/25.0"
87.57.96.202 - - [25/Nov/2013:08:09:59 -0500] "POST /index.php/people/person HTTP/1.1" 200 - "http://www.pacetest.dk/" "Mozilla/5.0 (compatible; MSIE 10.0; Windows NT 6.2; WOW64; Trident/6.0)"
10.110.62.41 - - [25/Nov/2013:08:10:06 -0500] "GET / HTTP/1.1" 200 8164 "-" "Ruby"
10.110.62.41 - - [25/Nov/2013:08:10:08 -0500] "GET / HTTP/1.1" 200 8167 "-" "Ruby"
87.57.96.202 - - [25/Nov/2013:08:10:10 -0500] "POST /index.php/people/person HTTP/1.1" 303 - "http://www.pacetest.dk/index.php/people/person?layout=add&return=aHR0cDovL3d3dy5wYWNldGVzdC5kay9pbmRleC5waHAvcGVvcGxlL3Nlc3Npb24%2FbGF5b3V0PW1vZGFs" "Mozilla/5.0 (compatible; MSIE 10.0; Windows NT 6.2; WOW64; Trident/6.0)"
87.57.96.202 - - [25/Nov/2013:08:10:12 -0500] "GET /index.php/people/session HTTP/1.1" 200 6870 "http://www.pacetest.dk/index.php/people/person?layout=add&return=aHR0cDovL3d3dy5wYWNldGVzdC5kay9pbmRleC5waHAvcGVvcGxlL3Nlc3Npb24%2FbGF5b3V0PW1vZGFs" "Mozilla/5.0 (compatible; MSIE 10.0; Windows NT 6.2; WOW64; Trident/6.0)"
94.145.68.182 - - [25/Nov/2013:08:10:15 -0500] "GET /index.php/notifications?get=count HTTP/1.1" 200 24 "http://www.pacetest.dk/" "Mozilla/5.0 (Windows NT 6.2; WOW64; rv:25.0) Gecko/20100101 Firefox/25.0"
94.145.68.182 - - [25/Nov/2013:08:10:20 -0500] "GET /index.php/notifications?get=count HTTP/1.1" 200 24 "http://www.pacetest.dk/index.php/menu/people" "Mozilla/5.0 (Windows NT 6.2; WOW64; rv:25.0) Gecko/20100101 Firefox/25.0"
80.62.117.148 - - [25/Nov/2013:08:10:39 -0500] "GET /index.php/people/person?token=7ac7d52ebc11f25cc1beda9962c1d8ed HTTP/1.1" 303 - "-" "Mozilla/5.0 (iPhone; CPU iPhone OS 7_0_4 like Mac OS X) AppleWebKit/537.51.1 (KHTML, like Gecko) Version/7.0 Mobile/11B554a Safari/9537.53"
80.62.117.148 - - [25/Nov/2013:08:10:40 -0500] "GET /index.php HTTP/1.1" 200 12913 "-" "Mozilla/5.0 (iPhone; CPU iPhone OS 7_0_4 like Mac OS X) AppleWebKit/537.51.1 (KHTML, like Gecko) Version/7.0 Mobile/11B554a Safari/9537.53"
80.62.117.148 - - [25/Nov/2013:08:10:42 -0500] "GET /templates/shiraz/css/style1/style.css HTTP/1.1" 200 175909 "http://www.pacetest.dk/index.php" "Mozilla/5.0 (iPhone; CPU iPhone OS 7_0_4 like Mac OS X) AppleWebKit/537.51.1 (KHTML, like Gecko) Version/7.0 Mobile/11B554a Safari/9537.53"
80.62.117.148 - - [25/Nov/2013:08:10:43 -0500] "GET /media/lib_anahita/js/production/site.js HTTP/1.1" 200 313277 "http://www.pacetest.dk/index.php" "Mozilla/5.0 (iPhone; CPU iPhone OS 7_0_4 like Mac OS X) AppleWebKit/537.51.1 (KHTML, like Gecko) Version/7.0 Mobile/11B554a Safari/9537.53"
80.62.117.148 - - [25/Nov/2013:08:10:43 -0500] "GET /media/com_stories/js/stories.js HTTP/1.1" 200 1794 "http://www.pacetest.dk/index.php" "Mozilla/5.0 (iPhone; CPU iPhone OS 7_0_4 like Mac OS X) AppleWebKit/537.51.1 (KHTML, like Gecko) Version/7.0 Mobile/11B554a Safari/9537.53"
80.62.117.148 - - [25/Nov/2013:08:10:43 -0500] "GET /media/lib_anahita/js/vendors/mediabox.js HTTP/1.1" 200 45415 "http://www.pacetest.dk/index.php" "Mozilla/5.0 (iPhone; CPU iPhone OS 7_0_4 like Mac OS X) AppleWebKit/537.51.1 (KHTML, like Gecko) Version/7.0 Mobile/11B554a Safari/9537.53"
80.62.117.148 - - [25/Nov/2013:08:10:43 -0500] "GET /media/com_composer/js/composer.js HTTP/1.1" 200 5681 "http://www.pacetest.dk/index.php" "Mozilla/5.0 (iPhone; CPU iPhone OS 7_0_4 like Mac OS X) AppleWebKit/537.51.1 (KHTML, like Gecko) Version/7.0 Mobile/11B554a Safari/9537.53"
80.62.117.148 - - [25/Nov/2013:08:10:44 -0500] "GET /media/lib_anahita/images/avatar/square_default.gif HTTP/1.1" 200 17821 "http://www.pacetest.dk/index.php" "Mozilla/5.0 (iPhone; CPU iPhone OS 7_0_4 like Mac OS X) AppleWebKit/537.51.1 (KHTML, like Gecko) Version/7.0 Mobile/11B554a Safari/9537.53"
80.62.117.148 - - [25/Nov/2013:08:10:44 -0500] "GET /templates/base/css/images/logo.png HTTP/1.1" 200 5272 "http://www.pacetest.dk/index.php" "Mozilla/5.0 (iPhone; CPU iPhone OS 7_0_4 like Mac OS X) AppleWebKit/537.51.1 (KHTML, like Gecko) Version/7.0 Mobile/11B554a Safari/9537.53"
80.62.117.148 - - [25/Nov/2013:08:10:44 -0500] "GET /templates/base/css/images/glyphicons-halflings.png HTTP/1.1" 200 12799 "http://www.pacetest.dk/index.php" "Mozilla/5.0 (iPhone; CPU iPhone OS 7_0_4 like Mac OS X) AppleWebKit/537.51.1 (KHTML, like Gecko) Version/7.0 Mobile/11B554a Safari/9537.53"
94.145.68.182 - - [25/Nov/2013:08:10:45 -0500] "GET /index.php/notifications?get=count HTTP/1.1" 200 24 "http://www.pacetest.dk/" "Mozilla/5.0 (Windows NT 6.2; WOW64; rv:25.0) Gecko/20100101 Firefox/25.0"
94.145.68.182 - - [25/Nov/2013:08:10:50 -0500] "GET /index.php/notifications?get=count HTTP/1.1" 200 24 "http://www.pacetest.dk/index.php/menu/people" "Mozilla/5.0 (Windows NT 6.2; WOW64; rv:25.0) Gecko/20100101 Firefox/25.0"
87.57.96.202 - - [25/Nov/2013:08:11:07 -0500] "POST /index.php/people/session HTTP/1.1" 303 - "http://www.pacetest.dk/index.php/people/session" "Mozilla/5.0 (compatible; MSIE 10.0; Windows NT 6.2; WOW64; Trident/6.0)"
87.57.96.202 - - [25/Nov/2013:08:11:07 -0500] "GET /index.php HTTP/1.1" 200 12913 "http://www.pacetest.dk/index.php/people/session" "Mozilla/5.0 (compatible; MSIE 10.0; Windows NT 6.2; WOW64; Trident/6.0)"
87.57.96.202 - - [25/Nov/2013:08:11:09 -0500] "GET /media/lib_anahita/images/avatar/square_default.gif HTTP/1.1" 200 17821 "http://www.pacetest.dk/index.php" "Mozilla/5.0 (compatible; MSIE 10.0; Windows NT 6.2; WOW64; Trident/6.0)"
87.57.96.202 - - [25/Nov/2013:08:11:09 -0500] "GET /media/com_stories/js/stories.js HTTP/1.1" 200 1794 "http://www.pacetest.dk/index.php" "Mozilla/5.0 (compatible; MSIE 10.0; Windows NT 6.2; WOW64; Trident/6.0)"
87.57.96.202 - - [25/Nov/2013:08:11:09 -0500] "GET /media/lib_anahita/js/vendors/mediabox.js HTTP/1.1" 200 45415 "http://www.pacetest.dk/index.php" "Mozilla/5.0 (compatible; MSIE 10.0; Windows NT 6.2; WOW64; Trident/6.0)"
87.57.96.202 - - [25/Nov/2013:08:11:09 -0500] "GET /media/com_composer/js/composer.js HTTP/1.1" 200 5681 "http://www.pacetest.dk/index.php" "Mozilla/5.0 (compatible; MSIE 10.0; Windows NT 6.2; WOW64; Trident/6.0)"
87.57.96.202 - - [25/Nov/2013:08:11:09 -0500] "GET /templates/base/css/images/glyphicons-halflings.png HTTP/1.1" 200 12799 "http://www.pacetest.dk/index.php" "Mozilla/5.0 (compatible; MSIE 10.0; Windows NT 6.2; WOW64; Trident/6.0)"
94.145.68.182 - - [25/Nov/2013:08:11:15 -0500] "GET /index.php/notifications?get=count HTTP/1.1" 200 24 "http://www.pacetest.dk/" "Mozilla/5.0 (Windows NT 6.2; WOW64; rv:25.0) Gecko/20100101 Firefox/25.0"
80.62.117.148 - - [25/Nov/2013:08:11:19 -0500] "GET /index.php/notifications?get=count HTTP/1.1" 200 24 "http://www.pacetest.dk/index.php" "Mozilla/5.0 (iPhone; CPU iPhone OS 7_0_4 like Mac OS X) AppleWebKit/537.51.1 (KHTML, like Gecko) Version/7.0 Mobile/11B554a Safari/9537.53"
94.145.68.182 - - [25/Nov/2013:08:11:20 -0500] "GET /index.php/notifications?get=count HTTP/1.1" 200 24 "http://www.pacetest.dk/index.php/menu/people" "Mozilla/5.0 (Windows NT 6.2; WOW64; rv:25.0) Gecko/20100101 Firefox/25.0"
87.57.96.202 - - [25/Nov/2013:08:11:20 -0500] "GET /index.php/search?term=pacetest HTTP/1.1" 200 10768 "http://www.pacetest.dk/index.php" "Mozilla/5.0 (compatible; MSIE 10.0; Windows NT 6.2; WOW64; Trident/6.0)"
87.57.96.202 - - [25/Nov/2013:08:11:22 -0500] "GET /media/com_search/js/search_request.js HTTP/1.1" 200 1768 "http://www.pacetest.dk/index.php/search?term=pacetest" "Mozilla/5.0 (compatible; MSIE 10.0; Windows NT 6.2; WOW64; Trident/6.0)"
87.57.96.202 - - [25/Nov/2013:08:11:40 -0500] "GET /index.php/groups/4-the-atrium HTTP/1.1" 200 17571 "http://www.pacetest.dk/index.php/search?term=pacetest" "Mozilla/5.0 (compatible; MSIE 10.0; Windows NT 6.2; WOW64; Trident/6.0)"
87.57.96.202 - - [25/Nov/2013:08:11:43 -0500] "GET /index.php/groups/4/graph/followers?layout=gadget&hofqiquh HTTP/1.1" 200 1013 "http://www.pacetest.dk/" "Mozilla/5.0 (compatible; MSIE 10.0; Windows NT 6.2; WOW64; Trident/6.0)"
94.145.68.182 - - [25/Nov/2013:08:11:45 -0500] "GET /index.php/notifications?get=count HTTP/1.1" 200 24 "http://www.pacetest.dk/" "Mozilla/5.0 (Windows NT 6.2; WOW64; rv:25.0) Gecko/20100101 Firefox/25.0"
80.62.117.148 - - [25/Nov/2013:08:11:50 -0500] "GET /index.php/notifications?get=count HTTP/1.1" 200 24 "http://www.pacetest.dk/index.php" "Mozilla/5.0 (iPhone; CPU iPhone OS 7_0_4 like Mac OS X) AppleWebKit/537.51.1 (KHTML, like Gecko) Version/7.0 Mobile/11B554a Safari/9537.53"
94.145.68.182 - - [25/Nov/2013:08:11:50 -0500] "GET /index.php/notifications?get=count HTTP/1.1" 200 24 "http://www.pacetest.dk/index.php/menu/people" "Mozilla/5.0 (Windows NT 6.2; WOW64; rv:25.0) Gecko/20100101 Firefox/25.0"
87.57.96.202 - - [25/Nov/2013:08:11:51 -0500] "GET /index.php/people/BentRS HTTP/1.1" 200 15882 "http://www.pacetest.dk/index.php/groups/4-the-atrium" "Mozilla/5.0 (compatible; MSIE 10.0; Windows NT 6.2; WOW64; Trident/6.0)"
- - - [25/Nov/2013:08:11:53 -0500] "OPTIONS * HTTP/1.0" 200 - "-" "Apache/2.2.22 (Red Hat Enterprise Web Server) (internal dummy connection)"
87.57.96.202 - - [25/Nov/2013:08:11:54 -0500] "GET /index.php/people/BentRS/graph/followers?layout=gadget&hofqiyst HTTP/1.1" 200 1380 "http://www.pacetest.dk/" "Mozilla/5.0 (compatible; MSIE 10.0; Windows NT 6.2; WOW64; Trident/6.0)"
87.57.96.202 - - [25/Nov/2013:08:12:07 -0500] "GET /index.php/people/kabildgaard HTTP/1.1" 200 11703 "http://www.pacetest.dk/index.php/people/BentRS" "Mozilla/5.0 (compatible; MSIE 10.0; Windows NT 6.2; WOW64; Trident/6.0)"
87.57.96.202 - - [25/Nov/2013:08:12:09 -0500] "GET /media/lib_anahita/images/avatar/medium_default.gif HTTP/1.1" 200 191860 "http://www.pacetest.dk/index.php/people/kabildgaard" "Mozilla/5.0 (compatible; MSIE 10.0; Windows NT 6.2; WOW64; Trident/6.0)"
87.57.96.202 - - [25/Nov/2013:08:12:10 -0500] "GET /index.php/people/kabildgaard/graph/followers?layout=gadget&hofqjb4z HTTP/1.1" 200 396 "http://www.pacetest.dk/" "Mozilla/5.0 (compatible; MSIE 10.0; Windows NT 6.2; WOW64; Trident/6.0)"
94.145.68.182 - - [25/Nov/2013:08:12:15 -0500] "GET /index.php/notifications?get=count HTTP/1.1" 200 24 "http://www.pacetest.dk/" "Mozilla/5.0 (Windows NT 6.2; WOW64; rv:25.0) Gecko/20100101 Firefox/25.0"
94.145.68.182 - - [25/Nov/2013:08:12:20 -0500] "GET /index.php/notifications?get=count HTTP/1.1" 200 24 "http://www.pacetest.dk/index.php/menu/people" "Mozilla/5.0 (Windows NT 6.2; WOW64; rv:25.0) Gecko/20100101 Firefox/25.0"
87.57.96.202 - - [25/Nov/2013:08:12:31 -0500] "GET /index.php/search?term=pacetest HTTP/1.1" 200 10768 "http://www.pacetest.dk/index.php/people/kabildgaard" "Mozilla/5.0 (compatible; MSIE 10.0; Windows NT 6.2; WOW64; Trident/6.0)"
94.145.68.182 - - [25/Nov/2013:08:12:45 -0500] "GET /index.php/notifications?get=count HTTP/1.1" 200 24 "http://www.pacetest.dk/" "Mozilla/5.0 (Windows NT 6.2; WOW64; rv:25.0) Gecko/20100101 Firefox/25.0"
94.145.68.182 - - [25/Nov/2013:08:12:50 -0500] "GET /index.php/notifications?get=count HTTP/1.1" 200 24 "http://www.pacetest.dk/index.php/menu/people" "Mozilla/5.0 (Windows NT 6.2; WOW64; rv:25.0) Gecko/20100101 Firefox/25.0"
87.57.96.202 - - [25/Nov/2013:08:13:04 -0500] "GET /index.php/notifications?get=count HTTP/1.1" 200 24 "http://www.pacetest.dk/" "Mozilla/5.0 (compatible; MSIE 10.0; Windows NT 6.2; WOW64; Trident/6.0)"
94.145.68.182 - - [25/Nov/2013:08:13:15 -0500] "GET /index.php/notifications?get=count HTTP/1.1" 200 24 "http://www.pacetest.dk/" "Mozilla/5.0 (Windows NT 6.2; WOW64; rv:25.0) Gecko/20100101 Firefox/25.0"
94.145.68.182 - - [25/Nov/2013:08:13:20 -0500] "GET /index.php/notifications?get=count HTTP/1.1" 200 24 "http://www.pacetest.dk/index.php/menu/people" "Mozilla/5.0 (Windows NT 6.2; WOW64; rv:25.0) Gecko/20100101 Firefox/25.0"
94.145.68.182 - - [25/Nov/2013:08:13:45 -0500] "GET /index.php/notifications?get=count HTTP/1.1" 200 24 "http://www.pacetest.dk/" "Mozilla/5.0 (Windows NT 6.2; WOW64; rv:25.0) Gecko/20100101 Firefox/25.0"
94.145.68.182 - - [25/Nov/2013:08:13:50 -0500] "GET /index.php/notifications?get=count HTTP/1.1" 200 24 "http://www.pacetest.dk/index.php/menu/people" "Mozilla/5.0 (Windows NT 6.2; WOW64; rv:25.0) Gecko/20100101 Firefox/25.0"
94.145.68.182 - - [25/Nov/2013:08:14:15 -0500] "GET /index.php/notifications?get=count HTTP/1.1" 200 24 "http://www.pacetest.dk/" "Mozilla/5.0 (Windows NT 6.2; WOW64; rv:25.0) Gecko/20100101 Firefox/25.0"
94.145.68.182 - - [25/Nov/2013:08:14:20 -0500] "GET /index.php/notifications?get=count HTTP/1.1" 200 24 "http://www.pacetest.dk/index.php/menu/people" "Mozilla/5.0 (Windows NT 6.2; WOW64; rv:25.0) Gecko/20100101 Firefox/25.0"
80.62.116.118 - - [25/Nov/2013:08:14:39 -0500] "GET / HTTP/1.1" 200 8072 "-" "Mozilla/5.0 (iPad; CPU OS 6_1_3 like Mac OS X) AppleWebKit/536.26 (KHTML, like Gecko) Mobile/10B329"
80.62.116.118 - - [25/Nov/2013:08:14:40 -0500] "GET /templates/shiraz/css/style1/style.css HTTP/1.1" 200 175909 "http://www.pacetest.dk/" "Mozilla/5.0 (iPad; CPU OS 6_1_3 like Mac OS X) AppleWebKit/536.26 (KHTML, like Gecko) Mobile/10B329"
80.62.116.118 - - [25/Nov/2013:08:14:41 -0500] "GET /media/lib_anahita/js/production/site.js HTTP/1.1" 200 313277 "http://www.pacetest.dk/" "Mozilla/5.0 (iPad; CPU OS 6_1_3 like Mac OS X) AppleWebKit/536.26 (KHTML, like Gecko) Mobile/10B329"
80.62.116.118 - - [25/Nov/2013:08:14:42 -0500] "GET /templates/base/css/images/logo.png HTTP/1.1" 200 5272 "http://www.pacetest.dk/" "Mozilla/5.0 (iPad; CPU OS 6_1_3 like Mac OS X) AppleWebKit/536.26 (KHTML, like Gecko) Mobile/10B329"
80.62.116.118 - - [25/Nov/2013:08:14:42 -0500] "GET /templates/base/css/images/icon-socialmedia.png HTTP/1.1" 200 6399 "http://www.pacetest.dk/" "Mozilla/5.0 (iPad; CPU OS 6_1_3 like Mac OS X) AppleWebKit/536.26 (KHTML, like Gecko) Mobile/10B329"
80.62.116.118 - - [25/Nov/2013:08:14:42 -0500] "GET /templates/base/css/images/icon-socialmedia-white.png HTTP/1.1" 200 5419 "http://www.pacetest.dk/" "Mozilla/5.0 (iPad; CPU OS 6_1_3 like Mac OS X) AppleWebKit/536.26 (KHTML, like Gecko) Mobile/10B329"
87.57.96.202 - - [25/Nov/2013:08:14:43 -0500] "GET /index.php/menu/your-social-graph HTTP/1.1" 200 11040 "http://www.pacetest.dk/index.php/search?term=pacetest" "Mozilla/5.0 (compatible; MSIE 10.0; Windows NT 6.2; WOW64; Trident/6.0)"
94.145.68.182 - - [25/Nov/2013:08:14:45 -0500] "GET /index.php/notifications?get=count HTTP/1.1" 200 24 "http://www.pacetest.dk/" "Mozilla/5.0 (Windows NT 6.2; WOW64; rv:25.0) Gecko/20100101 Firefox/25.0"
87.57.96.202 - - [25/Nov/2013:08:14:49 -0500] "GET /index.php/people/36/settings HTTP/1.1" 200 11806 "http://www.pacetest.dk/index.php/menu/your-social-graph" "Mozilla/5.0 (compatible; MSIE 10.0; Windows NT 6.2; WOW64; Trident/6.0)"
94.145.68.182 - - [25/Nov/2013:08:14:50 -0500] "GET /index.php/notifications?get=count HTTP/1.1" 200 24 "http://www.pacetest.dk/index.php/menu/people" "Mozilla/5.0 (Windows NT 6.2; WOW64; rv:25.0) Gecko/20100101 Firefox/25.0"
87.57.96.202 - - [25/Nov/2013:08:15:05 -0500] "GET /index.php/people/36/settings?edit=account HTTP/1.1" 200 15432 "http://www.pacetest.dk/index.php/people/36/settings" "Mozilla/5.0 (compatible; MSIE 10.0; Windows NT 6.2; WOW64; Trident/6.0)"
80.62.116.118 - - [25/Nov/2013:08:15:06 -0500] "GET /index.php/people/session?layout=modal&return=aHR0cDovL3d3dy5wYWNldGVzdC5kay8%3D&hofqmlc5 HTTP/1.1" 200 1462 "http://www.pacetest.dk/" "Mozilla/5.0 (iPad; CPU OS 6_1_3 like Mac OS X) AppleWebKit/536.26 (KHTML, like Gecko) Mobile/10B329"
80.62.116.118 - - [25/Nov/2013:08:15:07 -0500] "GET /templates/base/css/images/spinner.gif HTTP/1.1" 200 723 "http://www.pacetest.dk/" "Mozilla/5.0 (iPad; CPU OS 6_1_3 like Mac OS X) AppleWebKit/536.26 (KHTML, like Gecko) Mobile/10B329"
- - - [25/Nov/2013:08:15:08 -0500] "OPTIONS * HTTP/1.0" 200 - "-" "Apache/2.2.22 (Red Hat Enterprise Web Server) (internal dummy connection)"
94.145.68.182 - - [25/Nov/2013:08:15:15 -0500] "GET /index.php/notifications?get=count HTTP/1.1" 200 24 "http://www.pacetest.dk/" "Mozilla/5.0 (Windows NT 6.2; WOW64; rv:25.0) Gecko/20100101 Firefox/25.0"
94.145.68.182 - - [25/Nov/2013:08:15:20 -0500] "GET /index.php/notifications?get=count HTTP/1.1" 200 24 "http://www.pacetest.dk/index.php/menu/people" "Mozilla/5.0 (Windows NT 6.2; WOW64; rv:25.0) Gecko/20100101 Firefox/25.0"
87.57.96.202 - - [25/Nov/2013:08:15:27 -0500] "POST /index.php/people/person HTTP/1.1" 412 - "http://www.pacetest.dk/" "Mozilla/5.0 (compatible; MSIE 10.0; Windows NT 6.2; WOW64; Trident/6.0)"
80.62.116.118 - - [25/Nov/2013:08:15:45 -0500] "GET /index.php/people/person?layout=add&return=aHR0cDovL3d3dy5wYWNldGVzdC5kay8%3D HTTP/1.1" 200 8692 "http://www.pacetest.dk/" "Mozilla/5.0 (iPad; CPU OS 6_1_3 like Mac OS X) AppleWebKit/536.26 (KHTML, like Gecko) Mobile/10B329"
94.145.68.182 - - [25/Nov/2013:08:15:45 -0500] "GET /index.php/notifications?get=count HTTP/1.1" 200 24 "http://www.pacetest.dk/" "Mozilla/5.0 (Windows NT 6.2; WOW64; rv:25.0) Gecko/20100101 Firefox/25.0"
94.145.68.182 - - [25/Nov/2013:08:15:50 -0500] "GET /index.php/notifications?get=count HTTP/1.1" 200 24 "http://www.pacetest.dk/index.php/menu/people" "Mozilla/5.0 (Windows NT 6.2; WOW64; rv:25.0) Gecko/20100101 Firefox/25.0"
10.68.9.26 - - [25/Nov/2013:08:15:51 -0500] "GET / HTTP/1.1" 200 8164 "-" "Ruby, OpenshiftSilver"
87.57.96.202 - - [25/Nov/2013:08:15:58 -0500] "GET /index.php/people/kabildgaard HTTP/1.1" 200 11703 "http://www.pacetest.dk/index.php/people/36/settings?edit=account" "Mozilla/5.0 (compatible; MSIE 10.0; Windows NT 6.2; WOW64; Trident/6.0)"
87.57.96.202 - - [25/Nov/2013:08:16:02 -0500] "GET /index.php/people/kabildgaard/graph/followers?layout=gadget&hofqoag9 HTTP/1.1" 200 396 "http://www.pacetest.dk/" "Mozilla/5.0 (compatible; MSIE 10.0; Windows NT 6.2; WOW64; Trident/6.0)"
87.57.96.202 - - [25/Nov/2013:08:16:04 -0500] "GET /index.php/people/36/settings HTTP/1.1" 200 11806 "http://www.pacetest.dk/index.php/people/kabildgaard" "Mozilla/5.0 (compatible; MSIE 10.0; Windows NT 6.2; WOW64; Trident/6.0)"
87.57.96.202 - - [25/Nov/2013:08:16:07 -0500] "GET /index.php/people/36/settings?edit=avatar HTTP/1.1" 200 11118 "http://www.pacetest.dk/index.php/people/36/settings" "Mozilla/5.0 (compatible; MSIE 10.0; Windows NT 6.2; WOW64; Trident/6.0)"
80.62.116.118 - - [25/Nov/2013:08:16:08 -0500] "POST /index.php/people/person HTTP/1.1" 200 - "http://www.pacetest.dk/index.php/people/person?layout=add&return=aHR0cDovL3d3dy5wYWNldGVzdC5kay8%3D" "Mozilla/5.0 (iPad; CPU OS 6_1_3 like Mac OS X) AppleWebKit/536.26 (KHTML, like Gecko) Mobile/10B329"
- - - [25/Nov/2013:08:16:09 -0500] "OPTIONS * HTTP/1.0" 200 - "-" "Apache/2.2.22 (Red Hat Enterprise Web Server) (internal dummy connection)"
87.57.96.202 - - [25/Nov/2013:08:16:14 -0500] "GET /index.php/people/36/settings?edit=permissions HTTP/1.1" 200 13142 "http://www.pacetest.dk/index.php/people/36/settings?edit=avatar" "Mozilla/5.0 (compatible; MSIE 10.0; Windows NT 6.2; WOW64; Trident/6.0)"
94.145.68.182 - - [25/Nov/2013:08:16:15 -0500] "GET /index.php/notifications?get=count HTTP/1.1" 200 24 "http://www.pacetest.dk/" "Mozilla/5.0 (Windows NT 6.2; WOW64; rv:25.0) Gecko/20100101 Firefox/25.0"
94.145.68.182 - - [25/Nov/2013:08:16:20 -0500] "GET /index.php/notifications?get=count HTTP/1.1" 200 24 "http://www.pacetest.dk/index.php/menu/people" "Mozilla/5.0 (Windows NT 6.2; WOW64; rv:25.0) Gecko/20100101 Firefox/25.0"
87.57.96.202 - - [25/Nov/2013:08:16:19 -0500] "GET /index.php/people/36/settings?edit=apps HTTP/1.1" 200 11138 "http://www.pacetest.dk/index.php/people/36/settings?edit=permissions" "Mozilla/5.0 (compatible; MSIE 10.0; Windows NT 6.2; WOW64; Trident/6.0)"
- - - [25/Nov/2013:08:16:21 -0500] "OPTIONS * HTTP/1.0" 200 - "-" "Apache/2.2.22 (Red Hat Enterprise Web Server) (internal dummy connection)"
87.57.96.202 - - [25/Nov/2013:08:16:24 -0500] "GET /index.php/people/36/settings?edit=account HTTP/1.1" 200 15432 "http://www.pacetest.dk/index.php/people/36/settings?edit=apps" "Mozilla/5.0 (compatible; MSIE 10.0; Windows NT 6.2; WOW64; Trident/6.0)"
94.145.68.182 - - [25/Nov/2013:08:16:45 -0500] "GET /index.php/notifications?get=count HTTP/1.1" 200 24 "http://www.pacetest.dk/" "Mozilla/5.0 (Windows NT 6.2; WOW64; rv:25.0) Gecko/20100101 Firefox/25.0"
80.62.116.118 - - [25/Nov/2013:08:16:49 -0500] "POST /index.php/people/person HTTP/1.1" 200 - "http://www.pacetest.dk/index.php/people/person?layout=add&return=aHR0cDovL3d3dy5wYWNldGVzdC5kay8%3D" "Mozilla/5.0 (iPad; CPU OS 6_1_3 like Mac OS X) AppleWebKit/536.26 (KHTML, like Gecko) Mobile/10B329"
94.145.68.182 - - [25/Nov/2013:08:16:50 -0500] "GET /index.php/notifications?get=count HTTP/1.1" 200 24 "http://www.pacetest.dk/index.php/menu/people" "Mozilla/5.0 (Windows NT 6.2; WOW64; rv:25.0) Gecko/20100101 Firefox/25.0"
80.62.116.118 - - [25/Nov/2013:08:16:54 -0500] "POST /index.php/people/person HTTP/1.1" 200 - "http://www.pacetest.dk/index.php/people/person?layout=add&return=aHR0cDovL3d3dy5wYWNldGVzdC5kay8%3D" "Mozilla/5.0 (iPad; CPU OS 6_1_3 like Mac OS X) AppleWebKit/536.26 (KHTML, like Gecko) Mobile/10B329"
80.62.116.118 - - [25/Nov/2013:08:16:55 -0500] "POST /index.php/people/person HTTP/1.1" 303 - "http://www.pacetest.dk/index.php/people/person?layout=add&return=aHR0cDovL3d3dy5wYWNldGVzdC5kay8%3D" "Mozilla/5.0 (iPad; CPU OS 6_1_3 like Mac OS X) AppleWebKit/536.26 (KHTML, like Gecko) Mobile/10B329"
80.62.116.118 - - [25/Nov/2013:08:16:57 -0500] "GET /index.php/people/session HTTP/1.1" 200 6865 "http://www.pacetest.dk/index.php/people/person?layout=add&return=aHR0cDovL3d3dy5wYWNldGVzdC5kay8%3D" "Mozilla/5.0 (iPad; CPU OS 6_1_3 like Mac OS X) AppleWebKit/536.26 (KHTML, like Gecko) Mobile/10B329"
94.145.68.182 - - [25/Nov/2013:08:17:15 -0500] "GET /index.php/notifications?get=count HTTP/1.1" 200 24 "http://www.pacetest.dk/" "Mozilla/5.0 (Windows NT 6.2; WOW64; rv:25.0) Gecko/20100101 Firefox/25.0"
94.145.68.182 - - [25/Nov/2013:08:17:20 -0500] "GET /index.php/notifications?get=count HTTP/1.1" 200 24 "http://www.pacetest.dk/index.php/menu/people" "Mozilla/5.0 (Windows NT 6.2; WOW64; rv:25.0) Gecko/20100101 Firefox/25.0"
94.145.68.182 - - [25/Nov/2013:08:17:45 -0500] "GET /index.php/notifications?get=count HTTP/1.1" 200 24 "http://www.pacetest.dk/" "Mozilla/5.0 (Windows NT 6.2; WOW64; rv:25.0) Gecko/20100101 Firefox/25.0"
94.145.68.182 - - [25/Nov/2013:08:17:50 -0500] "GET /index.php/notifications?get=count HTTP/1.1" 200 24 "http://www.pacetest.dk/index.php/menu/people" "Mozilla/5.0 (Windows NT 6.2; WOW64; rv:25.0) Gecko/20100101 Firefox/25.0"
94.145.68.182 - - [25/Nov/2013:08:18:15 -0500] "GET /index.php/notifications?get=count HTTP/1.1" 200 24 "http://www.pacetest.dk/" "Mozilla/5.0 (Windows NT 6.2; WOW64; rv:25.0) Gecko/20100101 Firefox/25.0"
94.145.68.182 - - [25/Nov/2013:08:18:20 -0500] "GET /index.php/notifications?get=count HTTP/1.1" 200 24 "http://www.pacetest.dk/index.php/menu/people" "Mozilla/5.0 (Windows NT 6.2; WOW64; rv:25.0) Gecko/20100101 Firefox/25.0"
80.62.116.118 - - [25/Nov/2013:08:18:32 -0500] "GET /index.php/people/person?token=42d4bb9fea1634c7f3639977652f2e4b HTTP/1.1" 303 - "-" "Mozilla/5.0 (iPad; CPU OS 6_1_3 like Mac OS X) AppleWebKit/536.26 (KHTML, like Gecko) Mobile/10B329"
80.62.116.118 - - [25/Nov/2013:08:18:34 -0500] "GET /index.php HTTP/1.1" 200 12892 "-" "Mozilla/5.0 (iPad; CPU OS 6_1_3 like Mac OS X) AppleWebKit/536.26 (KHTML, like Gecko) Mobile/10B329"
80.62.116.118 - - [25/Nov/2013:08:18:35 -0500] "GET /media/lib_anahita/images/avatar/square_default.gif HTTP/1.1" 200 17821 "http://www.pacetest.dk/index.php" "Mozilla/5.0 (iPad; CPU OS 6_1_3 like Mac OS X) AppleWebKit/536.26 (KHTML, like Gecko) Mobile/10B329"
80.62.116.118 - - [25/Nov/2013:08:18:36 -0500] "GET /media/lib_anahita/js/vendors/mediabox.js HTTP/1.1" 200 45415 "http://www.pacetest.dk/index.php" "Mozilla/5.0 (iPad; CPU OS 6_1_3 like Mac OS X) AppleWebKit/536.26 (KHTML, like Gecko) Mobile/10B329"
80.62.116.118 - - [25/Nov/2013:08:18:36 -0500] "GET /media/com_stories/js/stories.js HTTP/1.1" 200 1794 "http://www.pacetest.dk/index.php" "Mozilla/5.0 (iPad; CPU OS 6_1_3 like Mac OS X) AppleWebKit/536.26 (KHTML, like Gecko) Mobile/10B329"
80.62.116.118 - - [25/Nov/2013:08:18:36 -0500] "GET /media/com_composer/js/composer.js HTTP/1.1" 200 5681 "http://www.pacetest.dk/index.php" "Mozilla/5.0 (iPad; CPU OS 6_1_3 like Mac OS X) AppleWebKit/536.26 (KHTML, like Gecko) Mobile/10B329"
80.62.116.118 - - [25/Nov/2013:08:18:36 -0500] "GET /templates/base/css/images/glyphicons-halflings.png HTTP/1.1" 200 12799 "http://www.pacetest.dk/index.php" "Mozilla/5.0 (iPad; CPU OS 6_1_3 like Mac OS X) AppleWebKit/536.26 (KHTML, like Gecko) Mobile/10B329"
94.145.68.182 - - [25/Nov/2013:08:18:45 -0500] "GET /index.php/notifications?get=count HTTP/1.1" 200 24 "http://www.pacetest.dk/" "Mozilla/5.0 (Windows NT 6.2; WOW64; rv:25.0) Gecko/20100101 Firefox/25.0"
80.62.116.118 - - [25/Nov/2013:08:18:49 -0500] "GET /index.php/topics?layout=gadget&filter=leaders&hofqrldz HTTP/1.1" 200 371 "http://www.pacetest.dk/index.php" "Mozilla/5.0 (iPad; CPU OS 6_1_3 like Mac OS X) AppleWebKit/536.26 (KHTML, like Gecko) Mobile/10B329"
94.145.68.182 - - [25/Nov/2013:08:18:50 -0500] "GET /index.php/notifications?get=count HTTP/1.1" 200 24 "http://www.pacetest.dk/index.php/menu/people" "Mozilla/5.0 (Windows NT 6.2; WOW64; rv:25.0) Gecko/20100101 Firefox/25.0"
80.62.116.118 - - [25/Nov/2013:08:18:52 -0500] "GET /index.php/photos/@Kaae?filter=leaders&layout=gadget&hofqrle2 HTTP/1.1" 200 89 "http://www.pacetest.dk/index.php" "Mozilla/5.0 (iPad; CPU OS 6_1_3 like Mac OS X) AppleWebKit/536.26 (KHTML, like Gecko) Mobile/10B329"
80.62.116.118 - - [25/Nov/2013:08:18:54 -0500] "GET /index.php/pages?layout=gadget&filter=leaders&hofqrle5 HTTP/1.1" 200 384 "http://www.pacetest.dk/index.php" "Mozilla/5.0 (iPad; CPU OS 6_1_3 like Mac OS X) AppleWebKit/536.26 (KHTML, like Gecko) Mobile/10B329"
80.62.116.118 - - [25/Nov/2013:08:18:59 -0500] "GET /index.php/menu/groups HTTP/1.1" 200 11856 "http://www.pacetest.dk/index.php" "Mozilla/5.0 (iPad; CPU OS 6_1_3 like Mac OS X) AppleWebKit/536.26 (KHTML, like Gecko) Mobile/10B329"
80.62.116.118 - - [25/Nov/2013:08:19:05 -0500] "POST /index.php/groups/6-kollaborativt-lederskab?layout=list&hofqs4kd HTTP/1.1" 200 1396 "http://www.pacetest.dk/index.php/menu/groups" "Mozilla/5.0 (iPad; CPU OS 6_1_3 like Mac OS X) AppleWebKit/536.26 (KHTML, like Gecko) Mobile/10B329"
94.145.68.182 - - [25/Nov/2013:08:19:15 -0500] "GET /index.php/notifications?get=count HTTP/1.1" 200 24 "http://www.pacetest.dk/" "Mozilla/5.0 (Windows NT 6.2; WOW64; rv:25.0) Gecko/20100101 Firefox/25.0"
94.145.68.182 - - [25/Nov/2013:08:19:20 -0500] "GET /index.php/notifications?get=count HTTP/1.1" 200 24 "http://www.pacetest.dk/index.php/menu/people" "Mozilla/5.0 (Windows NT 6.2; WOW64; rv:25.0) Gecko/20100101 Firefox/25.0"
80.62.116.118 - - [25/Nov/2013:08:19:23 -0500] "GET /index.php/groups/4-the-atrium HTTP/1.1" 200 17564 "http://www.pacetest.dk/index.php/menu/groups" "Mozilla/5.0 (iPad; CPU OS 6_1_3 like Mac OS X) AppleWebKit/536.26 (KHTML, like Gecko) Mobile/10B329"
80.62.116.118 - - [25/Nov/2013:08:19:25 -0500] "GET /index.php/groups/4/graph/followers?layout=gadget&hofqsnss HTTP/1.1" 200 1013 "http://www.pacetest.dk/index.php/groups/4-the-atrium" "Mozilla/5.0 (iPad; CPU OS 6_1_3 like Mac OS X) AppleWebKit/536.26 (KHTML, like Gecko) Mobile/10B329"
94.145.68.182 - - [25/Nov/2013:08:19:45 -0500] "GET /index.php/notifications?get=count HTTP/1.1" 200 24 "http://www.pacetest.dk/" "Mozilla/5.0 (Windows NT 6.2; WOW64; rv:25.0) Gecko/20100101 Firefox/25.0"
94.145.68.182 - - [25/Nov/2013:08:19:50 -0500] "GET /index.php/notifications?get=count HTTP/1.1" 200 24 "http://www.pacetest.dk/index.php/menu/people" "Mozilla/5.0 (Windows NT 6.2; WOW64; rv:25.0) Gecko/20100101 Firefox/25.0"
80.62.116.118 - - [25/Nov/2013:08:19:57 -0500] "GET / HTTP/1.1" 200 15730 "http://www.pacetest.dk/index.php/groups/4-the-atrium" "Mozilla/5.0 (iPad; CPU OS 6_1_3 like Mac OS X) AppleWebKit/536.26 (KHTML, like Gecko) Mobile/10B329"
87.57.96.202 - - [25/Nov/2013:08:20:00 -0500] "POST /index.php/people/session?action=delete&return=aHR0cDovL3d3dy5wYWNldGVzdC5kay8%3D HTTP/1.1" 303 - "http://www.pacetest.dk/index.php/people/36/settings?edit=account" "Mozilla/5.0 (compatible; MSIE 10.0; Windows NT 6.2; WOW64; Trident/6.0)"
87.57.96.202 - - [25/Nov/2013:08:20:03 -0500] "GET /index.php HTTP/1.1" 200 8084 "http://www.pacetest.dk/index.php/people/36/settings?edit=account" "Mozilla/5.0 (compatible; MSIE 10.0; Windows NT 6.2; WOW64; Trident/6.0)"
94.145.68.182 - - [25/Nov/2013:08:20:15 -0500] "GET /index.php/notifications?get=count HTTP/1.1" 200 24 "http://www.pacetest.dk/" "Mozilla/5.0 (Windows NT 6.2; WOW64; rv:25.0) Gecko/20100101 Firefox/25.0"
80.62.116.118 - - [25/Nov/2013:08:20:16 -0500] "GET /index.php/menu/people HTTP/1.1" 200 13829 "http://www.pacetest.dk/" "Mozilla/5.0 (iPad; CPU OS 6_1_3 like Mac OS X) AppleWebKit/536.26 (KHTML, like Gecko) Mobile/10B329"
94.145.68.182 - - [25/Nov/2013:08:20:20 -0500] "GET /index.php/notifications?get=count HTTP/1.1" 200 24 "http://www.pacetest.dk/index.php/menu/people" "Mozilla/5.0 (Windows NT 6.2; WOW64; rv:25.0) Gecko/20100101 Firefox/25.0"
94.145.68.182 - - [25/Nov/2013:08:20:45 -0500] "GET /index.php/notifications?get=count HTTP/1.1" 200 24 "http://www.pacetest.dk/" "Mozilla/5.0 (Windows NT 6.2; WOW64; rv:25.0) Gecko/20100101 Firefox/25.0"
94.145.68.182 - - [25/Nov/2013:08:20:50 -0500] "GET /index.php/notifications?get=count HTTP/1.1" 200 24 "http://www.pacetest.dk/index.php/menu/people" "Mozilla/5.0 (Windows NT 6.2; WOW64; rv:25.0) Gecko/20100101 Firefox/25.0"
80.62.116.118 - - [25/Nov/2013:08:20:51 -0500] "GET /index.php/notifications?get=count HTTP/1.1" 200 24 "http://www.pacetest.dk/index.php/menu/people" "Mozilla/5.0 (iPad; CPU OS 6_1_3 like Mac OS X) AppleWebKit/536.26 (KHTML, like Gecko) Mobile/10B329"
80.62.116.118 - - [25/Nov/2013:08:20:56 -0500] "GET / HTTP/1.1" 200 15729 "http://www.pacetest.dk/index.php/menu/people" "Mozilla/5.0 (iPad; CPU OS 6_1_3 like Mac OS X) AppleWebKit/536.26 (KHTML, like Gecko) Mobile/10B329"
94.145.68.182 - - [25/Nov/2013:08:21:15 -0500] "GET /index.php/notifications?get=count HTTP/1.1" 200 24 "http://www.pacetest.dk/" "Mozilla/5.0 (Windows NT 6.2; WOW64; rv:25.0) Gecko/20100101 Firefox/25.0"
94.145.68.182 - - [25/Nov/2013:08:21:20 -0500] "GET /index.php/notifications?get=count HTTP/1.1" 200 24 "http://www.pacetest.dk/index.php/menu/people" "Mozilla/5.0 (Windows NT 6.2; WOW64; rv:25.0) Gecko/20100101 Firefox/25.0"
94.145.68.182 - - [25/Nov/2013:08:21:45 -0500] "GET /index.php/notifications?get=count HTTP/1.1" 200 24 "http://www.pacetest.dk/" "Mozilla/5.0 (Windows NT 6.2; WOW64; rv:25.0) Gecko/20100101 Firefox/25.0"
94.145.68.182 - - [25/Nov/2013:08:21:50 -0500] "GET /index.php/notifications?get=count HTTP/1.1" 200 24 "http://www.pacetest.dk/index.php/menu/people" "Mozilla/5.0 (Windows NT 6.2; WOW64; rv:25.0) Gecko/20100101 Firefox/25.0"
94.145.68.182 - - [25/Nov/2013:08:22:15 -0500] "GET /index.php/notifications?get=count HTTP/1.1" 200 24 "http://www.pacetest.dk/" "Mozilla/5.0 (Windows NT 6.2; WOW64; rv:25.0) Gecko/20100101 Firefox/25.0"
94.145.68.182 - - [25/Nov/2013:08:22:20 -0500] "GET /index.php/notifications?get=count HTTP/1.1" 200 24 "http://www.pacetest.dk/index.php/menu/people" "Mozilla/5.0 (Windows NT 6.2; WOW64; rv:25.0) Gecko/20100101 Firefox/25.0"
94.145.68.182 - - [25/Nov/2013:08:22:45 -0500] "GET /index.php/notifications?get=count HTTP/1.1" 200 24 "http://www.pacetest.dk/" "Mozilla/5.0 (Windows NT 6.2; WOW64; rv:25.0) Gecko/20100101 Firefox/25.0"
94.145.68.182 - - [25/Nov/2013:08:22:50 -0500] "GET /index.php/notifications?get=count HTTP/1.1" 200 24 "http://www.pacetest.dk/index.php/menu/people" "Mozilla/5.0 (Windows NT 6.2; WOW64; rv:25.0) Gecko/20100101 Firefox/25.0"
94.145.68.182 - - [25/Nov/2013:08:23:15 -0500] "GET /index.php/notifications?get=count HTTP/1.1" 200 24 "http://www.pacetest.dk/" "Mozilla/5.0 (Windows NT 6.2; WOW64; rv:25.0) Gecko/20100101 Firefox/25.0"
94.145.68.182 - - [25/Nov/2013:08:23:20 -0500] "GET /index.php/notifications?get=count HTTP/1.1" 200 24 "http://www.pacetest.dk/index.php/menu/people" "Mozilla/5.0 (Windows NT 6.2; WOW64; rv:25.0) Gecko/20100101 Firefox/25.0"
94.145.68.182 - - [25/Nov/2013:08:23:45 -0500] "GET /index.php/notifications?get=count HTTP/1.1" 200 24 "http://www.pacetest.dk/" "Mozilla/5.0 (Windows NT 6.2; WOW64; rv:25.0) Gecko/20100101 Firefox/25.0"
94.145.68.182 - - [25/Nov/2013:08:23:50 -0500] "GET /index.php/notifications?get=count HTTP/1.1" 200 24 "http://www.pacetest.dk/index.php/menu/people" "Mozilla/5.0 (Windows NT 6.2; WOW64; rv:25.0) Gecko/20100101 Firefox/25.0"
94.145.68.182 - - [25/Nov/2013:08:24:15 -0500] "GET /index.php/notifications?get=count HTTP/1.1" 200 24 "http://www.pacetest.dk/" "Mozilla/5.0 (Windows NT 6.2; WOW64; rv:25.0) Gecko/20100101 Firefox/25.0"
94.145.68.182 - - [25/Nov/2013:08:24:20 -0500] "GET /index.php/notifications?get=count HTTP/1.1" 200 24 "http://www.pacetest.dk/index.php/menu/people" "Mozilla/5.0 (Windows NT 6.2; WOW64; rv:25.0) Gecko/20100101 Firefox/25.0"
94.145.68.182 - - [25/Nov/2013:08:24:45 -0500] "GET /index.php/notifications?get=count HTTP/1.1" 200 24 "http://www.pacetest.dk/" "Mozilla/5.0 (Windows NT 6.2; WOW64; rv:25.0) Gecko/20100101 Firefox/25.0"
94.145.68.182 - - [25/Nov/2013:08:24:50 -0500] "GET /index.php/notifications?get=count HTTP/1.1" 200 24 "http://www.pacetest.dk/index.php/menu/people" "Mozilla/5.0 (Windows NT 6.2; WOW64; rv:25.0) Gecko/20100101 Firefox/25.0"
94.145.68.182 - - [25/Nov/2013:08:25:15 -0500] "GET /index.php/notifications?get=count HTTP/1.1" 200 24 "http://www.pacetest.dk/" "Mozilla/5.0 (Windows NT 6.2; WOW64; rv:25.0) Gecko/20100101 Firefox/25.0"
94.145.68.182 - - [25/Nov/2013:08:25:20 -0500] "GET /index.php/notifications?get=count HTTP/1.1" 200 24 "http://www.pacetest.dk/index.php/menu/people" "Mozilla/5.0 (Windows NT 6.2; WOW64; rv:25.0) Gecko/20100101 Firefox/25.0"
94.145.68.182 - - [25/Nov/2013:08:25:45 -0500] "GET /index.php/notifications?get=count HTTP/1.1" 200 24 "http://www.pacetest.dk/" "Mozilla/5.0 (Windows NT 6.2; WOW64; rv:25.0) Gecko/20100101 Firefox/25.0"
94.145.68.182 - - [25/Nov/2013:08:25:50 -0500] "GET /index.php/notifications?get=count HTTP/1.1" 200 24 "http://www.pacetest.dk/index.php/menu/people" "Mozilla/5.0 (Windows NT 6.2; WOW64; rv:25.0) Gecko/20100101 Firefox/25.0"
94.145.68.182 - - [25/Nov/2013:08:26:15 -0500] "GET /index.php/notifications?get=count HTTP/1.1" 200 24 "http://www.pacetest.dk/" "Mozilla/5.0 (Windows NT 6.2; WOW64; rv:25.0) Gecko/20100101 Firefox/25.0"
94.145.68.182 - - [25/Nov/2013:08:26:20 -0500] "GET /index.php/notifications?get=count HTTP/1.1" 200 24 "http://www.pacetest.dk/index.php/menu/people" "Mozilla/5.0 (Windows NT 6.2; WOW64; rv:25.0) Gecko/20100101 Firefox/25.0"
94.145.68.182 - - [25/Nov/2013:08:26:45 -0500] "GET /index.php/notifications?get=count HTTP/1.1" 200 24 "http://www.pacetest.dk/" "Mozilla/5.0 (Windows NT 6.2; WOW64; rv:25.0) Gecko/20100101 Firefox/25.0"
94.145.68.182 - - [25/Nov/2013:08:26:50 -0500] "GET /index.php/notifications?get=count HTTP/1.1" 200 24 "http://www.pacetest.dk/index.php/menu/people" "Mozilla/5.0 (Windows NT 6.2; WOW64; rv:25.0) Gecko/20100101 Firefox/25.0"
94.145.68.182 - - [25/Nov/2013:08:27:15 -0500] "GET /index.php/notifications?get=count HTTP/1.1" 200 24 "http://www.pacetest.dk/" "Mozilla/5.0 (Windows NT 6.2; WOW64; rv:25.0) Gecko/20100101 Firefox/25.0"
94.145.68.182 - - [25/Nov/2013:08:27:20 -0500] "GET /index.php/notifications?get=count HTTP/1.1" 200 24 "http://www.pacetest.dk/index.php/menu/people" "Mozilla/5.0 (Windows NT 6.2; WOW64; rv:25.0) Gecko/20100101 Firefox/25.0"
94.145.68.182 - - [25/Nov/2013:08:27:45 -0500] "GET /index.php/notifications?get=count HTTP/1.1" 200 24 "http://www.pacetest.dk/" "Mozilla/5.0 (Windows NT 6.2; WOW64; rv:25.0) Gecko/20100101 Firefox/25.0"
94.145.68.182 - - [25/Nov/2013:08:27:50 -0500] "GET /index.php/notifications?get=count HTTP/1.1" 200 24 "http://www.pacetest.dk/index.php/menu/people" "Mozilla/5.0 (Windows NT 6.2; WOW64; rv:25.0) Gecko/20100101 Firefox/25.0"
94.145.68.182 - - [25/Nov/2013:08:28:15 -0500] "GET /index.php/notifications?get=count HTTP/1.1" 200 24 "http://www.pacetest.dk/" "Mozilla/5.0 (Windows NT 6.2; WOW64; rv:25.0) Gecko/20100101 Firefox/25.0"
94.145.68.182 - - [25/Nov/2013:08:28:20 -0500] "GET /index.php/notifications?get=count HTTP/1.1" 200 24 "http://www.pacetest.dk/index.php/menu/people" "Mozilla/5.0 (Windows NT 6.2; WOW64; rv:25.0) Gecko/20100101 Firefox/25.0"
94.145.68.182 - - [25/Nov/2013:08:28:45 -0500] "GET /index.php/notifications?get=count HTTP/1.1" 200 24 "http://www.pacetest.dk/" "Mozilla/5.0 (Windows NT 6.2; WOW64; rv:25.0) Gecko/20100101 Firefox/25.0"
94.145.68.182 - - [25/Nov/2013:08:28:50 -0500] "GET /index.php/notifications?get=count HTTP/1.1" 200 24 "http://www.pacetest.dk/index.php/menu/people" "Mozilla/5.0 (Windows NT 6.2; WOW64; rv:25.0) Gecko/20100101 Firefox/25.0"
94.145.68.182 - - [25/Nov/2013:08:29:15 -0500] "GET /index.php/notifications?get=count HTTP/1.1" 200 24 "http://www.pacetest.dk/" "Mozilla/5.0 (Windows NT 6.2; WOW64; rv:25.0) Gecko/20100101 Firefox/25.0"
94.145.68.182 - - [25/Nov/2013:08:29:20 -0500] "GET /index.php/notifications?get=count HTTP/1.1" 200 24 "http://www.pacetest.dk/index.php/menu/people" "Mozilla/5.0 (Windows NT 6.2; WOW64; rv:25.0) Gecko/20100101 Firefox/25.0"
94.145.68.182 - - [25/Nov/2013:08:29:45 -0500] "GET /index.php/notifications?get=count HTTP/1.1" 200 24 "http://www.pacetest.dk/" "Mozilla/5.0 (Windows NT 6.2; WOW64; rv:25.0) Gecko/20100101 Firefox/25.0"
94.145.68.182 - - [25/Nov/2013:08:29:50 -0500] "GET /index.php/notifications?get=count HTTP/1.1" 200 24 "http://www.pacetest.dk/index.php/menu/people" "Mozilla/5.0 (Windows NT 6.2; WOW64; rv:25.0) Gecko/20100101 Firefox/25.0"
80.62.116.118 - - [25/Nov/2013:08:34:10 -0500] "GET /index.php/notifications?get=count HTTP/1.1" 200 24 "http://www.pacetest.dk/" "Mozilla/5.0 (iPad; CPU OS 6_1_3 like Mac OS X) AppleWebKit/536.26 (KHTML, like Gecko) Mobile/10B329"
94.145.68.182 - - [25/Nov/2013:08:53:54 -0500] "GET /index.php/notifications?get=count HTTP/1.1" 200 24 "http://www.pacetest.dk/" "Mozilla/5.0 (Windows NT 6.2; WOW64; rv:25.0) Gecko/20100101 Firefox/25.0"
94.145.68.182 - - [25/Nov/2013:08:53:55 -0500] "GET /index.php/notifications?get=count HTTP/1.1" 200 24 "http://www.pacetest.dk/index.php/menu/people" "Mozilla/5.0 (Windows NT 6.2; WOW64; rv:25.0) Gecko/20100101 Firefox/25.0"
94.145.68.182 - - [25/Nov/2013:08:53:55 -0500] "GET /index.php/notifications?get=count HTTP/1.1" 200 24 "http://www.pacetest.dk/" "Mozilla/5.0 (Windows NT 6.2; WOW64; rv:25.0) Gecko/20100101 Firefox/25.0"
94.145.68.182 - - [25/Nov/2013:08:53:56 -0500] "GET /index.php/notifications?get=count HTTP/1.1" 200 24 "http://www.pacetest.dk/index.php/menu/people" "Mozilla/5.0 (Windows NT 6.2; WOW64; rv:25.0) Gecko/20100101 Firefox/25.0"
94.145.68.182 - - [25/Nov/2013:08:54:24 -0500] "GET /index.php/notifications?get=count HTTP/1.1" 200 24 "http://www.pacetest.dk/" "Mozilla/5.0 (Windows NT 6.2; WOW64; rv:25.0) Gecko/20100101 Firefox/25.0"
94.145.68.182 - - [25/Nov/2013:08:54:25 -0500] "GET /index.php/notifications?get=count HTTP/1.1" 200 24 "http://www.pacetest.dk/index.php/menu/people" "Mozilla/5.0 (Windows NT 6.2; WOW64; rv:25.0) Gecko/20100101 Firefox/25.0"
94.145.68.182 - - [25/Nov/2013:08:54:54 -0500] "GET /index.php/notifications?get=count HTTP/1.1" 200 24 "http://www.pacetest.dk/" "Mozilla/5.0 (Windows NT 6.2; WOW64; rv:25.0) Gecko/20100101 Firefox/25.0"
94.145.68.182 - - [25/Nov/2013:08:54:56 -0500] "GET /index.php/notifications?get=count HTTP/1.1" 200 24 "http://www.pacetest.dk/index.php/menu/people" "Mozilla/5.0 (Windows NT 6.2; WOW64; rv:25.0) Gecko/20100101 Firefox/25.0"
94.145.68.182 - - [25/Nov/2013:08:55:24 -0500] "GET /index.php/notifications?get=count HTTP/1.1" 200 24 "http://www.pacetest.dk/" "Mozilla/5.0 (Windows NT 6.2; WOW64; rv:25.0) Gecko/20100101 Firefox/25.0"
94.145.68.182 - - [25/Nov/2013:08:55:25 -0500] "GET /index.php/notifications?get=count HTTP/1.1" 200 24 "http://www.pacetest.dk/index.php/menu/people" "Mozilla/5.0 (Windows NT 6.2; WOW64; rv:25.0) Gecko/20100101 Firefox/25.0"
94.145.68.182 - - [25/Nov/2013:08:55:54 -0500] "GET /index.php/notifications?get=count HTTP/1.1" 200 24 "http://www.pacetest.dk/" "Mozilla/5.0 (Windows NT 6.2; WOW64; rv:25.0) Gecko/20100101 Firefox/25.0"
94.145.68.182 - - [25/Nov/2013:08:55:55 -0500] "GET /index.php/notifications?get=count HTTP/1.1" 200 24 "http://www.pacetest.dk/index.php/menu/people" "Mozilla/5.0 (Windows NT 6.2; WOW64; rv:25.0) Gecko/20100101 Firefox/25.0"
94.145.68.182 - - [25/Nov/2013:08:56:16 -0500] "GET /templates/base/css/images/spinner.gif HTTP/1.1" 304 - "http://www.pacetest.dk/templates/shiraz/css/style1/style.css" "Mozilla/5.0 (Windows NT 6.2; WOW64; rv:25.0) Gecko/20100101 Firefox/25.0"
94.145.68.182 - - [25/Nov/2013:08:56:16 -0500] "GET /index.php/notifications?layout=popover&hofpsmjz HTTP/1.1" 200 1281 "http://www.pacetest.dk/index.php/menu/people" "Mozilla/5.0 (Windows NT 6.2; WOW64; rv:25.0) Gecko/20100101 Firefox/25.0"
94.145.68.182 - - [25/Nov/2013:08:56:22 -0500] "GET /index.php/menu/people HTTP/1.1" 200 15259 "http://www.pacetest.dk/index.php/menu/people" "Mozilla/5.0 (Windows NT 6.2; WOW64; rv:25.0) Gecko/20100101 Firefox/25.0"
94.145.68.182 - - [25/Nov/2013:08:56:25 -0500] "GET /index.php/notifications?get=count HTTP/1.1" 200 24 "http://www.pacetest.dk/" "Mozilla/5.0 (Windows NT 6.2; WOW64; rv:25.0) Gecko/20100101 Firefox/25.0"
94.145.68.182 - - [25/Nov/2013:08:56:43 -0500] "GET /index.php/people/karenabildgaard HTTP/1.1" 200 12743 "http://www.pacetest.dk/index.php/menu/people" "Mozilla/5.0 (Windows NT 6.2; WOW64; rv:25.0) Gecko/20100101 Firefox/25.0"
94.145.68.182 - - [25/Nov/2013:08:56:45 -0500] "GET /media/lib_anahita/images/avatar/medium_default.gif HTTP/1.1" 304 - "http://www.pacetest.dk/index.php/people/karenabildgaard" "Mozilla/5.0 (Windows NT 6.2; WOW64; rv:25.0) Gecko/20100101 Firefox/25.0"
94.145.68.182 - - [25/Nov/2013:08:56:45 -0500] "GET /index.php/people/karenabildgaard/graph/followers?layout=gadget&hofs4rhq HTTP/1.1" 200 396 "http://www.pacetest.dk/index.php/people/karenabildgaard" "Mozilla/5.0 (Windows NT 6.2; WOW64; rv:25.0) Gecko/20100101 Firefox/25.0"
94.145.68.182 - - [25/Nov/2013:08:56:49 -0500] "GET / HTTP/1.1" 200 27731 "http://www.pacetest.dk/index.php/people/karenabildgaard" "Mozilla/5.0 (Windows NT 6.2; WOW64; rv:25.0) Gecko/20100101 Firefox/25.0"
94.145.68.182 - - [25/Nov/2013:08:56:54 -0500] "GET /index.php/notifications?get=count HTTP/1.1" 200 24 "http://www.pacetest.dk/" "Mozilla/5.0 (Windows NT 6.2; WOW64; rv:25.0) Gecko/20100101 Firefox/25.0"
94.145.68.182 - - [25/Nov/2013:08:57:22 -0500] "GET /index.php/notifications?get=count HTTP/1.1" 200 24 "http://www.pacetest.dk/" "Mozilla/5.0 (Windows NT 6.2; WOW64; rv:25.0) Gecko/20100101 Firefox/25.0"
94.145.68.182 - - [25/Nov/2013:08:57:24 -0500] "GET /index.php/notifications?get=count HTTP/1.1" 200 24 "http://www.pacetest.dk/" "Mozilla/5.0 (Windows NT 6.2; WOW64; rv:25.0) Gecko/20100101 Firefox/25.0"
94.145.68.182 - - [25/Nov/2013:08:57:52 -0500] "GET /index.php/notifications?get=count HTTP/1.1" 200 24 "http://www.pacetest.dk/" "Mozilla/5.0 (Windows NT 6.2; WOW64; rv:25.0) Gecko/20100101 Firefox/25.0"
94.145.68.182 - - [25/Nov/2013:08:57:54 -0500] "GET /index.php/notifications?get=count HTTP/1.1" 200 24 "http://www.pacetest.dk/" "Mozilla/5.0 (Windows NT 6.2; WOW64; rv:25.0) Gecko/20100101 Firefox/25.0"
94.145.68.182 - - [25/Nov/2013:08:58:22 -0500] "GET /index.php/notifications?get=count HTTP/1.1" 200 24 "http://www.pacetest.dk/" "Mozilla/5.0 (Windows NT 6.2; WOW64; rv:25.0) Gecko/20100101 Firefox/25.0"
94.145.68.182 - - [25/Nov/2013:08:58:24 -0500] "GET /index.php/notifications?get=count HTTP/1.1" 200 24 "http://www.pacetest.dk/" "Mozilla/5.0 (Windows NT 6.2; WOW64; rv:25.0) Gecko/20100101 Firefox/25.0"
94.145.68.182 - - [25/Nov/2013:08:58:52 -0500] "GET /index.php/notifications?get=count HTTP/1.1" 200 24 "http://www.pacetest.dk/" "Mozilla/5.0 (Windows NT 6.2; WOW64; rv:25.0) Gecko/20100101 Firefox/25.0"
94.145.68.182 - - [25/Nov/2013:08:58:55 -0500] "GET /index.php/notifications?get=count HTTP/1.1" 200 24 "http://www.pacetest.dk/" "Mozilla/5.0 (Windows NT 6.2; WOW64; rv:25.0) Gecko/20100101 Firefox/25.0"
94.145.68.182 - - [25/Nov/2013:08:59:22 -0500] "GET /index.php/notifications?get=count HTTP/1.1" 200 24 "http://www.pacetest.dk/" "Mozilla/5.0 (Windows NT 6.2; WOW64; rv:25.0) Gecko/20100101 Firefox/25.0"
94.145.68.182 - - [25/Nov/2013:08:59:24 -0500] "GET /index.php/notifications?get=count HTTP/1.1" 200 24 "http://www.pacetest.dk/" "Mozilla/5.0 (Windows NT 6.2; WOW64; rv:25.0) Gecko/20100101 Firefox/25.0"
94.145.68.182 - - [25/Nov/2013:08:59:52 -0500] "GET /index.php/notifications?get=count HTTP/1.1" 200 24 "http://www.pacetest.dk/" "Mozilla/5.0 (Windows NT 6.2; WOW64; rv:25.0) Gecko/20100101 Firefox/25.0"
94.145.68.182 - - [25/Nov/2013:08:59:54 -0500] "GET /index.php/notifications?get=count HTTP/1.1" 200 24 "http://www.pacetest.dk/" "Mozilla/5.0 (Windows NT 6.2; WOW64; rv:25.0) Gecko/20100101 Firefox/25.0"
94.145.68.182 - - [25/Nov/2013:09:00:26 -0500] "GET /index.php/notifications?get=count HTTP/1.1" 200 24 "http://www.pacetest.dk/" "Mozilla/5.0 (Windows NT 6.2; WOW64; rv:25.0) Gecko/20100101 Firefox/25.0"
94.145.68.182 - - [25/Nov/2013:09:00:27 -0500] "GET /index.php/notifications?get=count HTTP/1.1" 200 24 "http://www.pacetest.dk/" "Mozilla/5.0 (Windows NT 6.2; WOW64; rv:25.0) Gecko/20100101 Firefox/25.0"
94.145.68.182 - - [25/Nov/2013:09:00:52 -0500] "GET /index.php/notifications?get=count HTTP/1.1" 200 24 "http://www.pacetest.dk/" "Mozilla/5.0 (Windows NT 6.2; WOW64; rv:25.0) Gecko/20100101 Firefox/25.0"
94.145.68.182 - - [25/Nov/2013:09:00:54 -0500] "GET /index.php/notifications?get=count HTTP/1.1" 200 24 "http://www.pacetest.dk/" "Mozilla/5.0 (Windows NT 6.2; WOW64; rv:25.0) Gecko/20100101 Firefox/25.0"
94.145.68.182 - - [25/Nov/2013:09:01:22 -0500] "GET /index.php/notifications?get=count HTTP/1.1" 200 24 "http://www.pacetest.dk/" "Mozilla/5.0 (Windows NT 6.2; WOW64; rv:25.0) Gecko/20100101 Firefox/25.0"
94.145.68.182 - - [25/Nov/2013:09:01:25 -0500] "GET /index.php/notifications?get=count HTTP/1.1" 200 24 "http://www.pacetest.dk/" "Mozilla/5.0 (Windows NT 6.2; WOW64; rv:25.0) Gecko/20100101 Firefox/25.0"
94.145.68.182 - - [25/Nov/2013:09:01:52 -0500] "GET /index.php/notifications?get=count HTTP/1.1" 200 24 "http://www.pacetest.dk/" "Mozilla/5.0 (Windows NT 6.2; WOW64; rv:25.0) Gecko/20100101 Firefox/25.0"
94.145.68.182 - - [25/Nov/2013:09:01:54 -0500] "GET /index.php/notifications?get=count HTTP/1.1" 200 24 "http://www.pacetest.dk/" "Mozilla/5.0 (Windows NT 6.2; WOW64; rv:25.0) Gecko/20100101 Firefox/25.0"
94.145.68.182 - - [25/Nov/2013:09:02:22 -0500] "GET /index.php/notifications?get=count HTTP/1.1" 200 24 "http://www.pacetest.dk/" "Mozilla/5.0 (Windows NT 6.2; WOW64; rv:25.0) Gecko/20100101 Firefox/25.0"
94.145.68.182 - - [25/Nov/2013:09:02:25 -0500] "GET /index.php/notifications?get=count HTTP/1.1" 200 24 "http://www.pacetest.dk/" "Mozilla/5.0 (Windows NT 6.2; WOW64; rv:25.0) Gecko/20100101 Firefox/25.0"
94.145.68.182 - - [25/Nov/2013:09:02:52 -0500] "GET /index.php/notifications?get=count HTTP/1.1" 200 24 "http://www.pacetest.dk/" "Mozilla/5.0 (Windows NT 6.2; WOW64; rv:25.0) Gecko/20100101 Firefox/25.0"
94.145.68.182 - - [25/Nov/2013:09:02:54 -0500] "GET /index.php/notifications?get=count HTTP/1.1" 200 24 "http://www.pacetest.dk/" "Mozilla/5.0 (Windows NT 6.2; WOW64; rv:25.0) Gecko/20100101 Firefox/25.0"
94.145.68.182 - - [25/Nov/2013:09:03:22 -0500] "GET /index.php/notifications?get=count HTTP/1.1" 200 24 "http://www.pacetest.dk/" "Mozilla/5.0 (Windows NT 6.2; WOW64; rv:25.0) Gecko/20100101 Firefox/25.0"
94.145.68.182 - - [25/Nov/2013:09:03:24 -0500] "GET /index.php/notifications?get=count HTTP/1.1" 200 24 "http://www.pacetest.dk/" "Mozilla/5.0 (Windows NT 6.2; WOW64; rv:25.0) Gecko/20100101 Firefox/25.0"
94.145.68.182 - - [25/Nov/2013:09:03:52 -0500] "GET /index.php/notifications?get=count HTTP/1.1" 200 24 "http://www.pacetest.dk/" "Mozilla/5.0 (Windows NT 6.2; WOW64; rv:25.0) Gecko/20100101 Firefox/25.0"
94.145.68.182 - - [25/Nov/2013:09:03:54 -0500] "GET /index.php/notifications?get=count HTTP/1.1" 200 24 "http://www.pacetest.dk/" "Mozilla/5.0 (Windows NT 6.2; WOW64; rv:25.0) Gecko/20100101 Firefox/25.0"
