94.145.68.182 - - [27/Jan/2014:08:20:17 -0500] "GET /groups/625/graph/followers?layout=gadget&hqxrkzbt HTTP/1.1" 200 1659 "http://www.pacetest.dk/groups/625-ga-nextlevel-norge-stallsp" "Mozilla/5.0 (Windows NT 6.2; WOW64; rv:26.0) Gecko/20100101 Firefox/26.0"
80.213.131.29 - - [27/Jan/2014:08:20:21 -0500] "GET /groups/625/graph/followers?layout=gadget&hqxrkik9 HTTP/1.1" 200 1659 "http://www.pacetest.dk/groups/625-ga-nextlevel-norge-stallsp" "Mozilla/5.0 (Macintosh; Intel Mac OS X 10_7_5) AppleWebKit/537.36 (KHTML, like Gecko) Chrome/32.0.1700.77 Safari/537.36"
- - - [27/Jan/2014:08:20:22 -0500] "OPTIONS * HTTP/1.0" 200 - "-" "Apache/2.2.22 (Red Hat Enterprise Web Server) (internal dummy connection)"
94.145.68.182 - - [27/Jan/2014:08:20:46 -0500] "GET /notifications?get=count HTTP/1.1" 200 24 "http://www.pacetest.dk/groups/625-ga-nextlevel-norge-stallsp" "Mozilla/5.0 (Windows NT 6.2; WOW64; rv:26.0) Gecko/20100101 Firefox/26.0"
80.213.131.29 - - [27/Jan/2014:08:20:51 -0500] "GET /notifications?get=count HTTP/1.1" 200 24 "http://www.pacetest.dk/groups/625-ga-nextlevel-norge-stallsp" "Mozilla/5.0 (Macintosh; Intel Mac OS X 10_7_5) AppleWebKit/537.36 (KHTML, like Gecko) Chrome/32.0.1700.77 Safari/537.36"
94.145.68.182 - - [27/Jan/2014:08:21:16 -0500] "GET /notifications?get=count HTTP/1.1" 200 24 "http://www.pacetest.dk/groups/625-ga-nextlevel-norge-stallsp" "Mozilla/5.0 (Windows NT 6.2; WOW64; rv:26.0) Gecko/20100101 Firefox/26.0"
80.213.131.29 - - [27/Jan/2014:08:21:21 -0500] "GET /notifications?get=count HTTP/1.1" 200 24 "http://www.pacetest.dk/groups/625-ga-nextlevel-norge-stallsp" "Mozilla/5.0 (Macintosh; Intel Mac OS X 10_7_5) AppleWebKit/537.36 (KHTML, like Gecko) Chrome/32.0.1700.77 Safari/537.36"
80.213.131.29 - - [27/Jan/2014:08:21:30 -0500] "GET /topics/@625?layout=gadget&hqxrkikc HTTP/1.1" 200 1639 "http://www.pacetest.dk/groups/625-ga-nextlevel-norge-stallsp" "Mozilla/5.0 (Macintosh; Intel Mac OS X 10_7_5) AppleWebKit/537.36 (KHTML, like Gecko) Chrome/32.0.1700.77 Safari/537.36"
94.145.68.182 - - [27/Jan/2014:08:21:46 -0500] "GET /notifications?get=count HTTP/1.1" 200 24 "http://www.pacetest.dk/groups/625-ga-nextlevel-norge-stallsp" "Mozilla/5.0 (Windows NT 6.2; WOW64; rv:26.0) Gecko/20100101 Firefox/26.0"
80.213.131.29 - - [27/Jan/2014:08:21:49 -0500] "GET /pages/@625?layout=gadget&hqxrkikf HTTP/1.1" 200 364 "http://www.pacetest.dk/groups/625-ga-nextlevel-norge-stallsp" "Mozilla/5.0 (Macintosh; Intel Mac OS X 10_7_5) AppleWebKit/537.36 (KHTML, like Gecko) Chrome/32.0.1700.77 Safari/537.36"
80.213.131.29 - - [27/Jan/2014:08:21:51 -0500] "GET /notifications?get=count HTTP/1.1" 200 24 "http://www.pacetest.dk/groups/625-ga-nextlevel-norge-stallsp" "Mozilla/5.0 (Macintosh; Intel Mac OS X 10_7_5) AppleWebKit/537.36 (KHTML, like Gecko) Chrome/32.0.1700.77 Safari/537.36"
- - - [27/Jan/2014:08:21:53 -0500] "OPTIONS * HTTP/1.0" 200 - "-" "Apache/2.2.22 (Red Hat Enterprise Web Server) (internal dummy connection)"
94.145.68.182 - - [27/Jan/2014:08:22:05 -0500] "GET /pages/@625/page?layout=composer&hqxrkzbw HTTP/1.1" 200 1923 "http://www.pacetest.dk/groups/625-ga-nextlevel-norge-stallsp" "Mozilla/5.0 (Windows NT 6.2; WOW64; rv:26.0) Gecko/20100101 Firefox/26.0"
80.213.131.29 - - [27/Jan/2014:08:22:07 -0500] "GET /pages/@625 HTTP/1.1" 200 10417 "http://www.pacetest.dk/groups/625-ga-nextlevel-norge-stallsp" "Mozilla/5.0 (Macintosh; Intel Mac OS X 10_7_5) AppleWebKit/537.36 (KHTML, like Gecko) Chrome/32.0.1700.77 Safari/537.36"
80.213.131.29 - - [27/Jan/2014:08:22:10 -0500] "GET /media/com_pages/js/pages.js HTTP/1.1" 200 622 "http://www.pacetest.dk/pages/@625" "Mozilla/5.0 (Macintosh; Intel Mac OS X 10_7_5) AppleWebKit/537.36 (KHTML, like Gecko) Chrome/32.0.1700.77 Safari/537.36"
94.145.68.182 - - [27/Jan/2014:08:22:16 -0500] "GET /notifications?get=count HTTP/1.1" 200 24 "http://www.pacetest.dk/groups/625-ga-nextlevel-norge-stallsp" "Mozilla/5.0 (Windows NT 6.2; WOW64; rv:26.0) Gecko/20100101 Firefox/26.0"
80.213.131.29 - - [27/Jan/2014:08:22:20 -0500] "GET /groups/625/graph/followers?layout=gadget&hqxrn2s0 HTTP/1.1" 200 1659 "http://www.pacetest.dk/groups/625-ga-nextlevel-norge-stallsp" "Mozilla/5.0 (Macintosh; Intel Mac OS X 10_7_5) AppleWebKit/537.36 (KHTML, like Gecko) Chrome/32.0.1700.77 Safari/537.36"
94.145.68.182 - - [27/Jan/2014:08:22:20 -0500] "GET /pages/@625?layout=gadget&hqxrkzbz HTTP/1.1" 200 364 "http://www.pacetest.dk/groups/625-ga-nextlevel-norge-stallsp" "Mozilla/5.0 (Windows NT 6.2; WOW64; rv:26.0) Gecko/20100101 Firefox/26.0"
- - - [27/Jan/2014:08:22:24 -0500] "OPTIONS * HTTP/1.0" 200 - "-" "Apache/2.2.22 (Red Hat Enterprise Web Server) (internal dummy connection)"
80.213.131.29 - - [27/Jan/2014:08:22:26 -0500] "GET /pages/@625?layout=gadget&hqxrn2s3 HTTP/1.1" 200 364 "http://www.pacetest.dk/groups/625-ga-nextlevel-norge-stallsp" "Mozilla/5.0 (Macintosh; Intel Mac OS X 10_7_5) AppleWebKit/537.36 (KHTML, like Gecko) Chrome/32.0.1700.77 Safari/537.36"
94.145.68.182 - - [27/Jan/2014:08:22:25 -0500] "GET /pages/@625 HTTP/1.1" 200 10411 "http://www.pacetest.dk/groups/625-ga-nextlevel-norge-stallsp" "Mozilla/5.0 (Windows NT 6.2; WOW64; rv:26.0) Gecko/20100101 Firefox/26.0"
- - - [27/Jan/2014:08:22:31 -0500] "OPTIONS * HTTP/1.0" 200 - "-" "Apache/2.2.22 (Red Hat Enterprise Web Server) (internal dummy connection)"
80.213.131.29 - - [27/Jan/2014:08:22:31 -0500] "GET /pages/@625 HTTP/1.1" 200 10417 "http://www.pacetest.dk/groups/625-ga-nextlevel-norge-stallsp" "Mozilla/5.0 (Macintosh; Intel Mac OS X 10_7_5) AppleWebKit/537.36 (KHTML, like Gecko) Chrome/32.0.1700.77 Safari/537.36"
94.145.68.182 - - [27/Jan/2014:08:22:34 -0500] "GET /pages/@625/page?layout=add HTTP/1.1" 200 11666 "http://www.pacetest.dk/pages/@625" "Mozilla/5.0 (Windows NT 6.2; WOW64; rv:26.0) Gecko/20100101 Firefox/26.0"
80.213.131.29 - - [27/Jan/2014:08:22:36 -0500] "GET /pages/@625/page?layout=add HTTP/1.1" 200 11672 "http://www.pacetest.dk/pages/@625" "Mozilla/5.0 (Macintosh; Intel Mac OS X 10_7_5) AppleWebKit/537.36 (KHTML, like Gecko) Chrome/32.0.1700.77 Safari/537.36"
94.145.68.182 - - [27/Jan/2014:08:23:06 -0500] "GET /notifications?get=count HTTP/1.1" 200 24 "http://www.pacetest.dk/pages/@625/page?layout=add" "Mozilla/5.0 (Windows NT 6.2; WOW64; rv:26.0) Gecko/20100101 Firefox/26.0"
80.213.131.29 - - [27/Jan/2014:08:23:09 -0500] "GET /notifications?get=count HTTP/1.1" 200 24 "http://www.pacetest.dk/pages/@625/page?layout=add" "Mozilla/5.0 (Macintosh; Intel Mac OS X 10_7_5) AppleWebKit/537.36 (KHTML, like Gecko) Chrome/32.0.1700.77 Safari/537.36"
94.145.68.182 - - [27/Jan/2014:08:23:36 -0500] "GET /notifications?get=count HTTP/1.1" 200 24 "http://www.pacetest.dk/pages/@625/page?layout=add" "Mozilla/5.0 (Windows NT 6.2; WOW64; rv:26.0) Gecko/20100101 Firefox/26.0"
80.213.131.29 - - [27/Jan/2014:08:23:39 -0500] "GET /notifications?get=count HTTP/1.1" 200 24 "http://www.pacetest.dk/pages/@625/page?layout=add" "Mozilla/5.0 (Macintosh; Intel Mac OS X 10_7_5) AppleWebKit/537.36 (KHTML, like Gecko) Chrome/32.0.1700.77 Safari/537.36"
94.145.68.182 - - [27/Jan/2014:08:23:39 -0500] "GET /pages/@625 HTTP/1.1" 200 10411 "http://www.pacetest.dk/pages/@625/page?layout=add" "Mozilla/5.0 (Windows NT 6.2; WOW64; rv:26.0) Gecko/20100101 Firefox/26.0"
- - - [27/Jan/2014:08:23:43 -0500] "OPTIONS * HTTP/1.0" 200 - "-" "Apache/2.2.22 (Red Hat Enterprise Web Server) (internal dummy connection)"
94.145.68.182 - - [27/Jan/2014:08:23:51 -0500] "GET /pages/@625 HTTP/1.1" 200 10411 "http://www.pacetest.dk/pages/@625" "Mozilla/5.0 (Windows NT 6.2; WOW64; rv:26.0) Gecko/20100101 Firefox/26.0"
94.145.68.182 - - [27/Jan/2014:08:23:58 -0500] "GET /groups/625-ga-nextlevel-norge-stallsp HTTP/1.1" 200 21988 "http://www.pacetest.dk/pages/@625" "Mozilla/5.0 (Windows NT 6.2; WOW64; rv:26.0) Gecko/20100101 Firefox/26.0"
94.145.68.182 - - [27/Jan/2014:08:24:02 -0500] "GET /groups/625/graph/followers?layout=gadget&hqxrptaz HTTP/1.1" 200 1659 "http://www.pacetest.dk/groups/625-ga-nextlevel-norge-stallsp" "Mozilla/5.0 (Windows NT 6.2; WOW64; rv:26.0) Gecko/20100101 Firefox/26.0"
80.213.131.29 - - [27/Jan/2014:08:24:10 -0500] "GET /notifications?get=count HTTP/1.1" 200 24 "http://www.pacetest.dk/pages/@625/page?layout=add" "Mozilla/5.0 (Macintosh; Intel Mac OS X 10_7_5) AppleWebKit/537.36 (KHTML, like Gecko) Chrome/32.0.1700.77 Safari/537.36"
94.145.68.182 - - [27/Jan/2014:08:24:19 -0500] "GET /pages/@625?layout=gadget&hqxrptb2 HTTP/1.1" 200 364 "http://www.pacetest.dk/groups/625-ga-nextlevel-norge-stallsp" "Mozilla/5.0 (Windows NT 6.2; WOW64; rv:26.0) Gecko/20100101 Firefox/26.0"
94.145.68.182 - - [27/Jan/2014:08:24:23 -0500] "GET /pages/@625 HTTP/1.1" 200 10411 "http://www.pacetest.dk/groups/625-ga-nextlevel-norge-stallsp" "Mozilla/5.0 (Windows NT 6.2; WOW64; rv:26.0) Gecko/20100101 Firefox/26.0"
80.213.131.29 - - [27/Jan/2014:08:24:22 -0500] "GET /groups/625-ga-nextlevel-norge-stallsp HTTP/1.1" 200 22002 "http://www.pacetest.dk/pages/@625/page?layout=add" "Mozilla/5.0 (Macintosh; Intel Mac OS X 10_7_5) AppleWebKit/537.36 (KHTML, like Gecko) Chrome/32.0.1700.77 Safari/537.36"
- - - [27/Jan/2014:08:24:29 -0500] "OPTIONS * HTTP/1.0" 200 - "-" "Apache/2.2.22 (Red Hat Enterprise Web Server) (internal dummy connection)"
80.213.131.29 - - [27/Jan/2014:08:24:29 -0500] "GET /groups/625/graph/followers?layout=gadget&hqxrptru HTTP/1.1" 200 1659 "http://www.pacetest.dk/groups/625-ga-nextlevel-norge-stallsp" "Mozilla/5.0 (Macintosh; Intel Mac OS X 10_7_5) AppleWebKit/537.36 (KHTML, like Gecko) Chrome/32.0.1700.77 Safari/537.36"
80.213.131.29 - - [27/Jan/2014:08:24:34 -0500] "GET /pages/@625?layout=gadget&hqxrptrx HTTP/1.1" 200 364 "http://www.pacetest.dk/groups/625-ga-nextlevel-norge-stallsp" "Mozilla/5.0 (Macintosh; Intel Mac OS X 10_7_5) AppleWebKit/537.36 (KHTML, like Gecko) Chrome/32.0.1700.77 Safari/537.36"
80.213.131.29 - - [27/Jan/2014:08:24:39 -0500] "GET /pages/@625 HTTP/1.1" 200 10417 "http://www.pacetest.dk/groups/625-ga-nextlevel-norge-stallsp" "Mozilla/5.0 (Macintosh; Intel Mac OS X 10_7_5) AppleWebKit/537.36 (KHTML, like Gecko) Chrome/32.0.1700.77 Safari/537.36"
94.145.68.182 - - [27/Jan/2014:08:24:46 -0500] "GET /pages/@625 HTTP/1.1" 200 10411 "http://www.pacetest.dk/pages/@625" "Mozilla/5.0 (Windows NT 6.2; WOW64; rv:26.0) Gecko/20100101 Firefox/26.0"
94.145.68.182 - - [27/Jan/2014:08:24:51 -0500] "GET /pages/@625/page?layout=add HTTP/1.1" 200 11666 "http://www.pacetest.dk/pages/@625" "Mozilla/5.0 (Windows NT 6.2; WOW64; rv:26.0) Gecko/20100101 Firefox/26.0"
80.213.131.29 - - [27/Jan/2014:08:24:50 -0500] "GET /groups/625-ga-nextlevel-norge-stallsp HTTP/1.1" 200 22002 "http://www.pacetest.dk/pages/@625" "Mozilla/5.0 (Macintosh; Intel Mac OS X 10_7_5) AppleWebKit/537.36 (KHTML, like Gecko) Chrome/32.0.1700.77 Safari/537.36"
80.213.131.29 - - [27/Jan/2014:08:24:55 -0500] "GET /groups/625-ga-nextlevel-norge-stallsp HTTP/1.1" 200 22002 "http://www.pacetest.dk/pages/@625" "Mozilla/5.0 (Macintosh; Intel Mac OS X 10_7_5) AppleWebKit/537.36 (KHTML, like Gecko) Chrome/32.0.1700.77 Safari/537.36"
80.213.131.29 - - [27/Jan/2014:08:25:02 -0500] "GET /groups/625/graph/followers?layout=gadget&hqxrqjj6 HTTP/1.1" 200 1659 "http://www.pacetest.dk/groups/625-ga-nextlevel-norge-stallsp" "Mozilla/5.0 (Macintosh; Intel Mac OS X 10_7_5) AppleWebKit/537.36 (KHTML, like Gecko) Chrome/32.0.1700.77 Safari/537.36"
- - - [27/Jan/2014:08:25:04 -0500] "OPTIONS * HTTP/1.0" 200 - "-" "Apache/2.2.22 (Red Hat Enterprise Web Server) (internal dummy connection)"
80.213.131.29 - - [27/Jan/2014:08:25:09 -0500] "GET /pages/@625?layout=gadget&hqxrqjj9 HTTP/1.1" 200 364 "http://www.pacetest.dk/groups/625-ga-nextlevel-norge-stallsp" "Mozilla/5.0 (Macintosh; Intel Mac OS X 10_7_5) AppleWebKit/537.36 (KHTML, like Gecko) Chrome/32.0.1700.77 Safari/537.36"
80.213.131.29 - - [27/Jan/2014:08:25:16 -0500] "GET /pages/@625 HTTP/1.1" 200 10417 "http://www.pacetest.dk/groups/625-ga-nextlevel-norge-stallsp" "Mozilla/5.0 (Macintosh; Intel Mac OS X 10_7_5) AppleWebKit/537.36 (KHTML, like Gecko) Chrome/32.0.1700.77 Safari/537.36"
80.213.131.29 - - [27/Jan/2014:08:25:22 -0500] "GET /pages/@625/page?layout=add HTTP/1.1" 200 11672 "http://www.pacetest.dk/pages/@625" "Mozilla/5.0 (Macintosh; Intel Mac OS X 10_7_5) AppleWebKit/537.36 (KHTML, like Gecko) Chrome/32.0.1700.77 Safari/537.36"
94.145.68.182 - - [27/Jan/2014:08:25:25 -0500] "GET /notifications?get=count HTTP/1.1" 200 24 "http://www.pacetest.dk/pages/@625/page?layout=add" "Mozilla/5.0 (Windows NT 6.2; WOW64; rv:26.0) Gecko/20100101 Firefox/26.0"
80.213.131.29 - - [27/Jan/2014:08:25:54 -0500] "GET /notifications?get=count HTTP/1.1" 200 24 "http://www.pacetest.dk/pages/@625/page?layout=add" "Mozilla/5.0 (Macintosh; Intel Mac OS X 10_7_5) AppleWebKit/537.36 (KHTML, like Gecko) Chrome/32.0.1700.77 Safari/537.36"
94.145.68.182 - - [27/Jan/2014:08:25:55 -0500] "GET /notifications?get=count HTTP/1.1" 200 24 "http://www.pacetest.dk/pages/@625/page?layout=add" "Mozilla/5.0 (Windows NT 6.2; WOW64; rv:26.0) Gecko/20100101 Firefox/26.0"
80.213.131.29 - - [27/Jan/2014:08:26:22 -0500] "POST /pages/@625/page HTTP/1.1" 303 - "http://www.pacetest.dk/pages/@625/page?layout=add" "Mozilla/5.0 (Macintosh; Intel Mac OS X 10_7_5) AppleWebKit/537.36 (KHTML, like Gecko) Chrome/32.0.1700.77 Safari/537.36"
94.145.68.182 - - [27/Jan/2014:08:26:25 -0500] "GET /notifications?get=count HTTP/1.1" 200 24 "http://www.pacetest.dk/pages/@625/page?layout=add" "Mozilla/5.0 (Windows NT 6.2; WOW64; rv:26.0) Gecko/20100101 Firefox/26.0"
80.213.131.29 - - [27/Jan/2014:08:26:25 -0500] "GET /pages/681-p%C3%A5melding-kurs-april?layout=edit HTTP/1.1" 200 12372 "http://www.pacetest.dk/pages/@625/page?layout=add" "Mozilla/5.0 (Macintosh; Intel Mac OS X 10_7_5) AppleWebKit/537.36 (KHTML, like Gecko) Chrome/32.0.1700.77 Safari/537.36"
80.213.131.29 - - [27/Jan/2014:08:26:29 -0500] "GET /pages/@625/revisions?layout=gadget&pid=681&hqxrsedm HTTP/1.1" 200 375 "http://www.pacetest.dk/pages/681-p%C3%A5melding-kurs-april?layout=edit" "Mozilla/5.0 (Macintosh; Intel Mac OS X 10_7_5) AppleWebKit/537.36 (KHTML, like Gecko) Chrome/32.0.1700.77 Safari/537.36"
- - - [27/Jan/2014:08:26:32 -0500] "OPTIONS * HTTP/1.0" 200 - "-" "Apache/2.2.22 (Red Hat Enterprise Web Server) (internal dummy connection)"
94.145.68.182 - - [27/Jan/2014:08:26:34 -0500] "GET /pages/@625 HTTP/1.1" 200 12763 "http://www.pacetest.dk/pages/@625/page?layout=add" "Mozilla/5.0 (Windows NT 6.2; WOW64; rv:26.0) Gecko/20100101 Firefox/26.0"
94.145.68.182 - - [27/Jan/2014:08:26:41 -0500] "GET /groups/625-ga-nextlevel-norge-stallsp HTTP/1.1" 200 25847 "http://www.pacetest.dk/pages/@625" "Mozilla/5.0 (Windows NT 6.2; WOW64; rv:26.0) Gecko/20100101 Firefox/26.0"
80.213.131.29 - - [27/Jan/2014:08:26:41 -0500] "GET /groups/625-ga-nextlevel-norge-stallsp HTTP/1.1" 200 25867 "http://www.pacetest.dk/pages/681-p%C3%A5melding-kurs-april?layout=edit" "Mozilla/5.0 (Macintosh; Intel Mac OS X 10_7_5) AppleWebKit/537.36 (KHTML, like Gecko) Chrome/32.0.1700.77 Safari/537.36"
94.145.68.182 - - [27/Jan/2014:08:26:49 -0500] "GET /groups/625/graph/followers?layout=gadget&hqxrte4i HTTP/1.1" 200 1659 "http://www.pacetest.dk/groups/625-ga-nextlevel-norge-stallsp" "Mozilla/5.0 (Windows NT 6.2; WOW64; rv:26.0) Gecko/20100101 Firefox/26.0"
80.213.131.29 - - [27/Jan/2014:08:26:51 -0500] "GET /groups/625/graph/followers?layout=gadget&hqxrsvae HTTP/1.1" 200 1659 "http://www.pacetest.dk/groups/625-ga-nextlevel-norge-stallsp" "Mozilla/5.0 (Macintosh; Intel Mac OS X 10_7_5) AppleWebKit/537.36 (KHTML, like Gecko) Chrome/32.0.1700.77 Safari/537.36"
- - - [27/Jan/2014:08:26:53 -0500] "OPTIONS * HTTP/1.0" 200 - "-" "Apache/2.2.22 (Red Hat Enterprise Web Server) (internal dummy connection)"
80.213.131.29 - - [27/Jan/2014:08:26:58 -0500] "GET /pages/681-p%C3%A5melding-kurs-april HTTP/1.1" 200 14596 "http://www.pacetest.dk/groups/625-ga-nextlevel-norge-stallsp" "Mozilla/5.0 (Macintosh; Intel Mac OS X 10_7_5) AppleWebKit/537.36 (KHTML, like Gecko) Chrome/32.0.1700.77 Safari/537.36"
94.145.68.182 - - [27/Jan/2014:08:27:08 -0500] "GET /pages/681-p%C3%A5melding-kurs-april HTTP/1.1" 200 14580 "http://www.pacetest.dk/groups/625-ga-nextlevel-norge-stallsp" "Mozilla/5.0 (Windows NT 6.2; WOW64; rv:26.0) Gecko/20100101 Firefox/26.0"
80.213.131.29 - - [27/Jan/2014:08:27:32 -0500] "GET /notifications?get=count HTTP/1.1" 200 24 "http://www.pacetest.dk/pages/681-p%C3%A5melding-kurs-april" "Mozilla/5.0 (Macintosh; Intel Mac OS X 10_7_5) AppleWebKit/537.36 (KHTML, like Gecko) Chrome/32.0.1700.77 Safari/537.36"
94.145.68.182 - - [27/Jan/2014:08:27:40 -0500] "GET /notifications?get=count HTTP/1.1" 200 24 "http://www.pacetest.dk/pages/681-p%C3%A5melding-kurs-april" "Mozilla/5.0 (Windows NT 6.2; WOW64; rv:26.0) Gecko/20100101 Firefox/26.0"
80.213.131.29 - - [27/Jan/2014:08:27:51 -0500] "GET /pages/681-p%C3%A5melding-kurs-april?layout=edit HTTP/1.1" 200 12208 "http://www.pacetest.dk/pages/681-p%C3%A5melding-kurs-april" "Mozilla/5.0 (Macintosh; Intel Mac OS X 10_7_5) AppleWebKit/537.36 (KHTML, like Gecko) Chrome/32.0.1700.77 Safari/537.36"
80.213.131.29 - - [27/Jan/2014:08:27:54 -0500] "GET /pages/@625/revisions?layout=gadget&pid=681&hqxru8e2 HTTP/1.1" 200 375 "http://www.pacetest.dk/pages/681-p%C3%A5melding-kurs-april?layout=edit" "Mozilla/5.0 (Macintosh; Intel Mac OS X 10_7_5) AppleWebKit/537.36 (KHTML, like Gecko) Chrome/32.0.1700.77 Safari/537.36"
94.145.68.182 - - [27/Jan/2014:08:28:10 -0500] "GET /notifications?get=count HTTP/1.1" 200 24 "http://www.pacetest.dk/pages/681-p%C3%A5melding-kurs-april" "Mozilla/5.0 (Windows NT 6.2; WOW64; rv:26.0) Gecko/20100101 Firefox/26.0"
80.213.131.29 - - [27/Jan/2014:08:28:11 -0500] "GET /pages/681-p%C3%A5melding-kurs-april?layout=edit HTTP/1.1" 200 12208 "http://www.pacetest.dk/pages/681-p%C3%A5melding-kurs-april" "Mozilla/5.0 (Macintosh; Intel Mac OS X 10_7_5) AppleWebKit/537.36 (KHTML, like Gecko) Chrome/32.0.1700.77 Safari/537.36"
94.145.68.182 - - [27/Jan/2014:08:28:11 -0500] "GET /pages/681-p%C3%A5melding-kurs-april?layout=edit HTTP/1.1" 200 12202 "http://www.pacetest.dk/pages/681-p%C3%A5melding-kurs-april" "Mozilla/5.0 (Windows NT 6.2; WOW64; rv:26.0) Gecko/20100101 Firefox/26.0"
94.145.68.182 - - [27/Jan/2014:08:28:17 -0500] "GET /pages/@625/revisions?layout=gadget&pid=681&hqxrva2l HTTP/1.1" 200 375 "http://www.pacetest.dk/pages/681-p%C3%A5melding-kurs-april?layout=edit" "Mozilla/5.0 (Windows NT 6.2; WOW64; rv:26.0) Gecko/20100101 Firefox/26.0"
80.213.131.29 - - [27/Jan/2014:08:28:16 -0500] "GET /pages/@625/revisions?layout=gadget&pid=681&hqxruphw HTTP/1.1" 200 375 "http://www.pacetest.dk/pages/681-p%C3%A5melding-kurs-april?layout=edit" "Mozilla/5.0 (Macintosh; Intel Mac OS X 10_7_5) AppleWebKit/537.36 (KHTML, like Gecko) Chrome/32.0.1700.77 Safari/537.36"
- - - [27/Jan/2014:08:28:21 -0500] "OPTIONS * HTTP/1.0" 200 - "-" "Apache/2.2.22 (Red Hat Enterprise Web Server) (internal dummy connection)"
80.213.131.29 - - [27/Jan/2014:08:28:24 -0500] "POST /pages/@625/681-p%C3%A5melding-kurs-april HTTP/1.1" 303 - "http://www.pacetest.dk/pages/681-p%C3%A5melding-kurs-april?layout=edit" "Mozilla/5.0 (Macintosh; Intel Mac OS X 10_7_5) AppleWebKit/537.36 (KHTML, like Gecko) Chrome/32.0.1700.77 Safari/537.36"
80.213.131.29 - - [27/Jan/2014:08:28:26 -0500] "GET /pages/681-p%C3%A5melding-kurs-april?layout=edit HTTP/1.1" 200 12208 "http://www.pacetest.dk/pages/681-p%C3%A5melding-kurs-april?layout=edit" "Mozilla/5.0 (Macintosh; Intel Mac OS X 10_7_5) AppleWebKit/537.36 (KHTML, like Gecko) Chrome/32.0.1700.77 Safari/537.36"
80.213.131.29 - - [27/Jan/2014:08:28:29 -0500] "GET /pages/@625/revisions?layout=gadget&pid=681&hqxruyzd HTTP/1.1" 200 375 "http://www.pacetest.dk/pages/681-p%C3%A5melding-kurs-april?layout=edit" "Mozilla/5.0 (Macintosh; Intel Mac OS X 10_7_5) AppleWebKit/537.36 (KHTML, like Gecko) Chrome/32.0.1700.77 Safari/537.36"
94.145.68.182 - - [27/Jan/2014:08:28:47 -0500] "GET /notifications?get=count HTTP/1.1" 200 24 "http://www.pacetest.dk/pages/681-p%C3%A5melding-kurs-april?layout=edit" "Mozilla/5.0 (Windows NT 6.2; WOW64; rv:26.0) Gecko/20100101 Firefox/26.0"
80.213.131.29 - - [27/Jan/2014:08:28:54 -0500] "POST /pages/@625/681-p%C3%A5melding-kurs-april HTTP/1.1" 303 - "http://www.pacetest.dk/pages/681-p%C3%A5melding-kurs-april?layout=edit" "Mozilla/5.0 (Macintosh; Intel Mac OS X 10_7_5) AppleWebKit/537.36 (KHTML, like Gecko) Chrome/32.0.1700.77 Safari/537.36"
80.213.131.29 - - [27/Jan/2014:08:28:56 -0500] "GET /pages/681-p%C3%A5melding-kurs-april?layout=edit HTTP/1.1" 200 12420 "http://www.pacetest.dk/pages/681-p%C3%A5melding-kurs-april?layout=edit" "Mozilla/5.0 (Macintosh; Intel Mac OS X 10_7_5) AppleWebKit/537.36 (KHTML, like Gecko) Chrome/32.0.1700.77 Safari/537.36"
80.213.131.29 - - [27/Jan/2014:08:29:01 -0500] "GET /pages/@625/revisions?layout=gadget&pid=681&hqxrvnhs HTTP/1.1" 200 645 "http://www.pacetest.dk/pages/681-p%C3%A5melding-kurs-april?layout=edit" "Mozilla/5.0 (Macintosh; Intel Mac OS X 10_7_5) AppleWebKit/537.36 (KHTML, like Gecko) Chrome/32.0.1700.77 Safari/537.36"
94.145.68.182 - - [27/Jan/2014:08:29:00 -0500] "GET /groups/625-ga-nextlevel-norge-stallsp HTTP/1.1" 200 25846 "http://www.pacetest.dk/pages/681-p%C3%A5melding-kurs-april?layout=edit" "Mozilla/5.0 (Windows NT 6.2; WOW64; rv:26.0) Gecko/20100101 Firefox/26.0"
- - - [27/Jan/2014:08:29:09 -0500] "OPTIONS * HTTP/1.0" 200 - "-" "Apache/2.2.22 (Red Hat Enterprise Web Server) (internal dummy connection)"
94.145.68.182 - - [27/Jan/2014:08:29:09 -0500] "GET /groups/625/graph/followers?layout=gadget&hqxrweam HTTP/1.1" 200 1659 "http://www.pacetest.dk/groups/625-ga-nextlevel-norge-stallsp" "Mozilla/5.0 (Windows NT 6.2; WOW64; rv:26.0) Gecko/20100101 Firefox/26.0"
80.213.131.29 - - [27/Jan/2014:08:29:05 -0500] "GET /groups/625-ga-nextlevel-norge-stallsp HTTP/1.1" 200 25866 "http://www.pacetest.dk/pages/681-p%C3%A5melding-kurs-april?layout=edit" "Mozilla/5.0 (Macintosh; Intel Mac OS X 10_7_5) AppleWebKit/537.36 (KHTML, like Gecko) Chrome/32.0.1700.77 Safari/537.36"
80.213.131.29 - - [27/Jan/2014:08:29:14 -0500] "GET /groups/625/graph/followers?layout=gadget&hqxrvydo HTTP/1.1" 200 1659 "http://www.pacetest.dk/groups/625-ga-nextlevel-norge-stallsp" "Mozilla/5.0 (Macintosh; Intel Mac OS X 10_7_5) AppleWebKit/537.36 (KHTML, like Gecko) Chrome/32.0.1700.77 Safari/537.36"
- - - [27/Jan/2014:08:29:16 -0500] "OPTIONS * HTTP/1.0" 200 - "-" "Apache/2.2.22 (Red Hat Enterprise Web Server) (internal dummy connection)"
94.145.68.182 - - [27/Jan/2014:08:29:17 -0500] "GET /pages/681-p%C3%A5melding-kurs-april HTTP/1.1" 200 14629 "http://www.pacetest.dk/groups/625-ga-nextlevel-norge-stallsp" "Mozilla/5.0 (Windows NT 6.2; WOW64; rv:26.0) Gecko/20100101 Firefox/26.0"
80.213.131.29 - - [27/Jan/2014:08:29:18 -0500] "GET /pages/681-p%C3%A5melding-kurs-april HTTP/1.1" 200 14645 "http://www.pacetest.dk/groups/625-ga-nextlevel-norge-stallsp" "Mozilla/5.0 (Macintosh; Intel Mac OS X 10_7_5) AppleWebKit/537.36 (KHTML, like Gecko) Chrome/32.0.1700.77 Safari/537.36"
94.145.68.182 - - [27/Jan/2014:08:29:22 -0500] "GET /pages/681-p%C3%A5melding-kurs-april HTTP/1.1" 200 14629 "http://www.pacetest.dk/groups/625-ga-nextlevel-norge-stallsp" "Mozilla/5.0 (Windows NT 6.2; WOW64; rv:26.0) Gecko/20100101 Firefox/26.0"
- - - [27/Jan/2014:08:29:25 -0500] "OPTIONS * HTTP/1.0" 200 - "-" "Apache/2.2.22 (Red Hat Enterprise Web Server) (internal dummy connection)"
80.213.131.29 - - [27/Jan/2014:08:29:53 -0500] "GET /notifications?get=count HTTP/1.1" 200 24 "http://www.pacetest.dk/pages/681-p%C3%A5melding-kurs-april" "Mozilla/5.0 (Macintosh; Intel Mac OS X 10_7_5) AppleWebKit/537.36 (KHTML, like Gecko) Chrome/32.0.1700.77 Safari/537.36"
80.213.131.29 - - [27/Jan/2014:08:29:55 -0500] "GET /menu/groups HTTP/1.1" 200 16250 "http://www.pacetest.dk/pages/681-p%C3%A5melding-kurs-april" "Mozilla/5.0 (Macintosh; Intel Mac OS X 10_7_5) AppleWebKit/537.36 (KHTML, like Gecko) Chrome/32.0.1700.77 Safari/537.36"
94.145.68.182 - - [27/Jan/2014:08:29:56 -0500] "GET /notifications?get=count HTTP/1.1" 200 24 "http://www.pacetest.dk/pages/681-p%C3%A5melding-kurs-april" "Mozilla/5.0 (Windows NT 6.2; WOW64; rv:26.0) Gecko/20100101 Firefox/26.0"
- - - [27/Jan/2014:08:29:59 -0500] "OPTIONS * HTTP/1.0" 200 - "-" "Apache/2.2.22 (Red Hat Enterprise Web Server) (internal dummy connection)"
80.213.131.29 - - [27/Jan/2014:08:30:02 -0500] "GET /groups/625-ga-nextlevel-norge-stallsp HTTP/1.1" 200 25866 "http://www.pacetest.dk/menu/groups" "Mozilla/5.0 (Macintosh; Intel Mac OS X 10_7_5) AppleWebKit/537.36 (KHTML, like Gecko) Chrome/32.0.1700.77 Safari/537.36"
80.213.131.29 - - [27/Jan/2014:08:30:08 -0500] "GET /groups/625/graph/followers?layout=gadget&hqxrx3s3 HTTP/1.1" 200 1659 "http://www.pacetest.dk/groups/625-ga-nextlevel-norge-stallsp" "Mozilla/5.0 (Macintosh; Intel Mac OS X 10_7_5) AppleWebKit/537.36 (KHTML, like Gecko) Chrome/32.0.1700.77 Safari/537.36"
80.213.131.29 - - [27/Jan/2014:08:30:24 -0500] "GET /notifications/settings?layout=modal&oid=625&hqxrx3s5 HTTP/1.1" 200 1078 "http://www.pacetest.dk/groups/625-ga-nextlevel-norge-stallsp" "Mozilla/5.0 (Macintosh; Intel Mac OS X 10_7_5) AppleWebKit/537.36 (KHTML, like Gecko) Chrome/32.0.1700.77 Safari/537.36"
94.145.68.182 - - [27/Jan/2014:08:30:26 -0500] "GET /notifications?get=count HTTP/1.1" 200 24 "http://www.pacetest.dk/pages/681-p%C3%A5melding-kurs-april" "Mozilla/5.0 (Windows NT 6.2; WOW64; rv:26.0) Gecko/20100101 Firefox/26.0"
80.213.131.29 - - [27/Jan/2014:08:30:38 -0500] "GET /notifications?get=count HTTP/1.1" 200 24 "http://www.pacetest.dk/groups/625-ga-nextlevel-norge-stallsp" "Mozilla/5.0 (Macintosh; Intel Mac OS X 10_7_5) AppleWebKit/537.36 (KHTML, like Gecko) Chrome/32.0.1700.77 Safari/537.36"
80.213.131.29 - - [27/Jan/2014:08:30:48 -0500] "GET /topics/@625?layout=gadget&hqxrx3s8 HTTP/1.1" 200 1639 "http://www.pacetest.dk/groups/625-ga-nextlevel-norge-stallsp" "Mozilla/5.0 (Macintosh; Intel Mac OS X 10_7_5) AppleWebKit/537.36 (KHTML, like Gecko) Chrome/32.0.1700.77 Safari/537.36"
80.213.131.29 - - [27/Jan/2014:08:30:54 -0500] "GET /photos/@625?layout=gadget&hqxrx3sb HTTP/1.1" 200 89 "http://www.pacetest.dk/groups/625-ga-nextlevel-norge-stallsp" "Mozilla/5.0 (Macintosh; Intel Mac OS X 10_7_5) AppleWebKit/537.36 (KHTML, like Gecko) Chrome/32.0.1700.77 Safari/537.36"
94.145.68.182 - - [27/Jan/2014:08:30:56 -0500] "GET /notifications?get=count HTTP/1.1" 200 24 "http://www.pacetest.dk/pages/681-p%C3%A5melding-kurs-april" "Mozilla/5.0 (Windows NT 6.2; WOW64; rv:26.0) Gecko/20100101 Firefox/26.0"
- - - [27/Jan/2014:08:30:58 -0500] "OPTIONS * HTTP/1.0" 200 - "-" "Apache/2.2.22 (Red Hat Enterprise Web Server) (internal dummy connection)"
80.213.131.29 - - [27/Jan/2014:08:31:01 -0500] "GET /photos/@625 HTTP/1.1" 200 9998 "http://www.pacetest.dk/groups/625-ga-nextlevel-norge-stallsp" "Mozilla/5.0 (Macintosh; Intel Mac OS X 10_7_5) AppleWebKit/537.36 (KHTML, like Gecko) Chrome/32.0.1700.77 Safari/537.36"
80.213.131.29 - - [27/Jan/2014:08:31:06 -0500] "GET /photos/@625/photo?layout=add HTTP/1.1" 200 10584 "http://www.pacetest.dk/photos/@625" "Mozilla/5.0 (Macintosh; Intel Mac OS X 10_7_5) AppleWebKit/537.36 (KHTML, like Gecko) Chrome/32.0.1700.77 Safari/537.36"
80.213.131.29 - - [27/Jan/2014:08:31:09 -0500] "GET /media/lib_anahita/js/vendors/plupload.js HTTP/1.1" 200 52681 "http://www.pacetest.dk/photos/@625/photo?layout=add" "Mozilla/5.0 (Macintosh; Intel Mac OS X 10_7_5) AppleWebKit/537.36 (KHTML, like Gecko) Chrome/32.0.1700.77 Safari/537.36"
80.213.131.29 - - [27/Jan/2014:08:31:10 -0500] "GET /media/lib_anahita/js/uploader.js HTTP/1.1" 200 6604 "http://www.pacetest.dk/photos/@625/photo?layout=add" "Mozilla/5.0 (Macintosh; Intel Mac OS X 10_7_5) AppleWebKit/537.36 (KHTML, like Gecko) Chrome/32.0.1700.77 Safari/537.36"
80.213.131.29 - - [27/Jan/2014:08:31:10 -0500] "GET /media/com_photos/js/upload.js HTTP/1.1" 200 2556 "http://www.pacetest.dk/photos/@625/photo?layout=add" "Mozilla/5.0 (Macintosh; Intel Mac OS X 10_7_5) AppleWebKit/537.36 (KHTML, like Gecko) Chrome/32.0.1700.77 Safari/537.36"
94.145.68.182 - - [27/Jan/2014:08:31:26 -0500] "GET /notifications?get=count HTTP/1.1" 200 24 "http://www.pacetest.dk/pages/681-p%C3%A5melding-kurs-april" "Mozilla/5.0 (Windows NT 6.2; WOW64; rv:26.0) Gecko/20100101 Firefox/26.0"
94.145.68.182 - - [27/Jan/2014:08:31:27 -0500] "GET /menu/groups HTTP/1.1" 200 22710 "http://www.pacetest.dk/pages/681-p%C3%A5melding-kurs-april" "Mozilla/5.0 (Windows NT 6.2; WOW64; rv:26.0) Gecko/20100101 Firefox/26.0"
80.213.131.29 - - [27/Jan/2014:08:31:27 -0500] "POST /photos/@625/photo.json HTTP/1.1" 201 6971 "http://www.pacetest.dk/photos/@625/photo?layout=add" "Mozilla/5.0 (Macintosh; Intel Mac OS X 10_7_5) AppleWebKit/537.36 (KHTML, like Gecko) Chrome/32.0.1700.77 Safari/537.36"
94.145.68.182 - - [27/Jan/2014:08:31:37 -0500] "GET /notifications?layout=popover&hqxrzh8f HTTP/1.1" 200 8559 "http://www.pacetest.dk/menu/groups" "Mozilla/5.0 (Windows NT 6.2; WOW64; rv:26.0) Gecko/20100101 Firefox/26.0"
80.213.131.29 - - [27/Jan/2014:08:31:36 -0500] "GET /photos/@625/sets?layout=add_photos&photo_id[]=684&hqxryf6t HTTP/1.1" 200 1131 "http://www.pacetest.dk/photos/@625/photo?layout=add" "Mozilla/5.0 (Macintosh; Intel Mac OS X 10_7_5) AppleWebKit/537.36 (KHTML, like Gecko) Chrome/32.0.1700.77 Safari/537.36"
- - - [27/Jan/2014:08:31:45 -0500] "OPTIONS * HTTP/1.0" 200 - "-" "Apache/2.2.22 (Red Hat Enterprise Web Server) (internal dummy connection)"
80.213.131.29 - - [27/Jan/2014:08:31:40 -0500] "GET /notifications?get=count HTTP/1.1" 200 24 "http://www.pacetest.dk/photos/@625/photo?layout=add" "Mozilla/5.0 (Macintosh; Intel Mac OS X 10_7_5) AppleWebKit/537.36 (KHTML, like Gecko) Chrome/32.0.1700.77 Safari/537.36"
- - - [27/Jan/2014:08:31:46 -0500] "OPTIONS * HTTP/1.0" 200 - "-" "Apache/2.2.22 (Red Hat Enterprise Web Server) (internal dummy connection)"
94.145.68.182 - - [27/Jan/2014:08:31:39 -0500] "GET /menu/groups HTTP/1.1" 200 22710 "http://www.pacetest.dk/menu/groups" "Mozilla/5.0 (Windows NT 6.2; WOW64; rv:26.0) Gecko/20100101 Firefox/26.0"
- - - [27/Jan/2014:08:31:48 -0500] "OPTIONS * HTTP/1.0" 200 - "-" "Apache/2.2.22 (Red Hat Enterprise Web Server) (internal dummy connection)"
94.145.68.182 - - [27/Jan/2014:08:31:44 -0500] "GET /menu/groups HTTP/1.1" 200 22710 "http://www.pacetest.dk/menu/groups" "Mozilla/5.0 (Windows NT 6.2; WOW64; rv:26.0) Gecko/20100101 Firefox/26.0"
- - - [27/Jan/2014:08:31:50 -0500] "OPTIONS * HTTP/1.0" 200 - "-" "Apache/2.2.22 (Red Hat Enterprise Web Server) (internal dummy connection)"
94.145.68.182 - - [27/Jan/2014:08:31:52 -0500] "GET /groups/625-ga-nextlevel-norge-stallsp HTTP/1.1" 200 30024 "http://www.pacetest.dk/menu/groups" "Mozilla/5.0 (Windows NT 6.2; WOW64; rv:26.0) Gecko/20100101 Firefox/26.0"
94.145.68.182 - - [27/Jan/2014:08:31:57 -0500] "GET /groups/625/graph/followers?layout=gadget&hqxs001h HTTP/1.1" 200 1659 "http://www.pacetest.dk/groups/625-ga-nextlevel-norge-stallsp" "Mozilla/5.0 (Windows NT 6.2; WOW64; rv:26.0) Gecko/20100101 Firefox/26.0"
80.213.131.29 - - [27/Jan/2014:08:31:58 -0500] "POST /photos/@625/set HTTP/1.1" 303 - "http://www.pacetest.dk/photos/@625/photo?layout=add" "Mozilla/5.0 (Macintosh; Intel Mac OS X 10_7_5) AppleWebKit/537.36 (KHTML, like Gecko) Chrome/32.0.1700.77 Safari/537.36"
80.213.131.29 - - [27/Jan/2014:08:32:01 -0500] "POST /photos/@625/set HTTP/1.1" 303 - "http://www.pacetest.dk/photos/@625/photo?layout=add" "Mozilla/5.0 (Macintosh; Intel Mac OS X 10_7_5) AppleWebKit/537.36 (KHTML, like Gecko) Chrome/32.0.1700.77 Safari/537.36"
80.213.131.29 - - [27/Jan/2014:08:32:06 -0500] "GET /photos/sets/688-lettir HTTP/1.1" 200 15752 "http://www.pacetest.dk/photos/@625/photo?layout=add" "Mozilla/5.0 (Macintosh; Intel Mac OS X 10_7_5) AppleWebKit/537.36 (KHTML, like Gecko) Chrome/32.0.1700.77 Safari/537.36"
80.213.131.29 - - [27/Jan/2014:08:32:10 -0500] "GET /groups/625-ga-nextlevel-norge-stallsp HTTP/1.1" 200 38277 "http://www.pacetest.dk/photos/@625/photo?layout=add" "Mozilla/5.0 (Macintosh; Intel Mac OS X 10_7_5) AppleWebKit/537.36 (KHTML, like Gecko) Chrome/32.0.1700.77 Safari/537.36"
80.213.131.29 - - [27/Jan/2014:08:32:16 -0500] "GET /groups/625/graph/followers?layout=gadget&hqxrzudz HTTP/1.1" 200 1659 "http://www.pacetest.dk/groups/625-ga-nextlevel-norge-stallsp" "Mozilla/5.0 (Macintosh; Intel Mac OS X 10_7_5) AppleWebKit/537.36 (KHTML, like Gecko) Chrome/32.0.1700.77 Safari/537.36"
- - - [27/Jan/2014:08:32:18 -0500] "OPTIONS * HTTP/1.0" 200 - "-" "Apache/2.2.22 (Red Hat Enterprise Web Server) (internal dummy connection)"
80.213.131.29 - - [27/Jan/2014:08:32:22 -0500] "POST /photos/sets/688-lettir?_action=vote&hqxrzue2 HTTP/1.1" 201 89 "http://www.pacetest.dk/groups/625-ga-nextlevel-norge-stallsp" "Mozilla/5.0 (Macintosh; Intel Mac OS X 10_7_5) AppleWebKit/537.36 (KHTML, like Gecko) Chrome/32.0.1700.77 Safari/537.36"
94.145.68.182 - - [27/Jan/2014:08:32:27 -0500] "GET /notifications?get=count HTTP/1.1" 200 24 "http://www.pacetest.dk/groups/625-ga-nextlevel-norge-stallsp" "Mozilla/5.0 (Windows NT 6.2; WOW64; rv:26.0) Gecko/20100101 Firefox/26.0"
94.145.68.182 - - [27/Jan/2014:08:32:33 -0500] "GET /groups/625-ga-nextlevel-norge-stallsp HTTP/1.1" 200 38455 "http://www.pacetest.dk/groups/625-ga-nextlevel-norge-stallsp" "Mozilla/5.0 (Windows NT 6.2; WOW64; rv:26.0) Gecko/20100101 Firefox/26.0"
94.145.68.182 - - [27/Jan/2014:08:32:38 -0500] "GET /groups/625/graph/followers?layout=gadget&hqxs0vvw HTTP/1.1" 200 1659 "http://www.pacetest.dk/groups/625-ga-nextlevel-norge-stallsp" "Mozilla/5.0 (Windows NT 6.2; WOW64; rv:26.0) Gecko/20100101 Firefox/26.0"
80.213.131.29 - - [27/Jan/2014:08:32:46 -0500] "GET /notifications?get=count HTTP/1.1" 200 24 "http://www.pacetest.dk/groups/625-ga-nextlevel-norge-stallsp" "Mozilla/5.0 (Macintosh; Intel Mac OS X 10_7_5) AppleWebKit/537.36 (KHTML, like Gecko) Chrome/32.0.1700.77 Safari/537.36"
94.145.68.182 - - [27/Jan/2014:08:33:08 -0500] "GET /notifications?get=count HTTP/1.1" 200 24 "http://www.pacetest.dk/groups/625-ga-nextlevel-norge-stallsp" "Mozilla/5.0 (Windows NT 6.2; WOW64; rv:26.0) Gecko/20100101 Firefox/26.0"
94.145.68.182 - - [27/Jan/2014:08:33:11 -0500] "POST /photos/sets/688-lettir?_action=vote&hqxs0vvz HTTP/1.1" 201 264 "http://www.pacetest.dk/groups/625-ga-nextlevel-norge-stallsp" "Mozilla/5.0 (Windows NT 6.2; WOW64; rv:26.0) Gecko/20100101 Firefox/26.0"
80.213.131.29 - - [27/Jan/2014:08:33:16 -0500] "GET /notifications?get=count HTTP/1.1" 200 24 "http://www.pacetest.dk/groups/625-ga-nextlevel-norge-stallsp" "Mozilla/5.0 (Macintosh; Intel Mac OS X 10_7_5) AppleWebKit/537.36 (KHTML, like Gecko) Chrome/32.0.1700.77 Safari/537.36"
80.213.131.29 - - [27/Jan/2014:08:33:22 -0500] "POST /photos/sets/688-lettir?hqxrzue5 HTTP/1.1" 201 1954 "http://www.pacetest.dk/groups/625-ga-nextlevel-norge-stallsp" "Mozilla/5.0 (Macintosh; Intel Mac OS X 10_7_5) AppleWebKit/537.36 (KHTML, like Gecko) Chrome/32.0.1700.77 Safari/537.36"
94.145.68.182 - - [27/Jan/2014:08:33:38 -0500] "GET /notifications?get=count HTTP/1.1" 200 24 "http://www.pacetest.dk/groups/625-ga-nextlevel-norge-stallsp" "Mozilla/5.0 (Windows NT 6.2; WOW64; rv:26.0) Gecko/20100101 Firefox/26.0"
80.213.131.29 - - [27/Jan/2014:08:33:44 -0500] "GET /people/StallSP HTTP/1.1" 200 16396 "http://www.pacetest.dk/groups/625-ga-nextlevel-norge-stallsp" "Mozilla/5.0 (Macintosh; Intel Mac OS X 10_7_5) AppleWebKit/537.36 (KHTML, like Gecko) Chrome/32.0.1700.77 Safari/537.36"
80.213.131.29 - - [27/Jan/2014:08:33:48 -0500] "GET /people/StallSP/graph/followers?layout=gadget&hqxs1t6r HTTP/1.1" 200 3558 "http://www.pacetest.dk/people/StallSP" "Mozilla/5.0 (Macintosh; Intel Mac OS X 10_7_5) AppleWebKit/537.36 (KHTML, like Gecko) Chrome/32.0.1700.77 Safari/537.36"
80.213.131.29 - - [27/Jan/2014:08:33:57 -0500] "GET / HTTP/1.1" 200 87527 "http://www.pacetest.dk/people/StallSP" "Mozilla/5.0 (Macintosh; Intel Mac OS X 10_7_5) AppleWebKit/537.36 (KHTML, like Gecko) Chrome/32.0.1700.77 Safari/537.36"
94.145.68.182 - - [27/Jan/2014:08:34:08 -0500] "GET /notifications?get=count HTTP/1.1" 200 24 "http://www.pacetest.dk/groups/625-ga-nextlevel-norge-stallsp" "Mozilla/5.0 (Windows NT 6.2; WOW64; rv:26.0) Gecko/20100101 Firefox/26.0"
94.145.68.182 - - [27/Jan/2014:08:34:10 -0500] "GET /notifications?layout=popover&hqxs0vw0 HTTP/1.1" 200 9471 "http://www.pacetest.dk/groups/625-ga-nextlevel-norge-stallsp" "Mozilla/5.0 (Windows NT 6.2; WOW64; rv:26.0) Gecko/20100101 Firefox/26.0"
- - - [27/Jan/2014:08:34:17 -0500] "OPTIONS * HTTP/1.0" 200 - "-" "Apache/2.2.22 (Red Hat Enterprise Web Server) (internal dummy connection)"
80.213.131.29 - - [27/Jan/2014:08:34:05 -0500] "GET / HTTP/1.1" 200 86797 "http://www.pacetest.dk/people/StallSP" "Mozilla/5.0 (Macintosh; Intel Mac OS X 10_7_5) AppleWebKit/537.36 (KHTML, like Gecko) Chrome/32.0.1700.77 Safari/537.36"
- - - [27/Jan/2014:08:34:19 -0500] "OPTIONS * HTTP/1.0" 200 - "-" "Apache/2.2.22 (Red Hat Enterprise Web Server) (internal dummy connection)"
94.145.68.182 - - [27/Jan/2014:08:34:23 -0500] "GET /photos/sets/688-lettir HTTP/1.1" 200 17795 "http://www.pacetest.dk/groups/625-ga-nextlevel-norge-stallsp" "Mozilla/5.0 (Windows NT 6.2; WOW64; rv:26.0) Gecko/20100101 Firefox/26.0"
94.145.68.182 - - [27/Jan/2014:08:34:35 -0500] "GET /media/com_photos/js/organizer.js HTTP/1.1" 200 5494 "http://www.pacetest.dk/photos/sets/688-lettir" "Mozilla/5.0 (Windows NT 6.2; WOW64; rv:26.0) Gecko/20100101 Firefox/26.0"
80.213.131.29 - - [27/Jan/2014:08:34:20 -0500] "GET /stories?layout=list&filter=leaders&start=40&limit=20 HTTP/1.1" 200 39660 "http://www.pacetest.dk/" "Mozilla/5.0 (Macintosh; Intel Mac OS X 10_7_5) AppleWebKit/537.36 (KHTML, like Gecko) Chrome/32.0.1700.77 Safari/537.36"
80.213.131.29 - - [27/Jan/2014:08:34:20 -0500] "GET /stories?layout=list&filter=leaders&start=20&limit=20 HTTP/1.1" 200 48886 "http://www.pacetest.dk/" "Mozilla/5.0 (Macintosh; Intel Mac OS X 10_7_5) AppleWebKit/537.36 (KHTML, like Gecko) Chrome/32.0.1700.77 Safari/537.36"
- - - [27/Jan/2014:08:34:36 -0500] "OPTIONS * HTTP/1.0" 200 - "-" "Apache/2.2.22 (Red Hat Enterprise Web Server) (internal dummy connection)"
80.213.131.29 - - [27/Jan/2014:08:34:35 -0500] "GET /stories?layout=list&filter=leaders&start=60&limit=20 HTTP/1.1" 200 75 "http://www.pacetest.dk/" "Mozilla/5.0 (Macintosh; Intel Mac OS X 10_7_5) AppleWebKit/537.36 (KHTML, like Gecko) Chrome/32.0.1700.77 Safari/537.36"
- - - [27/Jan/2014:08:34:38 -0500] "OPTIONS * HTTP/1.0" 200 - "-" "Apache/2.2.22 (Red Hat Enterprise Web Server) (internal dummy connection)"
80.213.131.29 - - [27/Jan/2014:08:34:49 -0500] "GET /notifications?get=count HTTP/1.1" 200 24 "http://www.pacetest.dk/" "Mozilla/5.0 (Macintosh; Intel Mac OS X 10_7_5) AppleWebKit/537.36 (KHTML, like Gecko) Chrome/32.0.1700.77 Safari/537.36"
80.213.131.29 - - [27/Jan/2014:08:35:02 -0500] "GET /notifications?layout=popover&hqxs2hp6 HTTP/1.1" 200 2038 "http://www.pacetest.dk/" "Mozilla/5.0 (Macintosh; Intel Mac OS X 10_7_5) AppleWebKit/537.36 (KHTML, like Gecko) Chrome/32.0.1700.77 Safari/537.36"
94.145.68.182 - - [27/Jan/2014:08:35:05 -0500] "GET /notifications?get=count HTTP/1.1" 200 24 "http://www.pacetest.dk/photos/sets/688-lettir" "Mozilla/5.0 (Windows NT 6.2; WOW64; rv:26.0) Gecko/20100101 Firefox/26.0"
- - - [27/Jan/2014:08:35:07 -0500] "OPTIONS * HTTP/1.0" 200 - "-" "Apache/2.2.22 (Red Hat Enterprise Web Server) (internal dummy connection)"
80.213.131.29 - - [27/Jan/2014:08:35:17 -0500] "GET /photos/@StallSP?filter=leaders&layout=gadget&hqxs2hp9 HTTP/1.1" 200 4254 "http://www.pacetest.dk/" "Mozilla/5.0 (Macintosh; Intel Mac OS X 10_7_5) AppleWebKit/537.36 (KHTML, like Gecko) Chrome/32.0.1700.77 Safari/537.36"
80.213.131.29 - - [27/Jan/2014:08:35:20 -0500] "GET /notifications?get=count HTTP/1.1" 200 24 "http://www.pacetest.dk/" "Mozilla/5.0 (Macintosh; Intel Mac OS X 10_7_5) AppleWebKit/537.36 (KHTML, like Gecko) Chrome/32.0.1700.77 Safari/537.36"
94.145.68.182 - - [27/Jan/2014:08:35:35 -0500] "GET /notifications?get=count HTTP/1.1" 200 24 "http://www.pacetest.dk/photos/sets/688-lettir" "Mozilla/5.0 (Windows NT 6.2; WOW64; rv:26.0) Gecko/20100101 Firefox/26.0"
80.213.131.29 - - [27/Jan/2014:08:35:50 -0500] "GET /notifications?get=count HTTP/1.1" 200 24 "http://www.pacetest.dk/" "Mozilla/5.0 (Macintosh; Intel Mac OS X 10_7_5) AppleWebKit/537.36 (KHTML, like Gecko) Chrome/32.0.1700.77 Safari/537.36"
94.145.68.182 - - [27/Jan/2014:08:36:05 -0500] "GET /notifications?get=count HTTP/1.1" 200 24 "http://www.pacetest.dk/photos/sets/688-lettir" "Mozilla/5.0 (Windows NT 6.2; WOW64; rv:26.0) Gecko/20100101 Firefox/26.0"
80.213.131.29 - - [27/Jan/2014:08:36:07 -0500] "GET /photos/@StallSP?filter=leaders HTTP/1.1" 200 15094 "http://www.pacetest.dk/" "Mozilla/5.0 (Macintosh; Intel Mac OS X 10_7_5) AppleWebKit/537.36 (KHTML, like Gecko) Chrome/32.0.1700.77 Safari/537.36"
94.145.68.182 - - [27/Jan/2014:08:36:13 -0500] "GET /menu/groups HTTP/1.1" 200 22710 "http://www.pacetest.dk/photos/sets/688-lettir" "Mozilla/5.0 (Windows NT 6.2; WOW64; rv:26.0) Gecko/20100101 Firefox/26.0"
94.145.68.182 - - [27/Jan/2014:08:36:16 -0500] "GET /menu/people HTTP/1.1" 200 34122 "http://www.pacetest.dk/photos/sets/688-lettir" "Mozilla/5.0 (Windows NT 6.2; WOW64; rv:26.0) Gecko/20100101 Firefox/26.0"
80.213.131.29 - - [27/Jan/2014:08:36:15 -0500] "GET /people/StallSP HTTP/1.1" 200 16381 "http://www.pacetest.dk/photos/@StallSP?filter=leaders" "Mozilla/5.0 (Macintosh; Intel Mac OS X 10_7_5) AppleWebKit/537.36 (KHTML, like Gecko) Chrome/32.0.1700.77 Safari/537.36"
- - - [27/Jan/2014:08:36:23 -0500] "OPTIONS * HTTP/1.0" 200 - "-" "Apache/2.2.22 (Red Hat Enterprise Web Server) (internal dummy connection)"
80.213.131.29 - - [27/Jan/2014:08:36:23 -0500] "GET /people/StallSP/graph/followers?layout=gadget&hqxs54ml HTTP/1.1" 200 3558 "http://www.pacetest.dk/people/StallSP" "Mozilla/5.0 (Macintosh; Intel Mac OS X 10_7_5) AppleWebKit/537.36 (KHTML, like Gecko) Chrome/32.0.1700.77 Safari/537.36"
94.145.68.182 - - [27/Jan/2014:08:36:46 -0500] "GET /people/StallSP HTTP/1.1" 200 17192 "http://www.pacetest.dk/menu/people" "Mozilla/5.0 (Windows NT 6.2; WOW64; rv:26.0) Gecko/20100101 Firefox/26.0"
94.145.68.182 - - [27/Jan/2014:08:36:50 -0500] "GET /people/StallSP/graph/followers?layout=gadget&hqxs69wl HTTP/1.1" 200 5680 "http://www.pacetest.dk/people/StallSP" "Mozilla/5.0 (Windows NT 6.2; WOW64; rv:26.0) Gecko/20100101 Firefox/26.0"
80.213.131.29 - - [27/Jan/2014:08:36:53 -0500] "GET /notifications?get=count HTTP/1.1" 200 24 "http://www.pacetest.dk/people/StallSP" "Mozilla/5.0 (Macintosh; Intel Mac OS X 10_7_5) AppleWebKit/537.36 (KHTML, like Gecko) Chrome/32.0.1700.77 Safari/537.36"
188.180.160.53 - - [27/Jan/2014:08:36:54 -0500] "GET / HTTP/1.1" 200 7760 "http://www.google.dk/url?sa=t&rct=j&q=&esrc=s&source=web&cd=1&ved=0CCsQFjAA&url=http%3A%2F%2Fwww.pacetest.dk%2F&ei=8WDmUrGwNYTk4wT5z4D4Ag&usg=AFQjCNF6nkr7y63WgWcIdfUoXl9YYgY-yA&bvm=bv.59930103,d.bGE" "Mozilla/5.0 (Windows NT 6.1; WOW64; Trident/7.0; MALC; rv:11.0) like Gecko"
188.180.160.53 - - [27/Jan/2014:08:36:55 -0500] "GET /templates/shiraz/css/style1/style.css HTTP/1.1" 200 151926 "http://www.pacetest.dk/" "Mozilla/5.0 (Windows NT 6.1; WOW64; Trident/7.0; MALC; rv:11.0) like Gecko"
188.180.160.53 - - [27/Jan/2014:08:36:55 -0500] "GET /media/lib_anahita/js/production/site.js HTTP/1.1" 200 310197 "http://www.pacetest.dk/" "Mozilla/5.0 (Windows NT 6.1; WOW64; Trident/7.0; MALC; rv:11.0) like Gecko"
188.180.160.53 - - [27/Jan/2014:08:36:56 -0500] "GET /templates/base/css/images/icon-socialmedia.png HTTP/1.1" 200 6399 "http://www.pacetest.dk/" "Mozilla/5.0 (Windows NT 6.1; WOW64; Trident/7.0; MALC; rv:11.0) like Gecko"
188.180.160.53 - - [27/Jan/2014:08:36:56 -0500] "GET /templates/base/css/images/logo.png HTTP/1.1" 200 5272 "http://www.pacetest.dk/" "Mozilla/5.0 (Windows NT 6.1; WOW64; Trident/7.0; MALC; rv:11.0) like Gecko"
188.180.160.53 - - [27/Jan/2014:08:36:56 -0500] "GET /templates/base/css/images/icon-socialmedia-white.png HTTP/1.1" 200 5419 "http://www.pacetest.dk/" "Mozilla/5.0 (Windows NT 6.1; WOW64; Trident/7.0; MALC; rv:11.0) like Gecko"
188.180.160.53 - - [27/Jan/2014:08:37:08 -0500] "GET /templates/base/css/images/favicon.ico HTTP/1.1" 200 1150 "-" "Mozilla/5.0 (Windows NT 6.1; WOW64; Trident/7.0; MALC; rv:11.0) like Gecko"
80.213.131.29 - - [27/Jan/2014:08:37:15 -0500] "GET /people/642/settings HTTP/1.1" 200 11746 "http://www.pacetest.dk/people/StallSP" "Mozilla/5.0 (Macintosh; Intel Mac OS X 10_7_5) AppleWebKit/537.36 (KHTML, like Gecko) Chrome/32.0.1700.77 Safari/537.36"
94.145.68.182 - - [27/Jan/2014:08:37:16 -0500] "GET /people/642/settings HTTP/1.1" 200 11597 "http://www.pacetest.dk/people/StallSP" "Mozilla/5.0 (Windows NT 6.2; WOW64; rv:26.0) Gecko/20100101 Firefox/26.0"
94.145.68.182 - - [27/Jan/2014:08:37:20 -0500] "GET /notifications?get=count HTTP/1.1" 200 24 "http://www.pacetest.dk/people/StallSP" "Mozilla/5.0 (Windows NT 6.2; WOW64; rv:26.0) Gecko/20100101 Firefox/26.0"
- - - [27/Jan/2014:08:37:21 -0500] "OPTIONS * HTTP/1.0" 200 - "-" "Apache/2.2.22 (Red Hat Enterprise Web Server) (internal dummy connection)"
188.180.160.53 - - [27/Jan/2014:08:37:34 -0500] "GET /templates/base/css/images/spinner.gif HTTP/1.1" 200 723 "http://www.pacetest.dk/" "Mozilla/5.0 (Windows NT 6.1; WOW64; Trident/7.0; MALC; rv:11.0) like Gecko"
188.180.160.53 - - [27/Jan/2014:08:37:34 -0500] "GET /people/session?layout=modal&return=aHR0cDovL3d3dy5wYWNldGVzdC5kay8%3D&hqxs5ruk HTTP/1.1" 200 1413 "http://www.pacetest.dk/" "Mozilla/4.0 (compatible; MSIE 7.0; Windows NT 6.1; WOW64; Trident/7.0; SLCC2; .NET CLR 2.0.50727; .NET CLR 3.5.30729; .NET CLR 3.0.30729; Media Center PC 6.0; .NET4.0C; InfoPath.2; MALC)"
94.145.68.182 - - [27/Jan/2014:08:37:42 -0500] "GET /people/642/settings?edit=apps HTTP/1.1" 200 10917 "http://www.pacetest.dk/people/642/settings" "Mozilla/5.0 (Windows NT 6.2; WOW64; rv:26.0) Gecko/20100101 Firefox/26.0"
188.180.160.53 - - [27/Jan/2014:08:37:44 -0500] "POST /people/session?layout=modal HTTP/1.1" 303 - "http://www.pacetest.dk/" "Mozilla/5.0 (Windows NT 6.1; WOW64; Trident/7.0; MALC; rv:11.0) like Gecko"
80.213.131.29 - - [27/Jan/2014:08:37:43 -0500] "GET /people/642/settings?edit=apps HTTP/1.1" 200 11066 "http://www.pacetest.dk/people/642/settings" "Mozilla/5.0 (Macintosh; Intel Mac OS X 10_7_5) AppleWebKit/537.36 (KHTML, like Gecko) Chrome/32.0.1700.77 Safari/537.36"
- - - [27/Jan/2014:08:37:49 -0500] "OPTIONS * HTTP/1.0" 200 - "-" "Apache/2.2.22 (Red Hat Enterprise Web Server) (internal dummy connection)"
- - - [27/Jan/2014:08:37:49 -0500] "OPTIONS * HTTP/1.0" 200 - "-" "Apache/2.2.22 (Red Hat Enterprise Web Server) (internal dummy connection)"
188.180.160.53 - - [27/Jan/2014:08:37:48 -0500] "GET / HTTP/1.1" 200 58721 "http://www.pacetest.dk/" "Mozilla/5.0 (Windows NT 6.1; WOW64; Trident/7.0; MALC; rv:11.0) like Gecko"
188.180.160.53 - - [27/Jan/2014:08:37:56 -0500] "GET /media/com_stories/js/stories.js HTTP/1.1" 200 1707 "http://www.pacetest.dk/" "Mozilla/5.0 (Windows NT 6.1; WOW64; Trident/7.0; MALC; rv:11.0) like Gecko"
188.180.160.53 - - [27/Jan/2014:08:37:56 -0500] "GET /media/lib_anahita/js/vendors/mediabox.js HTTP/1.1" 200 45415 "http://www.pacetest.dk/" "Mozilla/5.0 (Windows NT 6.1; WOW64; Trident/7.0; MALC; rv:11.0) like Gecko"
188.180.160.53 - - [27/Jan/2014:08:37:56 -0500] "GET /media/com_composer/js/composer.js HTTP/1.1" 200 5682 "http://www.pacetest.dk/" "Mozilla/5.0 (Windows NT 6.1; WOW64; Trident/7.0; MALC; rv:11.0) like Gecko"
188.180.160.53 - - [27/Jan/2014:08:37:56 -0500] "GET /templates/base/css/images/glyphicons-halflings.png HTTP/1.1" 200 12799 "http://www.pacetest.dk/" "Mozilla/5.0 (Windows NT 6.1; WOW64; Trident/7.0; MALC; rv:11.0) like Gecko"
80.213.131.29 - - [27/Jan/2014:08:37:55 -0500] "POST /people/StallSP?action=addapp&app=com_photos HTTP/1.1" 303 - "http://www.pacetest.dk/people/642/settings?edit=apps" "Mozilla/5.0 (Macintosh; Intel Mac OS X 10_7_5) AppleWebKit/537.36 (KHTML, like Gecko) Chrome/32.0.1700.77 Safari/537.36"
80.213.131.29 - - [27/Jan/2014:08:38:00 -0500] "POST /people/StallSP?action=addapp&app=com_pages HTTP/1.1" 303 - "http://www.pacetest.dk/people/642/settings?edit=apps" "Mozilla/5.0 (Macintosh; Intel Mac OS X 10_7_5) AppleWebKit/537.36 (KHTML, like Gecko) Chrome/32.0.1700.77 Safari/537.36"
80.213.131.29 - - [27/Jan/2014:08:37:58 -0500] "GET /people/642/settings?edit=apps HTTP/1.1" 200 11052 "http://www.pacetest.dk/people/642/settings?edit=apps" "Mozilla/5.0 (Macintosh; Intel Mac OS X 10_7_5) AppleWebKit/537.36 (KHTML, like Gecko) Chrome/32.0.1700.77 Safari/537.36"
188.180.160.53 - - [27/Jan/2014:08:37:56 -0500] "GET /stories?layout=list&filter=leaders&start=20&limit=20 HTTP/1.1" 200 30182 "http://www.pacetest.dk/" "Mozilla/5.0 (Windows NT 6.1; WOW64; Trident/7.0; MALC; rv:11.0) like Gecko"
188.180.160.53 - - [27/Jan/2014:08:37:56 -0500] "GET /stories?layout=list&filter=leaders&start=40&limit=20 HTTP/1.1" 200 28397 "http://www.pacetest.dk/" "Mozilla/5.0 (Windows NT 6.1; WOW64; Trident/7.0; MALC; rv:11.0) like Gecko"
- - - [27/Jan/2014:08:38:15 -0500] "OPTIONS * HTTP/1.0" 200 - "-" "Apache/2.2.22 (Red Hat Enterprise Web Server) (internal dummy connection)"
80.213.131.29 - - [27/Jan/2014:08:38:07 -0500] "GET /people/642/settings?edit=apps HTTP/1.1" 200 11038 "http://www.pacetest.dk/people/642/settings?edit=apps" "Mozilla/5.0 (Macintosh; Intel Mac OS X 10_7_5) AppleWebKit/537.36 (KHTML, like Gecko) Chrome/32.0.1700.77 Safari/537.36"
- - - [27/Jan/2014:08:38:15 -0500] "OPTIONS * HTTP/1.0" 200 - "-" "Apache/2.2.22 (Red Hat Enterprise Web Server) (internal dummy connection)"
188.180.160.53 - - [27/Jan/2014:08:38:12 -0500] "GET /stories?layout=list&filter=leaders&start=60&limit=20 HTTP/1.1" 200 75 "http://www.pacetest.dk/" "Mozilla/4.0 (compatible; MSIE 7.0; Windows NT 6.1; WOW64; Trident/7.0; SLCC2; .NET CLR 2.0.50727; .NET CLR 3.5.30729; .NET CLR 3.0.30729; Media Center PC 6.0; .NET4.0C; InfoPath.2; MALC)"
