94.145.68.182 - - [27/Jan/2014:08:00:08 -0500] "GET /groups/6/settings HTTP/1.1" 200 11816 "http://www.pacetest.dk/groups/6-kollaborativt-lederskab" "Mozilla/5.0 (Windows NT 6.2; WOW64; rv:26.0) Gecko/20100101 Firefox/26.0"
80.213.131.29 - - [27/Jan/2014:08:00:08 -0500] "GET / HTTP/1.1" 200 58046 "http://www.pacetest.dk/menu/groups" "Mozilla/5.0 (Macintosh; Intel Mac OS X 10_7_5) AppleWebKit/537.36 (KHTML, like Gecko) Chrome/32.0.1700.77 Safari/537.36"
80.213.131.29 - - [27/Jan/2014:08:00:15 -0500] "GET / HTTP/1.1" 200 58047 "http://www.pacetest.dk/menu/groups" "Mozilla/5.0 (Macintosh; Intel Mac OS X 10_7_5) AppleWebKit/537.36 (KHTML, like Gecko) Chrome/32.0.1700.77 Safari/537.36"
94.145.68.182 - - [27/Jan/2014:08:00:29 -0500] "POST /groups/6-kollaborativt-lederskab HTTP/1.1" 303 - "http://www.pacetest.dk/groups/6/settings" "Mozilla/5.0 (Windows NT 6.2; WOW64; rv:26.0) Gecko/20100101 Firefox/26.0"
80.213.131.29 - - [27/Jan/2014:08:00:25 -0500] "GET /stories?layout=list&filter=leaders&start=40&limit=20 HTTP/1.1" 200 11993 "http://www.pacetest.dk/" "Mozilla/5.0 (Macintosh; Intel Mac OS X 10_7_5) AppleWebKit/537.36 (KHTML, like Gecko) Chrome/32.0.1700.77 Safari/537.36"
80.213.131.29 - - [27/Jan/2014:08:00:25 -0500] "GET /stories?layout=list&filter=leaders&start=20&limit=20 HTTP/1.1" 200 37696 "http://www.pacetest.dk/" "Mozilla/5.0 (Macintosh; Intel Mac OS X 10_7_5) AppleWebKit/537.36 (KHTML, like Gecko) Chrome/32.0.1700.77 Safari/537.36"
- - - [27/Jan/2014:08:00:39 -0500] "OPTIONS * HTTP/1.0" 200 - "-" "Apache/2.2.22 (Red Hat Enterprise Web Server) (internal dummy connection)"
80.213.131.29 - - [27/Jan/2014:08:00:34 -0500] "GET /stories?layout=list&filter=leaders&start=60&limit=20 HTTP/1.1" 200 75 "http://www.pacetest.dk/" "Mozilla/5.0 (Macintosh; Intel Mac OS X 10_7_5) AppleWebKit/537.36 (KHTML, like Gecko) Chrome/32.0.1700.77 Safari/537.36"
94.145.68.182 - - [27/Jan/2014:08:00:33 -0500] "GET /menu/groups HTTP/1.1" 200 22327 "http://www.pacetest.dk/groups/6/settings" "Mozilla/5.0 (Windows NT 6.2; WOW64; rv:26.0) Gecko/20100101 Firefox/26.0"
- - - [27/Jan/2014:08:00:41 -0500] "OPTIONS * HTTP/1.0" 200 - "-" "Apache/2.2.22 (Red Hat Enterprise Web Server) (internal dummy connection)"
- - - [27/Jan/2014:08:00:41 -0500] "OPTIONS * HTTP/1.0" 200 - "-" "Apache/2.2.22 (Red Hat Enterprise Web Server) (internal dummy connection)"
80.213.131.29 - - [27/Jan/2014:08:00:55 -0500] "GET /notifications?get=count HTTP/1.1" 200 24 "http://www.pacetest.dk/" "Mozilla/5.0 (Macintosh; Intel Mac OS X 10_7_5) AppleWebKit/537.36 (KHTML, like Gecko) Chrome/32.0.1700.77 Safari/537.36"
80.213.131.29 - - [27/Jan/2014:08:01:04 -0500] "GET /menu/groups HTTP/1.1" 200 14862 "http://www.pacetest.dk/" "Mozilla/5.0 (Macintosh; Intel Mac OS X 10_7_5) AppleWebKit/537.36 (KHTML, like Gecko) Chrome/32.0.1700.77 Safari/537.36"
94.145.68.182 - - [27/Jan/2014:08:01:11 -0500] "GET /notifications?get=count HTTP/1.1" 200 24 "http://www.pacetest.dk/menu/groups" "Mozilla/5.0 (Windows NT 6.2; WOW64; rv:26.0) Gecko/20100101 Firefox/26.0"
80.213.131.29 - - [27/Jan/2014:08:01:14 -0500] "POST /groups/6-kollaborativt-lederskab?layout=list&hqxqvrvm HTTP/1.1" 200 1066 "http://www.pacetest.dk/menu/groups" "Mozilla/5.0 (Macintosh; Intel Mac OS X 10_7_5) AppleWebKit/537.36 (KHTML, like Gecko) Chrome/32.0.1700.77 Safari/537.36"
80.213.131.29 - - [27/Jan/2014:08:01:36 -0500] "GET /notifications?get=count HTTP/1.1" 200 24 "http://www.pacetest.dk/menu/groups" "Mozilla/5.0 (Macintosh; Intel Mac OS X 10_7_5) AppleWebKit/537.36 (KHTML, like Gecko) Chrome/32.0.1700.77 Safari/537.36"
80.213.131.29 - - [27/Jan/2014:08:01:37 -0500] "POST /groups/149-help-and-support-techical?layout=list&hqxqvrvn HTTP/1.1" 200 1272 "http://www.pacetest.dk/menu/groups" "Mozilla/5.0 (Macintosh; Intel Mac OS X 10_7_5) AppleWebKit/537.36 (KHTML, like Gecko) Chrome/32.0.1700.77 Safari/537.36"
94.145.68.182 - - [27/Jan/2014:08:01:41 -0500] "GET /notifications?get=count HTTP/1.1" 200 24 "http://www.pacetest.dk/menu/groups" "Mozilla/5.0 (Windows NT 6.2; WOW64; rv:26.0) Gecko/20100101 Firefox/26.0"
80.213.131.29 - - [27/Jan/2014:08:01:48 -0500] "POST /groups/197-ga-nextlevel-jylland?layout=list&hqxqvrvo HTTP/1.1" 200 1060 "http://www.pacetest.dk/menu/groups" "Mozilla/5.0 (Macintosh; Intel Mac OS X 10_7_5) AppleWebKit/537.36 (KHTML, like Gecko) Chrome/32.0.1700.77 Safari/537.36"
80.213.131.29 - - [27/Jan/2014:08:01:51 -0500] "POST /groups/209-ga-nextlevel-sj%C3%A6lland?layout=list&hqxqvrvp HTTP/1.1" 200 1068 "http://www.pacetest.dk/menu/groups" "Mozilla/5.0 (Macintosh; Intel Mac OS X 10_7_5) AppleWebKit/537.36 (KHTML, like Gecko) Chrome/32.0.1700.77 Safari/537.36"
80.213.131.29 - - [27/Jan/2014:08:02:06 -0500] "GET /notifications?get=count HTTP/1.1" 200 24 "http://www.pacetest.dk/menu/groups" "Mozilla/5.0 (Macintosh; Intel Mac OS X 10_7_5) AppleWebKit/537.36 (KHTML, like Gecko) Chrome/32.0.1700.77 Safari/537.36"
94.145.68.182 - - [27/Jan/2014:08:02:11 -0500] "GET /notifications?get=count HTTP/1.1" 200 24 "http://www.pacetest.dk/menu/groups" "Mozilla/5.0 (Windows NT 6.2; WOW64; rv:26.0) Gecko/20100101 Firefox/26.0"
94.145.68.182 - - [27/Jan/2014:08:02:26 -0500] "GET /groups/625-ga-nextlevel-norge-stallsp HTTP/1.1" 200 15517 "http://www.pacetest.dk/menu/groups" "Mozilla/5.0 (Windows NT 6.2; WOW64; rv:26.0) Gecko/20100101 Firefox/26.0"
94.145.68.182 - - [27/Jan/2014:08:02:29 -0500] "GET /media/lib_anahita/images/avatar/medium_default.gif HTTP/1.1" 200 191860 "http://www.pacetest.dk/groups/625-ga-nextlevel-norge-stallsp" "Mozilla/5.0 (Windows NT 6.2; WOW64; rv:26.0) Gecko/20100101 Firefox/26.0"
94.145.68.182 - - [27/Jan/2014:08:02:30 -0500] "GET /groups/625/graph/followers?layout=gadget&hqxqy4be HTTP/1.1" 200 993 "http://www.pacetest.dk/groups/625-ga-nextlevel-norge-stallsp" "Mozilla/5.0 (Windows NT 6.2; WOW64; rv:26.0) Gecko/20100101 Firefox/26.0"
- - - [27/Jan/2014:08:02:32 -0500] "OPTIONS * HTTP/1.0" 200 - "-" "Apache/2.2.22 (Red Hat Enterprise Web Server) (internal dummy connection)"
94.145.68.182 - - [27/Jan/2014:08:02:36 -0500] "GET /groups/625/settings HTTP/1.1" 200 11576 "http://www.pacetest.dk/groups/625-ga-nextlevel-norge-stallsp" "Mozilla/5.0 (Windows NT 6.2; WOW64; rv:26.0) Gecko/20100101 Firefox/26.0"
80.213.131.29 - - [27/Jan/2014:08:02:37 -0500] "GET /notifications?get=count HTTP/1.1" 200 24 "http://www.pacetest.dk/menu/groups" "Mozilla/5.0 (Macintosh; Intel Mac OS X 10_7_5) AppleWebKit/537.36 (KHTML, like Gecko) Chrome/32.0.1700.77 Safari/537.36"
- - - [27/Jan/2014:08:02:40 -0500] "OPTIONS * HTTP/1.0" 200 - "-" "Apache/2.2.22 (Red Hat Enterprise Web Server) (internal dummy connection)"
94.145.68.182 - - [27/Jan/2014:08:02:48 -0500] "GET /groups/625/settings?edit=permissions HTTP/1.1" 200 16549 "http://www.pacetest.dk/groups/625/settings" "Mozilla/5.0 (Windows NT 6.2; WOW64; rv:26.0) Gecko/20100101 Firefox/26.0"
80.213.131.29 - - [27/Jan/2014:08:03:06 -0500] "GET /notifications?get=count HTTP/1.1" 200 24 "http://www.pacetest.dk/menu/groups" "Mozilla/5.0 (Macintosh; Intel Mac OS X 10_7_5) AppleWebKit/537.36 (KHTML, like Gecko) Chrome/32.0.1700.77 Safari/537.36"
94.145.68.182 - - [27/Jan/2014:08:03:22 -0500] "GET /notifications?get=count HTTP/1.1" 200 24 "http://www.pacetest.dk/groups/625/settings?edit=permissions" "Mozilla/5.0 (Windows NT 6.2; WOW64; rv:26.0) Gecko/20100101 Firefox/26.0"
80.213.131.29 - - [27/Jan/2014:08:03:36 -0500] "GET /notifications?get=count HTTP/1.1" 200 24 "http://www.pacetest.dk/menu/groups" "Mozilla/5.0 (Macintosh; Intel Mac OS X 10_7_5) AppleWebKit/537.36 (KHTML, like Gecko) Chrome/32.0.1700.77 Safari/537.36"
94.145.68.182 - - [27/Jan/2014:08:03:40 -0500] "POST /groups/625-ga-nextlevel-norge-stallsp?hqxqylmc HTTP/1.1" 200 - "http://www.pacetest.dk/groups/625/settings?edit=permissions" "Mozilla/5.0 (Windows NT 6.2; WOW64; rv:26.0) Gecko/20100101 Firefox/26.0"
80.213.131.29 - - [27/Jan/2014:08:03:43 -0500] "GET /menu/groups HTTP/1.1" 200 15819 "http://www.pacetest.dk/" "Mozilla/5.0 (Macintosh; Intel Mac OS X 10_7_5) AppleWebKit/537.36 (KHTML, like Gecko) Chrome/32.0.1700.77 Safari/537.36"
80.213.131.29 - - [27/Jan/2014:08:03:46 -0500] "GET /templates/shiraz/css/style1/style.css HTTP/1.1" 304 - "http://www.pacetest.dk/" "Mozilla/5.0 (Macintosh; Intel Mac OS X 10_7_5) AppleWebKit/537.36 (KHTML, like Gecko) Chrome/32.0.1700.77 Safari/537.36"
80.213.131.29 - - [27/Jan/2014:08:03:46 -0500] "GET /media/lib_anahita/js/production/site.js HTTP/1.1" 304 - "http://www.pacetest.dk/" "Mozilla/5.0 (Macintosh; Intel Mac OS X 10_7_5) AppleWebKit/537.36 (KHTML, like Gecko) Chrome/32.0.1700.77 Safari/537.36"
80.213.131.29 - - [27/Jan/2014:08:03:46 -0500] "GET /media/lib_anahita/images/avatar/square_default.gif HTTP/1.1" 304 - "http://www.pacetest.dk/people/StallSP" "Mozilla/5.0 (Macintosh; Intel Mac OS X 10_7_5) AppleWebKit/537.36 (KHTML, like Gecko) Chrome/32.0.1700.77 Safari/537.36"
94.145.68.182 - - [27/Jan/2014:08:03:44 -0500] "GET /menu/groups HTTP/1.1" 200 22342 "http://www.pacetest.dk/groups/625/settings?edit=permissions" "Mozilla/5.0 (Windows NT 6.2; WOW64; rv:26.0) Gecko/20100101 Firefox/26.0"
- - - [27/Jan/2014:08:03:47 -0500] "OPTIONS * HTTP/1.0" 200 - "-" "Apache/2.2.22 (Red Hat Enterprise Web Server) (internal dummy connection)"
80.213.131.29 - - [27/Jan/2014:08:03:53 -0500] "POST /groups/625-ga-nextlevel-norge-stallsp?layout=list&hqxqz7c8 HTTP/1.1" 200 983 "http://www.pacetest.dk/menu/groups" "Mozilla/5.0 (Macintosh; Intel Mac OS X 10_7_5) AppleWebKit/537.36 (KHTML, like Gecko) Chrome/32.0.1700.77 Safari/537.36"
80.213.131.29 - - [27/Jan/2014:08:04:08 -0500] "GET /groups/4-the-atrium HTTP/1.1" 200 47338 "http://www.pacetest.dk/menu/groups" "Mozilla/5.0 (Macintosh; Intel Mac OS X 10_7_5) AppleWebKit/537.36 (KHTML, like Gecko) Chrome/32.0.1700.77 Safari/537.36"
80.213.131.29 - - [27/Jan/2014:08:04:13 -0500] "GET /groups/4/graph/followers?layout=gadget&hqxqzs1o HTTP/1.1" 200 2973 "http://www.pacetest.dk/groups/4-the-atrium" "Mozilla/5.0 (Macintosh; Intel Mac OS X 10_7_5) AppleWebKit/537.36 (KHTML, like Gecko) Chrome/32.0.1700.77 Safari/537.36"
94.145.68.182 - - [27/Jan/2014:08:04:18 -0500] "GET /notifications?get=count HTTP/1.1" 200 24 "http://www.pacetest.dk/menu/groups" "Mozilla/5.0 (Windows NT 6.2; WOW64; rv:26.0) Gecko/20100101 Firefox/26.0"
80.213.131.29 - - [27/Jan/2014:08:04:43 -0500] "GET /notifications?get=count HTTP/1.1" 200 24 "http://www.pacetest.dk/groups/4-the-atrium" "Mozilla/5.0 (Macintosh; Intel Mac OS X 10_7_5) AppleWebKit/537.36 (KHTML, like Gecko) Chrome/32.0.1700.77 Safari/537.36"
94.145.68.182 - - [27/Jan/2014:08:04:48 -0500] "GET /notifications?get=count HTTP/1.1" 200 24 "http://www.pacetest.dk/menu/groups" "Mozilla/5.0 (Windows NT 6.2; WOW64; rv:26.0) Gecko/20100101 Firefox/26.0"
80.213.131.29 - - [27/Jan/2014:08:05:04 -0500] "GET /menu/groups HTTP/1.1" 200 15807 "http://www.pacetest.dk/groups/4-the-atrium" "Mozilla/5.0 (Macintosh; Intel Mac OS X 10_7_5) AppleWebKit/537.36 (KHTML, like Gecko) Chrome/32.0.1700.77 Safari/537.36"
94.145.68.182 - - [27/Jan/2014:08:05:18 -0500] "GET /notifications?get=count HTTP/1.1" 200 24 "http://www.pacetest.dk/menu/groups" "Mozilla/5.0 (Windows NT 6.2; WOW64; rv:26.0) Gecko/20100101 Firefox/26.0"
80.213.131.29 - - [27/Jan/2014:08:05:37 -0500] "GET /notifications?get=count HTTP/1.1" 200 24 "http://www.pacetest.dk/menu/groups" "Mozilla/5.0 (Macintosh; Intel Mac OS X 10_7_5) AppleWebKit/537.36 (KHTML, like Gecko) Chrome/32.0.1700.77 Safari/537.36"
94.145.68.182 - - [27/Jan/2014:08:05:46 -0500] "GET /notifications?layout=popover&hqxqzsk2 HTTP/1.1" 200 7683 "http://www.pacetest.dk/menu/groups" "Mozilla/5.0 (Windows NT 6.2; WOW64; rv:26.0) Gecko/20100101 Firefox/26.0"
94.145.68.182 - - [27/Jan/2014:08:05:48 -0500] "GET /notifications?get=count HTTP/1.1" 200 24 "http://www.pacetest.dk/menu/groups" "Mozilla/5.0 (Windows NT 6.2; WOW64; rv:26.0) Gecko/20100101 Firefox/26.0"
- - - [27/Jan/2014:08:05:50 -0500] "OPTIONS * HTTP/1.0" 200 - "-" "Apache/2.2.22 (Red Hat Enterprise Web Server) (internal dummy connection)"
94.145.68.182 - - [27/Jan/2014:08:05:54 -0500] "GET /groups/625/settings?edit=requests HTTP/1.1" 200 12456 "http://www.pacetest.dk/menu/groups" "Mozilla/5.0 (Windows NT 6.2; WOW64; rv:26.0) Gecko/20100101 Firefox/26.0"
94.145.68.182 - - [27/Jan/2014:08:06:02 -0500] "POST /groups/625-ga-nextlevel-norge-stallsp?action=confirmrequester&requester=642 HTTP/1.1" 303 - "http://www.pacetest.dk/groups/625/settings?edit=requests" "Mozilla/5.0 (Windows NT 6.2; WOW64; rv:26.0) Gecko/20100101 Firefox/26.0"
94.145.68.182 - - [27/Jan/2014:08:06:04 -0500] "GET /groups/625/settings?edit=requests HTTP/1.1" 200 11561 "http://www.pacetest.dk/groups/625/settings?edit=requests" "Mozilla/5.0 (Windows NT 6.2; WOW64; rv:26.0) Gecko/20100101 Firefox/26.0"
80.213.131.29 - - [27/Jan/2014:08:06:07 -0500] "GET /notifications?get=count HTTP/1.1" 200 24 "http://www.pacetest.dk/menu/groups" "Mozilla/5.0 (Macintosh; Intel Mac OS X 10_7_5) AppleWebKit/537.36 (KHTML, like Gecko) Chrome/32.0.1700.77 Safari/537.36"
80.213.131.29 - - [27/Jan/2014:08:06:17 -0500] "GET /menu/groups HTTP/1.1" 200 15983 "http://www.pacetest.dk/groups/4-the-atrium" "Mozilla/5.0 (Macintosh; Intel Mac OS X 10_7_5) AppleWebKit/537.36 (KHTML, like Gecko) Chrome/32.0.1700.77 Safari/537.36"
80.213.131.29 - - [27/Jan/2014:08:06:19 -0500] "GET /templates/shiraz/css/style1/style.css HTTP/1.1" 304 - "http://www.pacetest.dk/" "Mozilla/5.0 (Macintosh; Intel Mac OS X 10_7_5) AppleWebKit/537.36 (KHTML, like Gecko) Chrome/32.0.1700.77 Safari/537.36"
80.213.131.29 - - [27/Jan/2014:08:06:19 -0500] "GET /media/lib_anahita/js/production/site.js HTTP/1.1" 304 - "http://www.pacetest.dk/" "Mozilla/5.0 (Macintosh; Intel Mac OS X 10_7_5) AppleWebKit/537.36 (KHTML, like Gecko) Chrome/32.0.1700.77 Safari/537.36"
80.213.131.29 - - [27/Jan/2014:08:06:19 -0500] "GET /media/lib_anahita/images/avatar/square_default.gif HTTP/1.1" 304 - "http://www.pacetest.dk/people/StallSP" "Mozilla/5.0 (Macintosh; Intel Mac OS X 10_7_5) AppleWebKit/537.36 (KHTML, like Gecko) Chrome/32.0.1700.77 Safari/537.36"
94.145.68.182 - - [27/Jan/2014:08:06:19 -0500] "GET /notifications?layout=popover&hqxr2rn7 HTTP/1.1" 200 7623 "http://www.pacetest.dk/groups/625/settings?edit=requests" "Mozilla/5.0 (Windows NT 6.2; WOW64; rv:26.0) Gecko/20100101 Firefox/26.0"
80.213.131.29 - - [27/Jan/2014:08:06:22 -0500] "GET /groups/625-ga-nextlevel-norge-stallsp HTTP/1.1" 200 15592 "http://www.pacetest.dk/menu/groups" "Mozilla/5.0 (Macintosh; Intel Mac OS X 10_7_5) AppleWebKit/537.36 (KHTML, like Gecko) Chrome/32.0.1700.77 Safari/537.36"
80.213.131.29 - - [27/Jan/2014:08:06:25 -0500] "GET /groups/625/graph/followers?layout=gadget&hqxr2lpv HTTP/1.1" 200 1326 "http://www.pacetest.dk/groups/625-ga-nextlevel-norge-stallsp" "Mozilla/5.0 (Macintosh; Intel Mac OS X 10_7_5) AppleWebKit/537.36 (KHTML, like Gecko) Chrome/32.0.1700.77 Safari/537.36"
94.145.68.182 - - [27/Jan/2014:08:06:25 -0500] "GET /groups/209/settings?edit=requests HTTP/1.1" 200 14349 "http://www.pacetest.dk/groups/625/settings?edit=requests" "Mozilla/5.0 (Windows NT 6.2; WOW64; rv:26.0) Gecko/20100101 Firefox/26.0"
- - - [27/Jan/2014:08:06:30 -0500] "OPTIONS * HTTP/1.0" 200 - "-" "Apache/2.2.22 (Red Hat Enterprise Web Server) (internal dummy connection)"
80.213.131.29 - - [27/Jan/2014:08:06:27 -0500] "GET /topics/@625/topic?layout=composer&hqxr2lpy HTTP/1.1" 200 1182 "http://www.pacetest.dk/groups/625-ga-nextlevel-norge-stallsp" "Mozilla/5.0 (Macintosh; Intel Mac OS X 10_7_5) AppleWebKit/537.36 (KHTML, like Gecko) Chrome/32.0.1700.77 Safari/537.36"
- - - [27/Jan/2014:08:06:32 -0500] "OPTIONS * HTTP/1.0" 200 - "-" "Apache/2.2.22 (Red Hat Enterprise Web Server) (internal dummy connection)"
94.145.68.182 - - [27/Jan/2014:08:06:37 -0500] "POST /groups/209-ga-nextlevel-sj%C3%A6lland?action=confirmrequester&requester=642 HTTP/1.1" 303 - "http://www.pacetest.dk/groups/209/settings?edit=requests" "Mozilla/5.0 (Windows NT 6.2; WOW64; rv:26.0) Gecko/20100101 Firefox/26.0"
94.145.68.182 - - [27/Jan/2014:08:06:39 -0500] "GET /groups/209/settings?edit=requests HTTP/1.1" 200 12519 "http://www.pacetest.dk/groups/209/settings?edit=requests" "Mozilla/5.0 (Windows NT 6.2; WOW64; rv:26.0) Gecko/20100101 Firefox/26.0"
94.145.68.182 - - [27/Jan/2014:08:06:40 -0500] "GET /menu/groups HTTP/1.1" 200 22327 "http://www.pacetest.dk/groups/209/settings?edit=requests" "Mozilla/5.0 (Windows NT 6.2; WOW64; rv:26.0) Gecko/20100101 Firefox/26.0"
- - - [27/Jan/2014:08:06:44 -0500] "OPTIONS * HTTP/1.0" 200 - "-" "Apache/2.2.22 (Red Hat Enterprise Web Server) (internal dummy connection)"
94.145.68.182 - - [27/Jan/2014:08:06:51 -0500] "GET /groups/625-ga-nextlevel-norge-stallsp HTTP/1.1" 200 15502 "http://www.pacetest.dk/menu/groups" "Mozilla/5.0 (Windows NT 6.2; WOW64; rv:26.0) Gecko/20100101 Firefox/26.0"
94.145.68.182 - - [27/Jan/2014:08:06:54 -0500] "GET /groups/625/graph/followers?layout=gadget&hqxr3s6e HTTP/1.1" 200 1326 "http://www.pacetest.dk/groups/625-ga-nextlevel-norge-stallsp" "Mozilla/5.0 (Windows NT 6.2; WOW64; rv:26.0) Gecko/20100101 Firefox/26.0"
80.213.131.29 - - [27/Jan/2014:08:06:55 -0500] "GET /notifications?get=count HTTP/1.1" 200 24 "http://www.pacetest.dk/groups/625-ga-nextlevel-norge-stallsp" "Mozilla/5.0 (Macintosh; Intel Mac OS X 10_7_5) AppleWebKit/537.36 (KHTML, like Gecko) Chrome/32.0.1700.77 Safari/537.36"
- - - [27/Jan/2014:08:06:57 -0500] "OPTIONS * HTTP/1.0" 200 - "-" "Apache/2.2.22 (Red Hat Enterprise Web Server) (internal dummy connection)"
94.145.68.182 - - [27/Jan/2014:08:07:24 -0500] "GET /notifications?get=count HTTP/1.1" 200 24 "http://www.pacetest.dk/groups/625-ga-nextlevel-norge-stallsp" "Mozilla/5.0 (Windows NT 6.2; WOW64; rv:26.0) Gecko/20100101 Firefox/26.0"
80.213.131.29 - - [27/Jan/2014:08:07:25 -0500] "GET /notifications?get=count HTTP/1.1" 200 24 "http://www.pacetest.dk/groups/625-ga-nextlevel-norge-stallsp" "Mozilla/5.0 (Macintosh; Intel Mac OS X 10_7_5) AppleWebKit/537.36 (KHTML, like Gecko) Chrome/32.0.1700.77 Safari/537.36"
94.145.68.182 - - [27/Jan/2014:08:07:54 -0500] "GET /notifications?get=count HTTP/1.1" 200 24 "http://www.pacetest.dk/groups/625-ga-nextlevel-norge-stallsp" "Mozilla/5.0 (Windows NT 6.2; WOW64; rv:26.0) Gecko/20100101 Firefox/26.0"
80.213.131.29 - - [27/Jan/2014:08:07:55 -0500] "GET /notifications?get=count HTTP/1.1" 200 24 "http://www.pacetest.dk/groups/625-ga-nextlevel-norge-stallsp" "Mozilla/5.0 (Macintosh; Intel Mac OS X 10_7_5) AppleWebKit/537.36 (KHTML, like Gecko) Chrome/32.0.1700.77 Safari/537.36"
94.145.68.182 - - [27/Jan/2014:08:08:02 -0500] "GET /topics/@625?layout=gadget&hqxr3s6h HTTP/1.1" 200 351 "http://www.pacetest.dk/groups/625-ga-nextlevel-norge-stallsp" "Mozilla/5.0 (Windows NT 6.2; WOW64; rv:26.0) Gecko/20100101 Firefox/26.0"
80.213.131.29 - - [27/Jan/2014:08:08:04 -0500] "GET /topics/@625?layout=gadget&hqxr2lq1 HTTP/1.1" 200 351 "http://www.pacetest.dk/groups/625-ga-nextlevel-norge-stallsp" "Mozilla/5.0 (Macintosh; Intel Mac OS X 10_7_5) AppleWebKit/537.36 (KHTML, like Gecko) Chrome/32.0.1700.77 Safari/537.36"
80.213.131.29 - - [27/Jan/2014:08:08:14 -0500] "GET /topics/@625 HTTP/1.1" 200 9453 "http://www.pacetest.dk/groups/625-ga-nextlevel-norge-stallsp" "Mozilla/5.0 (Macintosh; Intel Mac OS X 10_7_5) AppleWebKit/537.36 (KHTML, like Gecko) Chrome/32.0.1700.77 Safari/537.36"
94.145.68.182 - - [27/Jan/2014:08:08:18 -0500] "GET /topics/@625 HTTP/1.1" 200 9447 "http://www.pacetest.dk/groups/625-ga-nextlevel-norge-stallsp" "Mozilla/5.0 (Windows NT 6.2; WOW64; rv:26.0) Gecko/20100101 Firefox/26.0"
94.145.68.182 - - [27/Jan/2014:08:08:24 -0500] "GET /topics/@625/topic?layout=add HTTP/1.1" 200 10828 "http://www.pacetest.dk/topics/@625" "Mozilla/5.0 (Windows NT 6.2; WOW64; rv:26.0) Gecko/20100101 Firefox/26.0"
80.213.131.29 - - [27/Jan/2014:08:08:24 -0500] "GET /topics/@625/topic?layout=add HTTP/1.1" 200 10790 "http://www.pacetest.dk/topics/@625" "Mozilla/5.0 (Macintosh; Intel Mac OS X 10_7_5) AppleWebKit/537.36 (KHTML, like Gecko) Chrome/32.0.1700.77 Safari/537.36"
- - - [27/Jan/2014:08:08:29 -0500] "OPTIONS * HTTP/1.0" 200 - "-" "Apache/2.2.22 (Red Hat Enterprise Web Server) (internal dummy connection)"
80.213.131.29 - - [27/Jan/2014:08:08:29 -0500] "GET /media/lib_anahita/js/editor/tiny_mce.js HTTP/1.1" 200 203808 "http://www.pacetest.dk/topics/@625/topic?layout=add" "Mozilla/5.0 (Macintosh; Intel Mac OS X 10_7_5) AppleWebKit/537.36 (KHTML, like Gecko) Chrome/32.0.1700.77 Safari/537.36"
80.213.131.29 - - [27/Jan/2014:08:08:29 -0500] "GET /media/lib_anahita/js/editor/encoder.js HTTP/1.1" 200 10452 "http://www.pacetest.dk/topics/@625/topic?layout=add" "Mozilla/5.0 (Macintosh; Intel Mac OS X 10_7_5) AppleWebKit/537.36 (KHTML, like Gecko) Chrome/32.0.1700.77 Safari/537.36"
80.213.131.29 - - [27/Jan/2014:08:08:29 -0500] "GET /media/lib_anahita/js/editor/editor.js HTTP/1.1" 200 11576 "http://www.pacetest.dk/topics/@625/topic?layout=add" "Mozilla/5.0 (Macintosh; Intel Mac OS X 10_7_5) AppleWebKit/537.36 (KHTML, like Gecko) Chrome/32.0.1700.77 Safari/537.36"
80.213.131.29 - - [27/Jan/2014:08:08:30 -0500] "GET /media/lib_anahita/js/editor/langs/en.js HTTP/1.1" 200 5718 "http://www.pacetest.dk/topics/@625/topic?layout=add" "Mozilla/5.0 (Macintosh; Intel Mac OS X 10_7_5) AppleWebKit/537.36 (KHTML, like Gecko) Chrome/32.0.1700.77 Safari/537.36"
80.213.131.29 - - [27/Jan/2014:08:08:30 -0500] "GET /media/lib_anahita/js/editor/themes/advanced/editor_template.js HTTP/1.1" 200 25151 "http://www.pacetest.dk/topics/@625/topic?layout=add" "Mozilla/5.0 (Macintosh; Intel Mac OS X 10_7_5) AppleWebKit/537.36 (KHTML, like Gecko) Chrome/32.0.1700.77 Safari/537.36"
80.213.131.29 - - [27/Jan/2014:08:08:30 -0500] "GET /media/lib_anahita/js/editor/plugins/anahita/editor_plugin.js HTTP/1.1" 200 2647 "http://www.pacetest.dk/topics/@625/topic?layout=add" "Mozilla/5.0 (Macintosh; Intel Mac OS X 10_7_5) AppleWebKit/537.36 (KHTML, like Gecko) Chrome/32.0.1700.77 Safari/537.36"
80.213.131.29 - - [27/Jan/2014:08:08:30 -0500] "GET /media/lib_anahita/js/editor/plugins/autoresize/editor_plugin.js HTTP/1.1" 200 1639 "http://www.pacetest.dk/topics/@625/topic?layout=add" "Mozilla/5.0 (Macintosh; Intel Mac OS X 10_7_5) AppleWebKit/537.36 (KHTML, like Gecko) Chrome/32.0.1700.77 Safari/537.36"
80.213.131.29 - - [27/Jan/2014:08:08:30 -0500] "GET /media/lib_anahita/js/editor/themes/advanced/langs/en.js HTTP/1.1" 200 2019 "http://www.pacetest.dk/topics/@625/topic?layout=add" "Mozilla/5.0 (Macintosh; Intel Mac OS X 10_7_5) AppleWebKit/537.36 (KHTML, like Gecko) Chrome/32.0.1700.77 Safari/537.36"
80.213.131.29 - - [27/Jan/2014:08:08:30 -0500] "GET /media/lib_anahita/js/editor/themes/advanced/skins/default/ui.css HTTP/1.1" 200 15525 "http://www.pacetest.dk/topics/@625/topic?layout=add" "Mozilla/5.0 (Macintosh; Intel Mac OS X 10_7_5) AppleWebKit/537.36 (KHTML, like Gecko) Chrome/32.0.1700.77 Safari/537.36"
80.213.131.29 - - [27/Jan/2014:08:08:31 -0500] "GET /media/lib_anahita/js/editor/themes/advanced/skins/default/content.css HTTP/1.1" 200 2715 "-" "Mozilla/5.0 (Macintosh; Intel Mac OS X 10_7_5) AppleWebKit/537.36 (KHTML, like Gecko) Chrome/32.0.1700.77 Safari/537.36"
80.213.131.29 - - [27/Jan/2014:08:08:31 -0500] "GET /media/lib_anahita/js/editor/themes/advanced/img/icons.gif HTTP/1.1" 200 11794 "http://www.pacetest.dk/topics/@625/topic?layout=add" "Mozilla/5.0 (Macintosh; Intel Mac OS X 10_7_5) AppleWebKit/537.36 (KHTML, like Gecko) Chrome/32.0.1700.77 Safari/537.36"
94.145.68.182 - - [27/Jan/2014:08:08:58 -0500] "GET /notifications?get=count HTTP/1.1" 200 24 "http://www.pacetest.dk/topics/@625/topic?layout=add" "Mozilla/5.0 (Windows NT 6.2; WOW64; rv:26.0) Gecko/20100101 Firefox/26.0"
80.213.131.29 - - [27/Jan/2014:08:08:59 -0500] "GET /notifications?get=count HTTP/1.1" 200 24 "http://www.pacetest.dk/topics/@625/topic?layout=add" "Mozilla/5.0 (Macintosh; Intel Mac OS X 10_7_5) AppleWebKit/537.36 (KHTML, like Gecko) Chrome/32.0.1700.77 Safari/537.36"
- - - [27/Jan/2014:08:09:01 -0500] "OPTIONS * HTTP/1.0" 200 - "-" "Apache/2.2.22 (Red Hat Enterprise Web Server) (internal dummy connection)"
94.145.68.182 - - [27/Jan/2014:08:09:28 -0500] "GET /notifications?get=count HTTP/1.1" 200 24 "http://www.pacetest.dk/topics/@625/topic?layout=add" "Mozilla/5.0 (Windows NT 6.2; WOW64; rv:26.0) Gecko/20100101 Firefox/26.0"
80.213.131.29 - - [27/Jan/2014:08:09:29 -0500] "GET /notifications?get=count HTTP/1.1" 200 24 "http://www.pacetest.dk/topics/@625/topic?layout=add" "Mozilla/5.0 (Macintosh; Intel Mac OS X 10_7_5) AppleWebKit/537.36 (KHTML, like Gecko) Chrome/32.0.1700.77 Safari/537.36"
- - - [27/Jan/2014:08:09:31 -0500] "OPTIONS * HTTP/1.0" 200 - "-" "Apache/2.2.22 (Red Hat Enterprise Web Server) (internal dummy connection)"
94.145.68.182 - - [27/Jan/2014:08:09:58 -0500] "GET /notifications?get=count HTTP/1.1" 200 24 "http://www.pacetest.dk/topics/@625/topic?layout=add" "Mozilla/5.0 (Windows NT 6.2; WOW64; rv:26.0) Gecko/20100101 Firefox/26.0"
80.213.131.29 - - [27/Jan/2014:08:09:59 -0500] "GET /notifications?get=count HTTP/1.1" 200 24 "http://www.pacetest.dk/topics/@625/topic?layout=add" "Mozilla/5.0 (Macintosh; Intel Mac OS X 10_7_5) AppleWebKit/537.36 (KHTML, like Gecko) Chrome/32.0.1700.77 Safari/537.36"
- - - [27/Jan/2014:08:10:02 -0500] "OPTIONS * HTTP/1.0" 200 - "-" "Apache/2.2.22 (Red Hat Enterprise Web Server) (internal dummy connection)"
10.110.62.41 - - [27/Jan/2014:08:10:19 -0500] "GET / HTTP/1.1" 200 7852 "-" "Ruby"
10.110.62.41 - - [27/Jan/2014:08:10:20 -0500] "GET / HTTP/1.1" 200 7855 "-" "Ruby"
80.213.131.29 - - [27/Jan/2014:08:10:20 -0500] "POST /topics/@625/topic HTTP/1.1" 303 - "http://www.pacetest.dk/topics/@625/topic?layout=add" "Mozilla/5.0 (Macintosh; Intel Mac OS X 10_7_5) AppleWebKit/537.36 (KHTML, like Gecko) Chrome/32.0.1700.77 Safari/537.36"
80.213.131.29 - - [27/Jan/2014:08:10:25 -0500] "GET /topics/676 HTTP/1.1" 200 13338 "http://www.pacetest.dk/topics/@625/topic?layout=add" "Mozilla/5.0 (Macintosh; Intel Mac OS X 10_7_5) AppleWebKit/537.36 (KHTML, like Gecko) Chrome/32.0.1700.77 Safari/537.36"
94.145.68.182 - - [27/Jan/2014:08:10:28 -0500] "GET /notifications?get=count HTTP/1.1" 200 24 "http://www.pacetest.dk/topics/@625/topic?layout=add" "Mozilla/5.0 (Windows NT 6.2; WOW64; rv:26.0) Gecko/20100101 Firefox/26.0"
- - - [27/Jan/2014:08:10:32 -0500] "OPTIONS * HTTP/1.0" 200 - "-" "Apache/2.2.22 (Red Hat Enterprise Web Server) (internal dummy connection)"
94.145.68.182 - - [27/Jan/2014:08:10:39 -0500] "GET /menu/groups HTTP/1.1" 200 22342 "http://www.pacetest.dk/topics/@625/topic?layout=add" "Mozilla/5.0 (Windows NT 6.2; WOW64; rv:26.0) Gecko/20100101 Firefox/26.0"
94.145.68.182 - - [27/Jan/2014:08:10:46 -0500] "GET /notifications?layout=popover&hqxr8obr HTTP/1.1" 200 8567 "http://www.pacetest.dk/menu/groups" "Mozilla/5.0 (Windows NT 6.2; WOW64; rv:26.0) Gecko/20100101 Firefox/26.0"
80.213.131.29 - - [27/Jan/2014:08:10:46 -0500] "GET /groups/625-ga-nextlevel-norge-stallsp HTTP/1.1" 200 19505 "http://www.pacetest.dk/topics/676" "Mozilla/5.0 (Macintosh; Intel Mac OS X 10_7_5) AppleWebKit/537.36 (KHTML, like Gecko) Chrome/32.0.1700.77 Safari/537.36"
80.213.131.29 - - [27/Jan/2014:08:10:54 -0500] "GET /groups/625/graph/followers?layout=gadget&hqxr8daz HTTP/1.1" 200 1326 "http://www.pacetest.dk/groups/625-ga-nextlevel-norge-stallsp" "Mozilla/5.0 (Macintosh; Intel Mac OS X 10_7_5) AppleWebKit/537.36 (KHTML, like Gecko) Chrome/32.0.1700.77 Safari/537.36"
- - - [27/Jan/2014:08:10:57 -0500] "OPTIONS * HTTP/1.0" 200 - "-" "Apache/2.2.22 (Red Hat Enterprise Web Server) (internal dummy connection)"
80.213.131.29 - - [27/Jan/2014:08:11:00 -0500] "GET /notifications/settings?layout=modal&oid=625&hqxr8db1 HTTP/1.1" 200 1078 "http://www.pacetest.dk/groups/625-ga-nextlevel-norge-stallsp" "Mozilla/5.0 (Macintosh; Intel Mac OS X 10_7_5) AppleWebKit/537.36 (KHTML, like Gecko) Chrome/32.0.1700.77 Safari/537.36"
94.145.68.182 - - [27/Jan/2014:08:11:01 -0500] "GET /topics/676-velkommen-til-v%C3%A5rt-community-her-p%C3%A5-anahita HTTP/1.1" 200 14526 "http://www.pacetest.dk/menu/groups" "Mozilla/5.0 (Windows NT 6.2; WOW64; rv:26.0) Gecko/20100101 Firefox/26.0"
- - - [27/Jan/2014:08:11:06 -0500] "OPTIONS * HTTP/1.0" 200 - "-" "Apache/2.2.22 (Red Hat Enterprise Web Server) (internal dummy connection)"
80.213.131.29 - - [27/Jan/2014:08:11:24 -0500] "GET /notifications?get=count HTTP/1.1" 200 24 "http://www.pacetest.dk/groups/625-ga-nextlevel-norge-stallsp" "Mozilla/5.0 (Macintosh; Intel Mac OS X 10_7_5) AppleWebKit/537.36 (KHTML, like Gecko) Chrome/32.0.1700.77 Safari/537.36"
94.145.68.182 - - [27/Jan/2014:08:11:26 -0500] "GET /menu/groups HTTP/1.1" 200 22327 "http://www.pacetest.dk/topics/676-velkommen-til-v%C3%A5rt-community-her-p%C3%A5-anahita" "Mozilla/5.0 (Windows NT 6.2; WOW64; rv:26.0) Gecko/20100101 Firefox/26.0"
80.213.131.29 - - [27/Jan/2014:08:11:41 -0500] "GET /menu/groups HTTP/1.1" 200 16151 "http://www.pacetest.dk/groups/625-ga-nextlevel-norge-stallsp" "Mozilla/5.0 (Macintosh; Intel Mac OS X 10_7_5) AppleWebKit/537.36 (KHTML, like Gecko) Chrome/32.0.1700.77 Safari/537.36"
94.145.68.182 - - [27/Jan/2014:08:11:41 -0500] "GET /groups/625-ga-nextlevel-norge-stallsp HTTP/1.1" 200 19516 "http://www.pacetest.dk/menu/groups" "Mozilla/5.0 (Windows NT 6.2; WOW64; rv:26.0) Gecko/20100101 Firefox/26.0"
- - - [27/Jan/2014:08:11:47 -0500] "OPTIONS * HTTP/1.0" 200 - "-" "Apache/2.2.22 (Red Hat Enterprise Web Server) (internal dummy connection)"
94.145.68.182 - - [27/Jan/2014:08:11:47 -0500] "GET /groups/625/graph/followers?layout=gadget&hqxra2id HTTP/1.1" 200 1326 "http://www.pacetest.dk/groups/625-ga-nextlevel-norge-stallsp" "Mozilla/5.0 (Windows NT 6.2; WOW64; rv:26.0) Gecko/20100101 Firefox/26.0"
80.213.131.29 - - [27/Jan/2014:08:11:51 -0500] "GET /groups/625-ga-nextlevel-norge-stallsp HTTP/1.1" 200 19504 "http://www.pacetest.dk/menu/groups" "Mozilla/5.0 (Macintosh; Intel Mac OS X 10_7_5) AppleWebKit/537.36 (KHTML, like Gecko) Chrome/32.0.1700.77 Safari/537.36"
80.213.131.29 - - [27/Jan/2014:08:11:56 -0500] "GET /groups/625/graph/followers?layout=gadget&hqxr9p5h HTTP/1.1" 200 1326 "http://www.pacetest.dk/groups/625-ga-nextlevel-norge-stallsp" "Mozilla/5.0 (Macintosh; Intel Mac OS X 10_7_5) AppleWebKit/537.36 (KHTML, like Gecko) Chrome/32.0.1700.77 Safari/537.36"
94.145.68.182 - - [27/Jan/2014:08:12:17 -0500] "GET /notifications?get=count HTTP/1.1" 200 24 "http://www.pacetest.dk/groups/625-ga-nextlevel-norge-stallsp" "Mozilla/5.0 (Windows NT 6.2; WOW64; rv:26.0) Gecko/20100101 Firefox/26.0"
80.213.131.29 - - [27/Jan/2014:08:12:26 -0500] "GET /notifications?get=count HTTP/1.1" 200 24 "http://www.pacetest.dk/groups/625-ga-nextlevel-norge-stallsp" "Mozilla/5.0 (Macintosh; Intel Mac OS X 10_7_5) AppleWebKit/537.36 (KHTML, like Gecko) Chrome/32.0.1700.77 Safari/537.36"
94.145.68.182 - - [27/Jan/2014:08:12:28 -0500] "GET /groups/625/settings HTTP/1.1" 200 11561 "http://www.pacetest.dk/groups/625-ga-nextlevel-norge-stallsp" "Mozilla/5.0 (Windows NT 6.2; WOW64; rv:26.0) Gecko/20100101 Firefox/26.0"
94.145.68.182 - - [27/Jan/2014:08:12:38 -0500] "GET /groups/625/settings?edit=admins HTTP/1.1" 200 11895 "http://www.pacetest.dk/groups/625/settings" "Mozilla/5.0 (Windows NT 6.2; WOW64; rv:26.0) Gecko/20100101 Firefox/26.0"
94.145.68.182 - - [27/Jan/2014:08:12:41 -0500] "GET /media/lib_anahita/js/groupadmin.js HTTP/1.1" 200 1155 "http://www.pacetest.dk/groups/625/settings?edit=admins" "Mozilla/5.0 (Windows NT 6.2; WOW64; rv:26.0) Gecko/20100101 Firefox/26.0"
94.145.68.182 - - [27/Jan/2014:08:12:55 -0500] "GET /groups/625/candidates?value=St HTTP/1.1" 200 136 "http://www.pacetest.dk/groups/625/settings?edit=admins" "Mozilla/5.0 (Windows NT 6.2; WOW64; rv:26.0) Gecko/20100101 Firefox/26.0"
80.213.131.29 - - [27/Jan/2014:08:12:56 -0500] "GET /notifications?get=count HTTP/1.1" 200 24 "http://www.pacetest.dk/groups/625-ga-nextlevel-norge-stallsp" "Mozilla/5.0 (Macintosh; Intel Mac OS X 10_7_5) AppleWebKit/537.36 (KHTML, like Gecko) Chrome/32.0.1700.77 Safari/537.36"
- - - [27/Jan/2014:08:12:58 -0500] "OPTIONS * HTTP/1.0" 200 - "-" "Apache/2.2.22 (Red Hat Enterprise Web Server) (internal dummy connection)"
94.145.68.182 - - [27/Jan/2014:08:13:01 -0500] "POST /groups/625-ga-nextlevel-norge-stallsp HTTP/1.1" 303 - "http://www.pacetest.dk/groups/625/settings?edit=admins" "Mozilla/5.0 (Windows NT 6.2; WOW64; rv:26.0) Gecko/20100101 Firefox/26.0"
94.145.68.182 - - [27/Jan/2014:08:13:03 -0500] "GET /groups/625/settings?edit=admins HTTP/1.1" 200 13306 "http://www.pacetest.dk/groups/625/settings?edit=admins" "Mozilla/5.0 (Windows NT 6.2; WOW64; rv:26.0) Gecko/20100101 Firefox/26.0"
80.213.131.29 - - [27/Jan/2014:08:13:11 -0500] "GET /groups/625-ga-nextlevel-norge-stallsp HTTP/1.1" 200 19694 "http://www.pacetest.dk/menu/groups" "Mozilla/5.0 (Macintosh; Intel Mac OS X 10_7_5) AppleWebKit/537.36 (KHTML, like Gecko) Chrome/32.0.1700.77 Safari/537.36"
80.213.131.29 - - [27/Jan/2014:08:13:15 -0500] "GET /templates/shiraz/css/style1/style.css HTTP/1.1" 304 - "http://www.pacetest.dk/" "Mozilla/5.0 (Macintosh; Intel Mac OS X 10_7_5) AppleWebKit/537.36 (KHTML, like Gecko) Chrome/32.0.1700.77 Safari/537.36"
80.213.131.29 - - [27/Jan/2014:08:13:15 -0500] "GET /media/lib_anahita/js/production/site.js HTTP/1.1" 304 - "http://www.pacetest.dk/" "Mozilla/5.0 (Macintosh; Intel Mac OS X 10_7_5) AppleWebKit/537.36 (KHTML, like Gecko) Chrome/32.0.1700.77 Safari/537.36"
80.213.131.29 - - [27/Jan/2014:08:13:15 -0500] "GET /media/lib_anahita/images/avatar/medium_default.gif HTTP/1.1" 304 - "http://www.pacetest.dk/people/StallSP" "Mozilla/5.0 (Macintosh; Intel Mac OS X 10_7_5) AppleWebKit/537.36 (KHTML, like Gecko) Chrome/32.0.1700.77 Safari/537.36"
80.213.131.29 - - [27/Jan/2014:08:13:15 -0500] "GET /media/com_stories/js/stories.js HTTP/1.1" 304 - "http://www.pacetest.dk/people/StallSP" "Mozilla/5.0 (Macintosh; Intel Mac OS X 10_7_5) AppleWebKit/537.36 (KHTML, like Gecko) Chrome/32.0.1700.77 Safari/537.36"
80.213.131.29 - - [27/Jan/2014:08:13:15 -0500] "GET /media/lib_anahita/js/vendors/mediabox.js HTTP/1.1" 304 - "http://www.pacetest.dk/people/StallSP" "Mozilla/5.0 (Macintosh; Intel Mac OS X 10_7_5) AppleWebKit/537.36 (KHTML, like Gecko) Chrome/32.0.1700.77 Safari/537.36"
80.213.131.29 - - [27/Jan/2014:08:13:15 -0500] "GET /media/com_composer/js/composer.js HTTP/1.1" 304 - "http://www.pacetest.dk/people/StallSP" "Mozilla/5.0 (Macintosh; Intel Mac OS X 10_7_5) AppleWebKit/537.36 (KHTML, like Gecko) Chrome/32.0.1700.77 Safari/537.36"
80.213.131.29 - - [27/Jan/2014:08:13:15 -0500] "GET /groups/625/graph/followers?layout=gadget&hqxrbe6l HTTP/1.1" 200 1659 "http://www.pacetest.dk/groups/625-ga-nextlevel-norge-stallsp" "Mozilla/5.0 (Macintosh; Intel Mac OS X 10_7_5) AppleWebKit/537.36 (KHTML, like Gecko) Chrome/32.0.1700.77 Safari/537.36"
94.145.68.182 - - [27/Jan/2014:08:13:15 -0500] "GET /groups/625-ga-nextlevel-norge-stallsp HTTP/1.1" 200 19680 "http://www.pacetest.dk/groups/625/settings?edit=admins" "Mozilla/5.0 (Windows NT 6.2; WOW64; rv:26.0) Gecko/20100101 Firefox/26.0"
- - - [27/Jan/2014:08:13:21 -0500] "OPTIONS * HTTP/1.0" 200 - "-" "Apache/2.2.22 (Red Hat Enterprise Web Server) (internal dummy connection)"
94.145.68.182 - - [27/Jan/2014:08:13:21 -0500] "GET /groups/625/graph/followers?layout=gadget&hqxrc2lt HTTP/1.1" 200 1659 "http://www.pacetest.dk/groups/625-ga-nextlevel-norge-stallsp" "Mozilla/5.0 (Windows NT 6.2; WOW64; rv:26.0) Gecko/20100101 Firefox/26.0"
80.213.131.29 - - [27/Jan/2014:08:13:21 -0500] "GET /groups/625/settings HTTP/1.1" 200 11567 "http://www.pacetest.dk/groups/625-ga-nextlevel-norge-stallsp" "Mozilla/5.0 (Macintosh; Intel Mac OS X 10_7_5) AppleWebKit/537.36 (KHTML, like Gecko) Chrome/32.0.1700.77 Safari/537.36"
- - - [27/Jan/2014:08:13:25 -0500] "OPTIONS * HTTP/1.0" 200 - "-" "Apache/2.2.22 (Red Hat Enterprise Web Server) (internal dummy connection)"
94.145.68.182 - - [27/Jan/2014:08:13:27 -0500] "GET /groups/625/settings HTTP/1.1" 200 11561 "http://www.pacetest.dk/groups/625-ga-nextlevel-norge-stallsp" "Mozilla/5.0 (Windows NT 6.2; WOW64; rv:26.0) Gecko/20100101 Firefox/26.0"
80.213.131.29 - - [27/Jan/2014:08:13:36 -0500] "GET /groups/625/settings?edit=avatar HTTP/1.1" 200 11182 "http://www.pacetest.dk/groups/625/settings" "Mozilla/5.0 (Macintosh; Intel Mac OS X 10_7_5) AppleWebKit/537.36 (KHTML, like Gecko) Chrome/32.0.1700.77 Safari/537.36"
94.145.68.182 - - [27/Jan/2014:08:13:50 -0500] "GET /groups/625/settings?edit=avatar HTTP/1.1" 200 11176 "http://www.pacetest.dk/groups/625/settings" "Mozilla/5.0 (Windows NT 6.2; WOW64; rv:26.0) Gecko/20100101 Firefox/26.0"
80.213.131.29 - - [27/Jan/2014:08:14:09 -0500] "GET /notifications?get=count HTTP/1.1" 200 24 "http://www.pacetest.dk/groups/625/settings?edit=avatar" "Mozilla/5.0 (Macintosh; Intel Mac OS X 10_7_5) AppleWebKit/537.36 (KHTML, like Gecko) Chrome/32.0.1700.77 Safari/537.36"
80.213.131.29 - - [27/Jan/2014:08:14:05 -0500] "POST /groups/625-ga-nextlevel-norge-stallsp?edit=avatar HTTP/1.1" 303 - "http://www.pacetest.dk/groups/625/settings?edit=avatar" "Mozilla/5.0 (Macintosh; Intel Mac OS X 10_7_5) AppleWebKit/537.36 (KHTML, like Gecko) Chrome/32.0.1700.77 Safari/537.36"
80.213.131.29 - - [27/Jan/2014:08:14:13 -0500] "GET /groups/625/settings?edit=avatar HTTP/1.1" 200 11539 "http://www.pacetest.dk/groups/625/settings?edit=avatar" "Mozilla/5.0 (Macintosh; Intel Mac OS X 10_7_5) AppleWebKit/537.36 (KHTML, like Gecko) Chrome/32.0.1700.77 Safari/537.36"
- - - [27/Jan/2014:08:14:16 -0500] "OPTIONS * HTTP/1.0" 200 - "-" "Apache/2.2.22 (Red Hat Enterprise Web Server) (internal dummy connection)"
80.213.131.29 - - [27/Jan/2014:08:14:16 -0500] "GET /groups/625/settings?edit=avatar HTTP/1.1" 200 11539 "http://www.pacetest.dk/groups/625/settings?edit=avatar" "Mozilla/5.0 (Macintosh; Intel Mac OS X 10_7_5) AppleWebKit/537.36 (KHTML, like Gecko) Chrome/32.0.1700.77 Safari/537.36"
80.213.131.29 - - [27/Jan/2014:08:14:19 -0500] "GET /templates/shiraz/css/style1/style.css HTTP/1.1" 304 - "http://www.pacetest.dk/" "Mozilla/5.0 (Macintosh; Intel Mac OS X 10_7_5) AppleWebKit/537.36 (KHTML, like Gecko) Chrome/32.0.1700.77 Safari/537.36"
80.213.131.29 - - [27/Jan/2014:08:14:19 -0500] "GET /media/lib_anahita/js/production/site.js HTTP/1.1" 304 - "http://www.pacetest.dk/" "Mozilla/5.0 (Macintosh; Intel Mac OS X 10_7_5) AppleWebKit/537.36 (KHTML, like Gecko) Chrome/32.0.1700.77 Safari/537.36"
94.145.68.182 - - [27/Jan/2014:08:14:23 -0500] "GET /notifications?get=count HTTP/1.1" 200 24 "http://www.pacetest.dk/groups/625/settings?edit=avatar" "Mozilla/5.0 (Windows NT 6.2; WOW64; rv:26.0) Gecko/20100101 Firefox/26.0"
80.213.131.29 - - [27/Jan/2014:08:14:26 -0500] "GET /groups/625-ga-nextlevel-norge-stallsp HTTP/1.1" 200 21545 "http://www.pacetest.dk/groups/625/settings?edit=avatar" "Mozilla/5.0 (Macintosh; Intel Mac OS X 10_7_5) AppleWebKit/537.36 (KHTML, like Gecko) Chrome/32.0.1700.77 Safari/537.36"
80.213.131.29 - - [27/Jan/2014:08:14:30 -0500] "GET /groups/625/graph/followers?layout=gadget&hqxrd00s HTTP/1.1" 200 1659 "http://www.pacetest.dk/groups/625-ga-nextlevel-norge-stallsp" "Mozilla/5.0 (Macintosh; Intel Mac OS X 10_7_5) AppleWebKit/537.36 (KHTML, like Gecko) Chrome/32.0.1700.77 Safari/537.36"
94.145.68.182 - - [27/Jan/2014:08:14:31 -0500] "GET /groups/625-ga-nextlevel-norge-stallsp HTTP/1.1" 200 21531 "http://www.pacetest.dk/groups/625/settings?edit=avatar" "Mozilla/5.0 (Windows NT 6.2; WOW64; rv:26.0) Gecko/20100101 Firefox/26.0"
- - - [27/Jan/2014:08:14:35 -0500] "OPTIONS * HTTP/1.0" 200 - "-" "Apache/2.2.22 (Red Hat Enterprise Web Server) (internal dummy connection)"
94.145.68.182 - - [27/Jan/2014:08:14:36 -0500] "GET /groups/625/graph/followers?layout=gadget&hqxrdoiz HTTP/1.1" 200 1659 "http://www.pacetest.dk/groups/625-ga-nextlevel-norge-stallsp" "Mozilla/5.0 (Windows NT 6.2; WOW64; rv:26.0) Gecko/20100101 Firefox/26.0"
80.213.131.29 - - [27/Jan/2014:08:14:41 -0500] "GET /groups/625/settings HTTP/1.1" 200 11666 "http://www.pacetest.dk/groups/625-ga-nextlevel-norge-stallsp" "Mozilla/5.0 (Macintosh; Intel Mac OS X 10_7_5) AppleWebKit/537.36 (KHTML, like Gecko) Chrome/32.0.1700.77 Safari/537.36"
94.145.68.182 - - [27/Jan/2014:08:14:59 -0500] "GET /groups/625/settings HTTP/1.1" 200 11660 "http://www.pacetest.dk/groups/625-ga-nextlevel-norge-stallsp" "Mozilla/5.0 (Windows NT 6.2; WOW64; rv:26.0) Gecko/20100101 Firefox/26.0"
80.213.131.29 - - [27/Jan/2014:08:15:13 -0500] "GET /notifications?get=count HTTP/1.1" 200 24 "http://www.pacetest.dk/groups/625/settings" "Mozilla/5.0 (Macintosh; Intel Mac OS X 10_7_5) AppleWebKit/537.36 (KHTML, like Gecko) Chrome/32.0.1700.77 Safari/537.36"
94.145.68.182 - - [27/Jan/2014:08:15:32 -0500] "GET /notifications?get=count HTTP/1.1" 200 24 "http://www.pacetest.dk/groups/625/settings" "Mozilla/5.0 (Windows NT 6.2; WOW64; rv:26.0) Gecko/20100101 Firefox/26.0"
80.213.131.29 - - [27/Jan/2014:08:15:35 -0500] "GET /groups/625/settings?edit=avatar HTTP/1.1" 200 11539 "http://www.pacetest.dk/groups/625/settings" "Mozilla/5.0 (Macintosh; Intel Mac OS X 10_7_5) AppleWebKit/537.36 (KHTML, like Gecko) Chrome/32.0.1700.77 Safari/537.36"
94.145.68.182 - - [27/Jan/2014:08:15:41 -0500] "GET /groups/625/settings?edit=avatar HTTP/1.1" 200 11533 "http://www.pacetest.dk/groups/625/settings" "Mozilla/5.0 (Windows NT 6.2; WOW64; rv:26.0) Gecko/20100101 Firefox/26.0"
10.68.9.26 - - [27/Jan/2014:08:15:45 -0500] "GET / HTTP/1.1" 200 7852 "-" "Ruby, OpenshiftSilver"
80.213.131.29 - - [27/Jan/2014:08:15:46 -0500] "GET /groups/625/settings?edit=permissions HTTP/1.1" 200 16646 "http://www.pacetest.dk/groups/625/settings?edit=avatar" "Mozilla/5.0 (Macintosh; Intel Mac OS X 10_7_5) AppleWebKit/537.36 (KHTML, like Gecko) Chrome/32.0.1700.77 Safari/537.36"
- - - [27/Jan/2014:08:15:50 -0500] "OPTIONS * HTTP/1.0" 200 - "-" "Apache/2.2.22 (Red Hat Enterprise Web Server) (internal dummy connection)"
94.145.68.182 - - [27/Jan/2014:08:15:51 -0500] "GET /groups/625/settings?edit=permissions HTTP/1.1" 200 16640 "http://www.pacetest.dk/groups/625/settings?edit=avatar" "Mozilla/5.0 (Windows NT 6.2; WOW64; rv:26.0) Gecko/20100101 Firefox/26.0"
80.213.131.29 - - [27/Jan/2014:08:16:20 -0500] "GET /notifications?get=count HTTP/1.1" 200 24 "http://www.pacetest.dk/groups/625/settings?edit=permissions" "Mozilla/5.0 (Macintosh; Intel Mac OS X 10_7_5) AppleWebKit/537.36 (KHTML, like Gecko) Chrome/32.0.1700.77 Safari/537.36"
94.145.68.182 - - [27/Jan/2014:08:16:24 -0500] "GET /notifications?get=count HTTP/1.1" 200 24 "http://www.pacetest.dk/groups/625/settings?edit=permissions" "Mozilla/5.0 (Windows NT 6.2; WOW64; rv:26.0) Gecko/20100101 Firefox/26.0"
80.213.131.29 - - [27/Jan/2014:08:16:50 -0500] "GET /notifications?get=count HTTP/1.1" 200 24 "http://www.pacetest.dk/groups/625/settings?edit=permissions" "Mozilla/5.0 (Macintosh; Intel Mac OS X 10_7_5) AppleWebKit/537.36 (KHTML, like Gecko) Chrome/32.0.1700.77 Safari/537.36"
94.145.68.182 - - [27/Jan/2014:08:16:54 -0500] "GET /notifications?get=count HTTP/1.1" 200 24 "http://www.pacetest.dk/groups/625/settings?edit=permissions" "Mozilla/5.0 (Windows NT 6.2; WOW64; rv:26.0) Gecko/20100101 Firefox/26.0"
80.213.131.29 - - [27/Jan/2014:08:17:20 -0500] "GET /notifications?get=count HTTP/1.1" 200 24 "http://www.pacetest.dk/groups/625/settings?edit=permissions" "Mozilla/5.0 (Macintosh; Intel Mac OS X 10_7_5) AppleWebKit/537.36 (KHTML, like Gecko) Chrome/32.0.1700.77 Safari/537.36"
94.145.68.182 - - [27/Jan/2014:08:17:24 -0500] "GET /notifications?get=count HTTP/1.1" 200 24 "http://www.pacetest.dk/groups/625/settings?edit=permissions" "Mozilla/5.0 (Windows NT 6.2; WOW64; rv:26.0) Gecko/20100101 Firefox/26.0"
80.213.131.29 - - [27/Jan/2014:08:17:50 -0500] "GET /notifications?get=count HTTP/1.1" 200 24 "http://www.pacetest.dk/groups/625/settings?edit=permissions" "Mozilla/5.0 (Macintosh; Intel Mac OS X 10_7_5) AppleWebKit/537.36 (KHTML, like Gecko) Chrome/32.0.1700.77 Safari/537.36"
94.145.68.182 - - [27/Jan/2014:08:17:55 -0500] "GET /notifications?get=count HTTP/1.1" 200 24 "http://www.pacetest.dk/groups/625/settings?edit=permissions" "Mozilla/5.0 (Windows NT 6.2; WOW64; rv:26.0) Gecko/20100101 Firefox/26.0"
80.213.131.29 - - [27/Jan/2014:08:18:20 -0500] "GET /notifications?get=count HTTP/1.1" 200 24 "http://www.pacetest.dk/groups/625/settings?edit=permissions" "Mozilla/5.0 (Macintosh; Intel Mac OS X 10_7_5) AppleWebKit/537.36 (KHTML, like Gecko) Chrome/32.0.1700.77 Safari/537.36"
94.145.68.182 - - [27/Jan/2014:08:18:25 -0500] "GET /notifications?get=count HTTP/1.1" 200 24 "http://www.pacetest.dk/groups/625/settings?edit=permissions" "Mozilla/5.0 (Windows NT 6.2; WOW64; rv:26.0) Gecko/20100101 Firefox/26.0"
80.213.131.29 - - [27/Jan/2014:08:18:50 -0500] "GET /notifications?get=count HTTP/1.1" 200 24 "http://www.pacetest.dk/groups/625/settings?edit=permissions" "Mozilla/5.0 (Macintosh; Intel Mac OS X 10_7_5) AppleWebKit/537.36 (KHTML, like Gecko) Chrome/32.0.1700.77 Safari/537.36"
94.145.68.182 - - [27/Jan/2014:08:18:54 -0500] "GET /notifications?get=count HTTP/1.1" 200 24 "http://www.pacetest.dk/groups/625/settings?edit=permissions" "Mozilla/5.0 (Windows NT 6.2; WOW64; rv:26.0) Gecko/20100101 Firefox/26.0"
94.145.68.182 - - [27/Jan/2014:08:18:59 -0500] "GET /groups/625/settings?edit=admins HTTP/1.1" 200 13405 "http://www.pacetest.dk/groups/625/settings?edit=permissions" "Mozilla/5.0 (Windows NT 6.2; WOW64; rv:26.0) Gecko/20100101 Firefox/26.0"
80.213.131.29 - - [27/Jan/2014:08:19:04 -0500] "GET /groups/625/settings?edit=admins HTTP/1.1" 200 13411 "http://www.pacetest.dk/groups/625/settings?edit=permissions" "Mozilla/5.0 (Macintosh; Intel Mac OS X 10_7_5) AppleWebKit/537.36 (KHTML, like Gecko) Chrome/32.0.1700.77 Safari/537.36"
80.213.131.29 - - [27/Jan/2014:08:19:06 -0500] "GET /media/lib_anahita/js/groupadmin.js HTTP/1.1" 200 1155 "http://www.pacetest.dk/groups/625/settings?edit=admins" "Mozilla/5.0 (Macintosh; Intel Mac OS X 10_7_5) AppleWebKit/537.36 (KHTML, like Gecko) Chrome/32.0.1700.77 Safari/537.36"
80.213.131.29 - - [27/Jan/2014:08:19:14 -0500] "GET /groups/625/settings?edit=apps HTTP/1.1" 200 10866 "http://www.pacetest.dk/groups/625/settings?edit=admins" "Mozilla/5.0 (Macintosh; Intel Mac OS X 10_7_5) AppleWebKit/537.36 (KHTML, like Gecko) Chrome/32.0.1700.77 Safari/537.36"
94.145.68.182 - - [27/Jan/2014:08:19:15 -0500] "GET /groups/625/settings?edit=apps HTTP/1.1" 200 10860 "http://www.pacetest.dk/groups/625/settings?edit=admins" "Mozilla/5.0 (Windows NT 6.2; WOW64; rv:26.0) Gecko/20100101 Firefox/26.0"
94.145.68.182 - - [27/Jan/2014:08:19:19 -0500] "GET /groups/625/settings?edit=apps HTTP/1.1" 200 10860 "http://www.pacetest.dk/groups/625/settings?edit=admins" "Mozilla/5.0 (Windows NT 6.2; WOW64; rv:26.0) Gecko/20100101 Firefox/26.0"
- - - [27/Jan/2014:08:19:22 -0500] "OPTIONS * HTTP/1.0" 200 - "-" "Apache/2.2.22 (Red Hat Enterprise Web Server) (internal dummy connection)"
80.213.131.29 - - [27/Jan/2014:08:19:48 -0500] "POST /groups/625-ga-nextlevel-norge-stallsp?action=addapp&app=com_notes HTTP/1.1" 303 - "http://www.pacetest.dk/groups/625/settings?edit=apps" "Mozilla/5.0 (Macintosh; Intel Mac OS X 10_7_5) AppleWebKit/537.36 (KHTML, like Gecko) Chrome/32.0.1700.77 Safari/537.36"
80.213.131.29 - - [27/Jan/2014:08:19:50 -0500] "GET /groups/625/settings?edit=apps HTTP/1.1" 200 10852 "http://www.pacetest.dk/groups/625/settings?edit=apps" "Mozilla/5.0 (Macintosh; Intel Mac OS X 10_7_5) AppleWebKit/537.36 (KHTML, like Gecko) Chrome/32.0.1700.77 Safari/537.36"
94.145.68.182 - - [27/Jan/2014:08:19:52 -0500] "GET /notifications?get=count HTTP/1.1" 200 24 "http://www.pacetest.dk/groups/625/settings?edit=apps" "Mozilla/5.0 (Windows NT 6.2; WOW64; rv:26.0) Gecko/20100101 Firefox/26.0"
94.145.68.182 - - [27/Jan/2014:08:19:52 -0500] "GET /groups/625/settings?edit=apps HTTP/1.1" 200 10846 "http://www.pacetest.dk/groups/625/settings?edit=admins" "Mozilla/5.0 (Windows NT 6.2; WOW64; rv:26.0) Gecko/20100101 Firefox/26.0"
94.145.68.182 - - [27/Jan/2014:08:19:55 -0500] "GET /templates/shiraz/css/style1/style.css HTTP/1.1" 304 - "http://www.pacetest.dk/groups/625/settings?edit=apps" "Mozilla/5.0 (Windows NT 6.2; WOW64; rv:26.0) Gecko/20100101 Firefox/26.0"
94.145.68.182 - - [27/Jan/2014:08:19:56 -0500] "GET /media/lib_anahita/js/production/site.js HTTP/1.1" 304 - "http://www.pacetest.dk/groups/625/settings?edit=apps" "Mozilla/5.0 (Windows NT 6.2; WOW64; rv:26.0) Gecko/20100101 Firefox/26.0"
- - - [27/Jan/2014:08:19:56 -0500] "OPTIONS * HTTP/1.0" 200 - "-" "Apache/2.2.22 (Red Hat Enterprise Web Server) (internal dummy connection)"
94.145.68.182 - - [27/Jan/2014:08:19:56 -0500] "GET /templates/base/css/images/logo.png HTTP/1.1" 304 - "http://www.pacetest.dk/templates/shiraz/css/style1/style.css" "Mozilla/5.0 (Windows NT 6.2; WOW64; rv:26.0) Gecko/20100101 Firefox/26.0"
94.145.68.182 - - [27/Jan/2014:08:19:59 -0500] "GET /groups/625/settings?edit=delete HTTP/1.1" 200 11123 "http://www.pacetest.dk/groups/625/settings?edit=apps" "Mozilla/5.0 (Windows NT 6.2; WOW64; rv:26.0) Gecko/20100101 Firefox/26.0"
80.213.131.29 - - [27/Jan/2014:08:20:02 -0500] "GET /groups/625/settings?edit=delete HTTP/1.1" 200 11129 "http://www.pacetest.dk/groups/625/settings?edit=apps" "Mozilla/5.0 (Macintosh; Intel Mac OS X 10_7_5) AppleWebKit/537.36 (KHTML, like Gecko) Chrome/32.0.1700.77 Safari/537.36"
94.145.68.182 - - [27/Jan/2014:08:20:10 -0500] "GET /groups/625-ga-nextlevel-norge-stallsp HTTP/1.1" 200 21987 "http://www.pacetest.dk/groups/625/settings?edit=delete" "Mozilla/5.0 (Windows NT 6.2; WOW64; rv:26.0) Gecko/20100101 Firefox/26.0"
80.213.131.29 - - [27/Jan/2014:08:20:12 -0500] "GET /groups/625-ga-nextlevel-norge-stallsp HTTP/1.1" 200 22001 "http://www.pacetest.dk/groups/625/settings?edit=delete" "Mozilla/5.0 (Macintosh; Intel Mac OS X 10_7_5) AppleWebKit/537.36 (KHTML, like Gecko) Chrome/32.0.1700.77 Safari/537.36"
