94.145.68.182 - - [16/Jan/2014:12:29:54 -0500] "GET /pages/641-div?layout=edit HTTP/1.1" 200 12627 "http://www.pacetest.dk/pages/641-div" "Mozilla/5.0 (Windows NT 6.2; WOW64; rv:26.0) Gecko/20100101 Firefox/26.0"
94.145.68.182 - - [16/Jan/2014:12:29:56 -0500] "GET /notifications?get=count HTTP/1.1" 200 24 "http://www.pacetest.dk/" "Mozilla/5.0 (X11; Ubuntu; Linux x86_64; rv:25.0) Gecko/20100101 Firefox/25.0"
94.145.68.182 - - [16/Jan/2014:12:29:57 -0500] "GET /pages/@1/revisions?layout=gadget&pid=641&hqiand8w HTTP/1.1" 200 1626 "http://www.pacetest.dk/pages/641-div?layout=edit" "Mozilla/5.0 (Windows NT 6.2; WOW64; rv:26.0) Gecko/20100101 Firefox/26.0"
- - - [16/Jan/2014:12:30:01 -0500] "OPTIONS * HTTP/1.0" 200 - "-" "Apache/2.2.22 (Red Hat Enterprise Web Server) (internal dummy connection)"
94.145.68.182 - - [16/Jan/2014:12:30:14 -0500] "POST /pages/@1/641-div HTTP/1.1" 303 - "http://www.pacetest.dk/pages/641-div?layout=edit" "Mozilla/5.0 (Windows NT 6.2; WOW64; rv:26.0) Gecko/20100101 Firefox/26.0"
94.145.68.182 - - [16/Jan/2014:12:30:17 -0500] "GET /pages/641-div?layout=edit HTTP/1.1" 200 12901 "http://www.pacetest.dk/pages/641-div?layout=edit" "Mozilla/5.0 (Windows NT 6.2; WOW64; rv:26.0) Gecko/20100101 Firefox/26.0"
94.145.68.182 - - [16/Jan/2014:12:30:21 -0500] "GET /pages/@1/revisions?layout=gadget&pid=641&hqianvbe HTTP/1.1" 200 1964 "http://www.pacetest.dk/pages/641-div?layout=edit" "Mozilla/5.0 (Windows NT 6.2; WOW64; rv:26.0) Gecko/20100101 Firefox/26.0"
94.145.68.182 - - [16/Jan/2014:12:30:26 -0500] "GET /notifications?get=count HTTP/1.1" 200 24 "http://www.pacetest.dk/" "Mozilla/5.0 (X11; Ubuntu; Linux x86_64; rv:25.0) Gecko/20100101 Firefox/25.0"
94.145.68.182 - - [16/Jan/2014:12:30:51 -0500] "GET /notifications?get=count HTTP/1.1" 200 24 "http://www.pacetest.dk/pages/641-div?layout=edit" "Mozilla/5.0 (Windows NT 6.2; WOW64; rv:26.0) Gecko/20100101 Firefox/26.0"
94.145.68.182 - - [16/Jan/2014:12:30:56 -0500] "GET /notifications?get=count HTTP/1.1" 200 24 "http://www.pacetest.dk/" "Mozilla/5.0 (X11; Ubuntu; Linux x86_64; rv:25.0) Gecko/20100101 Firefox/25.0"
94.145.68.182 - - [16/Jan/2014:12:31:21 -0500] "GET /notifications?get=count HTTP/1.1" 200 24 "http://www.pacetest.dk/pages/641-div?layout=edit" "Mozilla/5.0 (Windows NT 6.2; WOW64; rv:26.0) Gecko/20100101 Firefox/26.0"
94.145.68.182 - - [16/Jan/2014:12:31:26 -0500] "GET /notifications?get=count HTTP/1.1" 200 24 "http://www.pacetest.dk/" "Mozilla/5.0 (X11; Ubuntu; Linux x86_64; rv:25.0) Gecko/20100101 Firefox/25.0"
94.145.68.182 - - [16/Jan/2014:12:31:51 -0500] "GET /notifications?get=count HTTP/1.1" 200 24 "http://www.pacetest.dk/pages/641-div?layout=edit" "Mozilla/5.0 (Windows NT 6.2; WOW64; rv:26.0) Gecko/20100101 Firefox/26.0"
94.145.68.182 - - [16/Jan/2014:12:31:56 -0500] "GET /notifications?get=count HTTP/1.1" 200 24 "http://www.pacetest.dk/" "Mozilla/5.0 (X11; Ubuntu; Linux x86_64; rv:25.0) Gecko/20100101 Firefox/25.0"
94.145.68.182 - - [16/Jan/2014:12:32:21 -0500] "GET /notifications?get=count HTTP/1.1" 200 24 "http://www.pacetest.dk/pages/641-div?layout=edit" "Mozilla/5.0 (Windows NT 6.2; WOW64; rv:26.0) Gecko/20100101 Firefox/26.0"
94.145.68.182 - - [16/Jan/2014:12:32:26 -0500] "GET /notifications?get=count HTTP/1.1" 200 24 "http://www.pacetest.dk/" "Mozilla/5.0 (X11; Ubuntu; Linux x86_64; rv:25.0) Gecko/20100101 Firefox/25.0"
94.145.68.182 - - [16/Jan/2014:12:32:51 -0500] "GET /notifications?get=count HTTP/1.1" 200 24 "http://www.pacetest.dk/pages/641-div?layout=edit" "Mozilla/5.0 (Windows NT 6.2; WOW64; rv:26.0) Gecko/20100101 Firefox/26.0"
94.145.68.182 - - [16/Jan/2014:12:32:56 -0500] "GET /notifications?get=count HTTP/1.1" 200 24 "http://www.pacetest.dk/" "Mozilla/5.0 (X11; Ubuntu; Linux x86_64; rv:25.0) Gecko/20100101 Firefox/25.0"
94.145.68.182 - - [16/Jan/2014:12:33:21 -0500] "GET /notifications?get=count HTTP/1.1" 200 24 "http://www.pacetest.dk/pages/641-div?layout=edit" "Mozilla/5.0 (Windows NT 6.2; WOW64; rv:26.0) Gecko/20100101 Firefox/26.0"
94.145.68.182 - - [16/Jan/2014:12:33:26 -0500] "GET /notifications?get=count HTTP/1.1" 200 24 "http://www.pacetest.dk/" "Mozilla/5.0 (X11; Ubuntu; Linux x86_64; rv:25.0) Gecko/20100101 Firefox/25.0"
94.145.68.182 - - [16/Jan/2014:12:33:51 -0500] "GET /notifications?get=count HTTP/1.1" 200 24 "http://www.pacetest.dk/pages/641-div?layout=edit" "Mozilla/5.0 (Windows NT 6.2; WOW64; rv:26.0) Gecko/20100101 Firefox/26.0"
94.145.68.182 - - [16/Jan/2014:12:33:56 -0500] "GET /notifications?get=count HTTP/1.1" 200 24 "http://www.pacetest.dk/" "Mozilla/5.0 (X11; Ubuntu; Linux x86_64; rv:25.0) Gecko/20100101 Firefox/25.0"
94.145.68.182 - - [16/Jan/2014:12:34:21 -0500] "GET /notifications?get=count HTTP/1.1" 200 24 "http://www.pacetest.dk/pages/641-div?layout=edit" "Mozilla/5.0 (Windows NT 6.2; WOW64; rv:26.0) Gecko/20100101 Firefox/26.0"
94.145.68.182 - - [16/Jan/2014:12:34:26 -0500] "GET /notifications?get=count HTTP/1.1" 200 24 "http://www.pacetest.dk/" "Mozilla/5.0 (X11; Ubuntu; Linux x86_64; rv:25.0) Gecko/20100101 Firefox/25.0"
94.145.68.182 - - [16/Jan/2014:12:34:51 -0500] "GET /notifications?get=count HTTP/1.1" 200 24 "http://www.pacetest.dk/pages/641-div?layout=edit" "Mozilla/5.0 (Windows NT 6.2; WOW64; rv:26.0) Gecko/20100101 Firefox/26.0"
94.145.68.182 - - [16/Jan/2014:12:34:56 -0500] "GET /notifications?get=count HTTP/1.1" 200 24 "http://www.pacetest.dk/" "Mozilla/5.0 (X11; Ubuntu; Linux x86_64; rv:25.0) Gecko/20100101 Firefox/25.0"
94.145.68.182 - - [16/Jan/2014:12:35:21 -0500] "GET /notifications?get=count HTTP/1.1" 200 24 "http://www.pacetest.dk/pages/641-div?layout=edit" "Mozilla/5.0 (Windows NT 6.2; WOW64; rv:26.0) Gecko/20100101 Firefox/26.0"
94.145.68.182 - - [16/Jan/2014:12:35:26 -0500] "GET /notifications?get=count HTTP/1.1" 200 24 "http://www.pacetest.dk/" "Mozilla/5.0 (X11; Ubuntu; Linux x86_64; rv:25.0) Gecko/20100101 Firefox/25.0"
94.145.68.182 - - [16/Jan/2014:12:35:51 -0500] "GET /notifications?get=count HTTP/1.1" 200 24 "http://www.pacetest.dk/pages/641-div?layout=edit" "Mozilla/5.0 (Windows NT 6.2; WOW64; rv:26.0) Gecko/20100101 Firefox/26.0"
94.145.68.182 - - [16/Jan/2014:12:35:56 -0500] "GET /notifications?get=count HTTP/1.1" 200 24 "http://www.pacetest.dk/" "Mozilla/5.0 (X11; Ubuntu; Linux x86_64; rv:25.0) Gecko/20100101 Firefox/25.0"
94.145.68.182 - - [16/Jan/2014:12:36:21 -0500] "GET /notifications?get=count HTTP/1.1" 200 24 "http://www.pacetest.dk/pages/641-div?layout=edit" "Mozilla/5.0 (Windows NT 6.2; WOW64; rv:26.0) Gecko/20100101 Firefox/26.0"
94.145.68.182 - - [16/Jan/2014:12:36:26 -0500] "GET /notifications?get=count HTTP/1.1" 200 24 "http://www.pacetest.dk/" "Mozilla/5.0 (X11; Ubuntu; Linux x86_64; rv:25.0) Gecko/20100101 Firefox/25.0"
94.145.68.182 - - [16/Jan/2014:12:36:51 -0500] "GET /notifications?get=count HTTP/1.1" 200 24 "http://www.pacetest.dk/pages/641-div?layout=edit" "Mozilla/5.0 (Windows NT 6.2; WOW64; rv:26.0) Gecko/20100101 Firefox/26.0"
94.145.68.182 - - [16/Jan/2014:12:36:56 -0500] "GET /notifications?get=count HTTP/1.1" 200 24 "http://www.pacetest.dk/" "Mozilla/5.0 (X11; Ubuntu; Linux x86_64; rv:25.0) Gecko/20100101 Firefox/25.0"
94.145.68.182 - - [16/Jan/2014:12:37:21 -0500] "GET /notifications?get=count HTTP/1.1" 200 24 "http://www.pacetest.dk/pages/641-div?layout=edit" "Mozilla/5.0 (Windows NT 6.2; WOW64; rv:26.0) Gecko/20100101 Firefox/26.0"
94.145.68.182 - - [16/Jan/2014:12:37:26 -0500] "GET /notifications?get=count HTTP/1.1" 200 24 "http://www.pacetest.dk/" "Mozilla/5.0 (X11; Ubuntu; Linux x86_64; rv:25.0) Gecko/20100101 Firefox/25.0"
94.145.68.182 - - [16/Jan/2014:12:37:51 -0500] "GET /notifications?get=count HTTP/1.1" 200 24 "http://www.pacetest.dk/pages/641-div?layout=edit" "Mozilla/5.0 (Windows NT 6.2; WOW64; rv:26.0) Gecko/20100101 Firefox/26.0"
94.145.68.182 - - [16/Jan/2014:12:37:56 -0500] "GET /notifications?get=count HTTP/1.1" 200 24 "http://www.pacetest.dk/" "Mozilla/5.0 (X11; Ubuntu; Linux x86_64; rv:25.0) Gecko/20100101 Firefox/25.0"
94.145.68.182 - - [16/Jan/2014:12:38:21 -0500] "GET /notifications?get=count HTTP/1.1" 200 24 "http://www.pacetest.dk/pages/641-div?layout=edit" "Mozilla/5.0 (Windows NT 6.2; WOW64; rv:26.0) Gecko/20100101 Firefox/26.0"
66.249.76.133 - - [16/Jan/2014:12:38:21 -0500] "GET /people/Cthrane HTTP/1.1" 200 14952 "-" "Mozilla/5.0 (compatible; Googlebot/2.1; +http://www.google.com/bot.html)"
94.145.68.182 - - [16/Jan/2014:12:38:26 -0500] "GET /notifications?get=count HTTP/1.1" 200 24 "http://www.pacetest.dk/" "Mozilla/5.0 (X11; Ubuntu; Linux x86_64; rv:25.0) Gecko/20100101 Firefox/25.0"
- - - [16/Jan/2014:12:38:29 -0500] "OPTIONS * HTTP/1.0" 200 - "-" "Apache/2.2.22 (Red Hat Enterprise Web Server) (internal dummy connection)"
94.145.68.182 - - [16/Jan/2014:12:38:56 -0500] "GET /notifications?get=count HTTP/1.1" 200 24 "http://www.pacetest.dk/" "Mozilla/5.0 (X11; Ubuntu; Linux x86_64; rv:25.0) Gecko/20100101 Firefox/25.0"
94.145.68.182 - - [16/Jan/2014:12:39:00 -0500] "GET /notifications?get=count HTTP/1.1" 200 24 "http://www.pacetest.dk/pages/641-div?layout=edit" "Mozilla/5.0 (Windows NT 6.2; WOW64; rv:26.0) Gecko/20100101 Firefox/26.0"
94.145.68.182 - - [16/Jan/2014:12:39:21 -0500] "GET /notifications?get=count HTTP/1.1" 200 24 "http://www.pacetest.dk/pages/641-div?layout=edit" "Mozilla/5.0 (Windows NT 6.2; WOW64; rv:26.0) Gecko/20100101 Firefox/26.0"
94.145.68.182 - - [16/Jan/2014:12:39:26 -0500] "GET /notifications?get=count HTTP/1.1" 200 24 "http://www.pacetest.dk/" "Mozilla/5.0 (X11; Ubuntu; Linux x86_64; rv:25.0) Gecko/20100101 Firefox/25.0"
94.145.68.182 - - [16/Jan/2014:12:39:51 -0500] "GET /notifications?get=count HTTP/1.1" 200 24 "http://www.pacetest.dk/pages/641-div?layout=edit" "Mozilla/5.0 (Windows NT 6.2; WOW64; rv:26.0) Gecko/20100101 Firefox/26.0"
94.145.68.182 - - [16/Jan/2014:12:39:56 -0500] "GET /notifications?get=count HTTP/1.1" 200 24 "http://www.pacetest.dk/" "Mozilla/5.0 (X11; Ubuntu; Linux x86_64; rv:25.0) Gecko/20100101 Firefox/25.0"
94.145.68.182 - - [16/Jan/2014:12:40:21 -0500] "GET /notifications?get=count HTTP/1.1" 200 24 "http://www.pacetest.dk/pages/641-div?layout=edit" "Mozilla/5.0 (Windows NT 6.2; WOW64; rv:26.0) Gecko/20100101 Firefox/26.0"
94.145.68.182 - - [16/Jan/2014:12:40:26 -0500] "GET /notifications?get=count HTTP/1.1" 200 24 "http://www.pacetest.dk/" "Mozilla/5.0 (X11; Ubuntu; Linux x86_64; rv:25.0) Gecko/20100101 Firefox/25.0"
94.145.68.182 - - [16/Jan/2014:12:40:51 -0500] "GET /notifications?get=count HTTP/1.1" 200 24 "http://www.pacetest.dk/pages/641-div?layout=edit" "Mozilla/5.0 (Windows NT 6.2; WOW64; rv:26.0) Gecko/20100101 Firefox/26.0"
94.145.68.182 - - [16/Jan/2014:12:40:56 -0500] "GET /notifications?get=count HTTP/1.1" 200 24 "http://www.pacetest.dk/" "Mozilla/5.0 (X11; Ubuntu; Linux x86_64; rv:25.0) Gecko/20100101 Firefox/25.0"
94.145.68.182 - - [16/Jan/2014:12:41:21 -0500] "GET /notifications?get=count HTTP/1.1" 200 24 "http://www.pacetest.dk/pages/641-div?layout=edit" "Mozilla/5.0 (Windows NT 6.2; WOW64; rv:26.0) Gecko/20100101 Firefox/26.0"
94.145.68.182 - - [16/Jan/2014:12:41:26 -0500] "GET /notifications?get=count HTTP/1.1" 200 24 "http://www.pacetest.dk/" "Mozilla/5.0 (X11; Ubuntu; Linux x86_64; rv:25.0) Gecko/20100101 Firefox/25.0"
94.145.68.182 - - [16/Jan/2014:12:41:51 -0500] "GET /notifications?get=count HTTP/1.1" 200 24 "http://www.pacetest.dk/pages/641-div?layout=edit" "Mozilla/5.0 (Windows NT 6.2; WOW64; rv:26.0) Gecko/20100101 Firefox/26.0"
94.145.68.182 - - [16/Jan/2014:12:41:56 -0500] "GET /notifications?get=count HTTP/1.1" 200 24 "http://www.pacetest.dk/" "Mozilla/5.0 (X11; Ubuntu; Linux x86_64; rv:25.0) Gecko/20100101 Firefox/25.0"
94.145.68.182 - - [16/Jan/2014:12:42:21 -0500] "GET /notifications?get=count HTTP/1.1" 200 24 "http://www.pacetest.dk/pages/641-div?layout=edit" "Mozilla/5.0 (Windows NT 6.2; WOW64; rv:26.0) Gecko/20100101 Firefox/26.0"
94.145.68.182 - - [16/Jan/2014:12:42:26 -0500] "GET /notifications?get=count HTTP/1.1" 200 24 "http://www.pacetest.dk/" "Mozilla/5.0 (X11; Ubuntu; Linux x86_64; rv:25.0) Gecko/20100101 Firefox/25.0"
94.145.68.182 - - [16/Jan/2014:12:42:51 -0500] "GET /notifications?get=count HTTP/1.1" 200 24 "http://www.pacetest.dk/pages/641-div?layout=edit" "Mozilla/5.0 (Windows NT 6.2; WOW64; rv:26.0) Gecko/20100101 Firefox/26.0"
94.145.68.182 - - [16/Jan/2014:12:42:56 -0500] "GET /notifications?get=count HTTP/1.1" 200 24 "http://www.pacetest.dk/" "Mozilla/5.0 (X11; Ubuntu; Linux x86_64; rv:25.0) Gecko/20100101 Firefox/25.0"
94.145.68.182 - - [16/Jan/2014:12:43:21 -0500] "GET /notifications?get=count HTTP/1.1" 200 24 "http://www.pacetest.dk/pages/641-div?layout=edit" "Mozilla/5.0 (Windows NT 6.2; WOW64; rv:26.0) Gecko/20100101 Firefox/26.0"
94.145.68.182 - - [16/Jan/2014:12:43:26 -0500] "GET /notifications?get=count HTTP/1.1" 200 24 "http://www.pacetest.dk/" "Mozilla/5.0 (X11; Ubuntu; Linux x86_64; rv:25.0) Gecko/20100101 Firefox/25.0"
94.145.68.182 - - [16/Jan/2014:12:43:51 -0500] "GET /notifications?get=count HTTP/1.1" 200 24 "http://www.pacetest.dk/pages/641-div?layout=edit" "Mozilla/5.0 (Windows NT 6.2; WOW64; rv:26.0) Gecko/20100101 Firefox/26.0"
94.145.68.182 - - [16/Jan/2014:12:43:56 -0500] "GET /notifications?get=count HTTP/1.1" 200 24 "http://www.pacetest.dk/" "Mozilla/5.0 (X11; Ubuntu; Linux x86_64; rv:25.0) Gecko/20100101 Firefox/25.0"
94.145.68.182 - - [16/Jan/2014:12:44:21 -0500] "GET /notifications?get=count HTTP/1.1" 200 24 "http://www.pacetest.dk/pages/641-div?layout=edit" "Mozilla/5.0 (Windows NT 6.2; WOW64; rv:26.0) Gecko/20100101 Firefox/26.0"
94.145.68.182 - - [16/Jan/2014:12:44:26 -0500] "GET /notifications?get=count HTTP/1.1" 200 24 "http://www.pacetest.dk/" "Mozilla/5.0 (X11; Ubuntu; Linux x86_64; rv:25.0) Gecko/20100101 Firefox/25.0"
94.145.68.182 - - [16/Jan/2014:12:44:51 -0500] "GET /notifications?get=count HTTP/1.1" 200 24 "http://www.pacetest.dk/pages/641-div?layout=edit" "Mozilla/5.0 (Windows NT 6.2; WOW64; rv:26.0) Gecko/20100101 Firefox/26.0"
94.145.68.182 - - [16/Jan/2014:12:44:56 -0500] "GET /notifications?get=count HTTP/1.1" 200 24 "http://www.pacetest.dk/" "Mozilla/5.0 (X11; Ubuntu; Linux x86_64; rv:25.0) Gecko/20100101 Firefox/25.0"
94.145.68.182 - - [16/Jan/2014:12:45:21 -0500] "GET /notifications?get=count HTTP/1.1" 200 24 "http://www.pacetest.dk/pages/641-div?layout=edit" "Mozilla/5.0 (Windows NT 6.2; WOW64; rv:26.0) Gecko/20100101 Firefox/26.0"
94.145.68.182 - - [16/Jan/2014:12:45:26 -0500] "GET /notifications?get=count HTTP/1.1" 200 24 "http://www.pacetest.dk/" "Mozilla/5.0 (X11; Ubuntu; Linux x86_64; rv:25.0) Gecko/20100101 Firefox/25.0"
94.145.68.182 - - [16/Jan/2014:12:45:51 -0500] "GET /notifications?get=count HTTP/1.1" 200 24 "http://www.pacetest.dk/pages/641-div?layout=edit" "Mozilla/5.0 (Windows NT 6.2; WOW64; rv:26.0) Gecko/20100101 Firefox/26.0"
94.145.68.182 - - [16/Jan/2014:12:45:56 -0500] "GET /notifications?get=count HTTP/1.1" 200 24 "http://www.pacetest.dk/" "Mozilla/5.0 (X11; Ubuntu; Linux x86_64; rv:25.0) Gecko/20100101 Firefox/25.0"
94.145.68.182 - - [16/Jan/2014:12:46:21 -0500] "GET /notifications?get=count HTTP/1.1" 200 24 "http://www.pacetest.dk/pages/641-div?layout=edit" "Mozilla/5.0 (Windows NT 6.2; WOW64; rv:26.0) Gecko/20100101 Firefox/26.0"
94.145.68.182 - - [16/Jan/2014:12:46:26 -0500] "GET /notifications?get=count HTTP/1.1" 200 24 "http://www.pacetest.dk/" "Mozilla/5.0 (X11; Ubuntu; Linux x86_64; rv:25.0) Gecko/20100101 Firefox/25.0"
94.145.68.182 - - [16/Jan/2014:12:46:47 -0500] "POST /pages/@1/641-div HTTP/1.1" 303 - "http://www.pacetest.dk/pages/641-div?layout=edit" "Mozilla/5.0 (Windows NT 6.2; WOW64; rv:26.0) Gecko/20100101 Firefox/26.0"
94.145.68.182 - - [16/Jan/2014:12:46:49 -0500] "GET /pages/641-div?layout=edit HTTP/1.1" 200 12739 "http://www.pacetest.dk/pages/641-div?layout=edit" "Mozilla/5.0 (Windows NT 6.2; WOW64; rv:26.0) Gecko/20100101 Firefox/26.0"
94.145.68.182 - - [16/Jan/2014:12:46:51 -0500] "GET /notifications?get=count HTTP/1.1" 200 24 "http://www.pacetest.dk/pages/641-div?layout=edit" "Mozilla/5.0 (Windows NT 6.2; WOW64; rv:26.0) Gecko/20100101 Firefox/26.0"
94.145.68.182 - - [16/Jan/2014:12:46:51 -0500] "GET /menu/groups HTTP/1.1" 200 14639 "http://www.pacetest.dk/pages/641-div?layout=edit" "Mozilla/5.0 (Windows NT 6.2; WOW64; rv:26.0) Gecko/20100101 Firefox/26.0"
- - - [16/Jan/2014:12:46:55 -0500] "OPTIONS * HTTP/1.0" 200 - "-" "Apache/2.2.22 (Red Hat Enterprise Web Server) (internal dummy connection)"
94.145.68.182 - - [16/Jan/2014:12:46:56 -0500] "GET /notifications?get=count HTTP/1.1" 200 24 "http://www.pacetest.dk/" "Mozilla/5.0 (X11; Ubuntu; Linux x86_64; rv:25.0) Gecko/20100101 Firefox/25.0"
94.145.68.182 - - [16/Jan/2014:12:47:05 -0500] "GET /groups/197-ga-nextlevel-jylland HTTP/1.1" 200 72180 "http://www.pacetest.dk/menu/groups" "Mozilla/5.0 (Windows NT 6.2; WOW64; rv:26.0) Gecko/20100101 Firefox/26.0"
94.145.68.182 - - [16/Jan/2014:12:47:12 -0500] "GET /groups/197/graph/followers?layout=gadget&hqib9j1q HTTP/1.1" 200 2986 "http://www.pacetest.dk/groups/197-ga-nextlevel-jylland" "Mozilla/5.0 (Windows NT 6.2; WOW64; rv:26.0) Gecko/20100101 Firefox/26.0"
94.145.68.182 - - [16/Jan/2014:12:47:16 -0500] "GET /pages/@197?layout=gadget&hqib9j1t HTTP/1.1" 200 8378 "http://www.pacetest.dk/groups/197-ga-nextlevel-jylland" "Mozilla/5.0 (Windows NT 6.2; WOW64; rv:26.0) Gecko/20100101 Firefox/26.0"
94.145.68.182 - - [16/Jan/2014:12:47:26 -0500] "GET /notifications?get=count HTTP/1.1" 200 24 "http://www.pacetest.dk/" "Mozilla/5.0 (X11; Ubuntu; Linux x86_64; rv:25.0) Gecko/20100101 Firefox/25.0"
94.145.68.182 - - [16/Jan/2014:12:47:34 -0500] "GET /pages/439-deltagerliste-jylland-17-18-19-januar-2014 HTTP/1.1" 200 31435 "http://www.pacetest.dk/groups/197-ga-nextlevel-jylland" "Mozilla/5.0 (Windows NT 6.2; WOW64; rv:26.0) Gecko/20100101 Firefox/26.0"
94.145.68.182 - - [16/Jan/2014:12:47:52 -0500] "GET /pages/439-deltagerliste-jylland-17-18-19-januar-2014?layout=edit HTTP/1.1" 200 12801 "http://www.pacetest.dk/pages/439-deltagerliste-jylland-17-18-19-januar-2014" "Mozilla/5.0 (Windows NT 6.2; WOW64; rv:26.0) Gecko/20100101 Firefox/26.0"
94.145.68.182 - - [16/Jan/2014:12:47:55 -0500] "GET /pages/@197/revisions?layout=gadget&pid=439&hqibagsb HTTP/1.1" 200 3999 "http://www.pacetest.dk/pages/439-deltagerliste-jylland-17-18-19-januar-2014?layout=edit" "Mozilla/5.0 (Windows NT 6.2; WOW64; rv:26.0) Gecko/20100101 Firefox/26.0"
94.145.68.182 - - [16/Jan/2014:12:47:56 -0500] "GET /notifications?get=count HTTP/1.1" 200 24 "http://www.pacetest.dk/" "Mozilla/5.0 (X11; Ubuntu; Linux x86_64; rv:25.0) Gecko/20100101 Firefox/25.0"
- - - [16/Jan/2014:12:47:59 -0500] "OPTIONS * HTTP/1.0" 200 - "-" "Apache/2.2.22 (Red Hat Enterprise Web Server) (internal dummy connection)"
94.145.68.182 - - [16/Jan/2014:12:48:25 -0500] "GET /notifications?get=count HTTP/1.1" 200 24 "http://www.pacetest.dk/pages/439-deltagerliste-jylland-17-18-19-januar-2014?layout=edit" "Mozilla/5.0 (Windows NT 6.2; WOW64; rv:26.0) Gecko/20100101 Firefox/26.0"
94.145.68.182 - - [16/Jan/2014:12:48:55 -0500] "GET /notifications?get=count HTTP/1.1" 200 24 "http://www.pacetest.dk/pages/439-deltagerliste-jylland-17-18-19-januar-2014?layout=edit" "Mozilla/5.0 (Windows NT 6.2; WOW64; rv:26.0) Gecko/20100101 Firefox/26.0"
94.145.68.182 - - [16/Jan/2014:12:49:25 -0500] "GET /notifications?get=count HTTP/1.1" 200 24 "http://www.pacetest.dk/pages/439-deltagerliste-jylland-17-18-19-januar-2014?layout=edit" "Mozilla/5.0 (Windows NT 6.2; WOW64; rv:26.0) Gecko/20100101 Firefox/26.0"
94.145.68.182 - - [16/Jan/2014:12:49:55 -0500] "GET /notifications?get=count HTTP/1.1" 200 24 "http://www.pacetest.dk/pages/439-deltagerliste-jylland-17-18-19-januar-2014?layout=edit" "Mozilla/5.0 (Windows NT 6.2; WOW64; rv:26.0) Gecko/20100101 Firefox/26.0"
94.145.68.182 - - [16/Jan/2014:12:50:13 -0500] "POST /pages/@197/439-deltagerliste-jylland-17-18-19-januar-2014 HTTP/1.1" 303 - "http://www.pacetest.dk/pages/439-deltagerliste-jylland-17-18-19-januar-2014?layout=edit" "Mozilla/5.0 (Windows NT 6.2; WOW64; rv:26.0) Gecko/20100101 Firefox/26.0"
94.145.68.182 - - [16/Jan/2014:12:50:15 -0500] "GET /pages/439-deltagerliste-og-program-jylland-18-19-januar-2014?layout=edit HTTP/1.1" 200 13157 "http://www.pacetest.dk/pages/439-deltagerliste-jylland-17-18-19-januar-2014?layout=edit" "Mozilla/5.0 (Windows NT 6.2; WOW64; rv:26.0) Gecko/20100101 Firefox/26.0"
94.145.68.182 - - [16/Jan/2014:12:50:18 -0500] "GET /pages/@197/revisions?layout=gadget&pid=439&hqibdj5m HTTP/1.1" 200 4002 "http://www.pacetest.dk/pages/439-deltagerliste-og-program-jylland-18-19-januar-2014?layout=edit" "Mozilla/5.0 (Windows NT 6.2; WOW64; rv:26.0) Gecko/20100101 Firefox/26.0"
94.145.68.182 - - [16/Jan/2014:12:50:48 -0500] "GET /notifications?get=count HTTP/1.1" 200 24 "http://www.pacetest.dk/pages/439-deltagerliste-og-program-jylland-18-19-januar-2014?layout=edit" "Mozilla/5.0 (Windows NT 6.2; WOW64; rv:26.0) Gecko/20100101 Firefox/26.0"
94.145.68.182 - - [16/Jan/2014:12:51:18 -0500] "GET /notifications?get=count HTTP/1.1" 200 24 "http://www.pacetest.dk/pages/439-deltagerliste-og-program-jylland-18-19-januar-2014?layout=edit" "Mozilla/5.0 (Windows NT 6.2; WOW64; rv:26.0) Gecko/20100101 Firefox/26.0"
94.145.68.182 - - [16/Jan/2014:12:51:48 -0500] "GET /notifications?get=count HTTP/1.1" 200 24 "http://www.pacetest.dk/pages/439-deltagerliste-og-program-jylland-18-19-januar-2014?layout=edit" "Mozilla/5.0 (Windows NT 6.2; WOW64; rv:26.0) Gecko/20100101 Firefox/26.0"
94.145.68.182 - - [16/Jan/2014:12:52:18 -0500] "GET /notifications?get=count HTTP/1.1" 200 24 "http://www.pacetest.dk/pages/439-deltagerliste-og-program-jylland-18-19-januar-2014?layout=edit" "Mozilla/5.0 (Windows NT 6.2; WOW64; rv:26.0) Gecko/20100101 Firefox/26.0"
94.145.68.182 - - [16/Jan/2014:12:52:48 -0500] "GET /notifications?get=count HTTP/1.1" 200 24 "http://www.pacetest.dk/pages/439-deltagerliste-og-program-jylland-18-19-januar-2014?layout=edit" "Mozilla/5.0 (Windows NT 6.2; WOW64; rv:26.0) Gecko/20100101 Firefox/26.0"
178.21.88.155 - - [16/Jan/2014:12:53:10 -0500] "GET /index.php HTTP/1.1" 200 7772 "-" "Mozilla/5.0 (iPad; CPU OS 7_0_4 like Mac OS X) AppleWebKit/537.51.1 (KHTML, like Gecko) Version/7.0 Mobile/11B554a Safari/9537.53"
178.21.88.155 - - [16/Jan/2014:12:53:12 -0500] "GET /templates/shiraz/css/style1/style.css HTTP/1.1" 304 - "http://www.pacetest.dk/index.php" "Mozilla/5.0 (iPad; CPU OS 7_0_4 like Mac OS X) AppleWebKit/537.51.1 (KHTML, like Gecko) Version/7.0 Mobile/11B554a Safari/9537.53"
178.21.88.155 - - [16/Jan/2014:12:53:12 -0500] "GET /media/lib_anahita/js/production/site.js HTTP/1.1" 304 - "http://www.pacetest.dk/index.php" "Mozilla/5.0 (iPad; CPU OS 7_0_4 like Mac OS X) AppleWebKit/537.51.1 (KHTML, like Gecko) Version/7.0 Mobile/11B554a Safari/9537.53"
178.21.88.155 - - [16/Jan/2014:12:53:12 -0500] "GET /templates/base/css/images/logo.png HTTP/1.1" 304 - "http://www.pacetest.dk/index.php" "Mozilla/5.0 (iPad; CPU OS 7_0_4 like Mac OS X) AppleWebKit/537.51.1 (KHTML, like Gecko) Version/7.0 Mobile/11B554a Safari/9537.53"
178.21.88.155 - - [16/Jan/2014:12:53:13 -0500] "GET /templates/base/css/images/icon-socialmedia-white.png HTTP/1.1" 304 - "http://www.pacetest.dk/index.php" "Mozilla/5.0 (iPad; CPU OS 7_0_4 like Mac OS X) AppleWebKit/537.51.1 (KHTML, like Gecko) Version/7.0 Mobile/11B554a Safari/9537.53"
178.21.88.155 - - [16/Jan/2014:12:53:13 -0500] "GET /templates/base/css/images/icon-socialmedia.png HTTP/1.1" 304 - "http://www.pacetest.dk/index.php" "Mozilla/5.0 (iPad; CPU OS 7_0_4 like Mac OS X) AppleWebKit/537.51.1 (KHTML, like Gecko) Version/7.0 Mobile/11B554a Safari/9537.53"
178.21.88.155 - - [16/Jan/2014:12:53:13 -0500] "GET /apple-touch-icon-152x152-precomposed.png HTTP/1.1" 404 342 "-" "MobileSafari/9537.53 CFNetwork/672.0.8 Darwin/14.0.0"
178.21.88.155 - - [16/Jan/2014:12:53:13 -0500] "GET /apple-touch-icon-152x152.png HTTP/1.1" 404 330 "-" "MobileSafari/9537.53 CFNetwork/672.0.8 Darwin/14.0.0"
178.21.88.155 - - [16/Jan/2014:12:53:13 -0500] "GET /apple-touch-icon-precomposed.png HTTP/1.1" 404 334 "-" "MobileSafari/9537.53 CFNetwork/672.0.8 Darwin/14.0.0"
178.21.88.155 - - [16/Jan/2014:12:53:13 -0500] "GET /apple-touch-icon.png HTTP/1.1" 404 322 "-" "MobileSafari/9537.53 CFNetwork/672.0.8 Darwin/14.0.0"
178.21.88.155 - - [16/Jan/2014:12:53:15 -0500] "GET /people/session?layout=modal&return=aHR0cDovL3d3dy5wYWNldGVzdC5kay9pbmRleC5waHA%3D&hqibh3dl HTTP/1.1" 200 1437 "http://www.pacetest.dk/index.php" "Mozilla/5.0 (iPad; CPU OS 7_0_4 like Mac OS X) AppleWebKit/537.51.1 (KHTML, like Gecko) Version/7.0 Mobile/11B554a Safari/9537.53"
178.21.88.155 - - [16/Jan/2014:12:53:16 -0500] "GET /templates/base/css/images/spinner.gif HTTP/1.1" 304 - "http://www.pacetest.dk/index.php" "Mozilla/5.0 (iPad; CPU OS 7_0_4 like Mac OS X) AppleWebKit/537.51.1 (KHTML, like Gecko) Version/7.0 Mobile/11B554a Safari/9537.53"
94.145.68.182 - - [16/Jan/2014:12:53:18 -0500] "GET /notifications?get=count HTTP/1.1" 200 24 "http://www.pacetest.dk/pages/439-deltagerliste-og-program-jylland-18-19-januar-2014?layout=edit" "Mozilla/5.0 (Windows NT 6.2; WOW64; rv:26.0) Gecko/20100101 Firefox/26.0"
178.21.88.155 - - [16/Jan/2014:12:53:25 -0500] "POST /people/session?layout=modal HTTP/1.1" 303 - "http://www.pacetest.dk/index.php" "Mozilla/5.0 (iPad; CPU OS 7_0_4 like Mac OS X) AppleWebKit/537.51.1 (KHTML, like Gecko) Version/7.0 Mobile/11B554a Safari/9537.53"
178.21.88.155 - - [16/Jan/2014:12:53:26 -0500] "GET /index.php HTTP/1.1" 200 108579 "http://www.pacetest.dk/index.php" "Mozilla/5.0 (iPad; CPU OS 7_0_4 like Mac OS X) AppleWebKit/537.51.1 (KHTML, like Gecko) Version/7.0 Mobile/11B554a Safari/9537.53"
178.21.88.155 - - [16/Jan/2014:12:53:35 -0500] "GET /media/lib_anahita/js/vendors/mediabox.js HTTP/1.1" 304 - "http://www.pacetest.dk/index.php" "Mozilla/5.0 (iPad; CPU OS 7_0_4 like Mac OS X) AppleWebKit/537.51.1 (KHTML, like Gecko) Version/7.0 Mobile/11B554a Safari/9537.53"
178.21.88.155 - - [16/Jan/2014:12:53:35 -0500] "GET /media/com_composer/js/composer.js HTTP/1.1" 304 - "http://www.pacetest.dk/index.php" "Mozilla/5.0 (iPad; CPU OS 7_0_4 like Mac OS X) AppleWebKit/537.51.1 (KHTML, like Gecko) Version/7.0 Mobile/11B554a Safari/9537.53"
178.21.88.155 - - [16/Jan/2014:12:53:35 -0500] "GET /media/com_stories/js/stories.js HTTP/1.1" 304 - "http://www.pacetest.dk/index.php" "Mozilla/5.0 (iPad; CPU OS 7_0_4 like Mac OS X) AppleWebKit/537.51.1 (KHTML, like Gecko) Version/7.0 Mobile/11B554a Safari/9537.53"
178.21.88.155 - - [16/Jan/2014:12:53:35 -0500] "GET /templates/base/css/images/glyphicons-halflings.png HTTP/1.1" 304 - "http://www.pacetest.dk/index.php" "Mozilla/5.0 (iPad; CPU OS 7_0_4 like Mac OS X) AppleWebKit/537.51.1 (KHTML, like Gecko) Version/7.0 Mobile/11B554a Safari/9537.53"
178.21.88.155 - - [16/Jan/2014:12:53:36 -0500] "GET /stories?layout=list&filter=leaders&start=40&limit=20 HTTP/1.1" 200 29423 "http://www.pacetest.dk/index.php" "Mozilla/5.0 (iPad; CPU OS 7_0_4 like Mac OS X) AppleWebKit/537.51.1 (KHTML, like Gecko) Version/7.0 Mobile/11B554a Safari/9537.53"
178.21.88.155 - - [16/Jan/2014:12:53:36 -0500] "GET /stories?layout=list&filter=leaders&start=20&limit=20 HTTP/1.1" 200 50694 "http://www.pacetest.dk/index.php" "Mozilla/5.0 (iPad; CPU OS 7_0_4 like Mac OS X) AppleWebKit/537.51.1 (KHTML, like Gecko) Version/7.0 Mobile/11B554a Safari/9537.53"
94.145.68.182 - - [16/Jan/2014:12:53:48 -0500] "GET /notifications?get=count HTTP/1.1" 200 24 "http://www.pacetest.dk/pages/439-deltagerliste-og-program-jylland-18-19-januar-2014?layout=edit" "Mozilla/5.0 (Windows NT 6.2; WOW64; rv:26.0) Gecko/20100101 Firefox/26.0"
- - - [16/Jan/2014:12:53:52 -0500] "OPTIONS * HTTP/1.0" 200 - "-" "Apache/2.2.22 (Red Hat Enterprise Web Server) (internal dummy connection)"
178.21.88.155 - - [16/Jan/2014:12:53:46 -0500] "GET /stories?layout=list&filter=leaders&start=60&limit=20 HTTP/1.1" 200 66571 "http://www.pacetest.dk/index.php" "Mozilla/5.0 (iPad; CPU OS 7_0_4 like Mac OS X) AppleWebKit/537.51.1 (KHTML, like Gecko) Version/7.0 Mobile/11B554a Safari/9537.53"
- - - [16/Jan/2014:12:53:56 -0500] "OPTIONS * HTTP/1.0" 200 - "-" "Apache/2.2.22 (Red Hat Enterprise Web Server) (internal dummy connection)"
178.21.88.155 - - [16/Jan/2014:12:54:05 -0500] "GET /notifications?get=count HTTP/1.1" 200 24 "http://www.pacetest.dk/index.php" "Mozilla/5.0 (iPad; CPU OS 7_0_4 like Mac OS X) AppleWebKit/537.51.1 (KHTML, like Gecko) Version/7.0 Mobile/11B554a Safari/9537.53"
178.21.88.155 - - [16/Jan/2014:12:54:08 -0500] "GET /menu/groups HTTP/1.1" 200 14887 "http://www.pacetest.dk/index.php" "Mozilla/5.0 (iPad; CPU OS 7_0_4 like Mac OS X) AppleWebKit/537.51.1 (KHTML, like Gecko) Version/7.0 Mobile/11B554a Safari/9537.53"
94.145.68.182 - - [16/Jan/2014:12:54:18 -0500] "GET /notifications?get=count HTTP/1.1" 200 24 "http://www.pacetest.dk/pages/439-deltagerliste-og-program-jylland-18-19-januar-2014?layout=edit" "Mozilla/5.0 (Windows NT 6.2; WOW64; rv:26.0) Gecko/20100101 Firefox/26.0"
178.21.88.155 - - [16/Jan/2014:12:54:19 -0500] "GET /groups/197-ga-nextlevel-jylland HTTP/1.1" 200 68760 "http://www.pacetest.dk/menu/groups" "Mozilla/5.0 (iPad; CPU OS 7_0_4 like Mac OS X) AppleWebKit/537.51.1 (KHTML, like Gecko) Version/7.0 Mobile/11B554a Safari/9537.53"
178.21.88.155 - - [16/Jan/2014:12:54:27 -0500] "GET /groups/197/graph/followers?layout=gadget&hqibioum HTTP/1.1" 200 2986 "http://www.pacetest.dk/groups/197-ga-nextlevel-jylland" "Mozilla/5.0 (iPad; CPU OS 7_0_4 like Mac OS X) AppleWebKit/537.51.1 (KHTML, like Gecko) Version/7.0 Mobile/11B554a Safari/9537.53"
178.21.88.155 - - [16/Jan/2014:12:54:35 -0500] "GET /pages/439-deltagerliste-og-program-jylland-18-19-januar-2014 HTTP/1.1" 200 27678 "http://www.pacetest.dk/groups/197-ga-nextlevel-jylland" "Mozilla/5.0 (iPad; CPU OS 7_0_4 like Mac OS X) AppleWebKit/537.51.1 (KHTML, like Gecko) Version/7.0 Mobile/11B554a Safari/9537.53"
94.145.68.182 - - [16/Jan/2014:12:54:48 -0500] "GET /notifications?get=count HTTP/1.1" 200 24 "http://www.pacetest.dk/pages/439-deltagerliste-og-program-jylland-18-19-januar-2014?layout=edit" "Mozilla/5.0 (Windows NT 6.2; WOW64; rv:26.0) Gecko/20100101 Firefox/26.0"
178.21.88.155 - - [16/Jan/2014:12:54:55 -0500] "GET /pages/439-deltagerliste-og-program-jylland-18-19-januar-2014?layout=edit HTTP/1.1" 200 12570 "http://www.pacetest.dk/pages/439-deltagerliste-og-program-jylland-18-19-januar-2014" "Mozilla/5.0 (iPad; CPU OS 7_0_4 like Mac OS X) AppleWebKit/537.51.1 (KHTML, like Gecko) Version/7.0 Mobile/11B554a Safari/9537.53"
178.21.88.155 - - [16/Jan/2014:12:54:58 -0500] "GET /media/lib_anahita/js/editor/tiny_mce.js HTTP/1.1" 200 203808 "http://www.pacetest.dk/pages/439-deltagerliste-og-program-jylland-18-19-januar-2014?layout=edit" "Mozilla/5.0 (iPad; CPU OS 7_0_4 like Mac OS X) AppleWebKit/537.51.1 (KHTML, like Gecko) Version/7.0 Mobile/11B554a Safari/9537.53"
178.21.88.155 - - [16/Jan/2014:12:54:58 -0500] "GET /media/lib_anahita/js/editor/encoder.js HTTP/1.1" 200 10452 "http://www.pacetest.dk/pages/439-deltagerliste-og-program-jylland-18-19-januar-2014?layout=edit" "Mozilla/5.0 (iPad; CPU OS 7_0_4 like Mac OS X) AppleWebKit/537.51.1 (KHTML, like Gecko) Version/7.0 Mobile/11B554a Safari/9537.53"
178.21.88.155 - - [16/Jan/2014:12:54:58 -0500] "GET /media/lib_anahita/js/editor/editor.js HTTP/1.1" 200 11576 "http://www.pacetest.dk/pages/439-deltagerliste-og-program-jylland-18-19-januar-2014?layout=edit" "Mozilla/5.0 (iPad; CPU OS 7_0_4 like Mac OS X) AppleWebKit/537.51.1 (KHTML, like Gecko) Version/7.0 Mobile/11B554a Safari/9537.53"
94.145.68.182 - - [16/Jan/2014:12:55:18 -0500] "GET /notifications?get=count HTTP/1.1" 200 24 "http://www.pacetest.dk/pages/439-deltagerliste-og-program-jylland-18-19-januar-2014?layout=edit" "Mozilla/5.0 (Windows NT 6.2; WOW64; rv:26.0) Gecko/20100101 Firefox/26.0"
178.21.88.155 - - [16/Jan/2014:12:55:30 -0500] "GET /notifications?get=count HTTP/1.1" 200 24 "http://www.pacetest.dk/pages/439-deltagerliste-og-program-jylland-18-19-januar-2014?layout=edit" "Mozilla/5.0 (iPad; CPU OS 7_0_4 like Mac OS X) AppleWebKit/537.51.1 (KHTML, like Gecko) Version/7.0 Mobile/11B554a Safari/9537.53"
94.145.68.182 - - [16/Jan/2014:12:55:48 -0500] "GET /notifications?get=count HTTP/1.1" 200 24 "http://www.pacetest.dk/pages/439-deltagerliste-og-program-jylland-18-19-januar-2014?layout=edit" "Mozilla/5.0 (Windows NT 6.2; WOW64; rv:26.0) Gecko/20100101 Firefox/26.0"
178.21.88.155 - - [16/Jan/2014:12:56:01 -0500] "GET /notifications?get=count HTTP/1.1" 200 24 "http://www.pacetest.dk/pages/439-deltagerliste-og-program-jylland-18-19-januar-2014?layout=edit" "Mozilla/5.0 (iPad; CPU OS 7_0_4 like Mac OS X) AppleWebKit/537.51.1 (KHTML, like Gecko) Version/7.0 Mobile/11B554a Safari/9537.53"
94.145.68.182 - - [16/Jan/2014:12:56:18 -0500] "GET /notifications?get=count HTTP/1.1" 200 24 "http://www.pacetest.dk/pages/439-deltagerliste-og-program-jylland-18-19-januar-2014?layout=edit" "Mozilla/5.0 (Windows NT 6.2; WOW64; rv:26.0) Gecko/20100101 Firefox/26.0"
178.21.88.155 - - [16/Jan/2014:12:56:32 -0500] "GET /notifications?get=count HTTP/1.1" 200 24 "http://www.pacetest.dk/pages/439-deltagerliste-og-program-jylland-18-19-januar-2014?layout=edit" "Mozilla/5.0 (iPad; CPU OS 7_0_4 like Mac OS X) AppleWebKit/537.51.1 (KHTML, like Gecko) Version/7.0 Mobile/11B554a Safari/9537.53"
94.145.68.182 - - [16/Jan/2014:12:56:48 -0500] "GET /notifications?get=count HTTP/1.1" 200 24 "http://www.pacetest.dk/pages/439-deltagerliste-og-program-jylland-18-19-januar-2014?layout=edit" "Mozilla/5.0 (Windows NT 6.2; WOW64; rv:26.0) Gecko/20100101 Firefox/26.0"
178.21.88.155 - - [16/Jan/2014:12:57:02 -0500] "GET /notifications?get=count HTTP/1.1" 200 24 "http://www.pacetest.dk/pages/439-deltagerliste-og-program-jylland-18-19-januar-2014?layout=edit" "Mozilla/5.0 (iPad; CPU OS 7_0_4 like Mac OS X) AppleWebKit/537.51.1 (KHTML, like Gecko) Version/7.0 Mobile/11B554a Safari/9537.53"
94.145.68.182 - - [16/Jan/2014:12:57:18 -0500] "GET /notifications?get=count HTTP/1.1" 200 24 "http://www.pacetest.dk/pages/439-deltagerliste-og-program-jylland-18-19-januar-2014?layout=edit" "Mozilla/5.0 (Windows NT 6.2; WOW64; rv:26.0) Gecko/20100101 Firefox/26.0"
178.21.88.155 - - [16/Jan/2014:12:57:32 -0500] "GET /notifications?get=count HTTP/1.1" 200 24 "http://www.pacetest.dk/pages/439-deltagerliste-og-program-jylland-18-19-januar-2014?layout=edit" "Mozilla/5.0 (iPad; CPU OS 7_0_4 like Mac OS X) AppleWebKit/537.51.1 (KHTML, like Gecko) Version/7.0 Mobile/11B554a Safari/9537.53"
94.145.68.182 - - [16/Jan/2014:12:57:48 -0500] "GET /notifications?get=count HTTP/1.1" 200 24 "http://www.pacetest.dk/pages/439-deltagerliste-og-program-jylland-18-19-januar-2014?layout=edit" "Mozilla/5.0 (Windows NT 6.2; WOW64; rv:26.0) Gecko/20100101 Firefox/26.0"
178.21.88.155 - - [16/Jan/2014:12:58:02 -0500] "GET /notifications?get=count HTTP/1.1" 200 24 "http://www.pacetest.dk/pages/439-deltagerliste-og-program-jylland-18-19-januar-2014?layout=edit" "Mozilla/5.0 (iPad; CPU OS 7_0_4 like Mac OS X) AppleWebKit/537.51.1 (KHTML, like Gecko) Version/7.0 Mobile/11B554a Safari/9537.53"
94.145.68.182 - - [16/Jan/2014:12:58:18 -0500] "GET /notifications?get=count HTTP/1.1" 200 24 "http://www.pacetest.dk/pages/439-deltagerliste-og-program-jylland-18-19-januar-2014?layout=edit" "Mozilla/5.0 (Windows NT 6.2; WOW64; rv:26.0) Gecko/20100101 Firefox/26.0"
178.21.88.155 - - [16/Jan/2014:12:58:32 -0500] "GET /notifications?get=count HTTP/1.1" 200 24 "http://www.pacetest.dk/pages/439-deltagerliste-og-program-jylland-18-19-januar-2014?layout=edit" "Mozilla/5.0 (iPad; CPU OS 7_0_4 like Mac OS X) AppleWebKit/537.51.1 (KHTML, like Gecko) Version/7.0 Mobile/11B554a Safari/9537.53"
178.21.88.155 - - [16/Jan/2014:12:58:38 -0500] "POST /pages/@197/439-deltagerliste-og-program-jylland-18-19-januar-2014 HTTP/1.1" 303 - "http://www.pacetest.dk/pages/439-deltagerliste-og-program-jylland-18-19-januar-2014?layout=edit" "Mozilla/5.0 (iPad; CPU OS 7_0_4 like Mac OS X) AppleWebKit/537.51.1 (KHTML, like Gecko) Version/7.0 Mobile/11B554a Safari/9537.53"
178.21.88.155 - - [16/Jan/2014:12:58:41 -0500] "GET /pages/439-deltagerliste-og-program-jylland-18-19-januar-2014?layout=edit HTTP/1.1" 200 12788 "http://www.pacetest.dk/pages/439-deltagerliste-og-program-jylland-18-19-januar-2014?layout=edit" "Mozilla/5.0 (iPad; CPU OS 7_0_4 like Mac OS X) AppleWebKit/537.51.1 (KHTML, like Gecko) Version/7.0 Mobile/11B554a Safari/9537.53"
94.145.68.182 - - [16/Jan/2014:12:58:48 -0500] "GET /notifications?get=count HTTP/1.1" 200 24 "http://www.pacetest.dk/pages/439-deltagerliste-og-program-jylland-18-19-januar-2014?layout=edit" "Mozilla/5.0 (Windows NT 6.2; WOW64; rv:26.0) Gecko/20100101 Firefox/26.0"
178.21.88.155 - - [16/Jan/2014:12:58:59 -0500] "GET /menu/groups HTTP/1.1" 200 14887 "http://www.pacetest.dk/pages/439-deltagerliste-og-program-jylland-18-19-januar-2014?layout=edit" "Mozilla/5.0 (iPad; CPU OS 7_0_4 like Mac OS X) AppleWebKit/537.51.1 (KHTML, like Gecko) Version/7.0 Mobile/11B554a Safari/9537.53"
178.21.88.155 - - [16/Jan/2014:12:59:07 -0500] "GET /groups/197-ga-nextlevel-jylland HTTP/1.1" 200 68760 "http://www.pacetest.dk/menu/groups" "Mozilla/5.0 (iPad; CPU OS 7_0_4 like Mac OS X) AppleWebKit/537.51.1 (KHTML, like Gecko) Version/7.0 Mobile/11B554a Safari/9537.53"
178.21.88.155 - - [16/Jan/2014:12:59:15 -0500] "GET /groups/197/graph/followers?layout=gadget&hqibov33 HTTP/1.1" 200 2986 "http://www.pacetest.dk/groups/197-ga-nextlevel-jylland" "Mozilla/5.0 (iPad; CPU OS 7_0_4 like Mac OS X) AppleWebKit/537.51.1 (KHTML, like Gecko) Version/7.0 Mobile/11B554a Safari/9537.53"
94.145.68.182 - - [16/Jan/2014:12:59:18 -0500] "GET /notifications?get=count HTTP/1.1" 200 24 "http://www.pacetest.dk/pages/439-deltagerliste-og-program-jylland-18-19-januar-2014?layout=edit" "Mozilla/5.0 (Windows NT 6.2; WOW64; rv:26.0) Gecko/20100101 Firefox/26.0"
178.21.88.155 - - [16/Jan/2014:12:59:39 -0500] "GET /people/BentRS HTTP/1.1" 200 51142 "http://www.pacetest.dk/groups/197-ga-nextlevel-jylland" "Mozilla/5.0 (iPad; CPU OS 7_0_4 like Mac OS X) AppleWebKit/537.51.1 (KHTML, like Gecko) Version/7.0 Mobile/11B554a Safari/9537.53"
178.21.88.155 - - [16/Jan/2014:12:59:46 -0500] "GET /people/BentRS/graph/followers?layout=gadget&hqibpiwa HTTP/1.1" 200 7358 "http://www.pacetest.dk/people/BentRS" "Mozilla/5.0 (iPad; CPU OS 7_0_4 like Mac OS X) AppleWebKit/537.51.1 (KHTML, like Gecko) Version/7.0 Mobile/11B554a Safari/9537.53"
178.21.88.155 - - [16/Jan/2014:12:59:48 -0500] "GET /media/lib_anahita/images/avatar/square_default.gif HTTP/1.1" 304 - "http://www.pacetest.dk/people/BentRS" "Mozilla/5.0 (iPad; CPU OS 7_0_4 like Mac OS X) AppleWebKit/537.51.1 (KHTML, like Gecko) Version/7.0 Mobile/11B554a Safari/9537.53"
94.145.68.182 - - [16/Jan/2014:12:59:48 -0500] "GET /notifications?get=count HTTP/1.1" 200 24 "http://www.pacetest.dk/pages/439-deltagerliste-og-program-jylland-18-19-januar-2014?layout=edit" "Mozilla/5.0 (Windows NT 6.2; WOW64; rv:26.0) Gecko/20100101 Firefox/26.0"
178.21.88.155 - - [16/Jan/2014:13:00:00 -0500] "GET /notes/@1/note?layout=composer&hqibpiwd HTTP/1.1" 200 932 "http://www.pacetest.dk/people/BentRS" "Mozilla/5.0 (iPad; CPU OS 7_0_4 like Mac OS X) AppleWebKit/537.51.1 (KHTML, like Gecko) Version/7.0 Mobile/11B554a Safari/9537.53"
94.145.68.182 - - [16/Jan/2014:13:00:18 -0500] "GET /notifications?get=count HTTP/1.1" 200 24 "http://www.pacetest.dk/pages/439-deltagerliste-og-program-jylland-18-19-januar-2014?layout=edit" "Mozilla/5.0 (Windows NT 6.2; WOW64; rv:26.0) Gecko/20100101 Firefox/26.0"
178.21.88.155 - - [16/Jan/2014:13:00:21 -0500] "GET /notifications?get=count HTTP/1.1" 200 24 "http://www.pacetest.dk/people/BentRS" "Mozilla/5.0 (iPad; CPU OS 7_0_4 like Mac OS X) AppleWebKit/537.51.1 (KHTML, like Gecko) Version/7.0 Mobile/11B554a Safari/9537.53"
94.145.68.182 - - [16/Jan/2014:13:00:48 -0500] "GET /notifications?get=count HTTP/1.1" 200 24 "http://www.pacetest.dk/pages/439-deltagerliste-og-program-jylland-18-19-januar-2014?layout=edit" "Mozilla/5.0 (Windows NT 6.2; WOW64; rv:26.0) Gecko/20100101 Firefox/26.0"
178.21.88.155 - - [16/Jan/2014:13:00:51 -0500] "GET /notifications?get=count HTTP/1.1" 200 24 "http://www.pacetest.dk/people/BentRS" "Mozilla/5.0 (iPad; CPU OS 7_0_4 like Mac OS X) AppleWebKit/537.51.1 (KHTML, like Gecko) Version/7.0 Mobile/11B554a Safari/9537.53"
94.145.68.182 - - [16/Jan/2014:13:01:18 -0500] "GET /notifications?get=count HTTP/1.1" 200 24 "http://www.pacetest.dk/pages/439-deltagerliste-og-program-jylland-18-19-januar-2014?layout=edit" "Mozilla/5.0 (Windows NT 6.2; WOW64; rv:26.0) Gecko/20100101 Firefox/26.0"
178.21.88.155 - - [16/Jan/2014:13:01:21 -0500] "GET /notifications?get=count HTTP/1.1" 200 24 "http://www.pacetest.dk/people/BentRS" "Mozilla/5.0 (iPad; CPU OS 7_0_4 like Mac OS X) AppleWebKit/537.51.1 (KHTML, like Gecko) Version/7.0 Mobile/11B554a Safari/9537.53"
178.21.88.155 - - [16/Jan/2014:13:01:22 -0500] "POST /notes/@1/note?layout=composer&hqibpiwg HTTP/1.1" 201 3688 "http://www.pacetest.dk/people/BentRS" "Mozilla/5.0 (iPad; CPU OS 7_0_4 like Mac OS X) AppleWebKit/537.51.1 (KHTML, like Gecko) Version/7.0 Mobile/11B554a Safari/9537.53"
94.145.68.182 - - [16/Jan/2014:13:01:48 -0500] "GET /notifications?get=count HTTP/1.1" 200 24 "http://www.pacetest.dk/pages/439-deltagerliste-og-program-jylland-18-19-januar-2014?layout=edit" "Mozilla/5.0 (Windows NT 6.2; WOW64; rv:26.0) Gecko/20100101 Firefox/26.0"
94.145.68.182 - - [16/Jan/2014:13:02:10 -0500] "GET /notifications?layout=popover&hqibdj5n HTTP/1.1" 200 6169 "http://www.pacetest.dk/pages/439-deltagerliste-og-program-jylland-18-19-januar-2014?layout=edit" "Mozilla/5.0 (Windows NT 6.2; WOW64; rv:26.0) Gecko/20100101 Firefox/26.0"
94.145.68.182 - - [16/Jan/2014:13:02:18 -0500] "GET /notifications?get=count HTTP/1.1" 200 24 "http://www.pacetest.dk/pages/439-deltagerliste-og-program-jylland-18-19-januar-2014?layout=edit" "Mozilla/5.0 (Windows NT 6.2; WOW64; rv:26.0) Gecko/20100101 Firefox/26.0"
94.145.68.182 - - [16/Jan/2014:13:02:22 -0500] "POST /pages/@197/439-deltagerliste-og-program-jylland-18-19-januar-2014 HTTP/1.1" 303 - "http://www.pacetest.dk/pages/439-deltagerliste-og-program-jylland-18-19-januar-2014?layout=edit" "Mozilla/5.0 (Windows NT 6.2; WOW64; rv:26.0) Gecko/20100101 Firefox/26.0"
94.145.68.182 - - [16/Jan/2014:13:02:24 -0500] "GET /pages/439-deltagerliste-og-program-jylland-18-19-januar-2014?layout=edit HTTP/1.1" 200 13568 "http://www.pacetest.dk/pages/439-deltagerliste-og-program-jylland-18-19-januar-2014?layout=edit" "Mozilla/5.0 (Windows NT 6.2; WOW64; rv:26.0) Gecko/20100101 Firefox/26.0"
94.145.68.182 - - [16/Jan/2014:13:02:27 -0500] "GET /pages/@197/revisions?layout=gadget&pid=439&hqibt5dw HTTP/1.1" 200 4056 "http://www.pacetest.dk/pages/439-deltagerliste-og-program-jylland-18-19-januar-2014?layout=edit" "Mozilla/5.0 (Windows NT 6.2; WOW64; rv:26.0) Gecko/20100101 Firefox/26.0"
94.145.68.182 - - [16/Jan/2014:13:02:29 -0500] "GET /notifications?layout=popover&hqibt5dx HTTP/1.1" 200 6155 "http://www.pacetest.dk/pages/439-deltagerliste-og-program-jylland-18-19-januar-2014?layout=edit" "Mozilla/5.0 (Windows NT 6.2; WOW64; rv:26.0) Gecko/20100101 Firefox/26.0"
94.145.68.182 - - [16/Jan/2014:13:02:34 -0500] "GET /notes/762 HTTP/1.1" 200 12569 "http://www.pacetest.dk/pages/439-deltagerliste-og-program-jylland-18-19-januar-2014?layout=edit" "Mozilla/5.0 (Windows NT 6.2; WOW64; rv:26.0) Gecko/20100101 Firefox/26.0"
94.145.68.182 - - [16/Jan/2014:13:03:07 -0500] "GET /notifications?get=count HTTP/1.1" 200 24 "http://www.pacetest.dk/notes/762" "Mozilla/5.0 (Windows NT 6.2; WOW64; rv:26.0) Gecko/20100101 Firefox/26.0"
94.145.68.182 - - [16/Jan/2014:13:03:37 -0500] "GET /notifications?get=count HTTP/1.1" 200 24 "http://www.pacetest.dk/notes/762" "Mozilla/5.0 (Windows NT 6.2; WOW64; rv:26.0) Gecko/20100101 Firefox/26.0"
94.145.68.182 - - [16/Jan/2014:13:04:07 -0500] "GET /notifications?get=count HTTP/1.1" 200 24 "http://www.pacetest.dk/notes/762" "Mozilla/5.0 (Windows NT 6.2; WOW64; rv:26.0) Gecko/20100101 Firefox/26.0"
94.145.68.182 - - [16/Jan/2014:13:04:27 -0500] "POST /notes/762?hqibtd1o HTTP/1.1" 201 1880 "http://www.pacetest.dk/notes/762" "Mozilla/5.0 (Windows NT 6.2; WOW64; rv:26.0) Gecko/20100101 Firefox/26.0"
94.145.68.182 - - [16/Jan/2014:13:04:37 -0500] "GET /notifications?get=count HTTP/1.1" 200 24 "http://www.pacetest.dk/notes/762" "Mozilla/5.0 (Windows NT 6.2; WOW64; rv:26.0) Gecko/20100101 Firefox/26.0"
94.145.68.182 - - [16/Jan/2014:13:04:47 -0500] "GET /menu/groups HTTP/1.1" 200 14639 "http://www.pacetest.dk/notes/762" "Mozilla/5.0 (Windows NT 6.2; WOW64; rv:26.0) Gecko/20100101 Firefox/26.0"
94.145.68.182 - - [16/Jan/2014:13:05:05 -0500] "GET /groups/197-ga-nextlevel-jylland HTTP/1.1" 200 72868 "http://www.pacetest.dk/menu/groups" "Mozilla/5.0 (Windows NT 6.2; WOW64; rv:26.0) Gecko/20100101 Firefox/26.0"
94.145.68.182 - - [16/Jan/2014:13:05:13 -0500] "GET /groups/197/graph/followers?layout=gadget&hqibwp4b HTTP/1.1" 200 2986 "http://www.pacetest.dk/groups/197-ga-nextlevel-jylland" "Mozilla/5.0 (Windows NT 6.2; WOW64; rv:26.0) Gecko/20100101 Firefox/26.0"
94.145.68.182 - - [16/Jan/2014:13:05:25 -0500] "GET /pages/439-deltagerliste-og-program-jylland-18-19-januar-2014 HTTP/1.1" 200 32552 "http://www.pacetest.dk/groups/197-ga-nextlevel-jylland" "Mozilla/5.0 (Windows NT 6.2; WOW64; rv:26.0) Gecko/20100101 Firefox/26.0"
94.145.68.182 - - [16/Jan/2014:13:05:39 -0500] "GET /pages/439-deltagerliste-og-program-jylland-18-19-januar-2014?layout=edit HTTP/1.1" 200 13406 "http://www.pacetest.dk/pages/439-deltagerliste-og-program-jylland-18-19-januar-2014" "Mozilla/5.0 (Windows NT 6.2; WOW64; rv:26.0) Gecko/20100101 Firefox/26.0"
94.145.68.182 - - [16/Jan/2014:13:05:42 -0500] "GET /pages/@197/revisions?layout=gadget&pid=439&hqibxbz5 HTTP/1.1" 200 4056 "http://www.pacetest.dk/pages/439-deltagerliste-og-program-jylland-18-19-januar-2014?layout=edit" "Mozilla/5.0 (Windows NT 6.2; WOW64; rv:26.0) Gecko/20100101 Firefox/26.0"
94.145.68.182 - - [16/Jan/2014:13:06:12 -0500] "GET /notifications?get=count HTTP/1.1" 200 24 "http://www.pacetest.dk/pages/439-deltagerliste-og-program-jylland-18-19-januar-2014?layout=edit" "Mozilla/5.0 (Windows NT 6.2; WOW64; rv:26.0) Gecko/20100101 Firefox/26.0"
94.145.68.182 - - [16/Jan/2014:13:06:42 -0500] "GET /notifications?get=count HTTP/1.1" 200 24 "http://www.pacetest.dk/pages/439-deltagerliste-og-program-jylland-18-19-januar-2014?layout=edit" "Mozilla/5.0 (Windows NT 6.2; WOW64; rv:26.0) Gecko/20100101 Firefox/26.0"
94.145.68.182 - - [16/Jan/2014:13:07:12 -0500] "GET /notifications?get=count HTTP/1.1" 200 24 "http://www.pacetest.dk/pages/439-deltagerliste-og-program-jylland-18-19-januar-2014?layout=edit" "Mozilla/5.0 (Windows NT 6.2; WOW64; rv:26.0) Gecko/20100101 Firefox/26.0"
94.145.68.182 - - [16/Jan/2014:13:07:42 -0500] "GET /notifications?get=count HTTP/1.1" 200 24 "http://www.pacetest.dk/pages/439-deltagerliste-og-program-jylland-18-19-januar-2014?layout=edit" "Mozilla/5.0 (Windows NT 6.2; WOW64; rv:26.0) Gecko/20100101 Firefox/26.0"
94.145.68.182 - - [16/Jan/2014:13:07:47 -0500] "POST /pages/@197/439-deltagerliste-og-program-jylland-18-19-januar-2014 HTTP/1.1" 303 - "http://www.pacetest.dk/pages/439-deltagerliste-og-program-jylland-18-19-januar-2014?layout=edit" "Mozilla/5.0 (Windows NT 6.2; WOW64; rv:26.0) Gecko/20100101 Firefox/26.0"
94.145.68.182 - - [16/Jan/2014:13:07:50 -0500] "GET /pages/439-deltagerliste-og-program-jylland-18-19-januar-2014?layout=edit HTTP/1.1" 200 13650 "http://www.pacetest.dk/pages/439-deltagerliste-og-program-jylland-18-19-januar-2014?layout=edit" "Mozilla/5.0 (Windows NT 6.2; WOW64; rv:26.0) Gecko/20100101 Firefox/26.0"
94.145.68.182 - - [16/Jan/2014:13:07:53 -0500] "GET /pages/@197/revisions?layout=gadget&pid=439&hqic04o5 HTTP/1.1" 200 4076 "http://www.pacetest.dk/pages/439-deltagerliste-og-program-jylland-18-19-januar-2014?layout=edit" "Mozilla/5.0 (Windows NT 6.2; WOW64; rv:26.0) Gecko/20100101 Firefox/26.0"
94.145.68.182 - - [16/Jan/2014:13:08:23 -0500] "GET /notifications?get=count HTTP/1.1" 200 24 "http://www.pacetest.dk/pages/439-deltagerliste-og-program-jylland-18-19-januar-2014?layout=edit" "Mozilla/5.0 (Windows NT 6.2; WOW64; rv:26.0) Gecko/20100101 Firefox/26.0"
94.145.68.182 - - [16/Jan/2014:13:08:53 -0500] "GET /notifications?get=count HTTP/1.1" 200 24 "http://www.pacetest.dk/pages/439-deltagerliste-og-program-jylland-18-19-januar-2014?layout=edit" "Mozilla/5.0 (Windows NT 6.2; WOW64; rv:26.0) Gecko/20100101 Firefox/26.0"
94.145.68.182 - - [16/Jan/2014:13:09:23 -0500] "GET /notifications?get=count HTTP/1.1" 200 24 "http://www.pacetest.dk/pages/439-deltagerliste-og-program-jylland-18-19-januar-2014?layout=edit" "Mozilla/5.0 (Windows NT 6.2; WOW64; rv:26.0) Gecko/20100101 Firefox/26.0"
94.145.68.182 - - [16/Jan/2014:13:09:53 -0500] "GET /notifications?get=count HTTP/1.1" 200 24 "http://www.pacetest.dk/pages/439-deltagerliste-og-program-jylland-18-19-januar-2014?layout=edit" "Mozilla/5.0 (Windows NT 6.2; WOW64; rv:26.0) Gecko/20100101 Firefox/26.0"
94.145.68.182 - - [16/Jan/2014:13:10:12 -0500] "POST /pages/@197/439-deltagerliste-og-program-jylland-18-19-januar-2014 HTTP/1.1" 303 - "http://www.pacetest.dk/pages/439-deltagerliste-og-program-jylland-18-19-januar-2014?layout=edit" "Mozilla/5.0 (Windows NT 6.2; WOW64; rv:26.0) Gecko/20100101 Firefox/26.0"
94.145.68.182 - - [16/Jan/2014:13:10:14 -0500] "GET /pages/439-deltagerliste-og-program-jylland-18-19-januar-2014?layout=edit HTTP/1.1" 200 13650 "http://www.pacetest.dk/pages/439-deltagerliste-og-program-jylland-18-19-januar-2014?layout=edit" "Mozilla/5.0 (Windows NT 6.2; WOW64; rv:26.0) Gecko/20100101 Firefox/26.0"
94.145.68.182 - - [16/Jan/2014:13:10:18 -0500] "GET /pages/@197/revisions?layout=gadget&pid=439&hqic38ka HTTP/1.1" 200 4088 "http://www.pacetest.dk/pages/439-deltagerliste-og-program-jylland-18-19-januar-2014?layout=edit" "Mozilla/5.0 (Windows NT 6.2; WOW64; rv:26.0) Gecko/20100101 Firefox/26.0"
10.110.62.41 - - [16/Jan/2014:13:10:19 -0500] "GET / HTTP/1.1" 200 7852 "-" "Ruby"
