94.145.68.182 - - [25/Nov/2013:05:52:49 -0500] "GET /index.php/notifications?get=count HTTP/1.1" 200 24 "http://www.pacetest.dk/index.php/pages/20-2-2-problemformulering?layout=edit" "Mozilla/5.0 (Windows NT 6.2; WOW64; rv:25.0) Gecko/20100101 Firefox/25.0"
94.145.68.182 - - [25/Nov/2013:05:52:51 -0500] "GET /index.php/notifications?get=count HTTP/1.1" 200 24 "http://www.pacetest.dk/" "Mozilla/5.0 (Windows NT 6.2; WOW64; rv:25.0) Gecko/20100101 Firefox/25.0"
173.252.101.119 - - [25/Nov/2013:05:53:04 -0500] "GET / HTTP/1.1" 200 8072 "-" "facebookexternalhit/1.1 (+http://www.facebook.com/externalhit_uatext.php)"
94.145.68.182 - - [25/Nov/2013:05:53:19 -0500] "GET /index.php/notifications?get=count HTTP/1.1" 200 24 "http://www.pacetest.dk/index.php/pages/20-2-2-problemformulering?layout=edit" "Mozilla/5.0 (Windows NT 6.2; WOW64; rv:25.0) Gecko/20100101 Firefox/25.0"
94.145.68.182 - - [25/Nov/2013:05:53:21 -0500] "GET /index.php/notifications?get=count HTTP/1.1" 200 24 "http://www.pacetest.dk/" "Mozilla/5.0 (Windows NT 6.2; WOW64; rv:25.0) Gecko/20100101 Firefox/25.0"
130.225.198.197 - - [25/Nov/2013:05:53:28 -0500] "GET / HTTP/1.1" 200 8072 "-" "Mozilla/5.0 (Macintosh; Intel Mac OS X 10_9) AppleWebKit/537.71 (KHTML, like Gecko) Version/7.0 Safari/537.71"
130.225.198.197 - - [25/Nov/2013:05:53:29 -0500] "GET /templates/shiraz/css/style1/style.css HTTP/1.1" 200 175909 "http://www.pacetest.dk/" "Mozilla/5.0 (Macintosh; Intel Mac OS X 10_9) AppleWebKit/537.71 (KHTML, like Gecko) Version/7.0 Safari/537.71"
130.225.198.197 - - [25/Nov/2013:05:53:29 -0500] "GET /media/lib_anahita/js/production/site.js HTTP/1.1" 200 313277 "http://www.pacetest.dk/" "Mozilla/5.0 (Macintosh; Intel Mac OS X 10_9) AppleWebKit/537.71 (KHTML, like Gecko) Version/7.0 Safari/537.71"
130.225.198.197 - - [25/Nov/2013:05:53:30 -0500] "GET /templates/base/css/images/logo.png HTTP/1.1" 200 5272 "http://www.pacetest.dk/" "Mozilla/5.0 (Macintosh; Intel Mac OS X 10_9) AppleWebKit/537.71 (KHTML, like Gecko) Version/7.0 Safari/537.71"
130.225.198.197 - - [25/Nov/2013:05:53:30 -0500] "GET /templates/base/css/images/icon-socialmedia-white.png HTTP/1.1" 200 5419 "http://www.pacetest.dk/" "Mozilla/5.0 (Macintosh; Intel Mac OS X 10_9) AppleWebKit/537.71 (KHTML, like Gecko) Version/7.0 Safari/537.71"
130.225.198.197 - - [25/Nov/2013:05:53:30 -0500] "GET /templates/base/css/images/icon-socialmedia.png HTTP/1.1" 200 6399 "http://www.pacetest.dk/" "Mozilla/5.0 (Macintosh; Intel Mac OS X 10_9) AppleWebKit/537.71 (KHTML, like Gecko) Version/7.0 Safari/537.71"
130.225.198.197 - - [25/Nov/2013:05:53:31 -0500] "GET /templates/base/css/images/favicon.ico HTTP/1.1" 200 1150 "http://www.pacetest.dk/" "Mozilla/5.0 (Macintosh; Intel Mac OS X 10_9) AppleWebKit/537.71 (KHTML, like Gecko) Version/7.0 Safari/537.71"
94.145.68.182 - - [25/Nov/2013:05:53:49 -0500] "GET /index.php/notifications?get=count HTTP/1.1" 200 24 "http://www.pacetest.dk/index.php/pages/20-2-2-problemformulering?layout=edit" "Mozilla/5.0 (Windows NT 6.2; WOW64; rv:25.0) Gecko/20100101 Firefox/25.0"
94.145.68.182 - - [25/Nov/2013:05:53:51 -0500] "GET /index.php/notifications?get=count HTTP/1.1" 200 24 "http://www.pacetest.dk/" "Mozilla/5.0 (Windows NT 6.2; WOW64; rv:25.0) Gecko/20100101 Firefox/25.0"
94.145.68.182 - - [25/Nov/2013:05:54:19 -0500] "GET /index.php/notifications?get=count HTTP/1.1" 200 24 "http://www.pacetest.dk/index.php/pages/20-2-2-problemformulering?layout=edit" "Mozilla/5.0 (Windows NT 6.2; WOW64; rv:25.0) Gecko/20100101 Firefox/25.0"
94.145.68.182 - - [25/Nov/2013:05:54:21 -0500] "GET /index.php/notifications?get=count HTTP/1.1" 200 24 "http://www.pacetest.dk/" "Mozilla/5.0 (Windows NT 6.2; WOW64; rv:25.0) Gecko/20100101 Firefox/25.0"
94.145.68.182 - - [25/Nov/2013:05:54:49 -0500] "GET /index.php/notifications?get=count HTTP/1.1" 200 24 "http://www.pacetest.dk/index.php/pages/20-2-2-problemformulering?layout=edit" "Mozilla/5.0 (Windows NT 6.2; WOW64; rv:25.0) Gecko/20100101 Firefox/25.0"
94.145.68.182 - - [25/Nov/2013:05:54:51 -0500] "GET /index.php/notifications?get=count HTTP/1.1" 200 24 "http://www.pacetest.dk/" "Mozilla/5.0 (Windows NT 6.2; WOW64; rv:25.0) Gecko/20100101 Firefox/25.0"
94.145.68.182 - - [25/Nov/2013:05:55:19 -0500] "GET /index.php/notifications?get=count HTTP/1.1" 200 24 "http://www.pacetest.dk/index.php/pages/20-2-2-problemformulering?layout=edit" "Mozilla/5.0 (Windows NT 6.2; WOW64; rv:25.0) Gecko/20100101 Firefox/25.0"
94.145.68.182 - - [25/Nov/2013:05:55:21 -0500] "GET /index.php/notifications?get=count HTTP/1.1" 200 24 "http://www.pacetest.dk/" "Mozilla/5.0 (Windows NT 6.2; WOW64; rv:25.0) Gecko/20100101 Firefox/25.0"
94.145.68.182 - - [25/Nov/2013:05:55:49 -0500] "GET /index.php/notifications?get=count HTTP/1.1" 200 24 "http://www.pacetest.dk/index.php/pages/20-2-2-problemformulering?layout=edit" "Mozilla/5.0 (Windows NT 6.2; WOW64; rv:25.0) Gecko/20100101 Firefox/25.0"
94.145.68.182 - - [25/Nov/2013:05:55:51 -0500] "GET /index.php/notifications?get=count HTTP/1.1" 200 24 "http://www.pacetest.dk/" "Mozilla/5.0 (Windows NT 6.2; WOW64; rv:25.0) Gecko/20100101 Firefox/25.0"
94.145.68.182 - - [25/Nov/2013:05:56:19 -0500] "GET /index.php/notifications?get=count HTTP/1.1" 200 24 "http://www.pacetest.dk/index.php/pages/20-2-2-problemformulering?layout=edit" "Mozilla/5.0 (Windows NT 6.2; WOW64; rv:25.0) Gecko/20100101 Firefox/25.0"
94.145.68.182 - - [25/Nov/2013:05:56:21 -0500] "GET /index.php/notifications?get=count HTTP/1.1" 200 24 "http://www.pacetest.dk/" "Mozilla/5.0 (Windows NT 6.2; WOW64; rv:25.0) Gecko/20100101 Firefox/25.0"
94.145.68.182 - - [25/Nov/2013:05:56:49 -0500] "GET /index.php/notifications?get=count HTTP/1.1" 200 24 "http://www.pacetest.dk/index.php/pages/20-2-2-problemformulering?layout=edit" "Mozilla/5.0 (Windows NT 6.2; WOW64; rv:25.0) Gecko/20100101 Firefox/25.0"
94.145.68.182 - - [25/Nov/2013:05:56:51 -0500] "GET /index.php/notifications?get=count HTTP/1.1" 200 24 "http://www.pacetest.dk/" "Mozilla/5.0 (Windows NT 6.2; WOW64; rv:25.0) Gecko/20100101 Firefox/25.0"
94.145.68.182 - - [25/Nov/2013:05:57:19 -0500] "GET /index.php/notifications?get=count HTTP/1.1" 200 24 "http://www.pacetest.dk/index.php/pages/20-2-2-problemformulering?layout=edit" "Mozilla/5.0 (Windows NT 6.2; WOW64; rv:25.0) Gecko/20100101 Firefox/25.0"
94.145.68.182 - - [25/Nov/2013:05:57:21 -0500] "GET /index.php/notifications?get=count HTTP/1.1" 200 24 "http://www.pacetest.dk/" "Mozilla/5.0 (Windows NT 6.2; WOW64; rv:25.0) Gecko/20100101 Firefox/25.0"
94.145.68.182 - - [25/Nov/2013:05:57:49 -0500] "GET /index.php/notifications?get=count HTTP/1.1" 200 24 "http://www.pacetest.dk/index.php/pages/20-2-2-problemformulering?layout=edit" "Mozilla/5.0 (Windows NT 6.2; WOW64; rv:25.0) Gecko/20100101 Firefox/25.0"
94.145.68.182 - - [25/Nov/2013:05:57:51 -0500] "GET /index.php/notifications?get=count HTTP/1.1" 200 24 "http://www.pacetest.dk/" "Mozilla/5.0 (Windows NT 6.2; WOW64; rv:25.0) Gecko/20100101 Firefox/25.0"
94.145.68.182 - - [25/Nov/2013:05:58:19 -0500] "GET /index.php/notifications?get=count HTTP/1.1" 200 24 "http://www.pacetest.dk/index.php/pages/20-2-2-problemformulering?layout=edit" "Mozilla/5.0 (Windows NT 6.2; WOW64; rv:25.0) Gecko/20100101 Firefox/25.0"
94.145.68.182 - - [25/Nov/2013:05:58:21 -0500] "GET /index.php/notifications?get=count HTTP/1.1" 200 24 "http://www.pacetest.dk/" "Mozilla/5.0 (Windows NT 6.2; WOW64; rv:25.0) Gecko/20100101 Firefox/25.0"
94.145.68.182 - - [25/Nov/2013:05:58:49 -0500] "GET /index.php/notifications?get=count HTTP/1.1" 200 24 "http://www.pacetest.dk/index.php/pages/20-2-2-problemformulering?layout=edit" "Mozilla/5.0 (Windows NT 6.2; WOW64; rv:25.0) Gecko/20100101 Firefox/25.0"
94.145.68.182 - - [25/Nov/2013:05:58:51 -0500] "GET /index.php/notifications?get=count HTTP/1.1" 200 24 "http://www.pacetest.dk/" "Mozilla/5.0 (Windows NT 6.2; WOW64; rv:25.0) Gecko/20100101 Firefox/25.0"
94.145.68.182 - - [25/Nov/2013:05:59:19 -0500] "GET /index.php/notifications?get=count HTTP/1.1" 200 24 "http://www.pacetest.dk/index.php/pages/20-2-2-problemformulering?layout=edit" "Mozilla/5.0 (Windows NT 6.2; WOW64; rv:25.0) Gecko/20100101 Firefox/25.0"
94.145.68.182 - - [25/Nov/2013:05:59:21 -0500] "GET /index.php/notifications?get=count HTTP/1.1" 200 24 "http://www.pacetest.dk/" "Mozilla/5.0 (Windows NT 6.2; WOW64; rv:25.0) Gecko/20100101 Firefox/25.0"
94.145.68.182 - - [25/Nov/2013:05:59:49 -0500] "GET /index.php/notifications?get=count HTTP/1.1" 200 24 "http://www.pacetest.dk/index.php/pages/20-2-2-problemformulering?layout=edit" "Mozilla/5.0 (Windows NT 6.2; WOW64; rv:25.0) Gecko/20100101 Firefox/25.0"
94.145.68.182 - - [25/Nov/2013:05:59:51 -0500] "GET /index.php/notifications?get=count HTTP/1.1" 200 24 "http://www.pacetest.dk/" "Mozilla/5.0 (Windows NT 6.2; WOW64; rv:25.0) Gecko/20100101 Firefox/25.0"
94.145.68.182 - - [25/Nov/2013:06:00:19 -0500] "GET /index.php/notifications?get=count HTTP/1.1" 200 24 "http://www.pacetest.dk/index.php/pages/20-2-2-problemformulering?layout=edit" "Mozilla/5.0 (Windows NT 6.2; WOW64; rv:25.0) Gecko/20100101 Firefox/25.0"
94.145.68.182 - - [25/Nov/2013:06:00:21 -0500] "GET /index.php/notifications?get=count HTTP/1.1" 200 24 "http://www.pacetest.dk/" "Mozilla/5.0 (Windows NT 6.2; WOW64; rv:25.0) Gecko/20100101 Firefox/25.0"
94.145.68.182 - - [25/Nov/2013:06:00:49 -0500] "GET /index.php/notifications?get=count HTTP/1.1" 200 24 "http://www.pacetest.dk/index.php/pages/20-2-2-problemformulering?layout=edit" "Mozilla/5.0 (Windows NT 6.2; WOW64; rv:25.0) Gecko/20100101 Firefox/25.0"
94.145.68.182 - - [25/Nov/2013:06:00:51 -0500] "GET /index.php/notifications?get=count HTTP/1.1" 200 24 "http://www.pacetest.dk/" "Mozilla/5.0 (Windows NT 6.2; WOW64; rv:25.0) Gecko/20100101 Firefox/25.0"
94.145.68.182 - - [25/Nov/2013:06:01:19 -0500] "GET /index.php/notifications?get=count HTTP/1.1" 200 24 "http://www.pacetest.dk/index.php/pages/20-2-2-problemformulering?layout=edit" "Mozilla/5.0 (Windows NT 6.2; WOW64; rv:25.0) Gecko/20100101 Firefox/25.0"
94.145.68.182 - - [25/Nov/2013:06:01:21 -0500] "GET /index.php/notifications?get=count HTTP/1.1" 200 24 "http://www.pacetest.dk/" "Mozilla/5.0 (Windows NT 6.2; WOW64; rv:25.0) Gecko/20100101 Firefox/25.0"
94.145.68.182 - - [25/Nov/2013:06:01:49 -0500] "GET /index.php/notifications?get=count HTTP/1.1" 200 24 "http://www.pacetest.dk/index.php/pages/20-2-2-problemformulering?layout=edit" "Mozilla/5.0 (Windows NT 6.2; WOW64; rv:25.0) Gecko/20100101 Firefox/25.0"
94.145.68.182 - - [25/Nov/2013:06:01:51 -0500] "GET /index.php/notifications?get=count HTTP/1.1" 200 24 "http://www.pacetest.dk/" "Mozilla/5.0 (Windows NT 6.2; WOW64; rv:25.0) Gecko/20100101 Firefox/25.0"
94.145.68.182 - - [25/Nov/2013:06:02:19 -0500] "GET /index.php/notifications?get=count HTTP/1.1" 200 24 "http://www.pacetest.dk/index.php/pages/20-2-2-problemformulering?layout=edit" "Mozilla/5.0 (Windows NT 6.2; WOW64; rv:25.0) Gecko/20100101 Firefox/25.0"
94.145.68.182 - - [25/Nov/2013:06:02:21 -0500] "GET /index.php/notifications?get=count HTTP/1.1" 200 24 "http://www.pacetest.dk/" "Mozilla/5.0 (Windows NT 6.2; WOW64; rv:25.0) Gecko/20100101 Firefox/25.0"
94.145.68.182 - - [25/Nov/2013:06:02:49 -0500] "GET /index.php/notifications?get=count HTTP/1.1" 200 24 "http://www.pacetest.dk/index.php/pages/20-2-2-problemformulering?layout=edit" "Mozilla/5.0 (Windows NT 6.2; WOW64; rv:25.0) Gecko/20100101 Firefox/25.0"
94.145.68.182 - - [25/Nov/2013:06:02:52 -0500] "GET /index.php/notifications?get=count HTTP/1.1" 200 24 "http://www.pacetest.dk/" "Mozilla/5.0 (Windows NT 6.2; WOW64; rv:25.0) Gecko/20100101 Firefox/25.0"
94.145.68.182 - - [25/Nov/2013:06:03:19 -0500] "GET /index.php/notifications?get=count HTTP/1.1" 200 24 "http://www.pacetest.dk/index.php/pages/20-2-2-problemformulering?layout=edit" "Mozilla/5.0 (Windows NT 6.2; WOW64; rv:25.0) Gecko/20100101 Firefox/25.0"
130.225.198.197 - - [25/Nov/2013:06:03:20 -0500] "GET /templates/base/css/images/spinner.gif HTTP/1.1" 200 723 "http://www.pacetest.dk/" "Mozilla/5.0 (Macintosh; Intel Mac OS X 10_9) AppleWebKit/537.71 (KHTML, like Gecko) Version/7.0 Safari/537.71"
130.225.198.197 - - [25/Nov/2013:06:03:20 -0500] "GET /index.php/people/session?layout=modal&return=aHR0cDovL3d3dy5wYWNldGVzdC5kay8%3D&hofll00u HTTP/1.1" 200 1462 "http://www.pacetest.dk/" "Mozilla/5.0 (Macintosh; Intel Mac OS X 10_9) AppleWebKit/537.71 (KHTML, like Gecko) Version/7.0 Safari/537.71"
94.145.68.182 - - [25/Nov/2013:06:03:21 -0500] "GET /index.php/notifications?get=count HTTP/1.1" 200 24 "http://www.pacetest.dk/" "Mozilla/5.0 (Windows NT 6.2; WOW64; rv:25.0) Gecko/20100101 Firefox/25.0"
130.225.198.197 - - [25/Nov/2013:06:03:23 -0500] "GET /index.php/people/person?layout=add&return=aHR0cDovL3d3dy5wYWNldGVzdC5kay8%3D HTTP/1.1" 200 8692 "http://www.pacetest.dk/" "Mozilla/5.0 (Macintosh; Intel Mac OS X 10_9) AppleWebKit/537.71 (KHTML, like Gecko) Version/7.0 Safari/537.71"
130.225.198.197 - - [25/Nov/2013:06:03:30 -0500] "POST /index.php/people/person HTTP/1.1" 200 - "http://www.pacetest.dk/index.php/people/person?layout=add&return=aHR0cDovL3d3dy5wYWNldGVzdC5kay8%3D" "Mozilla/5.0 (Macintosh; Intel Mac OS X 10_9) AppleWebKit/537.71 (KHTML, like Gecko) Version/7.0 Safari/537.71"
130.225.198.197 - - [25/Nov/2013:06:03:36 -0500] "POST /index.php/people/person HTTP/1.1" 200 - "http://www.pacetest.dk/index.php/people/person?layout=add&return=aHR0cDovL3d3dy5wYWNldGVzdC5kay8%3D" "Mozilla/5.0 (Macintosh; Intel Mac OS X 10_9) AppleWebKit/537.71 (KHTML, like Gecko) Version/7.0 Safari/537.71"
130.225.198.197 - - [25/Nov/2013:06:03:40 -0500] "POST /index.php/people/person HTTP/1.1" 303 - "http://www.pacetest.dk/index.php/people/person?layout=add&return=aHR0cDovL3d3dy5wYWNldGVzdC5kay8%3D" "Mozilla/5.0 (Macintosh; Intel Mac OS X 10_9) AppleWebKit/537.71 (KHTML, like Gecko) Version/7.0 Safari/537.71"
130.225.198.197 - - [25/Nov/2013:06:03:42 -0500] "GET /index.php/people/session HTTP/1.1" 200 6861 "http://www.pacetest.dk/index.php/people/person?layout=add&return=aHR0cDovL3d3dy5wYWNldGVzdC5kay8%3D" "Mozilla/5.0 (Macintosh; Intel Mac OS X 10_9) AppleWebKit/537.71 (KHTML, like Gecko) Version/7.0 Safari/537.71"
94.145.68.182 - - [25/Nov/2013:06:03:49 -0500] "GET /index.php/notifications?get=count HTTP/1.1" 200 24 "http://www.pacetest.dk/index.php/pages/20-2-2-problemformulering?layout=edit" "Mozilla/5.0 (Windows NT 6.2; WOW64; rv:25.0) Gecko/20100101 Firefox/25.0"
94.145.68.182 - - [25/Nov/2013:06:03:51 -0500] "GET /index.php/notifications?get=count HTTP/1.1" 200 24 "http://www.pacetest.dk/" "Mozilla/5.0 (Windows NT 6.2; WOW64; rv:25.0) Gecko/20100101 Firefox/25.0"
94.145.68.182 - - [25/Nov/2013:06:04:19 -0500] "GET /index.php/notifications?get=count HTTP/1.1" 200 24 "http://www.pacetest.dk/index.php/pages/20-2-2-problemformulering?layout=edit" "Mozilla/5.0 (Windows NT 6.2; WOW64; rv:25.0) Gecko/20100101 Firefox/25.0"
94.145.68.182 - - [25/Nov/2013:06:04:21 -0500] "GET /index.php/notifications?get=count HTTP/1.1" 200 24 "http://www.pacetest.dk/" "Mozilla/5.0 (Windows NT 6.2; WOW64; rv:25.0) Gecko/20100101 Firefox/25.0"
130.225.198.197 - - [25/Nov/2013:06:04:38 -0500] "GET /index.php/people/person?token=a139b65758b0a9fef68139e099539f3e HTTP/1.1" 303 - "-" "Mozilla/5.0 (Macintosh; Intel Mac OS X 10_9) AppleWebKit/537.71 (KHTML, like Gecko) Version/7.0 Safari/537.71"
130.225.198.197 - - [25/Nov/2013:06:04:40 -0500] "GET /index.php HTTP/1.1" 200 12907 "-" "Mozilla/5.0 (Macintosh; Intel Mac OS X 10_9) AppleWebKit/537.71 (KHTML, like Gecko) Version/7.0 Safari/537.71"
130.225.198.197 - - [25/Nov/2013:06:04:42 -0500] "GET /media/lib_anahita/js/production/site.js HTTP/1.1" 200 313277 "http://www.pacetest.dk/index.php" "Mozilla/5.0 (Macintosh; Intel Mac OS X 10_9) AppleWebKit/537.71 (KHTML, like Gecko) Version/7.0 Safari/537.71"
130.225.198.197 - - [25/Nov/2013:06:04:42 -0500] "GET /templates/shiraz/css/style1/style.css HTTP/1.1" 200 175909 "http://www.pacetest.dk/index.php" "Mozilla/5.0 (Macintosh; Intel Mac OS X 10_9) AppleWebKit/537.71 (KHTML, like Gecko) Version/7.0 Safari/537.71"
130.225.198.197 - - [25/Nov/2013:06:04:42 -0500] "GET /media/com_stories/js/stories.js HTTP/1.1" 200 1794 "http://www.pacetest.dk/index.php" "Mozilla/5.0 (Macintosh; Intel Mac OS X 10_9) AppleWebKit/537.71 (KHTML, like Gecko) Version/7.0 Safari/537.71"
130.225.198.197 - - [25/Nov/2013:06:04:42 -0500] "GET /media/com_composer/js/composer.js HTTP/1.1" 200 5681 "http://www.pacetest.dk/index.php" "Mozilla/5.0 (Macintosh; Intel Mac OS X 10_9) AppleWebKit/537.71 (KHTML, like Gecko) Version/7.0 Safari/537.71"
130.225.198.197 - - [25/Nov/2013:06:04:42 -0500] "GET /media/lib_anahita/js/vendors/mediabox.js HTTP/1.1" 200 45415 "http://www.pacetest.dk/index.php" "Mozilla/5.0 (Macintosh; Intel Mac OS X 10_9) AppleWebKit/537.71 (KHTML, like Gecko) Version/7.0 Safari/537.71"
130.225.198.197 - - [25/Nov/2013:06:04:42 -0500] "GET /media/lib_anahita/images/avatar/square_default.gif HTTP/1.1" 200 17821 "http://www.pacetest.dk/index.php" "Mozilla/5.0 (Macintosh; Intel Mac OS X 10_9) AppleWebKit/537.71 (KHTML, like Gecko) Version/7.0 Safari/537.71"
130.225.198.197 - - [25/Nov/2013:06:04:42 -0500] "GET /templates/base/css/images/glyphicons-halflings.png HTTP/1.1" 200 12799 "http://www.pacetest.dk/index.php" "Mozilla/5.0 (Macintosh; Intel Mac OS X 10_9) AppleWebKit/537.71 (KHTML, like Gecko) Version/7.0 Safari/537.71"
130.225.198.197 - - [25/Nov/2013:06:04:46 -0500] "GET /index.php/topics?layout=gadget&filter=leaders&hoflzf5v HTTP/1.1" 200 371 "http://www.pacetest.dk/index.php" "Mozilla/5.0 (Macintosh; Intel Mac OS X 10_9) AppleWebKit/537.71 (KHTML, like Gecko) Version/7.0 Safari/537.71"
94.145.68.182 - - [25/Nov/2013:06:04:49 -0500] "GET /index.php/notifications?get=count HTTP/1.1" 200 24 "http://www.pacetest.dk/index.php/pages/20-2-2-problemformulering?layout=edit" "Mozilla/5.0 (Windows NT 6.2; WOW64; rv:25.0) Gecko/20100101 Firefox/25.0"
94.145.68.182 - - [25/Nov/2013:06:04:51 -0500] "GET /index.php/notifications?get=count HTTP/1.1" 200 24 "http://www.pacetest.dk/" "Mozilla/5.0 (Windows NT 6.2; WOW64; rv:25.0) Gecko/20100101 Firefox/25.0"
130.225.198.197 - - [25/Nov/2013:06:04:52 -0500] "GET /index.php/menu/people HTTP/1.1" 200 11212 "http://www.pacetest.dk/index.php" "Mozilla/5.0 (Macintosh; Intel Mac OS X 10_9) AppleWebKit/537.71 (KHTML, like Gecko) Version/7.0 Safari/537.71"
130.225.198.197 - - [25/Nov/2013:06:04:57 -0500] "GET /index.php/menu/groups HTTP/1.1" 200 11861 "http://www.pacetest.dk/index.php/menu/people" "Mozilla/5.0 (Macintosh; Intel Mac OS X 10_9) AppleWebKit/537.71 (KHTML, like Gecko) Version/7.0 Safari/537.71"
130.225.198.197 - - [25/Nov/2013:06:05:05 -0500] "GET /index.php/groups/6-kollaborativt-lederskab HTTP/1.1" 200 15593 "http://www.pacetest.dk/index.php/menu/groups" "Mozilla/5.0 (Macintosh; Intel Mac OS X 10_9) AppleWebKit/537.71 (KHTML, like Gecko) Version/7.0 Safari/537.71"
94.145.68.182 - - [25/Nov/2013:06:05:05 -0500] "GET / HTTP/1.1" 200 26402 "-" "Mozilla/5.0 (Windows NT 6.2; WOW64; rv:25.0) Gecko/20100101 Firefox/25.0"
94.145.68.182 - - [25/Nov/2013:06:05:13 -0500] "GET /templates/shiraz/css/style1/style.css HTTP/1.1" 304 - "http://www.pacetest.dk/" "Mozilla/5.0 (Windows NT 6.2; WOW64; rv:25.0) Gecko/20100101 Firefox/25.0"
94.145.68.182 - - [25/Nov/2013:06:05:13 -0500] "GET /media/lib_anahita/js/production/site.js HTTP/1.1" 304 - "http://www.pacetest.dk/" "Mozilla/5.0 (Windows NT 6.2; WOW64; rv:25.0) Gecko/20100101 Firefox/25.0"
94.145.68.182 - - [25/Nov/2013:06:05:13 -0500] "GET /media/com_stories/js/stories.js HTTP/1.1" 304 - "http://www.pacetest.dk/" "Mozilla/5.0 (Windows NT 6.2; WOW64; rv:25.0) Gecko/20100101 Firefox/25.0"
94.145.68.182 - - [25/Nov/2013:06:05:13 -0500] "GET /media/lib_anahita/js/vendors/mediabox.js HTTP/1.1" 304 - "http://www.pacetest.dk/" "Mozilla/5.0 (Windows NT 6.2; WOW64; rv:25.0) Gecko/20100101 Firefox/25.0"
94.145.68.182 - - [25/Nov/2013:06:05:13 -0500] "GET /media/com_composer/js/composer.js HTTP/1.1" 304 - "http://www.pacetest.dk/" "Mozilla/5.0 (Windows NT 6.2; WOW64; rv:25.0) Gecko/20100101 Firefox/25.0"
94.145.68.182 - - [25/Nov/2013:06:05:14 -0500] "GET /templates/base/css/images/logo.png HTTP/1.1" 304 - "http://www.pacetest.dk/templates/shiraz/css/style1/style.css" "Mozilla/5.0 (Windows NT 6.2; WOW64; rv:25.0) Gecko/20100101 Firefox/25.0"
94.145.68.182 - - [25/Nov/2013:06:05:14 -0500] "GET /templates/base/css/images/glyphicons-halflings.png HTTP/1.1" 304 - "http://www.pacetest.dk/templates/shiraz/css/style1/style.css" "Mozilla/5.0 (Windows NT 6.2; WOW64; rv:25.0) Gecko/20100101 Firefox/25.0"
130.225.198.197 - - [25/Nov/2013:06:05:13 -0500] "GET /index.php/groups/6/graph/followers?layout=gadget&hofm0292 HTTP/1.1" 200 1013 "http://www.pacetest.dk/index.php/groups/6-kollaborativt-lederskab" "Mozilla/5.0 (Macintosh; Intel Mac OS X 10_9) AppleWebKit/537.71 (KHTML, like Gecko) Version/7.0 Safari/537.71"
- - - [25/Nov/2013:06:05:15 -0500] "OPTIONS * HTTP/1.0" 200 - "-" "Apache/2.2.22 (Red Hat Enterprise Web Server) (internal dummy connection)"
94.145.68.182 - - [25/Nov/2013:06:05:19 -0500] "GET /index.php/notifications?get=count HTTP/1.1" 200 24 "http://www.pacetest.dk/index.php/pages/20-2-2-problemformulering?layout=edit" "Mozilla/5.0 (Windows NT 6.2; WOW64; rv:25.0) Gecko/20100101 Firefox/25.0"
94.145.68.182 - - [25/Nov/2013:06:05:23 -0500] "GET /index.php/menu/groups HTTP/1.1" 200 11361 "http://www.pacetest.dk/" "Mozilla/5.0 (Windows NT 6.2; WOW64; rv:25.0) Gecko/20100101 Firefox/25.0"
130.225.198.197 - - [25/Nov/2013:06:05:26 -0500] "GET /index.php/groups/6-kollaborativt-lederskab HTTP/1.1" 200 15593 "http://www.pacetest.dk/index.php/groups/6-kollaborativt-lederskab" "Mozilla/5.0 (Macintosh; Intel Mac OS X 10_9) AppleWebKit/537.71 (KHTML, like Gecko) Version/7.0 Safari/537.71"
130.225.198.197 - - [25/Nov/2013:06:05:29 -0500] "GET /index.php/groups/6/graph/followers?layout=gadget&hofm0f3y HTTP/1.1" 200 1013 "http://www.pacetest.dk/index.php/groups/6-kollaborativt-lederskab" "Mozilla/5.0 (Macintosh; Intel Mac OS X 10_9) AppleWebKit/537.71 (KHTML, like Gecko) Version/7.0 Safari/537.71"
94.145.68.182 - - [25/Nov/2013:06:05:29 -0500] "GET /index.php/menu/people HTTP/1.1" 200 11293 "http://www.pacetest.dk/index.php/menu/groups" "Mozilla/5.0 (Windows NT 6.2; WOW64; rv:25.0) Gecko/20100101 Firefox/25.0"
- - - [25/Nov/2013:06:05:31 -0500] "OPTIONS * HTTP/1.0" 200 - "-" "Apache/2.2.22 (Red Hat Enterprise Web Server) (internal dummy connection)"
94.145.68.182 - - [25/Nov/2013:06:05:31 -0500] "GET /media/lib_anahita/images/avatar/square_default.gif HTTP/1.1" 304 - "http://www.pacetest.dk/index.php/menu/people" "Mozilla/5.0 (Windows NT 6.2; WOW64; rv:25.0) Gecko/20100101 Firefox/25.0"
130.225.198.197 - - [25/Nov/2013:06:05:31 -0500] "GET /index.php/groups/6-kollaborativt-lederskab HTTP/1.1" 200 15593 "http://www.pacetest.dk/index.php/groups/6-kollaborativt-lederskab" "Mozilla/5.0 (Macintosh; Intel Mac OS X 10_9) AppleWebKit/537.71 (KHTML, like Gecko) Version/7.0 Safari/537.71"
130.225.198.197 - - [25/Nov/2013:06:05:33 -0500] "GET /index.php/groups/6/graph/followers?layout=gadget&hofm0idj HTTP/1.1" 200 1013 "http://www.pacetest.dk/index.php/groups/6-kollaborativt-lederskab" "Mozilla/5.0 (Macintosh; Intel Mac OS X 10_9) AppleWebKit/537.71 (KHTML, like Gecko) Version/7.0 Safari/537.71"
130.225.198.197 - - [25/Nov/2013:06:05:35 -0500] "GET /index.php/topics/@6?layout=gadget&hofm0idm HTTP/1.1" 200 359 "http://www.pacetest.dk/index.php/groups/6-kollaborativt-lederskab" "Mozilla/5.0 (Macintosh; Intel Mac OS X 10_9) AppleWebKit/537.71 (KHTML, like Gecko) Version/7.0 Safari/537.71"
130.225.198.197 - - [25/Nov/2013:06:05:36 -0500] "GET /index.php/photos/@6?layout=gadget&hofm0idp HTTP/1.1" 200 89 "http://www.pacetest.dk/index.php/groups/6-kollaborativt-lederskab" "Mozilla/5.0 (Macintosh; Intel Mac OS X 10_9) AppleWebKit/537.71 (KHTML, like Gecko) Version/7.0 Safari/537.71"
130.225.198.197 - - [25/Nov/2013:06:05:37 -0500] "GET /index.php/pages/@6?layout=gadget&hofm0ids HTTP/1.1" 200 372 "http://www.pacetest.dk/index.php/groups/6-kollaborativt-lederskab" "Mozilla/5.0 (Macintosh; Intel Mac OS X 10_9) AppleWebKit/537.71 (KHTML, like Gecko) Version/7.0 Safari/537.71"
94.145.68.182 - - [25/Nov/2013:06:05:40 -0500] "GET /index.php/menu/groups HTTP/1.1" 200 11361 "http://www.pacetest.dk/index.php/menu/people" "Mozilla/5.0 (Windows NT 6.2; WOW64; rv:25.0) Gecko/20100101 Firefox/25.0"
94.145.68.182 - - [25/Nov/2013:06:05:49 -0500] "GET /index.php/notifications?get=count HTTP/1.1" 200 24 "http://www.pacetest.dk/index.php/pages/20-2-2-problemformulering?layout=edit" "Mozilla/5.0 (Windows NT 6.2; WOW64; rv:25.0) Gecko/20100101 Firefox/25.0"
94.145.68.182 - - [25/Nov/2013:06:06:10 -0500] "GET /index.php/menu/people HTTP/1.1" 200 11293 "http://www.pacetest.dk/index.php/menu/groups" "Mozilla/5.0 (Windows NT 6.2; WOW64; rv:25.0) Gecko/20100101 Firefox/25.0"
94.145.68.182 - - [25/Nov/2013:06:06:19 -0500] "GET /index.php/notifications?get=count HTTP/1.1" 200 24 "http://www.pacetest.dk/index.php/pages/20-2-2-problemformulering?layout=edit" "Mozilla/5.0 (Windows NT 6.2; WOW64; rv:25.0) Gecko/20100101 Firefox/25.0"
94.145.68.182 - - [25/Nov/2013:06:06:41 -0500] "GET /index.php/notifications?get=count HTTP/1.1" 200 24 "http://www.pacetest.dk/index.php/menu/people" "Mozilla/5.0 (Windows NT 6.2; WOW64; rv:25.0) Gecko/20100101 Firefox/25.0"
94.145.68.182 - - [25/Nov/2013:06:06:49 -0500] "GET /index.php/notifications?get=count HTTP/1.1" 200 24 "http://www.pacetest.dk/index.php/pages/20-2-2-problemformulering?layout=edit" "Mozilla/5.0 (Windows NT 6.2; WOW64; rv:25.0) Gecko/20100101 Firefox/25.0"
94.145.68.182 - - [25/Nov/2013:06:07:01 -0500] "POST /index.php/people/svalebaek?layout=list&hofm1eq1 HTTP/1.1" 200 1298 "http://www.pacetest.dk/index.php/menu/people" "Mozilla/5.0 (Windows NT 6.2; WOW64; rv:25.0) Gecko/20100101 Firefox/25.0"
94.145.68.182 - - [25/Nov/2013:06:07:11 -0500] "GET /index.php/notifications?get=count HTTP/1.1" 200 24 "http://www.pacetest.dk/index.php/menu/people" "Mozilla/5.0 (Windows NT 6.2; WOW64; rv:25.0) Gecko/20100101 Firefox/25.0"
94.145.68.182 - - [25/Nov/2013:06:07:19 -0500] "GET /index.php/notifications?get=count HTTP/1.1" 200 24 "http://www.pacetest.dk/index.php/pages/20-2-2-problemformulering?layout=edit" "Mozilla/5.0 (Windows NT 6.2; WOW64; rv:25.0) Gecko/20100101 Firefox/25.0"
94.145.68.182 - - [25/Nov/2013:06:07:41 -0500] "GET /index.php/notifications?get=count HTTP/1.1" 200 24 "http://www.pacetest.dk/index.php/menu/people" "Mozilla/5.0 (Windows NT 6.2; WOW64; rv:25.0) Gecko/20100101 Firefox/25.0"
94.145.68.182 - - [25/Nov/2013:06:07:49 -0500] "GET /index.php/notifications?get=count HTTP/1.1" 200 24 "http://www.pacetest.dk/index.php/pages/20-2-2-problemformulering?layout=edit" "Mozilla/5.0 (Windows NT 6.2; WOW64; rv:25.0) Gecko/20100101 Firefox/25.0"
94.145.68.182 - - [25/Nov/2013:06:08:11 -0500] "GET /index.php/notifications?get=count HTTP/1.1" 200 24 "http://www.pacetest.dk/index.php/menu/people" "Mozilla/5.0 (Windows NT 6.2; WOW64; rv:25.0) Gecko/20100101 Firefox/25.0"
94.145.68.182 - - [25/Nov/2013:06:08:19 -0500] "GET /index.php/notifications?get=count HTTP/1.1" 200 24 "http://www.pacetest.dk/index.php/pages/20-2-2-problemformulering?layout=edit" "Mozilla/5.0 (Windows NT 6.2; WOW64; rv:25.0) Gecko/20100101 Firefox/25.0"
94.145.68.182 - - [25/Nov/2013:06:08:41 -0500] "GET /index.php/notifications?get=count HTTP/1.1" 200 24 "http://www.pacetest.dk/index.php/menu/people" "Mozilla/5.0 (Windows NT 6.2; WOW64; rv:25.0) Gecko/20100101 Firefox/25.0"
94.145.68.182 - - [25/Nov/2013:06:08:49 -0500] "GET /index.php/notifications?get=count HTTP/1.1" 200 24 "http://www.pacetest.dk/index.php/pages/20-2-2-problemformulering?layout=edit" "Mozilla/5.0 (Windows NT 6.2; WOW64; rv:25.0) Gecko/20100101 Firefox/25.0"
94.145.68.182 - - [25/Nov/2013:06:09:11 -0500] "GET /index.php/notifications?get=count HTTP/1.1" 200 24 "http://www.pacetest.dk/index.php/menu/people" "Mozilla/5.0 (Windows NT 6.2; WOW64; rv:25.0) Gecko/20100101 Firefox/25.0"
94.145.68.182 - - [25/Nov/2013:06:09:11 -0500] "GET / HTTP/1.1" 200 27733 "http://www.facebook.com/l.php?u=http%3A%2F%2FWWW.PACETEST.DK&h=lAQHzH4X6AQH5BMeLGWBQ3YIdZjNly2pvUB0ZOUol4MvA_Q&s=1" "Mozilla/5.0 (Windows NT 6.2; WOW64; rv:25.0) Gecko/20100101 Firefox/25.0"
94.145.68.182 - - [25/Nov/2013:06:09:19 -0500] "GET /index.php/notifications?get=count HTTP/1.1" 200 24 "http://www.pacetest.dk/index.php/pages/20-2-2-problemformulering?layout=edit" "Mozilla/5.0 (Windows NT 6.2; WOW64; rv:25.0) Gecko/20100101 Firefox/25.0"
94.145.68.182 - - [25/Nov/2013:06:09:29 -0500] "GET /index.php/menu/people HTTP/1.1" 200 11286 "http://www.pacetest.dk/" "Mozilla/5.0 (Windows NT 6.2; WOW64; rv:25.0) Gecko/20100101 Firefox/25.0"
94.145.68.182 - - [25/Nov/2013:06:09:41 -0500] "GET /index.php/notifications?get=count HTTP/1.1" 200 24 "http://www.pacetest.dk/index.php/menu/people" "Mozilla/5.0 (Windows NT 6.2; WOW64; rv:25.0) Gecko/20100101 Firefox/25.0"
94.145.68.182 - - [25/Nov/2013:06:09:49 -0500] "GET /index.php/notifications?get=count HTTP/1.1" 200 24 "http://www.pacetest.dk/index.php/pages/20-2-2-problemformulering?layout=edit" "Mozilla/5.0 (Windows NT 6.2; WOW64; rv:25.0) Gecko/20100101 Firefox/25.0"
94.145.68.182 - - [25/Nov/2013:06:10:00 -0500] "GET /index.php/notifications?get=count HTTP/1.1" 200 24 "http://www.pacetest.dk/index.php/menu/people" "Mozilla/5.0 (Windows NT 6.2; WOW64; rv:25.0) Gecko/20100101 Firefox/25.0"
10.110.62.41 - - [25/Nov/2013:06:10:05 -0500] "GET / HTTP/1.1" 200 8164 "-" "Ruby"
10.110.62.41 - - [25/Nov/2013:06:10:08 -0500] "GET / HTTP/1.1" 200 8167 "-" "Ruby"
94.145.68.182 - - [25/Nov/2013:06:10:11 -0500] "GET /index.php/notifications?get=count HTTP/1.1" 200 24 "http://www.pacetest.dk/index.php/menu/people" "Mozilla/5.0 (Windows NT 6.2; WOW64; rv:25.0) Gecko/20100101 Firefox/25.0"
94.145.68.182 - - [25/Nov/2013:06:10:19 -0500] "GET /index.php/notifications?get=count HTTP/1.1" 200 24 "http://www.pacetest.dk/index.php/pages/20-2-2-problemformulering?layout=edit" "Mozilla/5.0 (Windows NT 6.2; WOW64; rv:25.0) Gecko/20100101 Firefox/25.0"
94.145.68.182 - - [25/Nov/2013:06:10:30 -0500] "GET /index.php/notifications?get=count HTTP/1.1" 200 24 "http://www.pacetest.dk/index.php/menu/people" "Mozilla/5.0 (Windows NT 6.2; WOW64; rv:25.0) Gecko/20100101 Firefox/25.0"
94.145.68.182 - - [25/Nov/2013:06:10:41 -0500] "GET /index.php/notifications?get=count HTTP/1.1" 200 24 "http://www.pacetest.dk/index.php/menu/people" "Mozilla/5.0 (Windows NT 6.2; WOW64; rv:25.0) Gecko/20100101 Firefox/25.0"
94.145.68.182 - - [25/Nov/2013:06:10:49 -0500] "GET /index.php/notifications?get=count HTTP/1.1" 200 24 "http://www.pacetest.dk/index.php/pages/20-2-2-problemformulering?layout=edit" "Mozilla/5.0 (Windows NT 6.2; WOW64; rv:25.0) Gecko/20100101 Firefox/25.0"
94.145.68.182 - - [25/Nov/2013:06:11:00 -0500] "GET /index.php/notifications?get=count HTTP/1.1" 200 24 "http://www.pacetest.dk/index.php/menu/people" "Mozilla/5.0 (Windows NT 6.2; WOW64; rv:25.0) Gecko/20100101 Firefox/25.0"
94.145.68.182 - - [25/Nov/2013:06:11:11 -0500] "GET /index.php/notifications?get=count HTTP/1.1" 200 24 "http://www.pacetest.dk/index.php/menu/people" "Mozilla/5.0 (Windows NT 6.2; WOW64; rv:25.0) Gecko/20100101 Firefox/25.0"
94.145.68.182 - - [25/Nov/2013:06:11:19 -0500] "GET /index.php/notifications?get=count HTTP/1.1" 200 24 "http://www.pacetest.dk/index.php/pages/20-2-2-problemformulering?layout=edit" "Mozilla/5.0 (Windows NT 6.2; WOW64; rv:25.0) Gecko/20100101 Firefox/25.0"
94.145.68.182 - - [25/Nov/2013:06:11:30 -0500] "GET /index.php/notifications?get=count HTTP/1.1" 200 24 "http://www.pacetest.dk/index.php/menu/people" "Mozilla/5.0 (Windows NT 6.2; WOW64; rv:25.0) Gecko/20100101 Firefox/25.0"
94.145.68.182 - - [25/Nov/2013:06:11:41 -0500] "GET /index.php/notifications?get=count HTTP/1.1" 200 24 "http://www.pacetest.dk/index.php/menu/people" "Mozilla/5.0 (Windows NT 6.2; WOW64; rv:25.0) Gecko/20100101 Firefox/25.0"
94.145.68.182 - - [25/Nov/2013:06:11:49 -0500] "GET /index.php/notifications?get=count HTTP/1.1" 200 24 "http://www.pacetest.dk/index.php/pages/20-2-2-problemformulering?layout=edit" "Mozilla/5.0 (Windows NT 6.2; WOW64; rv:25.0) Gecko/20100101 Firefox/25.0"
94.145.68.182 - - [25/Nov/2013:06:12:00 -0500] "GET /index.php/notifications?get=count HTTP/1.1" 200 24 "http://www.pacetest.dk/index.php/menu/people" "Mozilla/5.0 (Windows NT 6.2; WOW64; rv:25.0) Gecko/20100101 Firefox/25.0"
94.145.68.182 - - [25/Nov/2013:06:12:11 -0500] "GET /index.php/notifications?get=count HTTP/1.1" 200 24 "http://www.pacetest.dk/index.php/menu/people" "Mozilla/5.0 (Windows NT 6.2; WOW64; rv:25.0) Gecko/20100101 Firefox/25.0"
94.145.68.182 - - [25/Nov/2013:06:12:19 -0500] "GET /index.php/notifications?get=count HTTP/1.1" 200 24 "http://www.pacetest.dk/index.php/pages/20-2-2-problemformulering?layout=edit" "Mozilla/5.0 (Windows NT 6.2; WOW64; rv:25.0) Gecko/20100101 Firefox/25.0"
94.145.68.182 - - [25/Nov/2013:06:12:30 -0500] "GET /index.php/notifications?get=count HTTP/1.1" 200 24 "http://www.pacetest.dk/index.php/menu/people" "Mozilla/5.0 (Windows NT 6.2; WOW64; rv:25.0) Gecko/20100101 Firefox/25.0"
94.145.68.182 - - [25/Nov/2013:06:12:41 -0500] "GET /index.php/notifications?get=count HTTP/1.1" 200 24 "http://www.pacetest.dk/index.php/menu/people" "Mozilla/5.0 (Windows NT 6.2; WOW64; rv:25.0) Gecko/20100101 Firefox/25.0"
94.145.68.182 - - [25/Nov/2013:06:12:49 -0500] "GET /index.php/notifications?get=count HTTP/1.1" 200 24 "http://www.pacetest.dk/index.php/pages/20-2-2-problemformulering?layout=edit" "Mozilla/5.0 (Windows NT 6.2; WOW64; rv:25.0) Gecko/20100101 Firefox/25.0"
94.145.68.182 - - [25/Nov/2013:06:13:00 -0500] "GET /index.php/notifications?get=count HTTP/1.1" 200 24 "http://www.pacetest.dk/index.php/menu/people" "Mozilla/5.0 (Windows NT 6.2; WOW64; rv:25.0) Gecko/20100101 Firefox/25.0"
94.145.68.182 - - [25/Nov/2013:06:13:11 -0500] "GET /index.php/notifications?get=count HTTP/1.1" 200 24 "http://www.pacetest.dk/index.php/menu/people" "Mozilla/5.0 (Windows NT 6.2; WOW64; rv:25.0) Gecko/20100101 Firefox/25.0"
94.145.68.182 - - [25/Nov/2013:06:13:19 -0500] "GET /index.php/notifications?get=count HTTP/1.1" 200 24 "http://www.pacetest.dk/index.php/pages/20-2-2-problemformulering?layout=edit" "Mozilla/5.0 (Windows NT 6.2; WOW64; rv:25.0) Gecko/20100101 Firefox/25.0"
94.145.68.182 - - [25/Nov/2013:06:13:30 -0500] "GET /index.php/notifications?get=count HTTP/1.1" 200 24 "http://www.pacetest.dk/index.php/menu/people" "Mozilla/5.0 (Windows NT 6.2; WOW64; rv:25.0) Gecko/20100101 Firefox/25.0"
94.145.68.182 - - [25/Nov/2013:06:13:41 -0500] "GET /index.php/notifications?get=count HTTP/1.1" 200 24 "http://www.pacetest.dk/index.php/menu/people" "Mozilla/5.0 (Windows NT 6.2; WOW64; rv:25.0) Gecko/20100101 Firefox/25.0"
94.145.68.182 - - [25/Nov/2013:06:13:49 -0500] "GET /index.php/notifications?get=count HTTP/1.1" 200 24 "http://www.pacetest.dk/index.php/pages/20-2-2-problemformulering?layout=edit" "Mozilla/5.0 (Windows NT 6.2; WOW64; rv:25.0) Gecko/20100101 Firefox/25.0"
94.145.68.182 - - [25/Nov/2013:06:14:00 -0500] "GET /index.php/notifications?get=count HTTP/1.1" 200 24 "http://www.pacetest.dk/index.php/menu/people" "Mozilla/5.0 (Windows NT 6.2; WOW64; rv:25.0) Gecko/20100101 Firefox/25.0"
94.145.68.182 - - [25/Nov/2013:06:14:11 -0500] "GET /index.php/notifications?get=count HTTP/1.1" 200 24 "http://www.pacetest.dk/index.php/menu/people" "Mozilla/5.0 (Windows NT 6.2; WOW64; rv:25.0) Gecko/20100101 Firefox/25.0"
94.145.68.182 - - [25/Nov/2013:06:14:19 -0500] "GET /index.php/notifications?get=count HTTP/1.1" 200 24 "http://www.pacetest.dk/index.php/pages/20-2-2-problemformulering?layout=edit" "Mozilla/5.0 (Windows NT 6.2; WOW64; rv:25.0) Gecko/20100101 Firefox/25.0"
94.145.68.182 - - [25/Nov/2013:06:14:30 -0500] "GET /index.php/notifications?get=count HTTP/1.1" 200 24 "http://www.pacetest.dk/index.php/menu/people" "Mozilla/5.0 (Windows NT 6.2; WOW64; rv:25.0) Gecko/20100101 Firefox/25.0"
94.145.68.182 - - [25/Nov/2013:06:14:41 -0500] "GET /index.php/notifications?get=count HTTP/1.1" 200 24 "http://www.pacetest.dk/index.php/menu/people" "Mozilla/5.0 (Windows NT 6.2; WOW64; rv:25.0) Gecko/20100101 Firefox/25.0"
94.145.68.182 - - [25/Nov/2013:06:14:49 -0500] "GET /index.php/notifications?get=count HTTP/1.1" 200 24 "http://www.pacetest.dk/index.php/pages/20-2-2-problemformulering?layout=edit" "Mozilla/5.0 (Windows NT 6.2; WOW64; rv:25.0) Gecko/20100101 Firefox/25.0"
94.145.68.182 - - [25/Nov/2013:06:15:00 -0500] "GET /index.php/notifications?get=count HTTP/1.1" 200 24 "http://www.pacetest.dk/index.php/menu/people" "Mozilla/5.0 (Windows NT 6.2; WOW64; rv:25.0) Gecko/20100101 Firefox/25.0"
94.145.68.182 - - [25/Nov/2013:06:15:11 -0500] "GET /index.php/notifications?get=count HTTP/1.1" 200 24 "http://www.pacetest.dk/index.php/menu/people" "Mozilla/5.0 (Windows NT 6.2; WOW64; rv:25.0) Gecko/20100101 Firefox/25.0"
94.145.68.182 - - [25/Nov/2013:06:15:19 -0500] "GET /index.php/notifications?get=count HTTP/1.1" 200 24 "http://www.pacetest.dk/index.php/pages/20-2-2-problemformulering?layout=edit" "Mozilla/5.0 (Windows NT 6.2; WOW64; rv:25.0) Gecko/20100101 Firefox/25.0"
94.145.68.182 - - [25/Nov/2013:06:15:30 -0500] "GET /index.php/notifications?get=count HTTP/1.1" 200 24 "http://www.pacetest.dk/index.php/menu/people" "Mozilla/5.0 (Windows NT 6.2; WOW64; rv:25.0) Gecko/20100101 Firefox/25.0"
94.145.68.182 - - [25/Nov/2013:06:15:41 -0500] "GET /index.php/notifications?get=count HTTP/1.1" 200 24 "http://www.pacetest.dk/index.php/menu/people" "Mozilla/5.0 (Windows NT 6.2; WOW64; rv:25.0) Gecko/20100101 Firefox/25.0"
94.145.68.182 - - [25/Nov/2013:06:15:49 -0500] "GET /index.php/notifications?get=count HTTP/1.1" 200 24 "http://www.pacetest.dk/index.php/pages/20-2-2-problemformulering?layout=edit" "Mozilla/5.0 (Windows NT 6.2; WOW64; rv:25.0) Gecko/20100101 Firefox/25.0"
94.145.68.182 - - [25/Nov/2013:06:16:00 -0500] "GET /index.php/notifications?get=count HTTP/1.1" 200 24 "http://www.pacetest.dk/index.php/menu/people" "Mozilla/5.0 (Windows NT 6.2; WOW64; rv:25.0) Gecko/20100101 Firefox/25.0"
94.145.68.182 - - [25/Nov/2013:06:16:11 -0500] "GET /index.php/notifications?get=count HTTP/1.1" 200 24 "http://www.pacetest.dk/index.php/menu/people" "Mozilla/5.0 (Windows NT 6.2; WOW64; rv:25.0) Gecko/20100101 Firefox/25.0"
94.145.68.182 - - [25/Nov/2013:06:16:19 -0500] "GET /index.php/notifications?get=count HTTP/1.1" 200 24 "http://www.pacetest.dk/index.php/pages/20-2-2-problemformulering?layout=edit" "Mozilla/5.0 (Windows NT 6.2; WOW64; rv:25.0) Gecko/20100101 Firefox/25.0"
94.145.68.182 - - [25/Nov/2013:06:16:30 -0500] "GET /index.php/notifications?get=count HTTP/1.1" 200 24 "http://www.pacetest.dk/index.php/menu/people" "Mozilla/5.0 (Windows NT 6.2; WOW64; rv:25.0) Gecko/20100101 Firefox/25.0"
94.145.68.182 - - [25/Nov/2013:06:16:41 -0500] "GET /index.php/notifications?get=count HTTP/1.1" 200 24 "http://www.pacetest.dk/index.php/menu/people" "Mozilla/5.0 (Windows NT 6.2; WOW64; rv:25.0) Gecko/20100101 Firefox/25.0"
94.145.68.182 - - [25/Nov/2013:06:16:49 -0500] "GET /index.php/notifications?get=count HTTP/1.1" 200 24 "http://www.pacetest.dk/index.php/pages/20-2-2-problemformulering?layout=edit" "Mozilla/5.0 (Windows NT 6.2; WOW64; rv:25.0) Gecko/20100101 Firefox/25.0"
94.145.68.182 - - [25/Nov/2013:06:17:00 -0500] "GET /index.php/notifications?get=count HTTP/1.1" 200 24 "http://www.pacetest.dk/index.php/menu/people" "Mozilla/5.0 (Windows NT 6.2; WOW64; rv:25.0) Gecko/20100101 Firefox/25.0"
94.145.68.182 - - [25/Nov/2013:06:17:11 -0500] "GET /index.php/notifications?get=count HTTP/1.1" 200 24 "http://www.pacetest.dk/index.php/menu/people" "Mozilla/5.0 (Windows NT 6.2; WOW64; rv:25.0) Gecko/20100101 Firefox/25.0"
94.145.68.182 - - [25/Nov/2013:06:17:19 -0500] "GET /index.php/notifications?get=count HTTP/1.1" 200 24 "http://www.pacetest.dk/index.php/pages/20-2-2-problemformulering?layout=edit" "Mozilla/5.0 (Windows NT 6.2; WOW64; rv:25.0) Gecko/20100101 Firefox/25.0"
94.145.68.182 - - [25/Nov/2013:06:17:30 -0500] "GET /index.php/notifications?get=count HTTP/1.1" 200 24 "http://www.pacetest.dk/index.php/menu/people" "Mozilla/5.0 (Windows NT 6.2; WOW64; rv:25.0) Gecko/20100101 Firefox/25.0"
94.145.68.182 - - [25/Nov/2013:06:17:41 -0500] "GET /index.php/notifications?get=count HTTP/1.1" 200 24 "http://www.pacetest.dk/index.php/menu/people" "Mozilla/5.0 (Windows NT 6.2; WOW64; rv:25.0) Gecko/20100101 Firefox/25.0"
94.145.68.182 - - [25/Nov/2013:06:17:49 -0500] "GET /index.php/notifications?get=count HTTP/1.1" 200 24 "http://www.pacetest.dk/index.php/pages/20-2-2-problemformulering?layout=edit" "Mozilla/5.0 (Windows NT 6.2; WOW64; rv:25.0) Gecko/20100101 Firefox/25.0"
94.145.68.182 - - [25/Nov/2013:06:18:00 -0500] "GET /index.php/notifications?get=count HTTP/1.1" 200 24 "http://www.pacetest.dk/index.php/menu/people" "Mozilla/5.0 (Windows NT 6.2; WOW64; rv:25.0) Gecko/20100101 Firefox/25.0"
94.145.68.182 - - [25/Nov/2013:06:18:11 -0500] "GET /index.php/notifications?get=count HTTP/1.1" 200 24 "http://www.pacetest.dk/index.php/menu/people" "Mozilla/5.0 (Windows NT 6.2; WOW64; rv:25.0) Gecko/20100101 Firefox/25.0"
94.145.68.182 - - [25/Nov/2013:06:18:19 -0500] "GET /index.php/notifications?get=count HTTP/1.1" 200 24 "http://www.pacetest.dk/index.php/pages/20-2-2-problemformulering?layout=edit" "Mozilla/5.0 (Windows NT 6.2; WOW64; rv:25.0) Gecko/20100101 Firefox/25.0"
94.145.68.182 - - [25/Nov/2013:06:18:30 -0500] "GET /index.php/notifications?get=count HTTP/1.1" 200 24 "http://www.pacetest.dk/index.php/menu/people" "Mozilla/5.0 (Windows NT 6.2; WOW64; rv:25.0) Gecko/20100101 Firefox/25.0"
94.145.68.182 - - [25/Nov/2013:06:18:41 -0500] "GET /index.php/notifications?get=count HTTP/1.1" 200 24 "http://www.pacetest.dk/index.php/menu/people" "Mozilla/5.0 (Windows NT 6.2; WOW64; rv:25.0) Gecko/20100101 Firefox/25.0"
94.145.68.182 - - [25/Nov/2013:06:18:49 -0500] "GET /index.php/notifications?get=count HTTP/1.1" 200 24 "http://www.pacetest.dk/index.php/pages/20-2-2-problemformulering?layout=edit" "Mozilla/5.0 (Windows NT 6.2; WOW64; rv:25.0) Gecko/20100101 Firefox/25.0"
94.145.68.182 - - [25/Nov/2013:06:19:00 -0500] "GET /index.php/notifications?get=count HTTP/1.1" 200 24 "http://www.pacetest.dk/index.php/menu/people" "Mozilla/5.0 (Windows NT 6.2; WOW64; rv:25.0) Gecko/20100101 Firefox/25.0"
94.145.68.182 - - [25/Nov/2013:06:19:11 -0500] "GET /index.php/notifications?get=count HTTP/1.1" 200 24 "http://www.pacetest.dk/index.php/menu/people" "Mozilla/5.0 (Windows NT 6.2; WOW64; rv:25.0) Gecko/20100101 Firefox/25.0"
94.145.68.182 - - [25/Nov/2013:06:19:19 -0500] "GET /index.php/notifications?get=count HTTP/1.1" 200 24 "http://www.pacetest.dk/index.php/pages/20-2-2-problemformulering?layout=edit" "Mozilla/5.0 (Windows NT 6.2; WOW64; rv:25.0) Gecko/20100101 Firefox/25.0"
94.145.68.182 - - [25/Nov/2013:06:19:30 -0500] "GET /index.php/notifications?get=count HTTP/1.1" 200 24 "http://www.pacetest.dk/index.php/menu/people" "Mozilla/5.0 (Windows NT 6.2; WOW64; rv:25.0) Gecko/20100101 Firefox/25.0"
94.145.68.182 - - [25/Nov/2013:06:19:41 -0500] "GET /index.php/notifications?get=count HTTP/1.1" 200 24 "http://www.pacetest.dk/index.php/menu/people" "Mozilla/5.0 (Windows NT 6.2; WOW64; rv:25.0) Gecko/20100101 Firefox/25.0"
94.145.68.182 - - [25/Nov/2013:06:19:49 -0500] "GET /index.php/notifications?get=count HTTP/1.1" 200 24 "http://www.pacetest.dk/index.php/pages/20-2-2-problemformulering?layout=edit" "Mozilla/5.0 (Windows NT 6.2; WOW64; rv:25.0) Gecko/20100101 Firefox/25.0"
94.145.68.182 - - [25/Nov/2013:06:20:00 -0500] "GET /index.php/notifications?get=count HTTP/1.1" 200 24 "http://www.pacetest.dk/index.php/menu/people" "Mozilla/5.0 (Windows NT 6.2; WOW64; rv:25.0) Gecko/20100101 Firefox/25.0"
94.145.68.182 - - [25/Nov/2013:06:20:12 -0500] "GET /index.php/notifications?get=count HTTP/1.1" 200 24 "http://www.pacetest.dk/index.php/menu/people" "Mozilla/5.0 (Windows NT 6.2; WOW64; rv:25.0) Gecko/20100101 Firefox/25.0"
62.44.135.193 - - [25/Nov/2013:06:20:13 -0500] "GET / HTTP/1.1" 200 8072 "-" "Mozilla/5.0 (iPhone; CPU iPhone OS 7_0_4 like Mac OS X) AppleWebKit/537.51.1 (KHTML, like Gecko) Version/7.0 Mobile/11B554a Safari/9537.53"
62.44.135.193 - - [25/Nov/2013:06:20:14 -0500] "GET /templates/shiraz/css/style1/style.css HTTP/1.1" 200 175909 "http://www.pacetest.dk/" "Mozilla/5.0 (iPhone; CPU iPhone OS 7_0_4 like Mac OS X) AppleWebKit/537.51.1 (KHTML, like Gecko) Version/7.0 Mobile/11B554a Safari/9537.53"
62.44.135.193 - - [25/Nov/2013:06:20:14 -0500] "GET /media/lib_anahita/js/production/site.js HTTP/1.1" 200 313277 "http://www.pacetest.dk/" "Mozilla/5.0 (iPhone; CPU iPhone OS 7_0_4 like Mac OS X) AppleWebKit/537.51.1 (KHTML, like Gecko) Version/7.0 Mobile/11B554a Safari/9537.53"
87.56.172.113 - - [25/Nov/2013:06:20:14 -0500] "GET / HTTP/1.1" 200 8072 "-" "Mozilla/5.0 (compatible; MSIE 10.0; Windows NT 6.1; WOW64; Trident/6.0)"
87.56.172.113 - - [25/Nov/2013:06:20:15 -0500] "GET /templates/shiraz/css/style1/style.css HTTP/1.1" 200 175909 "http://www.pacetest.dk/" "Mozilla/5.0 (compatible; MSIE 10.0; Windows NT 6.1; WOW64; Trident/6.0)"
87.56.172.113 - - [25/Nov/2013:06:20:15 -0500] "GET /media/lib_anahita/js/production/site.js HTTP/1.1" 200 313277 "http://www.pacetest.dk/" "Mozilla/5.0 (compatible; MSIE 10.0; Windows NT 6.1; WOW64; Trident/6.0)"
87.56.172.113 - - [25/Nov/2013:06:20:16 -0500] "GET /templates/base/css/images/logo.png HTTP/1.1" 200 5272 "http://www.pacetest.dk/" "Mozilla/5.0 (compatible; MSIE 10.0; Windows NT 6.1; WOW64; Trident/6.0)"
87.56.172.113 - - [25/Nov/2013:06:20:16 -0500] "GET /templates/base/css/images/icon-socialmedia-white.png HTTP/1.1" 200 5419 "http://www.pacetest.dk/" "Mozilla/5.0 (compatible; MSIE 10.0; Windows NT 6.1; WOW64; Trident/6.0)"
87.56.172.113 - - [25/Nov/2013:06:20:16 -0500] "GET /templates/base/css/images/icon-socialmedia.png HTTP/1.1" 200 6399 "http://www.pacetest.dk/" "Mozilla/5.0 (compatible; MSIE 10.0; Windows NT 6.1; WOW64; Trident/6.0)"
87.56.172.113 - - [25/Nov/2013:06:20:17 -0500] "GET /favicon.ico HTTP/1.1" 404 313 "-" "Mozilla/5.0 (compatible; MSIE 10.0; Windows NT 6.1; Win64; x64; Trident/6.0)"
62.44.135.193 - - [25/Nov/2013:06:20:18 -0500] "GET /templates/base/css/images/logo.png HTTP/1.1" 200 5272 "http://www.pacetest.dk/" "Mozilla/5.0 (iPhone; CPU iPhone OS 7_0_4 like Mac OS X) AppleWebKit/537.51.1 (KHTML, like Gecko) Version/7.0 Mobile/11B554a Safari/9537.53"
62.44.135.193 - - [25/Nov/2013:06:20:18 -0500] "GET /templates/base/css/images/icon-socialmedia-white.png HTTP/1.1" 200 5419 "http://www.pacetest.dk/" "Mozilla/5.0 (iPhone; CPU iPhone OS 7_0_4 like Mac OS X) AppleWebKit/537.51.1 (KHTML, like Gecko) Version/7.0 Mobile/11B554a Safari/9537.53"
62.44.135.193 - - [25/Nov/2013:06:20:18 -0500] "GET /templates/base/css/images/icon-socialmedia.png HTTP/1.1" 200 6399 "http://www.pacetest.dk/" "Mozilla/5.0 (iPhone; CPU iPhone OS 7_0_4 like Mac OS X) AppleWebKit/537.51.1 (KHTML, like Gecko) Version/7.0 Mobile/11B554a Safari/9537.53"
94.145.68.182 - - [25/Nov/2013:06:20:19 -0500] "GET /index.php/notifications?get=count HTTP/1.1" 200 24 "http://www.pacetest.dk/index.php/pages/20-2-2-problemformulering?layout=edit" "Mozilla/5.0 (Windows NT 6.2; WOW64; rv:25.0) Gecko/20100101 Firefox/25.0"
87.56.172.113 - - [25/Nov/2013:06:20:28 -0500] "GET /index.php/menu/people HTTP/1.1" 200 9047 "http://www.pacetest.dk/" "Mozilla/5.0 (compatible; MSIE 10.0; Windows NT 6.1; WOW64; Trident/6.0)"
87.56.172.113 - - [25/Nov/2013:06:20:29 -0500] "GET /media/lib_anahita/images/avatar/square_default.gif HTTP/1.1" 200 17821 "http://www.pacetest.dk/index.php/menu/people" "Mozilla/5.0 (compatible; MSIE 10.0; Windows NT 6.1; WOW64; Trident/6.0)"
87.56.172.113 - - [25/Nov/2013:06:20:30 -0500] "GET /favicon.ico HTTP/1.1" 404 313 "-" "Mozilla/5.0 (compatible; MSIE 10.0; Windows NT 6.1; Win64; x64; Trident/6.0)"
94.145.68.182 - - [25/Nov/2013:06:20:31 -0500] "GET /index.php/notifications?get=count HTTP/1.1" 200 24 "http://www.pacetest.dk/index.php/menu/people" "Mozilla/5.0 (Windows NT 6.2; WOW64; rv:25.0) Gecko/20100101 Firefox/25.0"
87.56.172.113 - - [25/Nov/2013:06:20:35 -0500] "GET /index.php/menu/groups HTTP/1.1" 200 7364 "http://www.pacetest.dk/index.php/menu/people" "Mozilla/5.0 (compatible; MSIE 10.0; Windows NT 6.1; WOW64; Trident/6.0)"
94.145.68.182 - - [25/Nov/2013:06:20:41 -0500] "GET /index.php/notifications?get=count HTTP/1.1" 200 24 "http://www.pacetest.dk/index.php/menu/people" "Mozilla/5.0 (Windows NT 6.2; WOW64; rv:25.0) Gecko/20100101 Firefox/25.0"
94.145.68.182 - - [25/Nov/2013:06:20:49 -0500] "GET /index.php/notifications?get=count HTTP/1.1" 200 24 "http://www.pacetest.dk/index.php/pages/20-2-2-problemformulering?layout=edit" "Mozilla/5.0 (Windows NT 6.2; WOW64; rv:25.0) Gecko/20100101 Firefox/25.0"
94.145.68.182 - - [25/Nov/2013:06:21:00 -0500] "GET /index.php/notifications?get=count HTTP/1.1" 200 24 "http://www.pacetest.dk/index.php/menu/people" "Mozilla/5.0 (Windows NT 6.2; WOW64; rv:25.0) Gecko/20100101 Firefox/25.0"
94.145.68.182 - - [25/Nov/2013:06:21:11 -0500] "GET /index.php/notifications?get=count HTTP/1.1" 200 24 "http://www.pacetest.dk/index.php/menu/people" "Mozilla/5.0 (Windows NT 6.2; WOW64; rv:25.0) Gecko/20100101 Firefox/25.0"
94.145.68.182 - - [25/Nov/2013:06:21:19 -0500] "GET /index.php/notifications?get=count HTTP/1.1" 200 24 "http://www.pacetest.dk/index.php/pages/20-2-2-problemformulering?layout=edit" "Mozilla/5.0 (Windows NT 6.2; WOW64; rv:25.0) Gecko/20100101 Firefox/25.0"
94.145.68.182 - - [25/Nov/2013:06:21:30 -0500] "GET /index.php/notifications?get=count HTTP/1.1" 200 24 "http://www.pacetest.dk/index.php/menu/people" "Mozilla/5.0 (Windows NT 6.2; WOW64; rv:25.0) Gecko/20100101 Firefox/25.0"
