94.145.68.182 - - [16/Jan/2014:14:49:12 -0500] "GET /notifications?layout=popover&hqifm9ds HTTP/1.1" 200 7096 "http://www.pacetest.dk/pages/439-deltagerliste-og-program-jylland-18-19-januar-2014" "Mozilla/5.0 (Windows NT 6.2; WOW64; rv:26.0) Gecko/20100101 Firefox/26.0"
94.145.68.182 - - [16/Jan/2014:14:49:17 -0500] "GET /pages/439-deltagerliste-og-program-jylland-18-19-januar-2014 HTTP/1.1" 200 34918 "http://www.pacetest.dk/pages/439-deltagerliste-og-program-jylland-18-19-januar-2014" "Mozilla/5.0 (Windows NT 6.2; WOW64; rv:26.0) Gecko/20100101 Firefox/26.0"
94.145.68.182 - - [16/Jan/2014:14:49:18 -0500] "GET /pages/439-deltagerliste-og-program-jylland-18-19-januar-2014 HTTP/1.1" 200 34918 "http://www.pacetest.dk/pages/439-deltagerliste-og-program-jylland-18-19-januar-2014" "Mozilla/5.0 (Windows NT 6.2; WOW64; rv:26.0) Gecko/20100101 Firefox/26.0"
94.145.68.182 - - [16/Jan/2014:14:49:20 -0500] "GET /pages/439-deltagerliste-og-program-jylland-18-19-januar-2014 HTTP/1.1" 200 34918 "http://www.pacetest.dk/pages/439-deltagerliste-og-program-jylland-18-19-januar-2014" "Mozilla/5.0 (Windows NT 6.2; WOW64; rv:26.0) Gecko/20100101 Firefox/26.0"
- - - [16/Jan/2014:14:49:30 -0500] "OPTIONS * HTTP/1.0" 200 - "-" "Apache/2.2.22 (Red Hat Enterprise Web Server) (internal dummy connection)"
94.145.68.182 - - [16/Jan/2014:14:49:26 -0500] "GET /pages/439-deltagerliste-og-program-jylland-18-19-januar-2014 HTTP/1.1" 200 34918 "http://www.pacetest.dk/pages/439-deltagerliste-og-program-jylland-18-19-januar-2014" "Mozilla/5.0 (Windows NT 6.2; WOW64; rv:26.0) Gecko/20100101 Firefox/26.0"
- - - [16/Jan/2014:14:49:31 -0500] "OPTIONS * HTTP/1.0" 200 - "-" "Apache/2.2.22 (Red Hat Enterprise Web Server) (internal dummy connection)"
94.145.68.182 - - [16/Jan/2014:14:50:01 -0500] "GET /notifications?get=count HTTP/1.1" 200 24 "http://www.pacetest.dk/pages/439-deltagerliste-og-program-jylland-18-19-januar-2014" "Mozilla/5.0 (Windows NT 6.2; WOW64; rv:26.0) Gecko/20100101 Firefox/26.0"
94.145.68.182 - - [16/Jan/2014:14:50:31 -0500] "GET /notifications?get=count HTTP/1.1" 200 24 "http://www.pacetest.dk/pages/439-deltagerliste-og-program-jylland-18-19-januar-2014" "Mozilla/5.0 (Windows NT 6.2; WOW64; rv:26.0) Gecko/20100101 Firefox/26.0"
94.145.68.182 - - [16/Jan/2014:14:51:01 -0500] "GET /notifications?get=count HTTP/1.1" 200 24 "http://www.pacetest.dk/pages/439-deltagerliste-og-program-jylland-18-19-januar-2014" "Mozilla/5.0 (Windows NT 6.2; WOW64; rv:26.0) Gecko/20100101 Firefox/26.0"
94.145.68.182 - - [16/Jan/2014:14:51:31 -0500] "GET /notifications?get=count HTTP/1.1" 200 24 "http://www.pacetest.dk/pages/439-deltagerliste-og-program-jylland-18-19-januar-2014" "Mozilla/5.0 (Windows NT 6.2; WOW64; rv:26.0) Gecko/20100101 Firefox/26.0"
94.145.68.182 - - [16/Jan/2014:14:52:01 -0500] "GET /notifications?get=count HTTP/1.1" 200 24 "http://www.pacetest.dk/pages/439-deltagerliste-og-program-jylland-18-19-januar-2014" "Mozilla/5.0 (Windows NT 6.2; WOW64; rv:26.0) Gecko/20100101 Firefox/26.0"
94.145.68.182 - - [16/Jan/2014:14:52:31 -0500] "GET /notifications?get=count HTTP/1.1" 200 24 "http://www.pacetest.dk/pages/439-deltagerliste-og-program-jylland-18-19-januar-2014" "Mozilla/5.0 (Windows NT 6.2; WOW64; rv:26.0) Gecko/20100101 Firefox/26.0"
94.145.68.182 - - [16/Jan/2014:14:53:01 -0500] "GET /notifications?get=count HTTP/1.1" 200 24 "http://www.pacetest.dk/pages/439-deltagerliste-og-program-jylland-18-19-januar-2014" "Mozilla/5.0 (Windows NT 6.2; WOW64; rv:26.0) Gecko/20100101 Firefox/26.0"
94.145.68.182 - - [16/Jan/2014:14:53:32 -0500] "GET /notifications?get=count HTTP/1.1" 200 24 "http://www.pacetest.dk/pages/439-deltagerliste-og-program-jylland-18-19-januar-2014" "Mozilla/5.0 (Windows NT 6.2; WOW64; rv:26.0) Gecko/20100101 Firefox/26.0"
94.145.68.182 - - [16/Jan/2014:14:54:01 -0500] "GET /notifications?get=count HTTP/1.1" 200 24 "http://www.pacetest.dk/pages/439-deltagerliste-og-program-jylland-18-19-januar-2014" "Mozilla/5.0 (Windows NT 6.2; WOW64; rv:26.0) Gecko/20100101 Firefox/26.0"
94.145.68.182 - - [16/Jan/2014:14:54:22 -0500] "GET /pages/439-deltagerliste-og-program-jylland-18-19-januar-2014?layout=edit HTTP/1.1" 200 13488 "http://www.pacetest.dk/pages/439-deltagerliste-og-program-jylland-18-19-januar-2014" "Mozilla/5.0 (Windows NT 6.2; WOW64; rv:26.0) Gecko/20100101 Firefox/26.0"
94.145.68.182 - - [16/Jan/2014:14:54:25 -0500] "GET /pages/@197/revisions?layout=gadget&pid=439&hqift4xc HTTP/1.1" 200 4073 "http://www.pacetest.dk/pages/439-deltagerliste-og-program-jylland-18-19-januar-2014?layout=edit" "Mozilla/5.0 (Windows NT 6.2; WOW64; rv:26.0) Gecko/20100101 Firefox/26.0"
94.145.68.182 - - [16/Jan/2014:14:54:40 -0500] "POST /pages/@197/439-deltagerliste-og-program-jylland-18-19-januar-2014 HTTP/1.1" 303 - "http://www.pacetest.dk/pages/439-deltagerliste-og-program-jylland-18-19-januar-2014?layout=edit" "Mozilla/5.0 (Windows NT 6.2; WOW64; rv:26.0) Gecko/20100101 Firefox/26.0"
94.145.68.182 - - [16/Jan/2014:14:54:42 -0500] "GET /pages/439-deltagerliste-og-program-jylland-18-19-januar-2014?layout=edit HTTP/1.1" 200 13650 "http://www.pacetest.dk/pages/439-deltagerliste-og-program-jylland-18-19-januar-2014?layout=edit" "Mozilla/5.0 (Windows NT 6.2; WOW64; rv:26.0) Gecko/20100101 Firefox/26.0"
94.145.68.182 - - [16/Jan/2014:14:54:45 -0500] "GET /pages/@197/revisions?layout=gadget&pid=439&hqiftkdq HTTP/1.1" 200 4093 "http://www.pacetest.dk/pages/439-deltagerliste-og-program-jylland-18-19-januar-2014?layout=edit" "Mozilla/5.0 (Windows NT 6.2; WOW64; rv:26.0) Gecko/20100101 Firefox/26.0"
94.145.68.182 - - [16/Jan/2014:14:55:15 -0500] "GET /notifications?get=count HTTP/1.1" 200 24 "http://www.pacetest.dk/pages/439-deltagerliste-og-program-jylland-18-19-januar-2014?layout=edit" "Mozilla/5.0 (Windows NT 6.2; WOW64; rv:26.0) Gecko/20100101 Firefox/26.0"
94.145.68.182 - - [16/Jan/2014:14:55:45 -0500] "GET /notifications?get=count HTTP/1.1" 200 24 "http://www.pacetest.dk/pages/439-deltagerliste-og-program-jylland-18-19-januar-2014?layout=edit" "Mozilla/5.0 (Windows NT 6.2; WOW64; rv:26.0) Gecko/20100101 Firefox/26.0"
94.145.68.182 - - [16/Jan/2014:14:56:15 -0500] "GET /notifications?get=count HTTP/1.1" 200 24 "http://www.pacetest.dk/pages/439-deltagerliste-og-program-jylland-18-19-januar-2014?layout=edit" "Mozilla/5.0 (Windows NT 6.2; WOW64; rv:26.0) Gecko/20100101 Firefox/26.0"
94.145.68.182 - - [16/Jan/2014:14:56:45 -0500] "GET /notifications?get=count HTTP/1.1" 200 24 "http://www.pacetest.dk/pages/439-deltagerliste-og-program-jylland-18-19-januar-2014?layout=edit" "Mozilla/5.0 (Windows NT 6.2; WOW64; rv:26.0) Gecko/20100101 Firefox/26.0"
94.145.68.182 - - [16/Jan/2014:14:57:15 -0500] "GET /notifications?get=count HTTP/1.1" 200 24 "http://www.pacetest.dk/pages/439-deltagerliste-og-program-jylland-18-19-januar-2014?layout=edit" "Mozilla/5.0 (Windows NT 6.2; WOW64; rv:26.0) Gecko/20100101 Firefox/26.0"
94.145.68.182 - - [16/Jan/2014:14:57:45 -0500] "GET /notifications?get=count HTTP/1.1" 200 24 "http://www.pacetest.dk/pages/439-deltagerliste-og-program-jylland-18-19-januar-2014?layout=edit" "Mozilla/5.0 (Windows NT 6.2; WOW64; rv:26.0) Gecko/20100101 Firefox/26.0"
94.145.68.182 - - [16/Jan/2014:14:58:15 -0500] "GET /notifications?get=count HTTP/1.1" 200 24 "http://www.pacetest.dk/pages/439-deltagerliste-og-program-jylland-18-19-januar-2014?layout=edit" "Mozilla/5.0 (Windows NT 6.2; WOW64; rv:26.0) Gecko/20100101 Firefox/26.0"
94.145.68.182 - - [16/Jan/2014:14:58:45 -0500] "GET /notifications?get=count HTTP/1.1" 200 24 "http://www.pacetest.dk/pages/439-deltagerliste-og-program-jylland-18-19-januar-2014?layout=edit" "Mozilla/5.0 (Windows NT 6.2; WOW64; rv:26.0) Gecko/20100101 Firefox/26.0"
94.145.68.182 - - [16/Jan/2014:14:59:15 -0500] "GET /notifications?get=count HTTP/1.1" 200 24 "http://www.pacetest.dk/pages/439-deltagerliste-og-program-jylland-18-19-januar-2014?layout=edit" "Mozilla/5.0 (Windows NT 6.2; WOW64; rv:26.0) Gecko/20100101 Firefox/26.0"
94.145.68.182 - - [16/Jan/2014:14:59:45 -0500] "GET /notifications?get=count HTTP/1.1" 200 24 "http://www.pacetest.dk/pages/439-deltagerliste-og-program-jylland-18-19-januar-2014?layout=edit" "Mozilla/5.0 (Windows NT 6.2; WOW64; rv:26.0) Gecko/20100101 Firefox/26.0"
94.145.68.182 - - [16/Jan/2014:15:00:15 -0500] "GET /notifications?get=count HTTP/1.1" 200 24 "http://www.pacetest.dk/pages/439-deltagerliste-og-program-jylland-18-19-januar-2014?layout=edit" "Mozilla/5.0 (Windows NT 6.2; WOW64; rv:26.0) Gecko/20100101 Firefox/26.0"
94.145.68.182 - - [16/Jan/2014:15:00:45 -0500] "GET /notifications?get=count HTTP/1.1" 200 24 "http://www.pacetest.dk/pages/439-deltagerliste-og-program-jylland-18-19-januar-2014?layout=edit" "Mozilla/5.0 (Windows NT 6.2; WOW64; rv:26.0) Gecko/20100101 Firefox/26.0"
94.145.68.182 - - [16/Jan/2014:15:01:15 -0500] "GET /notifications?get=count HTTP/1.1" 200 24 "http://www.pacetest.dk/pages/439-deltagerliste-og-program-jylland-18-19-januar-2014?layout=edit" "Mozilla/5.0 (Windows NT 6.2; WOW64; rv:26.0) Gecko/20100101 Firefox/26.0"
94.145.68.182 - - [16/Jan/2014:15:01:45 -0500] "GET /notifications?get=count HTTP/1.1" 200 24 "http://www.pacetest.dk/pages/439-deltagerliste-og-program-jylland-18-19-januar-2014?layout=edit" "Mozilla/5.0 (Windows NT 6.2; WOW64; rv:26.0) Gecko/20100101 Firefox/26.0"
94.145.68.182 - - [16/Jan/2014:15:02:15 -0500] "GET /notifications?get=count HTTP/1.1" 200 24 "http://www.pacetest.dk/pages/439-deltagerliste-og-program-jylland-18-19-januar-2014?layout=edit" "Mozilla/5.0 (Windows NT 6.2; WOW64; rv:26.0) Gecko/20100101 Firefox/26.0"
94.145.68.182 - - [16/Jan/2014:15:02:45 -0500] "GET /notifications?get=count HTTP/1.1" 200 24 "http://www.pacetest.dk/pages/439-deltagerliste-og-program-jylland-18-19-januar-2014?layout=edit" "Mozilla/5.0 (Windows NT 6.2; WOW64; rv:26.0) Gecko/20100101 Firefox/26.0"
94.145.68.182 - - [16/Jan/2014:15:03:15 -0500] "GET /notifications?get=count HTTP/1.1" 200 24 "http://www.pacetest.dk/pages/439-deltagerliste-og-program-jylland-18-19-januar-2014?layout=edit" "Mozilla/5.0 (Windows NT 6.2; WOW64; rv:26.0) Gecko/20100101 Firefox/26.0"
94.145.68.182 - - [16/Jan/2014:15:03:45 -0500] "GET /notifications?get=count HTTP/1.1" 200 24 "http://www.pacetest.dk/pages/439-deltagerliste-og-program-jylland-18-19-januar-2014?layout=edit" "Mozilla/5.0 (Windows NT 6.2; WOW64; rv:26.0) Gecko/20100101 Firefox/26.0"
94.145.68.182 - - [16/Jan/2014:15:04:15 -0500] "GET /notifications?get=count HTTP/1.1" 200 24 "http://www.pacetest.dk/pages/439-deltagerliste-og-program-jylland-18-19-januar-2014?layout=edit" "Mozilla/5.0 (Windows NT 6.2; WOW64; rv:26.0) Gecko/20100101 Firefox/26.0"
94.145.68.182 - - [16/Jan/2014:15:04:45 -0500] "GET /notifications?get=count HTTP/1.1" 200 24 "http://www.pacetest.dk/pages/439-deltagerliste-og-program-jylland-18-19-januar-2014?layout=edit" "Mozilla/5.0 (Windows NT 6.2; WOW64; rv:26.0) Gecko/20100101 Firefox/26.0"
94.145.68.182 - - [16/Jan/2014:15:05:15 -0500] "GET /notifications?get=count HTTP/1.1" 200 24 "http://www.pacetest.dk/pages/439-deltagerliste-og-program-jylland-18-19-januar-2014?layout=edit" "Mozilla/5.0 (Windows NT 6.2; WOW64; rv:26.0) Gecko/20100101 Firefox/26.0"
94.145.68.182 - - [16/Jan/2014:15:05:45 -0500] "GET /notifications?get=count HTTP/1.1" 200 24 "http://www.pacetest.dk/pages/439-deltagerliste-og-program-jylland-18-19-januar-2014?layout=edit" "Mozilla/5.0 (Windows NT 6.2; WOW64; rv:26.0) Gecko/20100101 Firefox/26.0"
94.145.68.182 - - [16/Jan/2014:15:06:11 -0500] "POST /pages/@197/439-deltagerliste-og-program-jylland-18-19-januar-2014 HTTP/1.1" 303 - "http://www.pacetest.dk/pages/439-deltagerliste-og-program-jylland-18-19-januar-2014?layout=edit" "Mozilla/5.0 (Windows NT 6.2; WOW64; rv:26.0) Gecko/20100101 Firefox/26.0"
94.145.68.182 - - [16/Jan/2014:15:06:13 -0500] "GET /pages/439-deltagerliste-og-program-jylland-18-19-januar-2014?layout=edit HTTP/1.1" 200 13643 "http://www.pacetest.dk/pages/439-deltagerliste-og-program-jylland-18-19-januar-2014?layout=edit" "Mozilla/5.0 (Windows NT 6.2; WOW64; rv:26.0) Gecko/20100101 Firefox/26.0"
94.145.68.182 - - [16/Jan/2014:15:06:15 -0500] "GET /notifications?get=count HTTP/1.1" 200 24 "http://www.pacetest.dk/pages/439-deltagerliste-og-program-jylland-18-19-januar-2014?layout=edit" "Mozilla/5.0 (Windows NT 6.2; WOW64; rv:26.0) Gecko/20100101 Firefox/26.0"
94.145.68.182 - - [16/Jan/2014:15:06:16 -0500] "GET /pages/@197/revisions?layout=gadget&pid=439&hqig8dii HTTP/1.1" 200 4105 "http://www.pacetest.dk/pages/439-deltagerliste-og-program-jylland-18-19-januar-2014?layout=edit" "Mozilla/5.0 (Windows NT 6.2; WOW64; rv:26.0) Gecko/20100101 Firefox/26.0"
- - - [16/Jan/2014:15:06:20 -0500] "OPTIONS * HTTP/1.0" 200 - "-" "Apache/2.2.22 (Red Hat Enterprise Web Server) (internal dummy connection)"
94.145.68.182 - - [16/Jan/2014:15:06:46 -0500] "GET /notifications?get=count HTTP/1.1" 200 24 "http://www.pacetest.dk/pages/439-deltagerliste-og-program-jylland-18-19-januar-2014?layout=edit" "Mozilla/5.0 (Windows NT 6.2; WOW64; rv:26.0) Gecko/20100101 Firefox/26.0"
94.145.68.182 - - [16/Jan/2014:15:07:16 -0500] "GET /notifications?get=count HTTP/1.1" 200 24 "http://www.pacetest.dk/pages/439-deltagerliste-og-program-jylland-18-19-januar-2014?layout=edit" "Mozilla/5.0 (Windows NT 6.2; WOW64; rv:26.0) Gecko/20100101 Firefox/26.0"
94.145.68.182 - - [16/Jan/2014:15:07:46 -0500] "GET /notifications?get=count HTTP/1.1" 200 24 "http://www.pacetest.dk/pages/439-deltagerliste-og-program-jylland-18-19-januar-2014?layout=edit" "Mozilla/5.0 (Windows NT 6.2; WOW64; rv:26.0) Gecko/20100101 Firefox/26.0"
94.145.68.182 - - [16/Jan/2014:15:08:17 -0500] "GET /notifications?get=count HTTP/1.1" 200 24 "http://www.pacetest.dk/pages/439-deltagerliste-og-program-jylland-18-19-januar-2014?layout=edit" "Mozilla/5.0 (Windows NT 6.2; WOW64; rv:26.0) Gecko/20100101 Firefox/26.0"
94.145.68.182 - - [16/Jan/2014:15:08:46 -0500] "GET /notifications?get=count HTTP/1.1" 200 24 "http://www.pacetest.dk/pages/439-deltagerliste-og-program-jylland-18-19-januar-2014?layout=edit" "Mozilla/5.0 (Windows NT 6.2; WOW64; rv:26.0) Gecko/20100101 Firefox/26.0"
94.145.68.182 - - [16/Jan/2014:15:09:06 -0500] "POST /pages/@197/439-deltagerliste-og-program-jylland-18-19-januar-2014 HTTP/1.1" 303 - "http://www.pacetest.dk/pages/439-deltagerliste-og-program-jylland-18-19-januar-2014?layout=edit" "Mozilla/5.0 (Windows NT 6.2; WOW64; rv:26.0) Gecko/20100101 Firefox/26.0"
94.145.68.182 - - [16/Jan/2014:15:09:08 -0500] "GET /pages/439-deltagerliste-og-program-jylland-18-19-januar-2014?layout=edit HTTP/1.1" 200 13481 "http://www.pacetest.dk/pages/439-deltagerliste-og-program-jylland-18-19-januar-2014?layout=edit" "Mozilla/5.0 (Windows NT 6.2; WOW64; rv:26.0) Gecko/20100101 Firefox/26.0"
94.145.68.182 - - [16/Jan/2014:15:09:11 -0500] "GET /pages/@197/revisions?layout=gadget&pid=439&hqigc4s8 HTTP/1.1" 200 4105 "http://www.pacetest.dk/pages/439-deltagerliste-og-program-jylland-18-19-januar-2014?layout=edit" "Mozilla/5.0 (Windows NT 6.2; WOW64; rv:26.0) Gecko/20100101 Firefox/26.0"
94.145.68.182 - - [16/Jan/2014:15:09:41 -0500] "GET /notifications?get=count HTTP/1.1" 200 24 "http://www.pacetest.dk/pages/439-deltagerliste-og-program-jylland-18-19-januar-2014?layout=edit" "Mozilla/5.0 (Windows NT 6.2; WOW64; rv:26.0) Gecko/20100101 Firefox/26.0"
94.145.68.182 - - [16/Jan/2014:15:10:11 -0500] "GET /notifications?get=count HTTP/1.1" 200 24 "http://www.pacetest.dk/pages/439-deltagerliste-og-program-jylland-18-19-januar-2014?layout=edit" "Mozilla/5.0 (Windows NT 6.2; WOW64; rv:26.0) Gecko/20100101 Firefox/26.0"
10.110.62.41 - - [16/Jan/2014:15:10:18 -0500] "GET / HTTP/1.1" 200 7852 "-" "Ruby"
10.110.62.41 - - [16/Jan/2014:15:10:20 -0500] "GET / HTTP/1.1" 200 7855 "-" "Ruby"
94.145.68.182 - - [16/Jan/2014:15:10:25 -0500] "POST /pages/@197/439-deltagerliste-og-program-jylland-18-19-januar-2014 HTTP/1.1" 303 - "http://www.pacetest.dk/pages/439-deltagerliste-og-program-jylland-18-19-januar-2014?layout=edit" "Mozilla/5.0 (Windows NT 6.2; WOW64; rv:26.0) Gecko/20100101 Firefox/26.0"
94.145.68.182 - - [16/Jan/2014:15:10:27 -0500] "GET /pages/439-deltagerliste-og-program-jylland-18-19-januar-2014?layout=edit HTTP/1.1" 200 13671 "http://www.pacetest.dk/pages/439-deltagerliste-og-program-jylland-18-19-januar-2014?layout=edit" "Mozilla/5.0 (Windows NT 6.2; WOW64; rv:26.0) Gecko/20100101 Firefox/26.0"
94.145.68.182 - - [16/Jan/2014:15:10:30 -0500] "GET /pages/@197/revisions?layout=gadget&pid=439&hqigdtn3 HTTP/1.1" 200 4117 "http://www.pacetest.dk/pages/439-deltagerliste-og-program-jylland-18-19-januar-2014?layout=edit" "Mozilla/5.0 (Windows NT 6.2; WOW64; rv:26.0) Gecko/20100101 Firefox/26.0"
94.145.68.182 - - [16/Jan/2014:15:11:00 -0500] "GET /notifications?get=count HTTP/1.1" 200 24 "http://www.pacetest.dk/pages/439-deltagerliste-og-program-jylland-18-19-januar-2014?layout=edit" "Mozilla/5.0 (Windows NT 6.2; WOW64; rv:26.0) Gecko/20100101 Firefox/26.0"
178.21.88.155 - - [16/Jan/2014:15:11:13 -0500] "GET /index.php HTTP/1.1" 200 112589 "-" "Mozilla/5.0 (iPad; CPU OS 7_0_4 like Mac OS X) AppleWebKit/537.51.1 (KHTML, like Gecko) Version/7.0 Mobile/11B554a Safari/9537.53"
178.21.88.155 - - [16/Jan/2014:15:11:24 -0500] "GET /apple-touch-icon-152x152-precomposed.png HTTP/1.1" 404 342 "-" "MobileSafari/9537.53 CFNetwork/672.0.8 Darwin/14.0.0"
178.21.88.155 - - [16/Jan/2014:15:11:24 -0500] "GET /apple-touch-icon-152x152.png HTTP/1.1" 404 330 "-" "MobileSafari/9537.53 CFNetwork/672.0.8 Darwin/14.0.0"
178.21.88.155 - - [16/Jan/2014:15:11:24 -0500] "GET /apple-touch-icon-precomposed.png HTTP/1.1" 404 334 "-" "MobileSafari/9537.53 CFNetwork/672.0.8 Darwin/14.0.0"
178.21.88.155 - - [16/Jan/2014:15:11:24 -0500] "GET /apple-touch-icon.png HTTP/1.1" 404 322 "-" "MobileSafari/9537.53 CFNetwork/672.0.8 Darwin/14.0.0"
178.21.88.155 - - [16/Jan/2014:15:11:23 -0500] "GET /stories?layout=list&filter=leaders&start=40&limit=20 HTTP/1.1" 200 31742 "http://www.pacetest.dk/index.php" "Mozilla/5.0 (iPad; CPU OS 7_0_4 like Mac OS X) AppleWebKit/537.51.1 (KHTML, like Gecko) Version/7.0 Mobile/11B554a Safari/9537.53"
94.145.68.182 - - [16/Jan/2014:15:11:30 -0500] "GET /notifications?get=count HTTP/1.1" 200 24 "http://www.pacetest.dk/pages/439-deltagerliste-og-program-jylland-18-19-januar-2014?layout=edit" "Mozilla/5.0 (Windows NT 6.2; WOW64; rv:26.0) Gecko/20100101 Firefox/26.0"
178.21.88.155 - - [16/Jan/2014:15:11:23 -0500] "GET /stories?layout=list&filter=leaders&start=20&limit=20 HTTP/1.1" 200 55831 "http://www.pacetest.dk/index.php" "Mozilla/5.0 (iPad; CPU OS 7_0_4 like Mac OS X) AppleWebKit/537.51.1 (KHTML, like Gecko) Version/7.0 Mobile/11B554a Safari/9537.53"
- - - [16/Jan/2014:15:11:40 -0500] "OPTIONS * HTTP/1.0" 200 - "-" "Apache/2.2.22 (Red Hat Enterprise Web Server) (internal dummy connection)"
178.21.88.155 - - [16/Jan/2014:15:11:35 -0500] "GET /stories?layout=list&filter=leaders&start=60&limit=20 HTTP/1.1" 200 63999 "http://www.pacetest.dk/index.php" "Mozilla/5.0 (iPad; CPU OS 7_0_4 like Mac OS X) AppleWebKit/537.51.1 (KHTML, like Gecko) Version/7.0 Mobile/11B554a Safari/9537.53"
- - - [16/Jan/2014:15:11:45 -0500] "OPTIONS * HTTP/1.0" 200 - "-" "Apache/2.2.22 (Red Hat Enterprise Web Server) (internal dummy connection)"
178.21.88.155 - - [16/Jan/2014:15:11:51 -0500] "GET /pages/439-deltagerliste-og-program-jylland-18-19-januar-2014 HTTP/1.1" 200 30257 "http://www.pacetest.dk/index.php" "Mozilla/5.0 (iPad; CPU OS 7_0_4 like Mac OS X) AppleWebKit/537.51.1 (KHTML, like Gecko) Version/7.0 Mobile/11B554a Safari/9537.53"
94.145.68.182 - - [16/Jan/2014:15:12:00 -0500] "GET /notifications?get=count HTTP/1.1" 200 24 "http://www.pacetest.dk/pages/439-deltagerliste-og-program-jylland-18-19-januar-2014?layout=edit" "Mozilla/5.0 (Windows NT 6.2; WOW64; rv:26.0) Gecko/20100101 Firefox/26.0"
178.21.88.155 - - [16/Jan/2014:15:12:22 -0500] "GET /pages/439-deltagerliste-og-program-jylland-18-19-januar-2014?layout=edit HTTP/1.1" 200 13084 "http://www.pacetest.dk/pages/439-deltagerliste-og-program-jylland-18-19-januar-2014" "Mozilla/5.0 (iPad; CPU OS 7_0_4 like Mac OS X) AppleWebKit/537.51.1 (KHTML, like Gecko) Version/7.0 Mobile/11B554a Safari/9537.53"
94.145.68.182 - - [16/Jan/2014:15:12:30 -0500] "GET /notifications?get=count HTTP/1.1" 200 24 "http://www.pacetest.dk/pages/439-deltagerliste-og-program-jylland-18-19-januar-2014?layout=edit" "Mozilla/5.0 (Windows NT 6.2; WOW64; rv:26.0) Gecko/20100101 Firefox/26.0"
178.21.88.155 - - [16/Jan/2014:15:12:57 -0500] "GET /notifications?get=count HTTP/1.1" 200 24 "http://www.pacetest.dk/pages/439-deltagerliste-og-program-jylland-18-19-januar-2014?layout=edit" "Mozilla/5.0 (iPad; CPU OS 7_0_4 like Mac OS X) AppleWebKit/537.51.1 (KHTML, like Gecko) Version/7.0 Mobile/11B554a Safari/9537.53"
94.145.68.182 - - [16/Jan/2014:15:13:00 -0500] "GET /notifications?get=count HTTP/1.1" 200 24 "http://www.pacetest.dk/pages/439-deltagerliste-og-program-jylland-18-19-januar-2014?layout=edit" "Mozilla/5.0 (Windows NT 6.2; WOW64; rv:26.0) Gecko/20100101 Firefox/26.0"
93.165.119.134 - - [16/Jan/2014:15:13:10 -0500] "GET /notifications?get=count HTTP/1.1" 200 24 "http://www.pacetest.dk/pages/439-deltagerliste-og-program-jylland-18-19-januar-2014" "Mozilla/5.0 (iPad; CPU OS 7_0_4 like Mac OS X) AppleWebKit/537.51.1 (KHTML, like Gecko) Version/7.0 Mobile/11B554a Safari/9537.53"
178.21.88.155 - - [16/Jan/2014:15:13:27 -0500] "GET /notifications?get=count HTTP/1.1" 200 24 "http://www.pacetest.dk/pages/439-deltagerliste-og-program-jylland-18-19-januar-2014?layout=edit" "Mozilla/5.0 (iPad; CPU OS 7_0_4 like Mac OS X) AppleWebKit/537.51.1 (KHTML, like Gecko) Version/7.0 Mobile/11B554a Safari/9537.53"
94.145.68.182 - - [16/Jan/2014:15:13:30 -0500] "GET /notifications?get=count HTTP/1.1" 200 24 "http://www.pacetest.dk/pages/439-deltagerliste-og-program-jylland-18-19-januar-2014?layout=edit" "Mozilla/5.0 (Windows NT 6.2; WOW64; rv:26.0) Gecko/20100101 Firefox/26.0"
93.165.119.134 - - [16/Jan/2014:15:13:23 -0500] "GET / HTTP/1.1" 200 105246 "http://www.pacetest.dk/" "Mozilla/5.0 (iPad; CPU OS 7_0_4 like Mac OS X) AppleWebKit/537.51.1 (KHTML, like Gecko) Version/7.0 Mobile/11B554a Safari/9537.53"
- - - [16/Jan/2014:15:13:35 -0500] "OPTIONS * HTTP/1.0" 200 - "-" "Apache/2.2.22 (Red Hat Enterprise Web Server) (internal dummy connection)"
93.165.119.134 - - [16/Jan/2014:15:13:40 -0500] "GET /stories?layout=list&filter=leaders&start=60&limit=20 HTTP/1.1" 200 56725 "http://www.pacetest.dk/" "Mozilla/5.0 (iPad; CPU OS 7_0_4 like Mac OS X) AppleWebKit/537.51.1 (KHTML, like Gecko) Version/7.0 Mobile/11B554a Safari/9537.53"
93.165.119.134 - - [16/Jan/2014:15:13:43 -0500] "GET /pages/439-deltagerliste-og-program-jylland-18-19-januar-2014 HTTP/1.1" 200 31115 "http://www.pacetest.dk/" "Mozilla/5.0 (iPad; CPU OS 7_0_4 like Mac OS X) AppleWebKit/537.51.1 (KHTML, like Gecko) Version/7.0 Mobile/11B554a Safari/9537.53"
- - - [16/Jan/2014:15:13:50 -0500] "OPTIONS * HTTP/1.0" 200 - "-" "Apache/2.2.22 (Red Hat Enterprise Web Server) (internal dummy connection)"
178.21.88.155 - - [16/Jan/2014:15:14:00 -0500] "GET /notifications?get=count HTTP/1.1" 200 24 "http://www.pacetest.dk/pages/439-deltagerliste-og-program-jylland-18-19-januar-2014?layout=edit" "Mozilla/5.0 (iPad; CPU OS 7_0_4 like Mac OS X) AppleWebKit/537.51.1 (KHTML, like Gecko) Version/7.0 Mobile/11B554a Safari/9537.53"
94.145.68.182 - - [16/Jan/2014:15:14:00 -0500] "GET /notifications?get=count HTTP/1.1" 200 24 "http://www.pacetest.dk/pages/439-deltagerliste-og-program-jylland-18-19-januar-2014?layout=edit" "Mozilla/5.0 (Windows NT 6.2; WOW64; rv:26.0) Gecko/20100101 Firefox/26.0"
- - - [16/Jan/2014:15:14:03 -0500] "OPTIONS * HTTP/1.0" 200 - "-" "Apache/2.2.22 (Red Hat Enterprise Web Server) (internal dummy connection)"
178.21.88.155 - - [16/Jan/2014:15:14:30 -0500] "GET /notifications?get=count HTTP/1.1" 200 24 "http://www.pacetest.dk/pages/439-deltagerliste-og-program-jylland-18-19-januar-2014?layout=edit" "Mozilla/5.0 (iPad; CPU OS 7_0_4 like Mac OS X) AppleWebKit/537.51.1 (KHTML, like Gecko) Version/7.0 Mobile/11B554a Safari/9537.53"
94.145.68.182 - - [16/Jan/2014:15:14:30 -0500] "GET /notifications?get=count HTTP/1.1" 200 24 "http://www.pacetest.dk/pages/439-deltagerliste-og-program-jylland-18-19-januar-2014?layout=edit" "Mozilla/5.0 (Windows NT 6.2; WOW64; rv:26.0) Gecko/20100101 Firefox/26.0"
- - - [16/Jan/2014:15:14:33 -0500] "OPTIONS * HTTP/1.0" 200 - "-" "Apache/2.2.22 (Red Hat Enterprise Web Server) (internal dummy connection)"
178.21.88.155 - - [16/Jan/2014:15:14:40 -0500] "POST /pages/@197/439-deltagerliste-og-program-jylland-18-19-januar-2014 HTTP/1.1" 303 - "http://www.pacetest.dk/pages/439-deltagerliste-og-program-jylland-18-19-januar-2014?layout=edit" "Mozilla/5.0 (iPad; CPU OS 7_0_4 like Mac OS X) AppleWebKit/537.51.1 (KHTML, like Gecko) Version/7.0 Mobile/11B554a Safari/9537.53"
178.21.88.155 - - [16/Jan/2014:15:14:42 -0500] "GET /pages/439-deltagerliste-og-program-jylland-18-19-januar-2014?layout=edit HTTP/1.1" 200 13280 "http://www.pacetest.dk/pages/439-deltagerliste-og-program-jylland-18-19-januar-2014?layout=edit" "Mozilla/5.0 (iPad; CPU OS 7_0_4 like Mac OS X) AppleWebKit/537.51.1 (KHTML, like Gecko) Version/7.0 Mobile/11B554a Safari/9537.53"
94.145.68.182 - - [16/Jan/2014:15:15:00 -0500] "GET /notifications?get=count HTTP/1.1" 200 24 "http://www.pacetest.dk/pages/439-deltagerliste-og-program-jylland-18-19-januar-2014?layout=edit" "Mozilla/5.0 (Windows NT 6.2; WOW64; rv:26.0) Gecko/20100101 Firefox/26.0"
178.21.88.155 - - [16/Jan/2014:15:15:06 -0500] "GET /menu/groups HTTP/1.1" 200 14887 "http://www.pacetest.dk/pages/439-deltagerliste-og-program-jylland-18-19-januar-2014?layout=edit" "Mozilla/5.0 (iPad; CPU OS 7_0_4 like Mac OS X) AppleWebKit/537.51.1 (KHTML, like Gecko) Version/7.0 Mobile/11B554a Safari/9537.53"
178.21.88.155 - - [16/Jan/2014:15:15:14 -0500] "GET /groups/197-ga-nextlevel-jylland HTTP/1.1" 200 75073 "http://www.pacetest.dk/menu/groups" "Mozilla/5.0 (iPad; CPU OS 7_0_4 like Mac OS X) AppleWebKit/537.51.1 (KHTML, like Gecko) Version/7.0 Mobile/11B554a Safari/9537.53"
178.21.88.155 - - [16/Jan/2014:15:15:23 -0500] "GET /groups/197/graph/followers?layout=gadget&hqigjxai HTTP/1.1" 200 2986 "http://www.pacetest.dk/groups/197-ga-nextlevel-jylland" "Mozilla/5.0 (iPad; CPU OS 7_0_4 like Mac OS X) AppleWebKit/537.51.1 (KHTML, like Gecko) Version/7.0 Mobile/11B554a Safari/9537.53"
178.21.88.155 - - [16/Jan/2014:15:15:27 -0500] "GET /pages/439-deltagerliste-og-program-jylland-18-19-januar-2014 HTTP/1.1" 200 30305 "http://www.pacetest.dk/groups/197-ga-nextlevel-jylland" "Mozilla/5.0 (iPad; CPU OS 7_0_4 like Mac OS X) AppleWebKit/537.51.1 (KHTML, like Gecko) Version/7.0 Mobile/11B554a Safari/9537.53"
94.145.68.182 - - [16/Jan/2014:15:15:30 -0500] "GET /notifications?get=count HTTP/1.1" 200 24 "http://www.pacetest.dk/pages/439-deltagerliste-og-program-jylland-18-19-januar-2014?layout=edit" "Mozilla/5.0 (Windows NT 6.2; WOW64; rv:26.0) Gecko/20100101 Firefox/26.0"
- - - [16/Jan/2014:15:15:32 -0500] "OPTIONS * HTTP/1.0" 200 - "-" "Apache/2.2.22 (Red Hat Enterprise Web Server) (internal dummy connection)"
94.145.68.182 - - [16/Jan/2014:15:16:00 -0500] "GET /notifications?get=count HTTP/1.1" 200 24 "http://www.pacetest.dk/pages/439-deltagerliste-og-program-jylland-18-19-januar-2014?layout=edit" "Mozilla/5.0 (Windows NT 6.2; WOW64; rv:26.0) Gecko/20100101 Firefox/26.0"
178.21.88.155 - - [16/Jan/2014:15:16:10 -0500] "GET /notifications?get=count HTTP/1.1" 200 24 "http://www.pacetest.dk/pages/439-deltagerliste-og-program-jylland-18-19-januar-2014" "Mozilla/5.0 (iPad; CPU OS 7_0_4 like Mac OS X) AppleWebKit/537.51.1 (KHTML, like Gecko) Version/7.0 Mobile/11B554a Safari/9537.53"
178.21.88.155 - - [16/Jan/2014:15:16:19 -0500] "POST /people/session?action=delete&return=aHR0cDovL3d3dy5wYWNldGVzdC5kay8%3D HTTP/1.1" 303 - "http://www.pacetest.dk/pages/439-deltagerliste-og-program-jylland-18-19-januar-2014" "Mozilla/5.0 (iPad; CPU OS 7_0_4 like Mac OS X) AppleWebKit/537.51.1 (KHTML, like Gecko) Version/7.0 Mobile/11B554a Safari/9537.53"
178.21.88.155 - - [16/Jan/2014:15:16:20 -0500] "GET /index.php HTTP/1.1" 200 7772 "http://www.pacetest.dk/pages/439-deltagerliste-og-program-jylland-18-19-januar-2014" "Mozilla/5.0 (iPad; CPU OS 7_0_4 like Mac OS X) AppleWebKit/537.51.1 (KHTML, like Gecko) Version/7.0 Mobile/11B554a Safari/9537.53"
94.145.68.182 - - [16/Jan/2014:15:16:30 -0500] "GET /notifications?get=count HTTP/1.1" 200 24 "http://www.pacetest.dk/pages/439-deltagerliste-og-program-jylland-18-19-januar-2014?layout=edit" "Mozilla/5.0 (Windows NT 6.2; WOW64; rv:26.0) Gecko/20100101 Firefox/26.0"
94.145.68.182 - - [16/Jan/2014:15:17:00 -0500] "GET /notifications?get=count HTTP/1.1" 200 24 "http://www.pacetest.dk/pages/439-deltagerliste-og-program-jylland-18-19-januar-2014?layout=edit" "Mozilla/5.0 (Windows NT 6.2; WOW64; rv:26.0) Gecko/20100101 Firefox/26.0"
94.145.68.182 - - [16/Jan/2014:15:17:30 -0500] "GET /notifications?get=count HTTP/1.1" 200 24 "http://www.pacetest.dk/pages/439-deltagerliste-og-program-jylland-18-19-januar-2014?layout=edit" "Mozilla/5.0 (Windows NT 6.2; WOW64; rv:26.0) Gecko/20100101 Firefox/26.0"
94.145.68.182 - - [16/Jan/2014:15:18:00 -0500] "GET /notifications?get=count HTTP/1.1" 200 24 "http://www.pacetest.dk/pages/439-deltagerliste-og-program-jylland-18-19-januar-2014?layout=edit" "Mozilla/5.0 (Windows NT 6.2; WOW64; rv:26.0) Gecko/20100101 Firefox/26.0"
94.145.68.182 - - [16/Jan/2014:15:18:30 -0500] "GET /notifications?get=count HTTP/1.1" 200 24 "http://www.pacetest.dk/pages/439-deltagerliste-og-program-jylland-18-19-januar-2014?layout=edit" "Mozilla/5.0 (Windows NT 6.2; WOW64; rv:26.0) Gecko/20100101 Firefox/26.0"
94.145.68.182 - - [16/Jan/2014:15:19:00 -0500] "GET /notifications?get=count HTTP/1.1" 200 24 "http://www.pacetest.dk/pages/439-deltagerliste-og-program-jylland-18-19-januar-2014?layout=edit" "Mozilla/5.0 (Windows NT 6.2; WOW64; rv:26.0) Gecko/20100101 Firefox/26.0"
94.145.68.182 - - [16/Jan/2014:15:19:30 -0500] "GET /notifications?get=count HTTP/1.1" 200 24 "http://www.pacetest.dk/pages/439-deltagerliste-og-program-jylland-18-19-januar-2014?layout=edit" "Mozilla/5.0 (Windows NT 6.2; WOW64; rv:26.0) Gecko/20100101 Firefox/26.0"
94.145.68.182 - - [16/Jan/2014:15:20:00 -0500] "GET /notifications?get=count HTTP/1.1" 200 24 "http://www.pacetest.dk/pages/439-deltagerliste-og-program-jylland-18-19-januar-2014?layout=edit" "Mozilla/5.0 (Windows NT 6.2; WOW64; rv:26.0) Gecko/20100101 Firefox/26.0"
94.145.68.182 - - [16/Jan/2014:15:20:30 -0500] "GET /notifications?get=count HTTP/1.1" 200 24 "http://www.pacetest.dk/pages/439-deltagerliste-og-program-jylland-18-19-januar-2014?layout=edit" "Mozilla/5.0 (Windows NT 6.2; WOW64; rv:26.0) Gecko/20100101 Firefox/26.0"
94.145.68.182 - - [16/Jan/2014:15:21:00 -0500] "GET /notifications?get=count HTTP/1.1" 200 24 "http://www.pacetest.dk/pages/439-deltagerliste-og-program-jylland-18-19-januar-2014?layout=edit" "Mozilla/5.0 (Windows NT 6.2; WOW64; rv:26.0) Gecko/20100101 Firefox/26.0"
94.145.68.182 - - [16/Jan/2014:15:21:30 -0500] "GET /notifications?get=count HTTP/1.1" 200 24 "http://www.pacetest.dk/pages/439-deltagerliste-og-program-jylland-18-19-januar-2014?layout=edit" "Mozilla/5.0 (Windows NT 6.2; WOW64; rv:26.0) Gecko/20100101 Firefox/26.0"
94.145.68.182 - - [16/Jan/2014:15:22:00 -0500] "GET /notifications?get=count HTTP/1.1" 200 24 "http://www.pacetest.dk/pages/439-deltagerliste-og-program-jylland-18-19-januar-2014?layout=edit" "Mozilla/5.0 (Windows NT 6.2; WOW64; rv:26.0) Gecko/20100101 Firefox/26.0"
94.145.68.182 - - [16/Jan/2014:15:22:30 -0500] "GET /notifications?get=count HTTP/1.1" 200 24 "http://www.pacetest.dk/pages/439-deltagerliste-og-program-jylland-18-19-januar-2014?layout=edit" "Mozilla/5.0 (Windows NT 6.2; WOW64; rv:26.0) Gecko/20100101 Firefox/26.0"
94.145.68.182 - - [16/Jan/2014:15:23:00 -0500] "GET /notifications?get=count HTTP/1.1" 200 24 "http://www.pacetest.dk/pages/439-deltagerliste-og-program-jylland-18-19-januar-2014?layout=edit" "Mozilla/5.0 (Windows NT 6.2; WOW64; rv:26.0) Gecko/20100101 Firefox/26.0"
94.145.68.182 - - [16/Jan/2014:15:23:30 -0500] "GET /notifications?get=count HTTP/1.1" 200 24 "http://www.pacetest.dk/pages/439-deltagerliste-og-program-jylland-18-19-januar-2014?layout=edit" "Mozilla/5.0 (Windows NT 6.2; WOW64; rv:26.0) Gecko/20100101 Firefox/26.0"
94.145.68.182 - - [16/Jan/2014:15:24:00 -0500] "GET /notifications?get=count HTTP/1.1" 200 24 "http://www.pacetest.dk/pages/439-deltagerliste-og-program-jylland-18-19-januar-2014?layout=edit" "Mozilla/5.0 (Windows NT 6.2; WOW64; rv:26.0) Gecko/20100101 Firefox/26.0"
94.145.68.182 - - [16/Jan/2014:15:24:30 -0500] "GET /notifications?get=count HTTP/1.1" 200 24 "http://www.pacetest.dk/pages/439-deltagerliste-og-program-jylland-18-19-januar-2014?layout=edit" "Mozilla/5.0 (Windows NT 6.2; WOW64; rv:26.0) Gecko/20100101 Firefox/26.0"
94.145.68.182 - - [16/Jan/2014:15:25:00 -0500] "GET /notifications?get=count HTTP/1.1" 200 24 "http://www.pacetest.dk/pages/439-deltagerliste-og-program-jylland-18-19-januar-2014?layout=edit" "Mozilla/5.0 (Windows NT 6.2; WOW64; rv:26.0) Gecko/20100101 Firefox/26.0"
94.145.68.182 - - [16/Jan/2014:15:25:30 -0500] "GET /notifications?get=count HTTP/1.1" 200 24 "http://www.pacetest.dk/pages/439-deltagerliste-og-program-jylland-18-19-januar-2014?layout=edit" "Mozilla/5.0 (Windows NT 6.2; WOW64; rv:26.0) Gecko/20100101 Firefox/26.0"
94.145.68.182 - - [16/Jan/2014:15:26:00 -0500] "GET /notifications?get=count HTTP/1.1" 200 24 "http://www.pacetest.dk/pages/439-deltagerliste-og-program-jylland-18-19-januar-2014?layout=edit" "Mozilla/5.0 (Windows NT 6.2; WOW64; rv:26.0) Gecko/20100101 Firefox/26.0"
94.145.68.182 - - [16/Jan/2014:15:26:30 -0500] "GET /notifications?get=count HTTP/1.1" 200 24 "http://www.pacetest.dk/pages/439-deltagerliste-og-program-jylland-18-19-januar-2014?layout=edit" "Mozilla/5.0 (Windows NT 6.2; WOW64; rv:26.0) Gecko/20100101 Firefox/26.0"
94.145.68.182 - - [16/Jan/2014:15:27:00 -0500] "GET /notifications?get=count HTTP/1.1" 200 24 "http://www.pacetest.dk/pages/439-deltagerliste-og-program-jylland-18-19-januar-2014?layout=edit" "Mozilla/5.0 (Windows NT 6.2; WOW64; rv:26.0) Gecko/20100101 Firefox/26.0"
94.145.68.182 - - [16/Jan/2014:15:27:30 -0500] "GET /notifications?get=count HTTP/1.1" 200 24 "http://www.pacetest.dk/pages/439-deltagerliste-og-program-jylland-18-19-januar-2014?layout=edit" "Mozilla/5.0 (Windows NT 6.2; WOW64; rv:26.0) Gecko/20100101 Firefox/26.0"
94.145.68.182 - - [16/Jan/2014:15:28:00 -0500] "GET /notifications?get=count HTTP/1.1" 200 24 "http://www.pacetest.dk/pages/439-deltagerliste-og-program-jylland-18-19-januar-2014?layout=edit" "Mozilla/5.0 (Windows NT 6.2; WOW64; rv:26.0) Gecko/20100101 Firefox/26.0"
94.145.68.182 - - [16/Jan/2014:15:28:30 -0500] "GET /notifications?get=count HTTP/1.1" 200 24 "http://www.pacetest.dk/pages/439-deltagerliste-og-program-jylland-18-19-januar-2014?layout=edit" "Mozilla/5.0 (Windows NT 6.2; WOW64; rv:26.0) Gecko/20100101 Firefox/26.0"
94.145.68.182 - - [16/Jan/2014:15:29:00 -0500] "GET /notifications?get=count HTTP/1.1" 200 24 "http://www.pacetest.dk/pages/439-deltagerliste-og-program-jylland-18-19-januar-2014?layout=edit" "Mozilla/5.0 (Windows NT 6.2; WOW64; rv:26.0) Gecko/20100101 Firefox/26.0"
188.180.189.196 - - [16/Jan/2014:15:29:21 -0500] "GET / HTTP/1.1" 200 7760 "-" "Mozilla/5.0 (Windows NT 6.1; Trident/7.0; rv:11.0) like Gecko"
188.180.189.196 - - [16/Jan/2014:15:29:23 -0500] "GET /templates/base/css/images/icon-socialmedia-white.png HTTP/1.1" 200 5419 "http://www.pacetest.dk/" "Mozilla/5.0 (Windows NT 6.1; Trident/7.0; rv:11.0) like Gecko"
188.180.189.196 - - [16/Jan/2014:15:29:23 -0500] "GET /templates/base/css/images/icon-socialmedia.png HTTP/1.1" 200 6399 "http://www.pacetest.dk/" "Mozilla/5.0 (Windows NT 6.1; Trident/7.0; rv:11.0) like Gecko"
188.180.189.196 - - [16/Jan/2014:15:29:28 -0500] "GET /people/session?layout=modal&return=aHR0cDovL3d3dy5wYWNldGVzdC5kay8%3D&hqih1unu HTTP/1.1" 200 1413 "http://www.pacetest.dk/" "Mozilla/5.0 (Windows NT 6.1; Trident/7.0; rv:11.0) like Gecko"
94.145.68.182 - - [16/Jan/2014:15:29:30 -0500] "GET /notifications?get=count HTTP/1.1" 200 24 "http://www.pacetest.dk/pages/439-deltagerliste-og-program-jylland-18-19-januar-2014?layout=edit" "Mozilla/5.0 (Windows NT 6.2; WOW64; rv:26.0) Gecko/20100101 Firefox/26.0"
188.180.189.196 - - [16/Jan/2014:15:29:39 -0500] "POST /people/session?layout=modal HTTP/1.1" 303 - "http://www.pacetest.dk/" "Mozilla/5.0 (Windows NT 6.1; Trident/7.0; rv:11.0) like Gecko"
188.180.189.196 - - [16/Jan/2014:15:29:44 -0500] "POST /people/session?layout=modal HTTP/1.1" 303 - "http://www.pacetest.dk/" "Mozilla/5.0 (Windows NT 6.1; Trident/7.0; rv:11.0) like Gecko"
- - - [16/Jan/2014:15:29:47 -0500] "OPTIONS * HTTP/1.0" 200 - "-" "Apache/2.2.22 (Red Hat Enterprise Web Server) (internal dummy connection)"
188.180.189.196 - - [16/Jan/2014:15:29:44 -0500] "POST /people/session?layout=modal HTTP/1.1" 303 - "http://www.pacetest.dk/" "Mozilla/5.0 (Windows NT 6.1; Trident/7.0; rv:11.0) like Gecko"
188.180.189.196 - - [16/Jan/2014:15:29:50 -0500] "POST /people/session?layout=modal HTTP/1.1" 303 - "http://www.pacetest.dk/" "Mozilla/5.0 (Windows NT 6.1; Trident/7.0; rv:11.0) like Gecko"
188.180.189.196 - - [16/Jan/2014:15:29:41 -0500] "GET / HTTP/1.1" 200 105829 "http://www.pacetest.dk/" "Mozilla/5.0 (Windows NT 6.1; Trident/7.0; rv:11.0) like Gecko"
94.145.68.182 - - [16/Jan/2014:15:30:00 -0500] "GET /notifications?get=count HTTP/1.1" 200 24 "http://www.pacetest.dk/pages/439-deltagerliste-og-program-jylland-18-19-januar-2014?layout=edit" "Mozilla/5.0 (Windows NT 6.2; WOW64; rv:26.0) Gecko/20100101 Firefox/26.0"
188.180.189.196 - - [16/Jan/2014:15:29:47 -0500] "GET / HTTP/1.1" 200 105829 "http://www.pacetest.dk/" "Mozilla/5.0 (Windows NT 6.1; Trident/7.0; rv:11.0) like Gecko"
- - - [16/Jan/2014:15:30:12 -0500] "OPTIONS * HTTP/1.0" 200 - "-" "Apache/2.2.22 (Red Hat Enterprise Web Server) (internal dummy connection)"
188.180.189.196 - - [16/Jan/2014:15:29:54 -0500] "GET / HTTP/1.1" 200 105829 "http://www.pacetest.dk/" "Mozilla/5.0 (Windows NT 6.1; Trident/7.0; rv:11.0) like Gecko"
- - - [16/Jan/2014:15:30:14 -0500] "OPTIONS * HTTP/1.0" 200 - "-" "Apache/2.2.22 (Red Hat Enterprise Web Server) (internal dummy connection)"
188.180.189.196 - - [16/Jan/2014:15:30:15 -0500] "GET /stories?layout=list&filter=leaders&start=20&limit=20 HTTP/1.1" 200 33955 "http://www.pacetest.dk/" "Mozilla/5.0 (Windows NT 6.1; Trident/7.0; rv:11.0) like Gecko"
188.180.189.196 - - [16/Jan/2014:15:30:15 -0500] "GET /stories?layout=list&filter=leaders&start=40&limit=20 HTTP/1.1" 200 35731 "http://www.pacetest.dk/" "Mozilla/5.0 (Windows NT 6.1; Trident/7.0; rv:11.0) like Gecko"
188.180.189.196 - - [16/Jan/2014:15:30:27 -0500] "GET /stories?layout=list&filter=leaders&start=60&limit=20 HTTP/1.1" 200 75 "http://www.pacetest.dk/" "Mozilla/5.0 (Windows NT 6.1; Trident/7.0; rv:11.0) like Gecko"
94.145.68.182 - - [16/Jan/2014:15:30:30 -0500] "GET /notifications?get=count HTTP/1.1" 200 24 "http://www.pacetest.dk/pages/439-deltagerliste-og-program-jylland-18-19-januar-2014?layout=edit" "Mozilla/5.0 (Windows NT 6.2; WOW64; rv:26.0) Gecko/20100101 Firefox/26.0"
- - - [16/Jan/2014:15:30:33 -0500] "OPTIONS * HTTP/1.0" 200 - "-" "Apache/2.2.22 (Red Hat Enterprise Web Server) (internal dummy connection)"
188.180.189.196 - - [16/Jan/2014:15:30:41 -0500] "GET /pages/439-deltagerliste-og-program-jylland-18-19-januar-2014 HTTP/1.1" 200 30708 "http://www.pacetest.dk/" "Mozilla/5.0 (Windows NT 6.1; Trident/7.0; rv:11.0) like Gecko"
188.180.189.196 - - [16/Jan/2014:15:30:45 -0500] "GET /notifications?get=count HTTP/1.1" 200 24 "http://www.pacetest.dk/" "Mozilla/5.0 (Windows NT 6.1; Trident/7.0; rv:11.0) like Gecko"
- - - [16/Jan/2014:15:30:47 -0500] "OPTIONS * HTTP/1.0" 200 - "-" "Apache/2.2.22 (Red Hat Enterprise Web Server) (internal dummy connection)"
94.145.68.182 - - [16/Jan/2014:15:31:00 -0500] "GET /notifications?get=count HTTP/1.1" 200 24 "http://www.pacetest.dk/pages/439-deltagerliste-og-program-jylland-18-19-januar-2014?layout=edit" "Mozilla/5.0 (Windows NT 6.2; WOW64; rv:26.0) Gecko/20100101 Firefox/26.0"
188.180.189.196 - - [16/Jan/2014:15:31:16 -0500] "GET /notifications?get=count HTTP/1.1" 200 24 "http://www.pacetest.dk/" "Mozilla/5.0 (Windows NT 6.1; Trident/7.0; rv:11.0) like Gecko"
94.145.68.182 - - [16/Jan/2014:15:31:31 -0500] "GET /notifications?get=count HTTP/1.1" 200 24 "http://www.pacetest.dk/pages/439-deltagerliste-og-program-jylland-18-19-januar-2014?layout=edit" "Mozilla/5.0 (Windows NT 6.2; WOW64; rv:26.0) Gecko/20100101 Firefox/26.0"
94.145.68.182 - - [16/Jan/2014:15:32:00 -0500] "GET /notifications?get=count HTTP/1.1" 200 24 "http://www.pacetest.dk/pages/439-deltagerliste-og-program-jylland-18-19-januar-2014?layout=edit" "Mozilla/5.0 (Windows NT 6.2; WOW64; rv:26.0) Gecko/20100101 Firefox/26.0"
94.145.68.182 - - [16/Jan/2014:15:32:30 -0500] "GET /notifications?get=count HTTP/1.1" 200 24 "http://www.pacetest.dk/pages/439-deltagerliste-og-program-jylland-18-19-januar-2014?layout=edit" "Mozilla/5.0 (Windows NT 6.2; WOW64; rv:26.0) Gecko/20100101 Firefox/26.0"
188.180.189.196 - - [16/Jan/2014:15:32:29 -0500] "GET /pages/439-deltagerliste-og-program-jylland-18-19-januar-2014?layout=edit HTTP/1.1" 200 13112 "http://www.pacetest.dk/pages/439-deltagerliste-og-program-jylland-18-19-januar-2014" "Mozilla/5.0 (Windows NT 6.1; Trident/7.0; rv:11.0) like Gecko"
188.180.189.196 - - [16/Jan/2014:15:32:33 -0500] "GET /media/lib_anahita/js/editor/tiny_mce.js HTTP/1.1" 304 - "http://www.pacetest.dk/pages/439-deltagerliste-og-program-jylland-18-19-januar-2014?layout=edit" "Mozilla/5.0 (Windows NT 6.1; Trident/7.0; rv:11.0) like Gecko"
188.180.189.196 - - [16/Jan/2014:15:32:33 -0500] "GET /media/lib_anahita/js/editor/encoder.js HTTP/1.1" 304 - "http://www.pacetest.dk/pages/439-deltagerliste-og-program-jylland-18-19-januar-2014?layout=edit" "Mozilla/5.0 (Windows NT 6.1; Trident/7.0; rv:11.0) like Gecko"
188.180.189.196 - - [16/Jan/2014:15:32:33 -0500] "GET /media/lib_anahita/js/editor/editor.js HTTP/1.1" 304 - "http://www.pacetest.dk/pages/439-deltagerliste-og-program-jylland-18-19-januar-2014?layout=edit" "Mozilla/5.0 (Windows NT 6.1; Trident/7.0; rv:11.0) like Gecko"
- - - [16/Jan/2014:15:32:33 -0500] "OPTIONS * HTTP/1.0" 200 - "-" "Apache/2.2.22 (Red Hat Enterprise Web Server) (internal dummy connection)"
188.180.189.196 - - [16/Jan/2014:15:32:34 -0500] "GET /media/lib_anahita/js/editor/themes/advanced/editor_template.js HTTP/1.1" 304 - "http://www.pacetest.dk/pages/439-deltagerliste-og-program-jylland-18-19-januar-2014?layout=edit" "Mozilla/5.0 (Windows NT 6.1; Trident/7.0; rv:11.0) like Gecko"
188.180.189.196 - - [16/Jan/2014:15:32:34 -0500] "GET /media/lib_anahita/js/editor/plugins/anahita/editor_plugin.js HTTP/1.1" 304 - "http://www.pacetest.dk/pages/439-deltagerliste-og-program-jylland-18-19-januar-2014?layout=edit" "Mozilla/5.0 (Windows NT 6.1; Trident/7.0; rv:11.0) like Gecko"
188.180.189.196 - - [16/Jan/2014:15:32:34 -0500] "GET /media/lib_anahita/js/editor/plugins/autoresize/editor_plugin.js HTTP/1.1" 304 - "http://www.pacetest.dk/pages/439-deltagerliste-og-program-jylland-18-19-januar-2014?layout=edit" "Mozilla/5.0 (Windows NT 6.1; Trident/7.0; rv:11.0) like Gecko"
188.180.189.196 - - [16/Jan/2014:15:32:34 -0500] "GET /media/lib_anahita/js/editor/langs/en.js HTTP/1.1" 304 - "http://www.pacetest.dk/pages/439-deltagerliste-og-program-jylland-18-19-januar-2014?layout=edit" "Mozilla/5.0 (Windows NT 6.1; Trident/7.0; rv:11.0) like Gecko"
188.180.189.196 - - [16/Jan/2014:15:32:34 -0500] "GET /media/lib_anahita/js/editor/themes/advanced/langs/en.js HTTP/1.1" 304 - "http://www.pacetest.dk/pages/439-deltagerliste-og-program-jylland-18-19-januar-2014?layout=edit" "Mozilla/5.0 (Windows NT 6.1; Trident/7.0; rv:11.0) like Gecko"
188.180.189.196 - - [16/Jan/2014:15:32:34 -0500] "GET /media/lib_anahita/js/editor/themes/advanced/skins/default/ui.css HTTP/1.1" 304 - "http://www.pacetest.dk/pages/439-deltagerliste-og-program-jylland-18-19-januar-2014?layout=edit" "Mozilla/5.0 (Windows NT 6.1; Trident/7.0; rv:11.0) like Gecko"
188.180.189.196 - - [16/Jan/2014:15:32:34 -0500] "GET /media/lib_anahita/js/editor/themes/advanced/skins/default/content.css HTTP/1.1" 304 - "http://www.pacetest.dk/pages/439-deltagerliste-og-program-jylland-18-19-januar-2014?layout=edit" "Mozilla/5.0 (Windows NT 6.1; Trident/7.0; rv:11.0) like Gecko"
188.180.189.196 - - [16/Jan/2014:15:32:34 -0500] "GET /media/lib_anahita/js/editor/themes/advanced/skins/default/content.css HTTP/1.1" 304 - "http://www.pacetest.dk/pages/439-deltagerliste-og-program-jylland-18-19-januar-2014?layout=edit" "Mozilla/5.0 (Windows NT 6.1; Trident/7.0; rv:11.0) like Gecko"
188.180.189.196 - - [16/Jan/2014:15:32:34 -0500] "GET /media/lib_anahita/js/editor/themes/advanced/img/icons.gif HTTP/1.1" 200 11794 "http://www.pacetest.dk/pages/439-deltagerliste-og-program-jylland-18-19-januar-2014?layout=edit" "Mozilla/5.0 (Windows NT 6.1; Trident/7.0; rv:11.0) like Gecko"
- - - [16/Jan/2014:15:32:35 -0500] "OPTIONS * HTTP/1.0" 200 - "-" "Apache/2.2.22 (Red Hat Enterprise Web Server) (internal dummy connection)"
94.145.68.182 - - [16/Jan/2014:15:33:00 -0500] "GET /notifications?get=count HTTP/1.1" 200 24 "http://www.pacetest.dk/pages/439-deltagerliste-og-program-jylland-18-19-januar-2014?layout=edit" "Mozilla/5.0 (Windows NT 6.2; WOW64; rv:26.0) Gecko/20100101 Firefox/26.0"
94.145.68.182 - - [16/Jan/2014:15:33:30 -0500] "GET /notifications?get=count HTTP/1.1" 200 24 "http://www.pacetest.dk/pages/439-deltagerliste-og-program-jylland-18-19-januar-2014?layout=edit" "Mozilla/5.0 (Windows NT 6.2; WOW64; rv:26.0) Gecko/20100101 Firefox/26.0"
94.145.68.182 - - [16/Jan/2014:15:33:32 -0500] "GET /pages/@197 HTTP/1.1" 200 18508 "http://www.pacetest.dk/pages/439-deltagerliste-og-program-jylland-18-19-januar-2014?layout=edit" "Mozilla/5.0 (Windows NT 6.2; WOW64; rv:26.0) Gecko/20100101 Firefox/26.0"
188.180.189.196 - - [16/Jan/2014:15:33:53 -0500] "GET /pages/439-deltagerliste-og-program-jylland-18-19-januar-2014?layout=edit HTTP/1.1" 200 13112 "http://www.pacetest.dk/pages/439-deltagerliste-og-program-jylland-18-19-januar-2014" "Mozilla/5.0 (Windows NT 6.1; Trident/7.0; rv:11.0) like Gecko"
94.145.68.182 - - [16/Jan/2014:15:33:52 -0500] "GET /pages/439-deltagerliste-og-program-jylland-18-19-januar-2014 HTTP/1.1" 200 34998 "http://www.pacetest.dk/pages/@197" "Mozilla/5.0 (Windows NT 6.2; WOW64; rv:26.0) Gecko/20100101 Firefox/26.0"
- - - [16/Jan/2014:15:33:59 -0500] "OPTIONS * HTTP/1.0" 200 - "-" "Apache/2.2.22 (Red Hat Enterprise Web Server) (internal dummy connection)"
94.145.68.182 - - [16/Jan/2014:15:34:29 -0500] "GET /notifications?get=count HTTP/1.1" 200 24 "http://www.pacetest.dk/pages/439-deltagerliste-og-program-jylland-18-19-januar-2014" "Mozilla/5.0 (Windows NT 6.2; WOW64; rv:26.0) Gecko/20100101 Firefox/26.0"
94.145.68.182 - - [16/Jan/2014:15:34:59 -0500] "GET /notifications?get=count HTTP/1.1" 200 24 "http://www.pacetest.dk/pages/439-deltagerliste-og-program-jylland-18-19-januar-2014" "Mozilla/5.0 (Windows NT 6.2; WOW64; rv:26.0) Gecko/20100101 Firefox/26.0"
188.180.189.196 - - [16/Jan/2014:15:35:01 -0500] "GET /pages/@197 HTTP/1.1" 200 15136 "http://www.pacetest.dk/pages/439-deltagerliste-og-program-jylland-18-19-januar-2014?layout=edit" "Mozilla/5.0 (Windows NT 6.1; Trident/7.0; rv:11.0) like Gecko"
188.180.189.196 - - [16/Jan/2014:15:35:19 -0500] "GET /pages/439-deltagerliste-og-program-jylland-18-19-januar-2014 HTTP/1.1" 200 30708 "http://www.pacetest.dk/pages/@197" "Mozilla/5.0 (Windows NT 6.1; Trident/7.0; rv:11.0) like Gecko"
188.180.189.196 - - [16/Jan/2014:15:35:22 -0500] "GET /pages/439-deltagerliste-og-program-jylland-18-19-januar-2014 HTTP/1.1" 200 30708 "http://www.pacetest.dk/pages/@197" "Mozilla/5.0 (Windows NT 6.1; Trident/7.0; rv:11.0) like Gecko"
- - - [16/Jan/2014:15:35:28 -0500] "OPTIONS * HTTP/1.0" 200 - "-" "Apache/2.2.22 (Red Hat Enterprise Web Server) (internal dummy connection)"
94.145.68.182 - - [16/Jan/2014:15:35:29 -0500] "GET /notifications?get=count HTTP/1.1" 200 24 "http://www.pacetest.dk/pages/439-deltagerliste-og-program-jylland-18-19-januar-2014" "Mozilla/5.0 (Windows NT 6.2; WOW64; rv:26.0) Gecko/20100101 Firefox/26.0"
188.180.189.196 - - [16/Jan/2014:15:35:34 -0500] "GET /pages/439-deltagerliste-og-program-jylland-18-19-januar-2014?layout=edit HTTP/1.1" 200 13112 "http://www.pacetest.dk/pages/@197" "Mozilla/5.0 (Windows NT 6.1; Trident/7.0; rv:11.0) like Gecko"
94.145.68.182 - - [16/Jan/2014:15:35:59 -0500] "GET /notifications?get=count HTTP/1.1" 200 24 "http://www.pacetest.dk/pages/439-deltagerliste-og-program-jylland-18-19-januar-2014" "Mozilla/5.0 (Windows NT 6.2; WOW64; rv:26.0) Gecko/20100101 Firefox/26.0"
94.145.68.182 - - [16/Jan/2014:15:36:29 -0500] "GET /notifications?get=count HTTP/1.1" 200 24 "http://www.pacetest.dk/pages/439-deltagerliste-og-program-jylland-18-19-januar-2014" "Mozilla/5.0 (Windows NT 6.2; WOW64; rv:26.0) Gecko/20100101 Firefox/26.0"
94.145.68.182 - - [16/Jan/2014:15:36:59 -0500] "GET /notifications?get=count HTTP/1.1" 200 24 "http://www.pacetest.dk/pages/439-deltagerliste-og-program-jylland-18-19-januar-2014" "Mozilla/5.0 (Windows NT 6.2; WOW64; rv:26.0) Gecko/20100101 Firefox/26.0"
94.145.68.182 - - [16/Jan/2014:15:37:29 -0500] "GET /notifications?get=count HTTP/1.1" 200 24 "http://www.pacetest.dk/pages/439-deltagerliste-og-program-jylland-18-19-januar-2014" "Mozilla/5.0 (Windows NT 6.2; WOW64; rv:26.0) Gecko/20100101 Firefox/26.0"
94.145.68.182 - - [16/Jan/2014:15:37:59 -0500] "GET /notifications?get=count HTTP/1.1" 200 24 "http://www.pacetest.dk/pages/439-deltagerliste-og-program-jylland-18-19-januar-2014" "Mozilla/5.0 (Windows NT 6.2; WOW64; rv:26.0) Gecko/20100101 Firefox/26.0"
