94.145.68.182 - - [08/Jan/2014:14:53:20 -0500] "GET /notifications?get=count HTTP/1.1" 200 24 "http://www.pacetest.dk/people/BentRS" "Mozilla/5.0 (X11; Ubuntu; Linux x86_64; rv:25.0) Gecko/20100101 Firefox/25.0"
212.130.148.138 - - [08/Jan/2014:14:53:22 -0500] "GET / HTTP/1.1" 200 7760 "https://www.google.dk/" "Mozilla/5.0 (iPad; CPU OS 6_1_3 like Mac OS X) AppleWebKit/536.26 (KHTML, like Gecko) Version/6.0 Mobile/10B329 Safari/8536.25"
212.130.148.138 - - [08/Jan/2014:14:53:23 -0500] "GET /templates/shiraz/css/style1/style.css HTTP/1.1" 200 151926 "http://www.pacetest.dk/" "Mozilla/5.0 (iPad; CPU OS 6_1_3 like Mac OS X) AppleWebKit/536.26 (KHTML, like Gecko) Version/6.0 Mobile/10B329 Safari/8536.25"
212.130.148.138 - - [08/Jan/2014:14:53:24 -0500] "GET /media/lib_anahita/js/production/site.js HTTP/1.1" 200 310197 "http://www.pacetest.dk/" "Mozilla/5.0 (iPad; CPU OS 6_1_3 like Mac OS X) AppleWebKit/536.26 (KHTML, like Gecko) Version/6.0 Mobile/10B329 Safari/8536.25"
212.130.148.138 - - [08/Jan/2014:14:53:25 -0500] "GET /templates/base/css/images/logo.png HTTP/1.1" 200 5272 "http://www.pacetest.dk/" "Mozilla/5.0 (iPad; CPU OS 6_1_3 like Mac OS X) AppleWebKit/536.26 (KHTML, like Gecko) Version/6.0 Mobile/10B329 Safari/8536.25"
212.130.148.138 - - [08/Jan/2014:14:53:25 -0500] "GET /templates/base/css/images/icon-socialmedia-white.png HTTP/1.1" 200 5419 "http://www.pacetest.dk/" "Mozilla/5.0 (iPad; CPU OS 6_1_3 like Mac OS X) AppleWebKit/536.26 (KHTML, like Gecko) Version/6.0 Mobile/10B329 Safari/8536.25"
212.130.148.138 - - [08/Jan/2014:14:53:25 -0500] "GET /templates/base/css/images/icon-socialmedia.png HTTP/1.1" 200 6399 "http://www.pacetest.dk/" "Mozilla/5.0 (iPad; CPU OS 6_1_3 like Mac OS X) AppleWebKit/536.26 (KHTML, like Gecko) Version/6.0 Mobile/10B329 Safari/8536.25"
212.130.148.138 - - [08/Jan/2014:14:53:27 -0500] "GET /people/session?layout=modal&return=aHR0cDovL3d3dy5wYWNldGVzdC5kay8%3D&hq708tda HTTP/1.1" 200 1413 "http://www.pacetest.dk/" "Mozilla/5.0 (iPad; CPU OS 6_1_3 like Mac OS X) AppleWebKit/536.26 (KHTML, like Gecko) Version/6.0 Mobile/10B329 Safari/8536.25"
212.130.148.138 - - [08/Jan/2014:14:53:29 -0500] "GET /templates/base/css/images/spinner.gif HTTP/1.1" 200 723 "http://www.pacetest.dk/" "Mozilla/5.0 (iPad; CPU OS 6_1_3 like Mac OS X) AppleWebKit/536.26 (KHTML, like Gecko) Version/6.0 Mobile/10B329 Safari/8536.25"
94.145.68.182 - - [08/Jan/2014:14:53:28 -0500] "GET /notifications?get=count HTTP/1.1" 200 24 "http://www.pacetest.dk/menu/groups" "Mozilla/5.0 (X11; Ubuntu; Linux x86_64; rv:25.0) Gecko/20100101 Firefox/25.0"
- - - [08/Jan/2014:14:53:31 -0500] "OPTIONS * HTTP/1.0" 200 - "-" "Apache/2.2.22 (Red Hat Enterprise Web Server) (internal dummy connection)"
93.163.233.131 - - [08/Jan/2014:14:53:32 -0500] "GET /groups/209-ga-nextlevel-sj%C3%A6lland HTTP/1.1" 200 40563 "http://www.pacetest.dk/pages/437-deltagerliste-sj\xc3\xa6lland-10-11-12-januar-2014" "Mozilla/5.0 (compatible; MSIE 10.0; Windows NT 6.2; ARM; Trident/6.0; Touch; WebView/1.0)"
93.163.233.131 - - [08/Jan/2014:14:53:40 -0500] "GET /groups/209/graph/followers?layout=gadget&hq7094ot HTTP/1.1" 200 2245 "http://www.pacetest.dk/" "Mozilla/5.0 (compatible; MSIE 10.0; Windows NT 6.2; ARM; Trident/6.0; Touch; WebView/1.0)"
212.130.148.138 - - [08/Jan/2014:14:53:56 -0500] "POST /people/session?layout=modal HTTP/1.1" 303 - "http://www.pacetest.dk/" "Mozilla/5.0 (iPad; CPU OS 6_1_3 like Mac OS X) AppleWebKit/536.26 (KHTML, like Gecko) Version/6.0 Mobile/10B329 Safari/8536.25"
93.163.233.131 - - [08/Jan/2014:14:53:56 -0500] "GET /topics/@209/topic?layout=composer&hq7094ow HTTP/1.1" 200 1182 "http://www.pacetest.dk/" "Mozilla/5.0 (compatible; MSIE 10.0; Windows NT 6.2; ARM; Trident/6.0; Touch; WebView/1.0)"
94.145.68.182 - - [08/Jan/2014:14:54:03 -0500] "GET /notifications?get=count HTTP/1.1" 200 24 "http://www.pacetest.dk/people/BentRS" "Mozilla/5.0 (X11; Ubuntu; Linux x86_64; rv:25.0) Gecko/20100101 Firefox/25.0"
94.145.68.182 - - [08/Jan/2014:14:54:06 -0500] "GET /notifications?get=count HTTP/1.1" 200 24 "http://www.pacetest.dk/menu/groups" "Mozilla/5.0 (X11; Ubuntu; Linux x86_64; rv:25.0) Gecko/20100101 Firefox/25.0"
212.130.148.138 - - [08/Jan/2014:14:53:57 -0500] "GET / HTTP/1.1" 200 82742 "http://www.pacetest.dk/" "Mozilla/5.0 (iPad; CPU OS 6_1_3 like Mac OS X) AppleWebKit/536.26 (KHTML, like Gecko) Version/6.0 Mobile/10B329 Safari/8536.25"
212.130.148.138 - - [08/Jan/2014:14:54:10 -0500] "GET /templates/base/css/images/glyphicons-halflings.png HTTP/1.1" 200 12799 "http://www.pacetest.dk/" "Mozilla/5.0 (iPad; CPU OS 6_1_3 like Mac OS X) AppleWebKit/536.26 (KHTML, like Gecko) Version/6.0 Mobile/10B329 Safari/8536.25"
212.130.148.138 - - [08/Jan/2014:14:54:11 -0500] "GET /media/lib_anahita/images/avatar/square_default.gif HTTP/1.1" 200 17821 "http://www.pacetest.dk/" "Mozilla/5.0 (iPad; CPU OS 6_1_3 like Mac OS X) AppleWebKit/536.26 (KHTML, like Gecko) Version/6.0 Mobile/10B329 Safari/8536.25"
212.130.148.138 - - [08/Jan/2014:14:54:11 -0500] "GET /media/lib_anahita/js/vendors/mediabox.js HTTP/1.1" 200 45415 "http://www.pacetest.dk/" "Mozilla/5.0 (iPad; CPU OS 6_1_3 like Mac OS X) AppleWebKit/536.26 (KHTML, like Gecko) Version/6.0 Mobile/10B329 Safari/8536.25"
212.130.148.138 - - [08/Jan/2014:14:54:11 -0500] "GET /media/com_composer/js/composer.js HTTP/1.1" 200 5682 "http://www.pacetest.dk/" "Mozilla/5.0 (iPad; CPU OS 6_1_3 like Mac OS X) AppleWebKit/536.26 (KHTML, like Gecko) Version/6.0 Mobile/10B329 Safari/8536.25"
212.130.148.138 - - [08/Jan/2014:14:54:11 -0500] "GET /media/com_stories/js/stories.js HTTP/1.1" 200 1707 "http://www.pacetest.dk/" "Mozilla/5.0 (iPad; CPU OS 6_1_3 like Mac OS X) AppleWebKit/536.26 (KHTML, like Gecko) Version/6.0 Mobile/10B329 Safari/8536.25"
- - - [08/Jan/2014:14:54:11 -0500] "OPTIONS * HTTP/1.0" 200 - "-" "Apache/2.2.22 (Red Hat Enterprise Web Server) (internal dummy connection)"
212.130.148.138 - - [08/Jan/2014:14:54:11 -0500] "GET /stories?layout=list&filter=leaders&start=20&limit=20 HTTP/1.1" 200 40490 "http://www.pacetest.dk/" "Mozilla/5.0 (iPad; CPU OS 6_1_3 like Mac OS X) AppleWebKit/536.26 (KHTML, like Gecko) Version/6.0 Mobile/10B329 Safari/8536.25"
94.145.68.182 - - [08/Jan/2014:14:54:20 -0500] "GET /notifications?get=count HTTP/1.1" 200 24 "http://www.pacetest.dk/people/BentRS" "Mozilla/5.0 (X11; Ubuntu; Linux x86_64; rv:25.0) Gecko/20100101 Firefox/25.0"
212.130.148.138 - - [08/Jan/2014:14:54:11 -0500] "GET /stories?layout=list&filter=leaders&start=40&limit=20 HTTP/1.1" 200 48499 "http://www.pacetest.dk/" "Mozilla/5.0 (iPad; CPU OS 6_1_3 like Mac OS X) AppleWebKit/536.26 (KHTML, like Gecko) Version/6.0 Mobile/10B329 Safari/8536.25"
- - - [08/Jan/2014:14:54:26 -0500] "OPTIONS * HTTP/1.0" 200 - "-" "Apache/2.2.22 (Red Hat Enterprise Web Server) (internal dummy connection)"
94.145.68.182 - - [08/Jan/2014:14:54:29 -0500] "GET /notifications?get=count HTTP/1.1" 200 24 "http://www.pacetest.dk/menu/groups" "Mozilla/5.0 (X11; Ubuntu; Linux x86_64; rv:25.0) Gecko/20100101 Firefox/25.0"
212.130.148.138 - - [08/Jan/2014:14:54:25 -0500] "GET /stories?layout=list&filter=leaders&start=60&limit=20 HTTP/1.1" 200 95289 "http://www.pacetest.dk/" "Mozilla/5.0 (iPad; CPU OS 6_1_3 like Mac OS X) AppleWebKit/536.26 (KHTML, like Gecko) Version/6.0 Mobile/10B329 Safari/8536.25"
- - - [08/Jan/2014:14:54:36 -0500] "OPTIONS * HTTP/1.0" 200 - "-" "Apache/2.2.22 (Red Hat Enterprise Web Server) (internal dummy connection)"
212.130.148.138 - - [08/Jan/2014:14:54:40 -0500] "GET /notifications?get=count HTTP/1.1" 200 24 "http://www.pacetest.dk/" "Mozilla/5.0 (iPad; CPU OS 6_1_3 like Mac OS X) AppleWebKit/536.26 (KHTML, like Gecko) Version/6.0 Mobile/10B329 Safari/8536.25"
94.145.68.182 - - [08/Jan/2014:14:54:54 -0500] "GET /notifications?get=count HTTP/1.1" 200 24 "http://www.pacetest.dk/people/BentRS" "Mozilla/5.0 (X11; Ubuntu; Linux x86_64; rv:25.0) Gecko/20100101 Firefox/25.0"
94.145.68.182 - - [08/Jan/2014:14:54:58 -0500] "GET /notifications?get=count HTTP/1.1" 200 24 "http://www.pacetest.dk/menu/groups" "Mozilla/5.0 (X11; Ubuntu; Linux x86_64; rv:25.0) Gecko/20100101 Firefox/25.0"
212.130.148.138 - - [08/Jan/2014:14:54:59 -0500] "GET /notifications?layout=popover&hq709smg HTTP/1.1" 200 3886 "http://www.pacetest.dk/" "Mozilla/5.0 (iPad; CPU OS 6_1_3 like Mac OS X) AppleWebKit/536.26 (KHTML, like Gecko) Version/6.0 Mobile/10B329 Safari/8536.25"
212.130.148.138 - - [08/Jan/2014:14:55:01 -0500] "GET /notifications?layout=popover&hq709smh HTTP/1.1" 200 3850 "http://www.pacetest.dk/" "Mozilla/5.0 (iPad; CPU OS 6_1_3 like Mac OS X) AppleWebKit/536.26 (KHTML, like Gecko) Version/6.0 Mobile/10B329 Safari/8536.25"
- - - [08/Jan/2014:14:55:06 -0500] "OPTIONS * HTTP/1.0" 200 - "-" "Apache/2.2.22 (Red Hat Enterprise Web Server) (internal dummy connection)"
93.163.233.131 - - [08/Jan/2014:14:55:08 -0500] "POST /topics/@209/topic?hq7094oz HTTP/1.1" 201 3545 "http://www.pacetest.dk/" "Mozilla/5.0 (compatible; MSIE 10.0; Windows NT 6.2; ARM; Trident/6.0; Touch; WebView/1.0)"
212.130.148.138 - - [08/Jan/2014:14:55:09 -0500] "GET /topics?layout=gadget&filter=leaders&hq709smk HTTP/1.1" 200 6707 "http://www.pacetest.dk/" "Mozilla/5.0 (iPad; CPU OS 6_1_3 like Mac OS X) AppleWebKit/536.26 (KHTML, like Gecko) Version/6.0 Mobile/10B329 Safari/8536.25"
- - - [08/Jan/2014:14:55:15 -0500] "OPTIONS * HTTP/1.0" 200 - "-" "Apache/2.2.22 (Red Hat Enterprise Web Server) (internal dummy connection)"
212.130.148.138 - - [08/Jan/2014:14:55:18 -0500] "GET /notifications?get=count HTTP/1.1" 200 24 "http://www.pacetest.dk/" "Mozilla/5.0 (iPad; CPU OS 6_1_3 like Mac OS X) AppleWebKit/536.26 (KHTML, like Gecko) Version/6.0 Mobile/10B329 Safari/8536.25"
- - - [08/Jan/2014:14:55:23 -0500] "OPTIONS * HTTP/1.0" 200 - "-" "Apache/2.2.22 (Red Hat Enterprise Web Server) (internal dummy connection)"
94.145.68.182 - - [08/Jan/2014:14:55:20 -0500] "GET /notifications?get=count HTTP/1.1" 200 24 "http://www.pacetest.dk/people/BentRS" "Mozilla/5.0 (X11; Ubuntu; Linux x86_64; rv:25.0) Gecko/20100101 Firefox/25.0"
- - - [08/Jan/2014:14:55:25 -0500] "OPTIONS * HTTP/1.0" 200 - "-" "Apache/2.2.22 (Red Hat Enterprise Web Server) (internal dummy connection)"
212.130.148.138 - - [08/Jan/2014:14:55:19 -0500] "GET /pages?layout=gadget&filter=leaders&hq709smn HTTP/1.1" 200 7154 "http://www.pacetest.dk/" "Mozilla/5.0 (iPad; CPU OS 6_1_3 like Mac OS X) AppleWebKit/536.26 (KHTML, like Gecko) Version/6.0 Mobile/10B329 Safari/8536.25"
- - - [08/Jan/2014:14:55:26 -0500] "OPTIONS * HTTP/1.0" 200 - "-" "Apache/2.2.22 (Red Hat Enterprise Web Server) (internal dummy connection)"
94.145.68.182 - - [08/Jan/2014:14:55:28 -0500] "GET /notifications?get=count HTTP/1.1" 200 24 "http://www.pacetest.dk/menu/groups" "Mozilla/5.0 (X11; Ubuntu; Linux x86_64; rv:25.0) Gecko/20100101 Firefox/25.0"
212.130.148.138 - - [08/Jan/2014:14:55:32 -0500] "GET /pages/439-deltagerliste-jylland-17-18-19-januar-2014 HTTP/1.1" 200 18206 "http://www.pacetest.dk/" "Mozilla/5.0 (iPad; CPU OS 6_1_3 like Mac OS X) AppleWebKit/536.26 (KHTML, like Gecko) Version/6.0 Mobile/10B329 Safari/8536.25"
212.130.148.138 - - [08/Jan/2014:14:55:36 -0500] "GET /media/com_pages/js/pages.js HTTP/1.1" 200 622 "http://www.pacetest.dk/pages/439-deltagerliste-jylland-17-18-19-januar-2014" "Mozilla/5.0 (iPad; CPU OS 6_1_3 like Mac OS X) AppleWebKit/536.26 (KHTML, like Gecko) Version/6.0 Mobile/10B329 Safari/8536.25"
94.145.68.182 - - [08/Jan/2014:14:55:53 -0500] "GET /notifications?get=count HTTP/1.1" 200 24 "http://www.pacetest.dk/people/BentRS" "Mozilla/5.0 (X11; Ubuntu; Linux x86_64; rv:25.0) Gecko/20100101 Firefox/25.0"
94.145.68.182 - - [08/Jan/2014:14:55:58 -0500] "GET /notifications?get=count HTTP/1.1" 200 24 "http://www.pacetest.dk/menu/groups" "Mozilla/5.0 (X11; Ubuntu; Linux x86_64; rv:25.0) Gecko/20100101 Firefox/25.0"
212.130.148.138 - - [08/Jan/2014:14:55:57 -0500] "GET /pages/439-deltagerliste-jylland-17-18-19-januar-2014?layout=edit HTTP/1.1" 200 12185 "http://www.pacetest.dk/pages/439-deltagerliste-jylland-17-18-19-januar-2014" "Mozilla/5.0 (iPad; CPU OS 6_1_3 like Mac OS X) AppleWebKit/536.26 (KHTML, like Gecko) Version/6.0 Mobile/10B329 Safari/8536.25"
- - - [08/Jan/2014:14:56:01 -0500] "OPTIONS * HTTP/1.0" 200 - "-" "Apache/2.2.22 (Red Hat Enterprise Web Server) (internal dummy connection)"
212.130.148.138 - - [08/Jan/2014:14:56:02 -0500] "GET /media/lib_anahita/js/editor/tiny_mce.js HTTP/1.1" 200 203808 "http://www.pacetest.dk/pages/439-deltagerliste-jylland-17-18-19-januar-2014?layout=edit" "Mozilla/5.0 (iPad; CPU OS 6_1_3 like Mac OS X) AppleWebKit/536.26 (KHTML, like Gecko) Version/6.0 Mobile/10B329 Safari/8536.25"
212.130.148.138 - - [08/Jan/2014:14:56:02 -0500] "GET /media/lib_anahita/js/editor/encoder.js HTTP/1.1" 200 10452 "http://www.pacetest.dk/pages/439-deltagerliste-jylland-17-18-19-januar-2014?layout=edit" "Mozilla/5.0 (iPad; CPU OS 6_1_3 like Mac OS X) AppleWebKit/536.26 (KHTML, like Gecko) Version/6.0 Mobile/10B329 Safari/8536.25"
212.130.148.138 - - [08/Jan/2014:14:56:02 -0500] "GET /media/lib_anahita/js/editor/editor.js HTTP/1.1" 200 11576 "http://www.pacetest.dk/pages/439-deltagerliste-jylland-17-18-19-januar-2014?layout=edit" "Mozilla/5.0 (iPad; CPU OS 6_1_3 like Mac OS X) AppleWebKit/536.26 (KHTML, like Gecko) Version/6.0 Mobile/10B329 Safari/8536.25"
94.145.68.182 - - [08/Jan/2014:14:56:20 -0500] "GET /notifications?get=count HTTP/1.1" 200 24 "http://www.pacetest.dk/people/BentRS" "Mozilla/5.0 (X11; Ubuntu; Linux x86_64; rv:25.0) Gecko/20100101 Firefox/25.0"
94.145.68.182 - - [08/Jan/2014:14:56:28 -0500] "GET /notifications?get=count HTTP/1.1" 200 24 "http://www.pacetest.dk/menu/groups" "Mozilla/5.0 (X11; Ubuntu; Linux x86_64; rv:25.0) Gecko/20100101 Firefox/25.0"
212.130.148.138 - - [08/Jan/2014:14:56:32 -0500] "GET /notifications?get=count HTTP/1.1" 200 24 "http://www.pacetest.dk/pages/439-deltagerliste-jylland-17-18-19-januar-2014?layout=edit" "Mozilla/5.0 (iPad; CPU OS 6_1_3 like Mac OS X) AppleWebKit/536.26 (KHTML, like Gecko) Version/6.0 Mobile/10B329 Safari/8536.25"
94.145.68.182 - - [08/Jan/2014:14:56:50 -0500] "GET /notifications?get=count HTTP/1.1" 200 24 "http://www.pacetest.dk/people/BentRS" "Mozilla/5.0 (X11; Ubuntu; Linux x86_64; rv:25.0) Gecko/20100101 Firefox/25.0"
212.130.148.138 - - [08/Jan/2014:14:57:02 -0500] "GET /notifications?get=count HTTP/1.1" 200 24 "http://www.pacetest.dk/pages/439-deltagerliste-jylland-17-18-19-januar-2014?layout=edit" "Mozilla/5.0 (iPad; CPU OS 6_1_3 like Mac OS X) AppleWebKit/536.26 (KHTML, like Gecko) Version/6.0 Mobile/10B329 Safari/8536.25"
94.145.68.182 - - [08/Jan/2014:14:57:06 -0500] "GET /notifications?get=count HTTP/1.1" 200 24 "http://www.pacetest.dk/menu/groups" "Mozilla/5.0 (X11; Ubuntu; Linux x86_64; rv:25.0) Gecko/20100101 Firefox/25.0"
212.130.148.138 - - [08/Jan/2014:14:57:20 -0500] "POST /pages/@197/439-deltagerliste-jylland-17-18-19-januar-2014 HTTP/1.1" 303 - "http://www.pacetest.dk/pages/439-deltagerliste-jylland-17-18-19-januar-2014?layout=edit" "Mozilla/5.0 (iPad; CPU OS 6_1_3 like Mac OS X) AppleWebKit/536.26 (KHTML, like Gecko) Version/6.0 Mobile/10B329 Safari/8536.25"
212.130.148.138 - - [08/Jan/2014:14:57:22 -0500] "GET /pages/439-deltagerliste-jylland-17-18-19-januar-2014?layout=edit HTTP/1.1" 200 12419 "http://www.pacetest.dk/pages/439-deltagerliste-jylland-17-18-19-januar-2014?layout=edit" "Mozilla/5.0 (iPad; CPU OS 6_1_3 like Mac OS X) AppleWebKit/536.26 (KHTML, like Gecko) Version/6.0 Mobile/10B329 Safari/8536.25"
94.145.68.182 - - [08/Jan/2014:14:57:38 -0500] "GET /notifications?get=count HTTP/1.1" 200 24 "http://www.pacetest.dk/people/BentRS" "Mozilla/5.0 (X11; Ubuntu; Linux x86_64; rv:25.0) Gecko/20100101 Firefox/25.0"
94.145.68.182 - - [08/Jan/2014:14:57:40 -0500] "GET /notifications?get=count HTTP/1.1" 200 24 "http://www.pacetest.dk/menu/groups" "Mozilla/5.0 (X11; Ubuntu; Linux x86_64; rv:25.0) Gecko/20100101 Firefox/25.0"
94.145.68.182 - - [08/Jan/2014:14:57:50 -0500] "GET /notifications?get=count HTTP/1.1" 200 24 "http://www.pacetest.dk/people/BentRS" "Mozilla/5.0 (X11; Ubuntu; Linux x86_64; rv:25.0) Gecko/20100101 Firefox/25.0"
94.145.68.182 - - [08/Jan/2014:14:57:58 -0500] "GET /notifications?get=count HTTP/1.1" 200 24 "http://www.pacetest.dk/menu/groups" "Mozilla/5.0 (X11; Ubuntu; Linux x86_64; rv:25.0) Gecko/20100101 Firefox/25.0"
212.130.148.138 - - [08/Jan/2014:14:58:02 -0500] "GET /notifications?get=count HTTP/1.1" 200 24 "http://www.pacetest.dk/pages/439-deltagerliste-jylland-17-18-19-januar-2014" "Mozilla/5.0 (iPad; CPU OS 6_1_3 like Mac OS X) AppleWebKit/536.26 (KHTML, like Gecko) Version/6.0 Mobile/10B329 Safari/8536.25"
94.145.68.182 - - [08/Jan/2014:14:58:20 -0500] "GET /notifications?get=count HTTP/1.1" 200 24 "http://www.pacetest.dk/people/BentRS" "Mozilla/5.0 (X11; Ubuntu; Linux x86_64; rv:25.0) Gecko/20100101 Firefox/25.0"
94.145.68.182 - - [08/Jan/2014:14:58:28 -0500] "GET /notifications?get=count HTTP/1.1" 200 24 "http://www.pacetest.dk/menu/groups" "Mozilla/5.0 (X11; Ubuntu; Linux x86_64; rv:25.0) Gecko/20100101 Firefox/25.0"
94.145.68.182 - - [08/Jan/2014:14:58:50 -0500] "GET /notifications?get=count HTTP/1.1" 200 24 "http://www.pacetest.dk/people/BentRS" "Mozilla/5.0 (X11; Ubuntu; Linux x86_64; rv:25.0) Gecko/20100101 Firefox/25.0"
94.145.68.182 - - [08/Jan/2014:14:58:58 -0500] "GET /notifications?get=count HTTP/1.1" 200 24 "http://www.pacetest.dk/menu/groups" "Mozilla/5.0 (X11; Ubuntu; Linux x86_64; rv:25.0) Gecko/20100101 Firefox/25.0"
94.145.68.182 - - [08/Jan/2014:14:59:20 -0500] "GET /notifications?get=count HTTP/1.1" 200 24 "http://www.pacetest.dk/people/BentRS" "Mozilla/5.0 (X11; Ubuntu; Linux x86_64; rv:25.0) Gecko/20100101 Firefox/25.0"
94.145.68.182 - - [08/Jan/2014:14:59:28 -0500] "GET /notifications?get=count HTTP/1.1" 200 24 "http://www.pacetest.dk/menu/groups" "Mozilla/5.0 (X11; Ubuntu; Linux x86_64; rv:25.0) Gecko/20100101 Firefox/25.0"
94.145.68.182 - - [08/Jan/2014:14:59:50 -0500] "GET /notifications?get=count HTTP/1.1" 200 24 "http://www.pacetest.dk/people/BentRS" "Mozilla/5.0 (X11; Ubuntu; Linux x86_64; rv:25.0) Gecko/20100101 Firefox/25.0"
94.145.68.182 - - [08/Jan/2014:14:59:58 -0500] "GET /notifications?get=count HTTP/1.1" 200 24 "http://www.pacetest.dk/menu/groups" "Mozilla/5.0 (X11; Ubuntu; Linux x86_64; rv:25.0) Gecko/20100101 Firefox/25.0"
94.145.68.182 - - [08/Jan/2014:15:00:20 -0500] "GET /notifications?get=count HTTP/1.1" 200 24 "http://www.pacetest.dk/people/BentRS" "Mozilla/5.0 (X11; Ubuntu; Linux x86_64; rv:25.0) Gecko/20100101 Firefox/25.0"
94.145.68.182 - - [08/Jan/2014:15:00:28 -0500] "GET /notifications?get=count HTTP/1.1" 200 24 "http://www.pacetest.dk/menu/groups" "Mozilla/5.0 (X11; Ubuntu; Linux x86_64; rv:25.0) Gecko/20100101 Firefox/25.0"
94.145.68.182 - - [08/Jan/2014:15:00:41 -0500] "GET /notifications?layout=popover&hq6zmumd HTTP/1.1" 200 19915 "http://www.pacetest.dk/people/BentRS" "Mozilla/5.0 (X11; Ubuntu; Linux x86_64; rv:25.0) Gecko/20100101 Firefox/25.0"
94.145.68.182 - - [08/Jan/2014:15:00:47 -0500] "GET /topics/628-tidsplan HTTP/1.1" 200 14109 "http://www.pacetest.dk/people/BentRS" "Mozilla/5.0 (X11; Ubuntu; Linux x86_64; rv:25.0) Gecko/20100101 Firefox/25.0"
94.145.68.182 - - [08/Jan/2014:15:00:50 -0500] "GET /media/lib_anahita/js/editor/tiny_mce.js HTTP/1.1" 200 203808 "http://www.pacetest.dk/topics/628-tidsplan" "Mozilla/5.0 (X11; Ubuntu; Linux x86_64; rv:25.0) Gecko/20100101 Firefox/25.0"
94.145.68.182 - - [08/Jan/2014:15:00:50 -0500] "GET /media/lib_anahita/js/editor/encoder.js HTTP/1.1" 200 10452 "http://www.pacetest.dk/topics/628-tidsplan" "Mozilla/5.0 (X11; Ubuntu; Linux x86_64; rv:25.0) Gecko/20100101 Firefox/25.0"
94.145.68.182 - - [08/Jan/2014:15:00:50 -0500] "GET /media/lib_anahita/js/editor/editor.js HTTP/1.1" 200 11576 "http://www.pacetest.dk/topics/628-tidsplan" "Mozilla/5.0 (X11; Ubuntu; Linux x86_64; rv:25.0) Gecko/20100101 Firefox/25.0"
94.145.68.182 - - [08/Jan/2014:15:00:51 -0500] "GET /media/lib_anahita/js/editor/langs/en.js HTTP/1.1" 200 5718 "http://www.pacetest.dk/topics/628-tidsplan" "Mozilla/5.0 (X11; Ubuntu; Linux x86_64; rv:25.0) Gecko/20100101 Firefox/25.0"
94.145.68.182 - - [08/Jan/2014:15:00:51 -0500] "GET /media/lib_anahita/js/editor/themes/advanced/editor_template.js HTTP/1.1" 200 25151 "http://www.pacetest.dk/topics/628-tidsplan" "Mozilla/5.0 (X11; Ubuntu; Linux x86_64; rv:25.0) Gecko/20100101 Firefox/25.0"
94.145.68.182 - - [08/Jan/2014:15:00:51 -0500] "GET /media/lib_anahita/js/editor/plugins/anahita/editor_plugin.js HTTP/1.1" 200 2647 "http://www.pacetest.dk/topics/628-tidsplan" "Mozilla/5.0 (X11; Ubuntu; Linux x86_64; rv:25.0) Gecko/20100101 Firefox/25.0"
94.145.68.182 - - [08/Jan/2014:15:00:51 -0500] "GET /media/lib_anahita/js/editor/plugins/autoresize/editor_plugin.js HTTP/1.1" 200 1639 "http://www.pacetest.dk/topics/628-tidsplan" "Mozilla/5.0 (X11; Ubuntu; Linux x86_64; rv:25.0) Gecko/20100101 Firefox/25.0"
94.145.68.182 - - [08/Jan/2014:15:00:51 -0500] "GET /media/lib_anahita/js/editor/themes/advanced/langs/en.js HTTP/1.1" 200 2019 "http://www.pacetest.dk/topics/628-tidsplan" "Mozilla/5.0 (X11; Ubuntu; Linux x86_64; rv:25.0) Gecko/20100101 Firefox/25.0"
94.145.68.182 - - [08/Jan/2014:15:00:51 -0500] "GET /media/lib_anahita/js/editor/themes/advanced/skins/default/ui.css HTTP/1.1" 200 15525 "http://www.pacetest.dk/topics/628-tidsplan" "Mozilla/5.0 (X11; Ubuntu; Linux x86_64; rv:25.0) Gecko/20100101 Firefox/25.0"
94.145.68.182 - - [08/Jan/2014:15:00:51 -0500] "GET /media/lib_anahita/js/editor/themes/advanced/skins/default/content.css HTTP/1.1" 200 2715 "http://www.pacetest.dk/topics/628-tidsplan" "Mozilla/5.0 (X11; Ubuntu; Linux x86_64; rv:25.0) Gecko/20100101 Firefox/25.0"
94.145.68.182 - - [08/Jan/2014:15:00:51 -0500] "GET /media/lib_anahita/js/editor/themes/advanced/img/icons.gif HTTP/1.1" 200 11794 "http://www.pacetest.dk/media/lib_anahita/js/editor/themes/advanced/skins/default/ui.css" "Mozilla/5.0 (X11; Ubuntu; Linux x86_64; rv:25.0) Gecko/20100101 Firefox/25.0"
94.145.68.182 - - [08/Jan/2014:15:00:58 -0500] "GET /notifications?get=count HTTP/1.1" 200 24 "http://www.pacetest.dk/menu/groups" "Mozilla/5.0 (X11; Ubuntu; Linux x86_64; rv:25.0) Gecko/20100101 Firefox/25.0"
94.145.68.182 - - [08/Jan/2014:15:01:20 -0500] "GET /notifications?get=count HTTP/1.1" 200 24 "http://www.pacetest.dk/topics/628-tidsplan" "Mozilla/5.0 (X11; Ubuntu; Linux x86_64; rv:25.0) Gecko/20100101 Firefox/25.0"
94.145.68.182 - - [08/Jan/2014:15:01:25 -0500] "POST /topics/628-tidsplan?comment%5Beditor%5D=1&hq70id4g HTTP/1.1" 201 1969 "http://www.pacetest.dk/topics/628-tidsplan" "Mozilla/5.0 (X11; Ubuntu; Linux x86_64; rv:25.0) Gecko/20100101 Firefox/25.0"
94.145.68.182 - - [08/Jan/2014:15:01:28 -0500] "GET /notifications?get=count HTTP/1.1" 200 24 "http://www.pacetest.dk/menu/groups" "Mozilla/5.0 (X11; Ubuntu; Linux x86_64; rv:25.0) Gecko/20100101 Firefox/25.0"
94.145.68.182 - - [08/Jan/2014:15:01:30 -0500] "GET /topics/628-tidsplan?cid=632&comment%5Blayout%5D=form&comment%5Beditor%5D=1&hq70id4j HTTP/1.1" 200 1645 "http://www.pacetest.dk/topics/628-tidsplan" "Mozilla/5.0 (X11; Ubuntu; Linux x86_64; rv:25.0) Gecko/20100101 Firefox/25.0"
- - - [08/Jan/2014:15:01:34 -0500] "OPTIONS * HTTP/1.0" 200 - "-" "Apache/2.2.22 (Red Hat Enterprise Web Server) (internal dummy connection)"
94.145.68.182 - - [08/Jan/2014:15:01:50 -0500] "GET /notifications?get=count HTTP/1.1" 200 24 "http://www.pacetest.dk/topics/628-tidsplan" "Mozilla/5.0 (X11; Ubuntu; Linux x86_64; rv:25.0) Gecko/20100101 Firefox/25.0"
94.145.68.182 - - [08/Jan/2014:15:02:00 -0500] "GET /notifications?get=count HTTP/1.1" 200 24 "http://www.pacetest.dk/menu/groups" "Mozilla/5.0 (X11; Ubuntu; Linux x86_64; rv:25.0) Gecko/20100101 Firefox/25.0"
94.145.68.182 - - [08/Jan/2014:15:02:20 -0500] "GET /notifications?get=count HTTP/1.1" 200 24 "http://www.pacetest.dk/topics/628-tidsplan" "Mozilla/5.0 (X11; Ubuntu; Linux x86_64; rv:25.0) Gecko/20100101 Firefox/25.0"
94.145.68.182 - - [08/Jan/2014:15:02:24 -0500] "POST /topics/628-tidsplan?cid=632&comment%5Beditor%5D=1&hq70id4m HTTP/1.1" 200 2008 "http://www.pacetest.dk/topics/628-tidsplan" "Mozilla/5.0 (X11; Ubuntu; Linux x86_64; rv:25.0) Gecko/20100101 Firefox/25.0"
94.145.68.182 - - [08/Jan/2014:15:02:28 -0500] "GET /notifications?get=count HTTP/1.1" 200 24 "http://www.pacetest.dk/menu/groups" "Mozilla/5.0 (X11; Ubuntu; Linux x86_64; rv:25.0) Gecko/20100101 Firefox/25.0"
94.145.68.182 - - [08/Jan/2014:15:02:50 -0500] "GET /notifications?get=count HTTP/1.1" 200 24 "http://www.pacetest.dk/topics/628-tidsplan" "Mozilla/5.0 (X11; Ubuntu; Linux x86_64; rv:25.0) Gecko/20100101 Firefox/25.0"
94.145.68.182 - - [08/Jan/2014:15:02:58 -0500] "GET /notifications?get=count HTTP/1.1" 200 24 "http://www.pacetest.dk/menu/groups" "Mozilla/5.0 (X11; Ubuntu; Linux x86_64; rv:25.0) Gecko/20100101 Firefox/25.0"
94.145.68.182 - - [08/Jan/2014:15:03:20 -0500] "GET /notifications?get=count HTTP/1.1" 200 24 "http://www.pacetest.dk/topics/628-tidsplan" "Mozilla/5.0 (X11; Ubuntu; Linux x86_64; rv:25.0) Gecko/20100101 Firefox/25.0"
94.145.68.182 - - [08/Jan/2014:15:03:28 -0500] "GET /notifications?get=count HTTP/1.1" 200 24 "http://www.pacetest.dk/menu/groups" "Mozilla/5.0 (X11; Ubuntu; Linux x86_64; rv:25.0) Gecko/20100101 Firefox/25.0"
94.145.68.182 - - [08/Jan/2014:15:03:29 -0500] "GET / HTTP/1.1" 200 108272 "http://www.pacetest.dk/menu/groups" "Mozilla/5.0 (X11; Ubuntu; Linux x86_64; rv:25.0) Gecko/20100101 Firefox/25.0"
94.145.68.182 - - [08/Jan/2014:15:03:42 -0500] "GET /topics/628-tidsplan?cid=632&comment%5Blayout%5D=form&hq70ly2d HTTP/1.1" 200 1538 "http://www.pacetest.dk/" "Mozilla/5.0 (X11; Ubuntu; Linux x86_64; rv:25.0) Gecko/20100101 Firefox/25.0"
94.145.68.182 - - [08/Jan/2014:15:03:38 -0500] "GET /stories?layout=list&filter=leaders&start=40&limit=20 HTTP/1.1" 200 34916 "http://www.pacetest.dk/" "Mozilla/5.0 (X11; Ubuntu; Linux x86_64; rv:25.0) Gecko/20100101 Firefox/25.0"
94.145.68.182 - - [08/Jan/2014:15:03:50 -0500] "GET /notifications?get=count HTTP/1.1" 200 24 "http://www.pacetest.dk/topics/628-tidsplan" "Mozilla/5.0 (X11; Ubuntu; Linux x86_64; rv:25.0) Gecko/20100101 Firefox/25.0"
94.145.68.182 - - [08/Jan/2014:15:03:38 -0500] "GET /stories?layout=list&filter=leaders&start=20&limit=20 HTTP/1.1" 200 72444 "http://www.pacetest.dk/" "Mozilla/5.0 (X11; Ubuntu; Linux x86_64; rv:25.0) Gecko/20100101 Firefox/25.0"
- - - [08/Jan/2014:15:03:55 -0500] "OPTIONS * HTTP/1.0" 200 - "-" "Apache/2.2.22 (Red Hat Enterprise Web Server) (internal dummy connection)"
94.145.68.182 - - [08/Jan/2014:15:03:49 -0500] "GET /stories?layout=list&filter=leaders&start=60&limit=20 HTTP/1.1" 200 67343 "http://www.pacetest.dk/" "Mozilla/5.0 (X11; Ubuntu; Linux x86_64; rv:25.0) Gecko/20100101 Firefox/25.0"
- - - [08/Jan/2014:15:03:59 -0500] "OPTIONS * HTTP/1.0" 200 - "-" "Apache/2.2.22 (Red Hat Enterprise Web Server) (internal dummy connection)"
94.145.68.182 - - [08/Jan/2014:15:04:07 -0500] "GET /notifications?get=count HTTP/1.1" 200 24 "http://www.pacetest.dk/" "Mozilla/5.0 (X11; Ubuntu; Linux x86_64; rv:25.0) Gecko/20100101 Firefox/25.0"
94.145.68.182 - - [08/Jan/2014:15:04:20 -0500] "GET /notifications?get=count HTTP/1.1" 200 24 "http://www.pacetest.dk/topics/628-tidsplan" "Mozilla/5.0 (X11; Ubuntu; Linux x86_64; rv:25.0) Gecko/20100101 Firefox/25.0"
94.145.68.182 - - [08/Jan/2014:15:04:39 -0500] "GET /notifications?get=count HTTP/1.1" 200 24 "http://www.pacetest.dk/" "Mozilla/5.0 (X11; Ubuntu; Linux x86_64; rv:25.0) Gecko/20100101 Firefox/25.0"
94.145.68.182 - - [08/Jan/2014:15:04:40 -0500] "POST /topics/628-tidsplan?cid=632&hq70ly2g HTTP/1.1" 200 2039 "http://www.pacetest.dk/" "Mozilla/5.0 (X11; Ubuntu; Linux x86_64; rv:25.0) Gecko/20100101 Firefox/25.0"
- - - [08/Jan/2014:15:04:43 -0500] "OPTIONS * HTTP/1.0" 200 - "-" "Apache/2.2.22 (Red Hat Enterprise Web Server) (internal dummy connection)"
94.145.68.182 - - [08/Jan/2014:15:04:50 -0500] "GET /notifications?get=count HTTP/1.1" 200 24 "http://www.pacetest.dk/topics/628-tidsplan" "Mozilla/5.0 (X11; Ubuntu; Linux x86_64; rv:25.0) Gecko/20100101 Firefox/25.0"
94.145.68.182 - - [08/Jan/2014:15:05:07 -0500] "GET /notifications?get=count HTTP/1.1" 200 24 "http://www.pacetest.dk/" "Mozilla/5.0 (X11; Ubuntu; Linux x86_64; rv:25.0) Gecko/20100101 Firefox/25.0"
94.145.68.182 - - [08/Jan/2014:15:05:20 -0500] "GET /notifications?get=count HTTP/1.1" 200 24 "http://www.pacetest.dk/topics/628-tidsplan" "Mozilla/5.0 (X11; Ubuntu; Linux x86_64; rv:25.0) Gecko/20100101 Firefox/25.0"
94.145.68.182 - - [08/Jan/2014:15:05:37 -0500] "GET /notifications?get=count HTTP/1.1" 200 24 "http://www.pacetest.dk/" "Mozilla/5.0 (X11; Ubuntu; Linux x86_64; rv:25.0) Gecko/20100101 Firefox/25.0"
94.145.68.182 - - [08/Jan/2014:15:05:50 -0500] "GET /notifications?get=count HTTP/1.1" 200 24 "http://www.pacetest.dk/topics/628-tidsplan" "Mozilla/5.0 (X11; Ubuntu; Linux x86_64; rv:25.0) Gecko/20100101 Firefox/25.0"
94.145.68.182 - - [08/Jan/2014:15:06:07 -0500] "GET /notifications?get=count HTTP/1.1" 200 24 "http://www.pacetest.dk/" "Mozilla/5.0 (X11; Ubuntu; Linux x86_64; rv:25.0) Gecko/20100101 Firefox/25.0"
94.145.68.182 - - [08/Jan/2014:15:06:20 -0500] "GET /notifications?get=count HTTP/1.1" 200 24 "http://www.pacetest.dk/topics/628-tidsplan" "Mozilla/5.0 (X11; Ubuntu; Linux x86_64; rv:25.0) Gecko/20100101 Firefox/25.0"
94.145.68.182 - - [08/Jan/2014:15:06:37 -0500] "GET /notifications?get=count HTTP/1.1" 200 24 "http://www.pacetest.dk/" "Mozilla/5.0 (X11; Ubuntu; Linux x86_64; rv:25.0) Gecko/20100101 Firefox/25.0"
94.145.68.182 - - [08/Jan/2014:15:06:50 -0500] "GET /notifications?get=count HTTP/1.1" 200 24 "http://www.pacetest.dk/topics/628-tidsplan" "Mozilla/5.0 (X11; Ubuntu; Linux x86_64; rv:25.0) Gecko/20100101 Firefox/25.0"
94.145.68.182 - - [08/Jan/2014:15:07:07 -0500] "GET /notifications?get=count HTTP/1.1" 200 24 "http://www.pacetest.dk/" "Mozilla/5.0 (X11; Ubuntu; Linux x86_64; rv:25.0) Gecko/20100101 Firefox/25.0"
94.145.68.182 - - [08/Jan/2014:15:07:20 -0500] "GET /notifications?get=count HTTP/1.1" 200 24 "http://www.pacetest.dk/topics/628-tidsplan" "Mozilla/5.0 (X11; Ubuntu; Linux x86_64; rv:25.0) Gecko/20100101 Firefox/25.0"
94.145.68.182 - - [08/Jan/2014:15:07:37 -0500] "GET /notifications?get=count HTTP/1.1" 200 24 "http://www.pacetest.dk/" "Mozilla/5.0 (X11; Ubuntu; Linux x86_64; rv:25.0) Gecko/20100101 Firefox/25.0"
94.145.68.182 - - [08/Jan/2014:15:07:50 -0500] "GET /notifications?get=count HTTP/1.1" 200 24 "http://www.pacetest.dk/topics/628-tidsplan" "Mozilla/5.0 (X11; Ubuntu; Linux x86_64; rv:25.0) Gecko/20100101 Firefox/25.0"
94.145.68.182 - - [08/Jan/2014:15:08:07 -0500] "GET /notifications?get=count HTTP/1.1" 200 24 "http://www.pacetest.dk/" "Mozilla/5.0 (X11; Ubuntu; Linux x86_64; rv:25.0) Gecko/20100101 Firefox/25.0"
94.145.68.182 - - [08/Jan/2014:15:08:20 -0500] "GET /notifications?get=count HTTP/1.1" 200 24 "http://www.pacetest.dk/topics/628-tidsplan" "Mozilla/5.0 (X11; Ubuntu; Linux x86_64; rv:25.0) Gecko/20100101 Firefox/25.0"
94.145.68.182 - - [08/Jan/2014:15:08:37 -0500] "GET /notifications?get=count HTTP/1.1" 200 24 "http://www.pacetest.dk/" "Mozilla/5.0 (X11; Ubuntu; Linux x86_64; rv:25.0) Gecko/20100101 Firefox/25.0"
94.145.68.182 - - [08/Jan/2014:15:08:50 -0500] "GET /notifications?get=count HTTP/1.1" 200 24 "http://www.pacetest.dk/topics/628-tidsplan" "Mozilla/5.0 (X11; Ubuntu; Linux x86_64; rv:25.0) Gecko/20100101 Firefox/25.0"
94.145.68.182 - - [08/Jan/2014:15:09:07 -0500] "GET /notifications?get=count HTTP/1.1" 200 24 "http://www.pacetest.dk/" "Mozilla/5.0 (X11; Ubuntu; Linux x86_64; rv:25.0) Gecko/20100101 Firefox/25.0"
94.145.68.182 - - [08/Jan/2014:15:09:20 -0500] "GET /notifications?get=count HTTP/1.1" 200 24 "http://www.pacetest.dk/topics/628-tidsplan" "Mozilla/5.0 (X11; Ubuntu; Linux x86_64; rv:25.0) Gecko/20100101 Firefox/25.0"
94.145.68.182 - - [08/Jan/2014:15:09:38 -0500] "GET /notifications?get=count HTTP/1.1" 200 24 "http://www.pacetest.dk/" "Mozilla/5.0 (X11; Ubuntu; Linux x86_64; rv:25.0) Gecko/20100101 Firefox/25.0"
94.145.68.182 - - [08/Jan/2014:15:09:51 -0500] "GET /notifications?get=count HTTP/1.1" 200 24 "http://www.pacetest.dk/topics/628-tidsplan" "Mozilla/5.0 (X11; Ubuntu; Linux x86_64; rv:25.0) Gecko/20100101 Firefox/25.0"
94.145.68.182 - - [08/Jan/2014:15:10:08 -0500] "GET /notifications?get=count HTTP/1.1" 200 24 "http://www.pacetest.dk/" "Mozilla/5.0 (X11; Ubuntu; Linux x86_64; rv:25.0) Gecko/20100101 Firefox/25.0"
10.110.62.41 - - [08/Jan/2014:15:10:19 -0500] "GET / HTTP/1.1" 200 7852 "-" "Ruby"
94.145.68.182 - - [08/Jan/2014:15:10:20 -0500] "GET /notifications?get=count HTTP/1.1" 200 24 "http://www.pacetest.dk/topics/628-tidsplan" "Mozilla/5.0 (X11; Ubuntu; Linux x86_64; rv:25.0) Gecko/20100101 Firefox/25.0"
10.110.62.41 - - [08/Jan/2014:15:10:22 -0500] "GET / HTTP/1.1" 200 7855 "-" "Ruby"
- - - [08/Jan/2014:15:10:24 -0500] "OPTIONS * HTTP/1.0" 200 - "-" "Apache/2.2.22 (Red Hat Enterprise Web Server) (internal dummy connection)"
94.145.68.182 - - [08/Jan/2014:15:10:37 -0500] "GET /notifications?get=count HTTP/1.1" 200 24 "http://www.pacetest.dk/" "Mozilla/5.0 (X11; Ubuntu; Linux x86_64; rv:25.0) Gecko/20100101 Firefox/25.0"
94.145.68.182 - - [08/Jan/2014:15:10:50 -0500] "GET /notifications?get=count HTTP/1.1" 200 24 "http://www.pacetest.dk/topics/628-tidsplan" "Mozilla/5.0 (X11; Ubuntu; Linux x86_64; rv:25.0) Gecko/20100101 Firefox/25.0"
94.145.68.182 - - [08/Jan/2014:15:11:07 -0500] "GET /notifications?get=count HTTP/1.1" 200 24 "http://www.pacetest.dk/" "Mozilla/5.0 (X11; Ubuntu; Linux x86_64; rv:25.0) Gecko/20100101 Firefox/25.0"
94.145.68.182 - - [08/Jan/2014:15:11:20 -0500] "GET /notifications?get=count HTTP/1.1" 200 24 "http://www.pacetest.dk/topics/628-tidsplan" "Mozilla/5.0 (X11; Ubuntu; Linux x86_64; rv:25.0) Gecko/20100101 Firefox/25.0"
94.145.68.182 - - [08/Jan/2014:15:11:37 -0500] "GET /notifications?get=count HTTP/1.1" 200 24 "http://www.pacetest.dk/" "Mozilla/5.0 (X11; Ubuntu; Linux x86_64; rv:25.0) Gecko/20100101 Firefox/25.0"
94.145.68.182 - - [08/Jan/2014:15:11:50 -0500] "GET /notifications?get=count HTTP/1.1" 200 24 "http://www.pacetest.dk/topics/628-tidsplan" "Mozilla/5.0 (X11; Ubuntu; Linux x86_64; rv:25.0) Gecko/20100101 Firefox/25.0"
94.145.68.182 - - [08/Jan/2014:15:12:07 -0500] "GET /notifications?get=count HTTP/1.1" 200 24 "http://www.pacetest.dk/" "Mozilla/5.0 (X11; Ubuntu; Linux x86_64; rv:25.0) Gecko/20100101 Firefox/25.0"
94.145.68.182 - - [08/Jan/2014:15:12:20 -0500] "GET /notifications?get=count HTTP/1.1" 200 24 "http://www.pacetest.dk/topics/628-tidsplan" "Mozilla/5.0 (X11; Ubuntu; Linux x86_64; rv:25.0) Gecko/20100101 Firefox/25.0"
94.145.68.182 - - [08/Jan/2014:15:12:39 -0500] "GET /notifications?get=count HTTP/1.1" 200 24 "http://www.pacetest.dk/" "Mozilla/5.0 (X11; Ubuntu; Linux x86_64; rv:25.0) Gecko/20100101 Firefox/25.0"
94.145.68.182 - - [08/Jan/2014:15:12:52 -0500] "GET /notifications?get=count HTTP/1.1" 200 24 "http://www.pacetest.dk/topics/628-tidsplan" "Mozilla/5.0 (X11; Ubuntu; Linux x86_64; rv:25.0) Gecko/20100101 Firefox/25.0"
94.145.68.182 - - [08/Jan/2014:15:13:07 -0500] "GET /notifications?get=count HTTP/1.1" 200 24 "http://www.pacetest.dk/" "Mozilla/5.0 (X11; Ubuntu; Linux x86_64; rv:25.0) Gecko/20100101 Firefox/25.0"
94.145.68.182 - - [08/Jan/2014:15:13:20 -0500] "GET /notifications?get=count HTTP/1.1" 200 24 "http://www.pacetest.dk/topics/628-tidsplan" "Mozilla/5.0 (X11; Ubuntu; Linux x86_64; rv:25.0) Gecko/20100101 Firefox/25.0"
94.145.68.182 - - [08/Jan/2014:15:13:37 -0500] "GET /notifications?get=count HTTP/1.1" 200 24 "http://www.pacetest.dk/" "Mozilla/5.0 (X11; Ubuntu; Linux x86_64; rv:25.0) Gecko/20100101 Firefox/25.0"
94.145.68.182 - - [08/Jan/2014:15:13:50 -0500] "GET /notifications?get=count HTTP/1.1" 200 24 "http://www.pacetest.dk/topics/628-tidsplan" "Mozilla/5.0 (X11; Ubuntu; Linux x86_64; rv:25.0) Gecko/20100101 Firefox/25.0"
94.145.68.182 - - [08/Jan/2014:15:14:07 -0500] "GET /notifications?get=count HTTP/1.1" 200 24 "http://www.pacetest.dk/" "Mozilla/5.0 (X11; Ubuntu; Linux x86_64; rv:25.0) Gecko/20100101 Firefox/25.0"
94.145.68.182 - - [08/Jan/2014:15:14:20 -0500] "GET /notifications?get=count HTTP/1.1" 200 24 "http://www.pacetest.dk/topics/628-tidsplan" "Mozilla/5.0 (X11; Ubuntu; Linux x86_64; rv:25.0) Gecko/20100101 Firefox/25.0"
94.145.68.182 - - [08/Jan/2014:15:14:37 -0500] "GET /notifications?get=count HTTP/1.1" 200 24 "http://www.pacetest.dk/" "Mozilla/5.0 (X11; Ubuntu; Linux x86_64; rv:25.0) Gecko/20100101 Firefox/25.0"
94.145.68.182 - - [08/Jan/2014:15:14:50 -0500] "GET /notifications?get=count HTTP/1.1" 200 24 "http://www.pacetest.dk/topics/628-tidsplan" "Mozilla/5.0 (X11; Ubuntu; Linux x86_64; rv:25.0) Gecko/20100101 Firefox/25.0"
94.145.68.182 - - [08/Jan/2014:15:15:07 -0500] "GET /notifications?get=count HTTP/1.1" 200 24 "http://www.pacetest.dk/" "Mozilla/5.0 (X11; Ubuntu; Linux x86_64; rv:25.0) Gecko/20100101 Firefox/25.0"
94.145.68.182 - - [08/Jan/2014:15:15:20 -0500] "GET /notifications?get=count HTTP/1.1" 200 24 "http://www.pacetest.dk/topics/628-tidsplan" "Mozilla/5.0 (X11; Ubuntu; Linux x86_64; rv:25.0) Gecko/20100101 Firefox/25.0"
94.145.68.182 - - [08/Jan/2014:15:15:37 -0500] "GET /notifications?get=count HTTP/1.1" 200 24 "http://www.pacetest.dk/" "Mozilla/5.0 (X11; Ubuntu; Linux x86_64; rv:25.0) Gecko/20100101 Firefox/25.0"
94.145.68.182 - - [08/Jan/2014:15:15:50 -0500] "GET /notifications?get=count HTTP/1.1" 200 24 "http://www.pacetest.dk/topics/628-tidsplan" "Mozilla/5.0 (X11; Ubuntu; Linux x86_64; rv:25.0) Gecko/20100101 Firefox/25.0"
94.145.68.182 - - [08/Jan/2014:15:16:07 -0500] "GET /notifications?get=count HTTP/1.1" 200 24 "http://www.pacetest.dk/" "Mozilla/5.0 (X11; Ubuntu; Linux x86_64; rv:25.0) Gecko/20100101 Firefox/25.0"
94.145.68.182 - - [08/Jan/2014:15:16:20 -0500] "GET /notifications?get=count HTTP/1.1" 200 24 "http://www.pacetest.dk/topics/628-tidsplan" "Mozilla/5.0 (X11; Ubuntu; Linux x86_64; rv:25.0) Gecko/20100101 Firefox/25.0"
94.145.68.182 - - [08/Jan/2014:15:16:37 -0500] "GET /notifications?get=count HTTP/1.1" 200 24 "http://www.pacetest.dk/" "Mozilla/5.0 (X11; Ubuntu; Linux x86_64; rv:25.0) Gecko/20100101 Firefox/25.0"
94.145.68.182 - - [08/Jan/2014:15:16:50 -0500] "GET /notifications?get=count HTTP/1.1" 200 24 "http://www.pacetest.dk/topics/628-tidsplan" "Mozilla/5.0 (X11; Ubuntu; Linux x86_64; rv:25.0) Gecko/20100101 Firefox/25.0"
94.145.68.182 - - [08/Jan/2014:15:17:07 -0500] "GET /notifications?get=count HTTP/1.1" 200 24 "http://www.pacetest.dk/" "Mozilla/5.0 (X11; Ubuntu; Linux x86_64; rv:25.0) Gecko/20100101 Firefox/25.0"
94.145.68.182 - - [08/Jan/2014:15:17:20 -0500] "GET /notifications?get=count HTTP/1.1" 200 24 "http://www.pacetest.dk/topics/628-tidsplan" "Mozilla/5.0 (X11; Ubuntu; Linux x86_64; rv:25.0) Gecko/20100101 Firefox/25.0"
94.145.68.182 - - [08/Jan/2014:15:17:37 -0500] "GET /notifications?get=count HTTP/1.1" 200 24 "http://www.pacetest.dk/" "Mozilla/5.0 (X11; Ubuntu; Linux x86_64; rv:25.0) Gecko/20100101 Firefox/25.0"
94.145.68.182 - - [08/Jan/2014:15:17:50 -0500] "GET /notifications?get=count HTTP/1.1" 200 24 "http://www.pacetest.dk/topics/628-tidsplan" "Mozilla/5.0 (X11; Ubuntu; Linux x86_64; rv:25.0) Gecko/20100101 Firefox/25.0"
94.145.68.182 - - [08/Jan/2014:15:18:07 -0500] "GET /notifications?get=count HTTP/1.1" 200 24 "http://www.pacetest.dk/" "Mozilla/5.0 (X11; Ubuntu; Linux x86_64; rv:25.0) Gecko/20100101 Firefox/25.0"
94.145.68.182 - - [08/Jan/2014:15:18:20 -0500] "GET /notifications?get=count HTTP/1.1" 200 24 "http://www.pacetest.dk/topics/628-tidsplan" "Mozilla/5.0 (X11; Ubuntu; Linux x86_64; rv:25.0) Gecko/20100101 Firefox/25.0"
94.145.68.182 - - [08/Jan/2014:15:18:38 -0500] "GET /notifications?get=count HTTP/1.1" 200 24 "http://www.pacetest.dk/" "Mozilla/5.0 (X11; Ubuntu; Linux x86_64; rv:25.0) Gecko/20100101 Firefox/25.0"
94.145.68.182 - - [08/Jan/2014:15:18:50 -0500] "GET /notifications?get=count HTTP/1.1" 200 24 "http://www.pacetest.dk/topics/628-tidsplan" "Mozilla/5.0 (X11; Ubuntu; Linux x86_64; rv:25.0) Gecko/20100101 Firefox/25.0"
94.145.68.182 - - [08/Jan/2014:15:19:07 -0500] "GET /notifications?get=count HTTP/1.1" 200 24 "http://www.pacetest.dk/" "Mozilla/5.0 (X11; Ubuntu; Linux x86_64; rv:25.0) Gecko/20100101 Firefox/25.0"
94.145.68.182 - - [08/Jan/2014:15:19:20 -0500] "GET /notifications?get=count HTTP/1.1" 200 24 "http://www.pacetest.dk/topics/628-tidsplan" "Mozilla/5.0 (X11; Ubuntu; Linux x86_64; rv:25.0) Gecko/20100101 Firefox/25.0"
94.145.68.182 - - [08/Jan/2014:15:19:37 -0500] "GET /notifications?get=count HTTP/1.1" 200 24 "http://www.pacetest.dk/" "Mozilla/5.0 (X11; Ubuntu; Linux x86_64; rv:25.0) Gecko/20100101 Firefox/25.0"
94.145.68.182 - - [08/Jan/2014:15:19:52 -0500] "GET /notifications?get=count HTTP/1.1" 200 24 "http://www.pacetest.dk/topics/628-tidsplan" "Mozilla/5.0 (X11; Ubuntu; Linux x86_64; rv:25.0) Gecko/20100101 Firefox/25.0"
94.145.68.182 - - [08/Jan/2014:15:20:07 -0500] "GET /notifications?get=count HTTP/1.1" 200 24 "http://www.pacetest.dk/" "Mozilla/5.0 (X11; Ubuntu; Linux x86_64; rv:25.0) Gecko/20100101 Firefox/25.0"
94.145.68.182 - - [08/Jan/2014:15:20:20 -0500] "GET /notifications?get=count HTTP/1.1" 200 24 "http://www.pacetest.dk/topics/628-tidsplan" "Mozilla/5.0 (X11; Ubuntu; Linux x86_64; rv:25.0) Gecko/20100101 Firefox/25.0"
94.145.68.182 - - [08/Jan/2014:15:20:37 -0500] "GET /notifications?get=count HTTP/1.1" 200 24 "http://www.pacetest.dk/" "Mozilla/5.0 (X11; Ubuntu; Linux x86_64; rv:25.0) Gecko/20100101 Firefox/25.0"
94.145.68.182 - - [08/Jan/2014:15:20:50 -0500] "GET /notifications?get=count HTTP/1.1" 200 24 "http://www.pacetest.dk/topics/628-tidsplan" "Mozilla/5.0 (X11; Ubuntu; Linux x86_64; rv:25.0) Gecko/20100101 Firefox/25.0"
94.145.68.182 - - [08/Jan/2014:15:21:08 -0500] "GET /notifications?get=count HTTP/1.1" 200 24 "http://www.pacetest.dk/" "Mozilla/5.0 (X11; Ubuntu; Linux x86_64; rv:25.0) Gecko/20100101 Firefox/25.0"
94.145.68.182 - - [08/Jan/2014:15:21:20 -0500] "GET /notifications?get=count HTTP/1.1" 200 24 "http://www.pacetest.dk/topics/628-tidsplan" "Mozilla/5.0 (X11; Ubuntu; Linux x86_64; rv:25.0) Gecko/20100101 Firefox/25.0"
94.145.68.182 - - [08/Jan/2014:15:21:37 -0500] "GET /notifications?get=count HTTP/1.1" 200 24 "http://www.pacetest.dk/" "Mozilla/5.0 (X11; Ubuntu; Linux x86_64; rv:25.0) Gecko/20100101 Firefox/25.0"
94.145.68.182 - - [08/Jan/2014:15:21:50 -0500] "GET /notifications?get=count HTTP/1.1" 200 24 "http://www.pacetest.dk/topics/628-tidsplan" "Mozilla/5.0 (X11; Ubuntu; Linux x86_64; rv:25.0) Gecko/20100101 Firefox/25.0"
94.145.68.182 - - [08/Jan/2014:15:22:07 -0500] "GET /notifications?get=count HTTP/1.1" 200 24 "http://www.pacetest.dk/" "Mozilla/5.0 (X11; Ubuntu; Linux x86_64; rv:25.0) Gecko/20100101 Firefox/25.0"
94.145.68.182 - - [08/Jan/2014:15:22:20 -0500] "GET /notifications?get=count HTTP/1.1" 200 24 "http://www.pacetest.dk/topics/628-tidsplan" "Mozilla/5.0 (X11; Ubuntu; Linux x86_64; rv:25.0) Gecko/20100101 Firefox/25.0"
94.145.68.182 - - [08/Jan/2014:15:22:40 -0500] "GET /notifications?get=count HTTP/1.1" 200 24 "http://www.pacetest.dk/" "Mozilla/5.0 (X11; Ubuntu; Linux x86_64; rv:25.0) Gecko/20100101 Firefox/25.0"
94.145.68.182 - - [08/Jan/2014:15:22:50 -0500] "GET /notifications?get=count HTTP/1.1" 200 24 "http://www.pacetest.dk/topics/628-tidsplan" "Mozilla/5.0 (X11; Ubuntu; Linux x86_64; rv:25.0) Gecko/20100101 Firefox/25.0"
94.145.68.182 - - [08/Jan/2014:15:23:07 -0500] "GET /notifications?get=count HTTP/1.1" 200 24 "http://www.pacetest.dk/" "Mozilla/5.0 (X11; Ubuntu; Linux x86_64; rv:25.0) Gecko/20100101 Firefox/25.0"
94.145.68.182 - - [08/Jan/2014:15:23:20 -0500] "GET /notifications?get=count HTTP/1.1" 200 24 "http://www.pacetest.dk/topics/628-tidsplan" "Mozilla/5.0 (X11; Ubuntu; Linux x86_64; rv:25.0) Gecko/20100101 Firefox/25.0"
94.145.68.182 - - [08/Jan/2014:15:23:37 -0500] "GET /notifications?get=count HTTP/1.1" 200 24 "http://www.pacetest.dk/" "Mozilla/5.0 (X11; Ubuntu; Linux x86_64; rv:25.0) Gecko/20100101 Firefox/25.0"
94.145.68.182 - - [08/Jan/2014:15:23:50 -0500] "GET /notifications?get=count HTTP/1.1" 200 24 "http://www.pacetest.dk/topics/628-tidsplan" "Mozilla/5.0 (X11; Ubuntu; Linux x86_64; rv:25.0) Gecko/20100101 Firefox/25.0"
94.145.68.182 - - [08/Jan/2014:15:24:07 -0500] "GET /notifications?get=count HTTP/1.1" 200 24 "http://www.pacetest.dk/" "Mozilla/5.0 (X11; Ubuntu; Linux x86_64; rv:25.0) Gecko/20100101 Firefox/25.0"
94.145.68.182 - - [08/Jan/2014:15:24:20 -0500] "GET /notifications?get=count HTTP/1.1" 200 24 "http://www.pacetest.dk/topics/628-tidsplan" "Mozilla/5.0 (X11; Ubuntu; Linux x86_64; rv:25.0) Gecko/20100101 Firefox/25.0"
94.145.68.182 - - [08/Jan/2014:15:24:37 -0500] "GET /notifications?get=count HTTP/1.1" 200 24 "http://www.pacetest.dk/" "Mozilla/5.0 (X11; Ubuntu; Linux x86_64; rv:25.0) Gecko/20100101 Firefox/25.0"
94.145.68.182 - - [08/Jan/2014:15:24:50 -0500] "GET /notifications?get=count HTTP/1.1" 200 24 "http://www.pacetest.dk/topics/628-tidsplan" "Mozilla/5.0 (X11; Ubuntu; Linux x86_64; rv:25.0) Gecko/20100101 Firefox/25.0"
94.145.68.182 - - [08/Jan/2014:15:25:07 -0500] "GET /notifications?get=count HTTP/1.1" 200 24 "http://www.pacetest.dk/" "Mozilla/5.0 (X11; Ubuntu; Linux x86_64; rv:25.0) Gecko/20100101 Firefox/25.0"
94.145.68.182 - - [08/Jan/2014:15:25:20 -0500] "GET /notifications?get=count HTTP/1.1" 200 24 "http://www.pacetest.dk/topics/628-tidsplan" "Mozilla/5.0 (X11; Ubuntu; Linux x86_64; rv:25.0) Gecko/20100101 Firefox/25.0"
94.145.68.182 - - [08/Jan/2014:15:25:14 -0500] "GET /groups/209-ga-nextlevel-sj%C3%A6lland HTTP/1.1" 200 53484 "http://www.pacetest.dk/" "Mozilla/5.0 (X11; Ubuntu; Linux x86_64; rv:25.0) Gecko/20100101 Firefox/25.0"
- - - [08/Jan/2014:15:25:23 -0500] "OPTIONS * HTTP/1.0" 200 - "-" "Apache/2.2.22 (Red Hat Enterprise Web Server) (internal dummy connection)"
94.145.68.182 - - [08/Jan/2014:15:25:23 -0500] "GET /groups/209/graph/followers?layout=gadget&hq71dxgt HTTP/1.1" 200 2245 "http://www.pacetest.dk/groups/209-ga-nextlevel-sj%C3%A6lland" "Mozilla/5.0 (X11; Ubuntu; Linux x86_64; rv:25.0) Gecko/20100101 Firefox/25.0"
94.145.68.182 - - [08/Jan/2014:15:25:29 -0500] "GET /topics/@209?layout=gadget&hq71dxgw HTTP/1.1" 200 1562 "http://www.pacetest.dk/groups/209-ga-nextlevel-sj%C3%A6lland" "Mozilla/5.0 (X11; Ubuntu; Linux x86_64; rv:25.0) Gecko/20100101 Firefox/25.0"
94.145.68.182 - - [08/Jan/2014:15:25:34 -0500] "GET /topics/628-tidsplan?permalink=632 HTTP/1.1" 303 - "http://www.pacetest.dk/groups/209-ga-nextlevel-sj%C3%A6lland" "Mozilla/5.0 (X11; Ubuntu; Linux x86_64; rv:25.0) Gecko/20100101 Firefox/25.0"
94.145.68.182 - - [08/Jan/2014:15:25:36 -0500] "GET /topics/628-tidsplan HTTP/1.1" 200 16338 "http://www.pacetest.dk/groups/209-ga-nextlevel-sj%C3%A6lland" "Mozilla/5.0 (X11; Ubuntu; Linux x86_64; rv:25.0) Gecko/20100101 Firefox/25.0"
94.145.68.182 - - [08/Jan/2014:15:25:50 -0500] "GET /notifications?get=count HTTP/1.1" 200 24 "http://www.pacetest.dk/topics/628-tidsplan" "Mozilla/5.0 (X11; Ubuntu; Linux x86_64; rv:25.0) Gecko/20100101 Firefox/25.0"
94.145.68.182 - - [08/Jan/2014:15:25:58 -0500] "GET /menu/groups HTTP/1.1" 200 14639 "http://www.pacetest.dk/topics/628-tidsplan" "Mozilla/5.0 (X11; Ubuntu; Linux x86_64; rv:25.0) Gecko/20100101 Firefox/25.0"
94.145.68.182 - - [08/Jan/2014:15:25:55 -0500] "GET / HTTP/1.1" 200 108327 "http://www.pacetest.dk/topics/628-tidsplan" "Mozilla/5.0 (X11; Ubuntu; Linux x86_64; rv:25.0) Gecko/20100101 Firefox/25.0"
- - - [08/Jan/2014:15:26:05 -0500] "OPTIONS * HTTP/1.0" 200 - "-" "Apache/2.2.22 (Red Hat Enterprise Web Server) (internal dummy connection)"
94.145.68.182 - - [08/Jan/2014:15:26:13 -0500] "GET /groups/209-ga-nextlevel-sj%C3%A6lland HTTP/1.1" 200 53484 "http://www.pacetest.dk/topics/628-tidsplan" "Mozilla/5.0 (X11; Ubuntu; Linux x86_64; rv:25.0) Gecko/20100101 Firefox/25.0"
94.145.68.182 - - [08/Jan/2014:15:26:20 -0500] "GET /groups/209/graph/followers?layout=gadget&hq71f5os HTTP/1.1" 200 2245 "http://www.pacetest.dk/groups/209-ga-nextlevel-sj%C3%A6lland" "Mozilla/5.0 (X11; Ubuntu; Linux x86_64; rv:25.0) Gecko/20100101 Firefox/25.0"
94.145.68.182 - - [08/Jan/2014:15:26:24 -0500] "GET /pages/@209?layout=gadget&hq71f5ov HTTP/1.1" 200 2885 "http://www.pacetest.dk/groups/209-ga-nextlevel-sj%C3%A6lland" "Mozilla/5.0 (X11; Ubuntu; Linux x86_64; rv:25.0) Gecko/20100101 Firefox/25.0"
94.145.68.182 - - [08/Jan/2014:15:26:33 -0500] "GET /notifications?get=count HTTP/1.1" 200 24 "http://www.pacetest.dk/menu/groups" "Mozilla/5.0 (X11; Ubuntu; Linux x86_64; rv:25.0) Gecko/20100101 Firefox/25.0"
94.145.68.182 - - [08/Jan/2014:15:26:50 -0500] "GET /notifications?get=count HTTP/1.1" 200 24 "http://www.pacetest.dk/groups/209-ga-nextlevel-sj%C3%A6lland" "Mozilla/5.0 (X11; Ubuntu; Linux x86_64; rv:25.0) Gecko/20100101 Firefox/25.0"
94.145.68.182 - - [08/Jan/2014:15:27:03 -0500] "GET /notifications?get=count HTTP/1.1" 200 24 "http://www.pacetest.dk/menu/groups" "Mozilla/5.0 (X11; Ubuntu; Linux x86_64; rv:25.0) Gecko/20100101 Firefox/25.0"
94.145.68.182 - - [08/Jan/2014:15:27:20 -0500] "GET /notifications?get=count HTTP/1.1" 200 24 "http://www.pacetest.dk/groups/209-ga-nextlevel-sj%C3%A6lland" "Mozilla/5.0 (X11; Ubuntu; Linux x86_64; rv:25.0) Gecko/20100101 Firefox/25.0"
94.145.68.182 - - [08/Jan/2014:15:27:33 -0500] "GET /notifications?get=count HTTP/1.1" 200 24 "http://www.pacetest.dk/menu/groups" "Mozilla/5.0 (X11; Ubuntu; Linux x86_64; rv:25.0) Gecko/20100101 Firefox/25.0"
94.145.68.182 - - [08/Jan/2014:15:27:50 -0500] "GET /notifications?get=count HTTP/1.1" 200 24 "http://www.pacetest.dk/groups/209-ga-nextlevel-sj%C3%A6lland" "Mozilla/5.0 (X11; Ubuntu; Linux x86_64; rv:25.0) Gecko/20100101 Firefox/25.0"
94.145.68.182 - - [08/Jan/2014:15:28:03 -0500] "GET /notifications?get=count HTTP/1.1" 200 24 "http://www.pacetest.dk/menu/groups" "Mozilla/5.0 (X11; Ubuntu; Linux x86_64; rv:25.0) Gecko/20100101 Firefox/25.0"
