94.145.68.182 - - [08/Jan/2014:03:53:52 -0500] "GET /templates/base/css/images/glyphicons-halflings.png HTTP/1.1" 304 - "http://www.pacetest.dk/templates/shiraz/css/style1/style.css" "Mozilla/5.0 (X11; Ubuntu; Linux x86_64; rv:25.0) Gecko/20100101 Firefox/25.0"
94.145.68.182 - - [08/Jan/2014:03:53:53 -0500] "GET /index.php/stories?layout=list&filter=leaders&start=40&limit=20 HTTP/1.1" 200 33261 "http://www.pacetest.dk/" "Mozilla/5.0 (X11; Ubuntu; Linux x86_64; rv:25.0) Gecko/20100101 Firefox/25.0"
94.145.68.182 - - [08/Jan/2014:03:53:53 -0500] "GET /index.php/stories?layout=list&filter=leaders&start=20&limit=20 HTTP/1.1" 200 54151 "http://www.pacetest.dk/" "Mozilla/5.0 (X11; Ubuntu; Linux x86_64; rv:25.0) Gecko/20100101 Firefox/25.0"
94.145.68.182 - - [08/Jan/2014:03:54:02 -0500] "GET /index.php/people/BentRS HTTP/1.1" 200 73365 "http://www.pacetest.dk/" "Mozilla/5.0 (X11; Ubuntu; Linux x86_64; rv:25.0) Gecko/20100101 Firefox/25.0"
94.145.68.182 - - [08/Jan/2014:03:54:12 -0500] "GET /index.php/people/BentRS/graph/followers?layout=gadget&hq6cp1vr HTTP/1.1" 200 7724 "http://www.pacetest.dk/index.php/people/BentRS" "Mozilla/5.0 (X11; Ubuntu; Linux x86_64; rv:25.0) Gecko/20100101 Firefox/25.0"
- - - [08/Jan/2014:03:54:14 -0500] "OPTIONS * HTTP/1.0" 200 - "-" "Apache/2.2.22 (Red Hat Enterprise Web Server) (internal dummy connection)"
94.145.68.182 - - [08/Jan/2014:03:54:27 -0500] "POST /administrator/index.php HTTP/1.1" 303 - "http://www.pacetest.dk/administrator/index.php?option=com_config" "Mozilla/5.0 (X11; Ubuntu; Linux x86_64; rv:25.0) Gecko/20100101 Firefox/25.0"
94.145.68.182 - - [08/Jan/2014:03:54:28 -0500] "GET /administrator/index.php?option=com_config HTTP/1.1" 200 25224 "http://www.pacetest.dk/administrator/index.php?option=com_config" "Mozilla/5.0 (X11; Ubuntu; Linux x86_64; rv:25.0) Gecko/20100101 Firefox/25.0"
94.145.68.182 - - [08/Jan/2014:03:54:29 -0500] "GET /administrator/templates/rt_missioncontrol_j15/css/colors.css.php HTTP/1.1" 200 4078 "http://www.pacetest.dk/administrator/index.php?option=com_config" "Mozilla/5.0 (X11; Ubuntu; Linux x86_64; rv:25.0) Gecko/20100101 Firefox/25.0"
94.145.68.182 - - [08/Jan/2014:03:54:29 -0500] "GET /administrator/templates/rt_missioncontrol_j15/images/logo.png?1389171268 HTTP/1.1" 200 7018 "http://www.pacetest.dk/administrator/index.php?option=com_config" "Mozilla/5.0 (X11; Ubuntu; Linux x86_64; rv:25.0) Gecko/20100101 Firefox/25.0"
94.145.68.182 - - [08/Jan/2014:03:54:35 -0500] "POST /administrator/index.php HTTP/1.1" 303 - "http://www.pacetest.dk/administrator/index.php?option=com_config" "Mozilla/5.0 (X11; Ubuntu; Linux x86_64; rv:25.0) Gecko/20100101 Firefox/25.0"
94.145.68.182 - - [08/Jan/2014:03:54:35 -0500] "GET /administrator/index.php?option=com_config HTTP/1.1" 200 25224 "http://www.pacetest.dk/administrator/index.php?option=com_config" "Mozilla/5.0 (X11; Ubuntu; Linux x86_64; rv:25.0) Gecko/20100101 Firefox/25.0"
94.145.68.182 - - [08/Jan/2014:03:54:36 -0500] "GET /administrator/templates/rt_missioncontrol_j15/css/colors.css.php HTTP/1.1" 200 4078 "http://www.pacetest.dk/administrator/index.php?option=com_config" "Mozilla/5.0 (X11; Ubuntu; Linux x86_64; rv:25.0) Gecko/20100101 Firefox/25.0"
94.145.68.182 - - [08/Jan/2014:03:54:36 -0500] "GET /administrator/templates/rt_missioncontrol_j15/images/logo.png?1389171276 HTTP/1.1" 200 7018 "http://www.pacetest.dk/administrator/index.php?option=com_config" "Mozilla/5.0 (X11; Ubuntu; Linux x86_64; rv:25.0) Gecko/20100101 Firefox/25.0"
94.145.68.182 - - [08/Jan/2014:03:54:41 -0500] "GET /index.php/notifications?get=count HTTP/1.1" 200 24 "http://www.pacetest.dk/index.php/people/BentRS" "Mozilla/5.0 (X11; Ubuntu; Linux x86_64; rv:25.0) Gecko/20100101 Firefox/25.0"
94.145.68.182 - - [08/Jan/2014:03:54:51 -0500] "GET /index.php/people/BentRS HTTP/1.1" 200 73365 "http://www.pacetest.dk/index.php/people/BentRS" "Mozilla/5.0 (X11; Ubuntu; Linux x86_64; rv:25.0) Gecko/20100101 Firefox/25.0"
94.145.68.182 - - [08/Jan/2014:03:54:59 -0500] "GET /index.php/people/BentRS/graph/followers?layout=gadget&hq6cq265 HTTP/1.1" 200 7724 "http://www.pacetest.dk/index.php/people/BentRS" "Mozilla/5.0 (X11; Ubuntu; Linux x86_64; rv:25.0) Gecko/20100101 Firefox/25.0"
94.145.68.182 - - [08/Jan/2014:03:55:04 -0500] "GET / HTTP/1.1" 200 119093 "http://www.pacetest.dk/index.php/people/BentRS" "Mozilla/5.0 (X11; Ubuntu; Linux x86_64; rv:25.0) Gecko/20100101 Firefox/25.0"
94.145.68.182 - - [08/Jan/2014:03:55:13 -0500] "GET /index.php/stories?layout=list&filter=leaders&start=40&limit=20 HTTP/1.1" 200 33261 "http://www.pacetest.dk/" "Mozilla/5.0 (X11; Ubuntu; Linux x86_64; rv:25.0) Gecko/20100101 Firefox/25.0"
94.145.68.182 - - [08/Jan/2014:03:55:13 -0500] "GET /index.php/stories?layout=list&filter=leaders&start=20&limit=20 HTTP/1.1" 200 54151 "http://www.pacetest.dk/" "Mozilla/5.0 (X11; Ubuntu; Linux x86_64; rv:25.0) Gecko/20100101 Firefox/25.0"
94.145.68.182 - - [08/Jan/2014:03:55:23 -0500] "GET /index.php/stories?layout=list&filter=leaders&start=60&limit=20 HTTP/1.1" 200 99685 "http://www.pacetest.dk/" "Mozilla/5.0 (X11; Ubuntu; Linux x86_64; rv:25.0) Gecko/20100101 Firefox/25.0"
- - - [08/Jan/2014:03:55:31 -0500] "OPTIONS * HTTP/1.0" 200 - "-" "Apache/2.2.22 (Red Hat Enterprise Web Server) (internal dummy connection)"
94.145.68.182 - - [08/Jan/2014:03:55:43 -0500] "POST /administrator/index.php HTTP/1.1" 303 - "http://www.pacetest.dk/administrator/index.php?option=com_config" "Mozilla/5.0 (X11; Ubuntu; Linux x86_64; rv:25.0) Gecko/20100101 Firefox/25.0"
94.145.68.182 - - [08/Jan/2014:03:55:43 -0500] "GET /index.php/notifications?get=count HTTP/1.1" 200 24 "http://www.pacetest.dk/" "Mozilla/5.0 (X11; Ubuntu; Linux x86_64; rv:25.0) Gecko/20100101 Firefox/25.0"
94.145.68.182 - - [08/Jan/2014:03:55:44 -0500] "GET /administrator/index.php?option=com_config HTTP/1.1" 200 25224 "http://www.pacetest.dk/administrator/index.php?option=com_config" "Mozilla/5.0 (X11; Ubuntu; Linux x86_64; rv:25.0) Gecko/20100101 Firefox/25.0"
94.145.68.182 - - [08/Jan/2014:03:55:45 -0500] "GET /administrator/templates/rt_missioncontrol_j15/css/colors.css.php HTTP/1.1" 200 4078 "http://www.pacetest.dk/administrator/index.php?option=com_config" "Mozilla/5.0 (X11; Ubuntu; Linux x86_64; rv:25.0) Gecko/20100101 Firefox/25.0"
94.145.68.182 - - [08/Jan/2014:03:55:46 -0500] "GET /administrator/templates/rt_missioncontrol_j15/images/logo.png?1389171345 HTTP/1.1" 200 7018 "http://www.pacetest.dk/administrator/index.php?option=com_config" "Mozilla/5.0 (X11; Ubuntu; Linux x86_64; rv:25.0) Gecko/20100101 Firefox/25.0"
- - - [08/Jan/2014:03:55:46 -0500] "OPTIONS * HTTP/1.0" 200 - "-" "Apache/2.2.22 (Red Hat Enterprise Web Server) (internal dummy connection)"
94.145.68.182 - - [08/Jan/2014:03:56:08 -0500] "POST /administrator/index.php HTTP/1.1" 303 - "http://www.pacetest.dk/administrator/index.php?option=com_config" "Mozilla/5.0 (X11; Ubuntu; Linux x86_64; rv:25.0) Gecko/20100101 Firefox/25.0"
94.145.68.182 - - [08/Jan/2014:03:56:09 -0500] "GET /administrator/index.php?option=com_config HTTP/1.1" 200 25224 "http://www.pacetest.dk/administrator/index.php?option=com_config" "Mozilla/5.0 (X11; Ubuntu; Linux x86_64; rv:25.0) Gecko/20100101 Firefox/25.0"
94.145.68.182 - - [08/Jan/2014:03:56:10 -0500] "GET /administrator/templates/rt_missioncontrol_j15/css/colors.css.php HTTP/1.1" 200 4078 "http://www.pacetest.dk/administrator/index.php?option=com_config" "Mozilla/5.0 (X11; Ubuntu; Linux x86_64; rv:25.0) Gecko/20100101 Firefox/25.0"
94.145.68.182 - - [08/Jan/2014:03:56:10 -0500] "GET /administrator/templates/rt_missioncontrol_j15/images/logo.png?1389171369 HTTP/1.1" 200 7018 "http://www.pacetest.dk/administrator/index.php?option=com_config" "Mozilla/5.0 (X11; Ubuntu; Linux x86_64; rv:25.0) Gecko/20100101 Firefox/25.0"
94.145.68.182 - - [08/Jan/2014:03:56:13 -0500] "GET /index.php/notifications?get=count HTTP/1.1" 200 24 "http://www.pacetest.dk/" "Mozilla/5.0 (X11; Ubuntu; Linux x86_64; rv:25.0) Gecko/20100101 Firefox/25.0"
94.145.68.182 - - [08/Jan/2014:03:56:31 -0500] "GET / HTTP/1.1" 500 2076 "http://www.pacetest.dk/index.php/people/BentRS" "Mozilla/5.0 (X11; Ubuntu; Linux x86_64; rv:25.0) Gecko/20100101 Firefox/25.0"
94.145.68.182 - - [08/Jan/2014:03:56:34 -0500] "GET /com_composer/js/composer.js HTTP/1.1" 404 329 "http://www.pacetest.dk/" "Mozilla/5.0 (X11; Ubuntu; Linux x86_64; rv:25.0) Gecko/20100101 Firefox/25.0"
94.145.68.182 - - [08/Jan/2014:03:56:37 -0500] "GET / HTTP/1.1" 500 2076 "http://www.pacetest.dk/index.php/people/BentRS" "Mozilla/5.0 (X11; Ubuntu; Linux x86_64; rv:25.0) Gecko/20100101 Firefox/25.0"
94.145.68.182 - - [08/Jan/2014:03:56:40 -0500] "GET /com_composer/js/composer.js HTTP/1.1" 404 329 "http://www.pacetest.dk/" "Mozilla/5.0 (X11; Ubuntu; Linux x86_64; rv:25.0) Gecko/20100101 Firefox/25.0"
94.145.68.182 - - [08/Jan/2014:03:57:00 -0500] "POST /administrator/index.php HTTP/1.1" 303 - "http://www.pacetest.dk/administrator/index.php?option=com_config" "Mozilla/5.0 (X11; Ubuntu; Linux x86_64; rv:25.0) Gecko/20100101 Firefox/25.0"
94.145.68.182 - - [08/Jan/2014:03:57:00 -0500] "GET /administrator/index.php?option=com_config HTTP/1.1" 200 25224 "http://www.pacetest.dk/administrator/index.php?option=com_config" "Mozilla/5.0 (X11; Ubuntu; Linux x86_64; rv:25.0) Gecko/20100101 Firefox/25.0"
94.145.68.182 - - [08/Jan/2014:03:57:01 -0500] "GET /administrator/templates/rt_missioncontrol_j15/css/colors.css.php HTTP/1.1" 200 4078 "http://www.pacetest.dk/administrator/index.php?option=com_config" "Mozilla/5.0 (X11; Ubuntu; Linux x86_64; rv:25.0) Gecko/20100101 Firefox/25.0"
94.145.68.182 - - [08/Jan/2014:03:57:02 -0500] "GET /administrator/templates/rt_missioncontrol_j15/images/logo.png?1389171421 HTTP/1.1" 200 7018 "http://www.pacetest.dk/administrator/index.php?option=com_config" "Mozilla/5.0 (X11; Ubuntu; Linux x86_64; rv:25.0) Gecko/20100101 Firefox/25.0"
94.145.68.182 - - [08/Jan/2014:03:57:07 -0500] "GET / HTTP/1.1" 500 2076 "http://www.pacetest.dk/index.php/people/BentRS" "Mozilla/5.0 (X11; Ubuntu; Linux x86_64; rv:25.0) Gecko/20100101 Firefox/25.0"
94.145.68.182 - - [08/Jan/2014:03:57:11 -0500] "GET /com_composer/js/composer.js HTTP/1.1" 404 329 "http://www.pacetest.dk/" "Mozilla/5.0 (X11; Ubuntu; Linux x86_64; rv:25.0) Gecko/20100101 Firefox/25.0"
94.145.68.182 - - [08/Jan/2014:03:57:16 -0500] "GET / HTTP/1.1" 500 2076 "http://www.pacetest.dk/index.php/people/BentRS" "Mozilla/5.0 (X11; Ubuntu; Linux x86_64; rv:25.0) Gecko/20100101 Firefox/25.0"
94.145.68.182 - - [08/Jan/2014:03:57:19 -0500] "GET /com_composer/js/composer.js HTTP/1.1" 404 329 "http://www.pacetest.dk/" "Mozilla/5.0 (X11; Ubuntu; Linux x86_64; rv:25.0) Gecko/20100101 Firefox/25.0"
94.145.68.182 - - [08/Jan/2014:03:57:33 -0500] "POST /administrator/index.php HTTP/1.1" 303 - "http://www.pacetest.dk/administrator/index.php?option=com_config" "Mozilla/5.0 (X11; Ubuntu; Linux x86_64; rv:25.0) Gecko/20100101 Firefox/25.0"
94.145.68.182 - - [08/Jan/2014:03:57:34 -0500] "GET /administrator/index.php?option=com_config HTTP/1.1" 200 25224 "http://www.pacetest.dk/administrator/index.php?option=com_config" "Mozilla/5.0 (X11; Ubuntu; Linux x86_64; rv:25.0) Gecko/20100101 Firefox/25.0"
94.145.68.182 - - [08/Jan/2014:03:57:34 -0500] "GET /administrator/templates/rt_missioncontrol_j15/css/colors.css.php HTTP/1.1" 200 4078 "http://www.pacetest.dk/administrator/index.php?option=com_config" "Mozilla/5.0 (X11; Ubuntu; Linux x86_64; rv:25.0) Gecko/20100101 Firefox/25.0"
94.145.68.182 - - [08/Jan/2014:03:57:35 -0500] "GET /administrator/templates/rt_missioncontrol_j15/images/logo.png?1389171454 HTTP/1.1" 200 7018 "http://www.pacetest.dk/administrator/index.php?option=com_config" "Mozilla/5.0 (X11; Ubuntu; Linux x86_64; rv:25.0) Gecko/20100101 Firefox/25.0"
94.145.68.182 - - [08/Jan/2014:03:57:42 -0500] "GET / HTTP/1.1" 500 2076 "http://www.pacetest.dk/index.php/people/BentRS" "Mozilla/5.0 (X11; Ubuntu; Linux x86_64; rv:25.0) Gecko/20100101 Firefox/25.0"
94.145.68.182 - - [08/Jan/2014:03:57:46 -0500] "GET /com_composer/js/composer.js HTTP/1.1" 404 329 "http://www.pacetest.dk/" "Mozilla/5.0 (X11; Ubuntu; Linux x86_64; rv:25.0) Gecko/20100101 Firefox/25.0"
94.145.68.182 - - [08/Jan/2014:03:58:18 -0500] "POST /administrator/index.php HTTP/1.1" 303 - "http://www.pacetest.dk/administrator/index.php?option=com_config" "Mozilla/5.0 (X11; Ubuntu; Linux x86_64; rv:25.0) Gecko/20100101 Firefox/25.0"
94.145.68.182 - - [08/Jan/2014:03:58:19 -0500] "GET /administrator/index.php?option=com_config HTTP/1.1" 200 25224 "http://www.pacetest.dk/administrator/index.php?option=com_config" "Mozilla/5.0 (X11; Ubuntu; Linux x86_64; rv:25.0) Gecko/20100101 Firefox/25.0"
94.145.68.182 - - [08/Jan/2014:03:58:20 -0500] "GET /administrator/templates/rt_missioncontrol_j15/css/colors.css.php HTTP/1.1" 200 4078 "http://www.pacetest.dk/administrator/index.php?option=com_config" "Mozilla/5.0 (X11; Ubuntu; Linux x86_64; rv:25.0) Gecko/20100101 Firefox/25.0"
94.145.68.182 - - [08/Jan/2014:03:58:20 -0500] "GET /administrator/templates/rt_missioncontrol_j15/images/logo.png?1389171499 HTTP/1.1" 200 7018 "http://www.pacetest.dk/administrator/index.php?option=com_config" "Mozilla/5.0 (X11; Ubuntu; Linux x86_64; rv:25.0) Gecko/20100101 Firefox/25.0"
94.145.68.182 - - [08/Jan/2014:03:58:29 -0500] "GET / HTTP/1.1" 200 119079 "http://www.pacetest.dk/index.php/people/BentRS" "Mozilla/5.0 (X11; Ubuntu; Linux x86_64; rv:25.0) Gecko/20100101 Firefox/25.0"
94.145.68.182 - - [08/Jan/2014:03:58:36 -0500] "GET /templates/shiraz/css/style1/style.css HTTP/1.1" 304 - "http://www.pacetest.dk/" "Mozilla/5.0 (X11; Ubuntu; Linux x86_64; rv:25.0) Gecko/20100101 Firefox/25.0"
94.145.68.182 - - [08/Jan/2014:03:58:37 -0500] "GET /media/com_stories/js/stories.js HTTP/1.1" 304 - "http://www.pacetest.dk/" "Mozilla/5.0 (X11; Ubuntu; Linux x86_64; rv:25.0) Gecko/20100101 Firefox/25.0"
94.145.68.182 - - [08/Jan/2014:03:58:37 -0500] "GET /media/lib_anahita/js/vendors/mediabox.js HTTP/1.1" 304 - "http://www.pacetest.dk/" "Mozilla/5.0 (X11; Ubuntu; Linux x86_64; rv:25.0) Gecko/20100101 Firefox/25.0"
94.145.68.182 - - [08/Jan/2014:03:58:37 -0500] "GET /media/lib_anahita/js/production/site.js HTTP/1.1" 200 310197 "http://www.pacetest.dk/" "Mozilla/5.0 (X11; Ubuntu; Linux x86_64; rv:25.0) Gecko/20100101 Firefox/25.0"
94.145.68.182 - - [08/Jan/2014:03:58:37 -0500] "GET /media/com_composer/js/composer.js HTTP/1.1" 304 - "http://www.pacetest.dk/" "Mozilla/5.0 (X11; Ubuntu; Linux x86_64; rv:25.0) Gecko/20100101 Firefox/25.0"
94.145.68.182 - - [08/Jan/2014:03:58:37 -0500] "GET /media/lib_anahita/images/avatar/square_default.gif HTTP/1.1" 304 - "http://www.pacetest.dk/" "Mozilla/5.0 (X11; Ubuntu; Linux x86_64; rv:25.0) Gecko/20100101 Firefox/25.0"
94.145.68.182 - - [08/Jan/2014:03:58:38 -0500] "GET /templates/base/css/images/logo.png HTTP/1.1" 304 - "http://www.pacetest.dk/templates/shiraz/css/style1/style.css" "Mozilla/5.0 (X11; Ubuntu; Linux x86_64; rv:25.0) Gecko/20100101 Firefox/25.0"
94.145.68.182 - - [08/Jan/2014:03:58:38 -0500] "GET /templates/base/css/images/glyphicons-halflings.png HTTP/1.1" 304 - "http://www.pacetest.dk/templates/shiraz/css/style1/style.css" "Mozilla/5.0 (X11; Ubuntu; Linux x86_64; rv:25.0) Gecko/20100101 Firefox/25.0"
94.145.68.182 - - [08/Jan/2014:03:58:38 -0500] "GET /index.php/stories?layout=list&filter=leaders&start=40&limit=20 HTTP/1.1" 200 33261 "http://www.pacetest.dk/" "Mozilla/5.0 (X11; Ubuntu; Linux x86_64; rv:25.0) Gecko/20100101 Firefox/25.0"
94.145.68.182 - - [08/Jan/2014:03:58:38 -0500] "GET /index.php/stories?layout=list&filter=leaders&start=20&limit=20 HTTP/1.1" 200 54151 "http://www.pacetest.dk/" "Mozilla/5.0 (X11; Ubuntu; Linux x86_64; rv:25.0) Gecko/20100101 Firefox/25.0"
94.145.68.182 - - [08/Jan/2014:03:58:52 -0500] "GET /administrator/index.php?option=com_config HTTP/1.1" 200 25052 "http://www.pacetest.dk/administrator/index.php?option=com_config" "Mozilla/5.0 (X11; Ubuntu; Linux x86_64; rv:25.0) Gecko/20100101 Firefox/25.0"
94.145.68.182 - - [08/Jan/2014:03:58:53 -0500] "GET /administrator/templates/rt_missioncontrol_j15/css/core.css HTTP/1.1" 304 - "http://www.pacetest.dk/administrator/index.php?option=com_config" "Mozilla/5.0 (X11; Ubuntu; Linux x86_64; rv:25.0) Gecko/20100101 Firefox/25.0"
94.145.68.182 - - [08/Jan/2014:03:58:54 -0500] "GET /administrator/templates/rt_missioncontrol_j15/css/core-gecko.css HTTP/1.1" 304 - "http://www.pacetest.dk/administrator/index.php?option=com_config" "Mozilla/5.0 (X11; Ubuntu; Linux x86_64; rv:25.0) Gecko/20100101 Firefox/25.0"
94.145.68.182 - - [08/Jan/2014:03:58:54 -0500] "GET /administrator/templates/rt_missioncontrol_j15/css/menu.css HTTP/1.1" 304 - "http://www.pacetest.dk/administrator/index.php?option=com_config" "Mozilla/5.0 (X11; Ubuntu; Linux x86_64; rv:25.0) Gecko/20100101 Firefox/25.0"
94.145.68.182 - - [08/Jan/2014:03:58:54 -0500] "GET /administrator/templates/rt_missioncontrol_j15/css/colors.css.php HTTP/1.1" 200 4078 "http://www.pacetest.dk/administrator/index.php?option=com_config" "Mozilla/5.0 (X11; Ubuntu; Linux x86_64; rv:25.0) Gecko/20100101 Firefox/25.0"
94.145.68.182 - - [08/Jan/2014:03:58:54 -0500] "GET /media/lib_anahita/js/production/mootools.js HTTP/1.1" 304 - "http://www.pacetest.dk/administrator/index.php?option=com_config" "Mozilla/5.0 (X11; Ubuntu; Linux x86_64; rv:25.0) Gecko/20100101 Firefox/25.0"
94.145.68.182 - - [08/Jan/2014:03:58:54 -0500] "GET /administrator/includes/joomla.javascript.js HTTP/1.1" 304 - "http://www.pacetest.dk/administrator/index.php?option=com_config" "Mozilla/5.0 (X11; Ubuntu; Linux x86_64; rv:25.0) Gecko/20100101 Firefox/25.0"
94.145.68.182 - - [08/Jan/2014:03:58:54 -0500] "GET /media/system/js/switcher.js HTTP/1.1" 304 - "http://www.pacetest.dk/administrator/index.php?option=com_config" "Mozilla/5.0 (X11; Ubuntu; Linux x86_64; rv:25.0) Gecko/20100101 Firefox/25.0"
94.145.68.182 - - [08/Jan/2014:03:58:54 -0500] "GET /media/lib_koowa/js/koowa.js HTTP/1.1" 304 - "http://www.pacetest.dk/administrator/index.php?option=com_config" "Mozilla/5.0 (X11; Ubuntu; Linux x86_64; rv:25.0) Gecko/20100101 Firefox/25.0"
94.145.68.182 - - [08/Jan/2014:03:58:54 -0500] "GET /media/lib_anahita/js/admin.js HTTP/1.1" 304 - "http://www.pacetest.dk/administrator/index.php?option=com_config" "Mozilla/5.0 (X11; Ubuntu; Linux x86_64; rv:25.0) Gecko/20100101 Firefox/25.0"
94.145.68.182 - - [08/Jan/2014:03:58:54 -0500] "GET /media/lib_anahita/js/anahita.js HTTP/1.1" 304 - "http://www.pacetest.dk/administrator/index.php?option=com_config" "Mozilla/5.0 (X11; Ubuntu; Linux x86_64; rv:25.0) Gecko/20100101 Firefox/25.0"
94.145.68.182 - - [08/Jan/2014:03:58:54 -0500] "GET /administrator/templates/rt_missioncontrol_j15/js/MC-mt1.2.js HTTP/1.1" 304 - "http://www.pacetest.dk/administrator/index.php?option=com_config" "Mozilla/5.0 (X11; Ubuntu; Linux x86_64; rv:25.0) Gecko/20100101 Firefox/25.0"
94.145.68.182 - - [08/Jan/2014:03:58:54 -0500] "GET /administrator/templates/rt_missioncontrol_j15/images/logo.png?1389171533 HTTP/1.1" 200 7018 "http://www.pacetest.dk/administrator/index.php?option=com_config" "Mozilla/5.0 (X11; Ubuntu; Linux x86_64; rv:25.0) Gecko/20100101 Firefox/25.0"
94.145.68.182 - - [08/Jan/2014:03:58:54 -0500] "GET /administrator/templates/rt_missioncontrol_j15/images/down-arrow.png HTTP/1.1" 304 - "http://www.pacetest.dk/administrator/templates/rt_missioncontrol_j15/css/menu.css" "Mozilla/5.0 (X11; Ubuntu; Linux x86_64; rv:25.0) Gecko/20100101 Firefox/25.0"
94.145.68.182 - - [08/Jan/2014:03:58:54 -0500] "GET /administrator/templates/rt_missioncontrol_j15/images/bullet-star.png HTTP/1.1" 304 - "http://www.pacetest.dk/administrator/templates/rt_missioncontrol_j15/css/menu.css" "Mozilla/5.0 (X11; Ubuntu; Linux x86_64; rv:25.0) Gecko/20100101 Firefox/25.0"
94.145.68.182 - - [08/Jan/2014:03:58:54 -0500] "GET /administrator/templates/rt_missioncontrol_j15/images/mc-footer-logo.png HTTP/1.1" 304 - "http://www.pacetest.dk/administrator/templates/rt_missioncontrol_j15/css/core.css" "Mozilla/5.0 (X11; Ubuntu; Linux x86_64; rv:25.0) Gecko/20100101 Firefox/25.0"
94.145.68.182 - - [08/Jan/2014:03:58:54 -0500] "GET /administrator/templates/rt_missioncontrol_j15/images/right-arrow.png HTTP/1.1" 304 - "http://www.pacetest.dk/administrator/templates/rt_missioncontrol_j15/css/menu.css" "Mozilla/5.0 (X11; Ubuntu; Linux x86_64; rv:25.0) Gecko/20100101 Firefox/25.0"
94.145.68.182 - - [08/Jan/2014:03:58:48 -0500] "GET /index.php/stories?layout=list&filter=leaders&start=60&limit=20 HTTP/1.1" 200 99685 "http://www.pacetest.dk/" "Mozilla/5.0 (X11; Ubuntu; Linux x86_64; rv:25.0) Gecko/20100101 Firefox/25.0"
- - - [08/Jan/2014:03:58:56 -0500] "OPTIONS * HTTP/1.0" 200 - "-" "Apache/2.2.22 (Red Hat Enterprise Web Server) (internal dummy connection)"
94.145.68.182 - - [08/Jan/2014:03:59:07 -0500] "GET /index.php/notifications?get=count HTTP/1.1" 200 24 "http://www.pacetest.dk/" "Mozilla/5.0 (X11; Ubuntu; Linux x86_64; rv:25.0) Gecko/20100101 Firefox/25.0"
94.145.68.182 - - [08/Jan/2014:03:59:09 -0500] "POST /administrator/index.php HTTP/1.1" 303 - "http://www.pacetest.dk/administrator/index.php?option=com_config" "Mozilla/5.0 (X11; Ubuntu; Linux x86_64; rv:25.0) Gecko/20100101 Firefox/25.0"
94.145.68.182 - - [08/Jan/2014:03:59:10 -0500] "GET /administrator/index.php?option=com_config HTTP/1.1" 200 25224 "http://www.pacetest.dk/administrator/index.php?option=com_config" "Mozilla/5.0 (X11; Ubuntu; Linux x86_64; rv:25.0) Gecko/20100101 Firefox/25.0"
94.145.68.182 - - [08/Jan/2014:03:59:11 -0500] "GET /administrator/templates/rt_missioncontrol_j15/css/colors.css.php HTTP/1.1" 200 4078 "http://www.pacetest.dk/administrator/index.php?option=com_config" "Mozilla/5.0 (X11; Ubuntu; Linux x86_64; rv:25.0) Gecko/20100101 Firefox/25.0"
94.145.68.182 - - [08/Jan/2014:03:59:11 -0500] "GET /administrator/templates/rt_missioncontrol_j15/images/logo.png?1389171551 HTTP/1.1" 200 7018 "http://www.pacetest.dk/administrator/index.php?option=com_config" "Mozilla/5.0 (X11; Ubuntu; Linux x86_64; rv:25.0) Gecko/20100101 Firefox/25.0"
94.145.68.182 - - [08/Jan/2014:03:59:20 -0500] "GET /index.php/people/BentRS HTTP/1.1" 200 71571 "http://www.pacetest.dk/" "Mozilla/5.0 (X11; Ubuntu; Linux x86_64; rv:25.0) Gecko/20100101 Firefox/25.0"
94.145.68.182 - - [08/Jan/2014:03:59:27 -0500] "GET /people/BentRS/graph/followers?layout=gadget&hq6cvtf7 HTTP/1.1" 200 7514 "http://www.pacetest.dk/index.php/people/BentRS" "Mozilla/5.0 (X11; Ubuntu; Linux x86_64; rv:25.0) Gecko/20100101 Firefox/25.0"
94.145.68.182 - - [08/Jan/2014:03:59:57 -0500] "GET /notifications?get=count HTTP/1.1" 200 24 "http://www.pacetest.dk/index.php/people/BentRS" "Mozilla/5.0 (X11; Ubuntu; Linux x86_64; rv:25.0) Gecko/20100101 Firefox/25.0"
94.145.68.182 - - [08/Jan/2014:03:59:53 -0500] "GET / HTTP/1.1" 200 115859 "http://www.pacetest.dk/index.php/people/BentRS" "Mozilla/5.0 (X11; Ubuntu; Linux x86_64; rv:25.0) Gecko/20100101 Firefox/25.0"
94.145.68.182 - - [08/Jan/2014:04:00:02 -0500] "GET /stories?layout=list&filter=leaders&start=40&limit=20 HTTP/1.1" 200 32301 "http://www.pacetest.dk/" "Mozilla/5.0 (X11; Ubuntu; Linux x86_64; rv:25.0) Gecko/20100101 Firefox/25.0"
94.145.68.182 - - [08/Jan/2014:04:00:02 -0500] "GET /stories?layout=list&filter=leaders&start=20&limit=20 HTTP/1.1" 200 52701 "http://www.pacetest.dk/" "Mozilla/5.0 (X11; Ubuntu; Linux x86_64; rv:25.0) Gecko/20100101 Firefox/25.0"
94.145.68.182 - - [08/Jan/2014:04:00:13 -0500] "GET /stories?layout=list&filter=leaders&start=60&limit=20 HTTP/1.1" 200 97225 "http://www.pacetest.dk/" "Mozilla/5.0 (X11; Ubuntu; Linux x86_64; rv:25.0) Gecko/20100101 Firefox/25.0"
- - - [08/Jan/2014:04:00:22 -0500] "OPTIONS * HTTP/1.0" 200 - "-" "Apache/2.2.22 (Red Hat Enterprise Web Server) (internal dummy connection)"
94.145.68.182 - - [08/Jan/2014:04:00:32 -0500] "GET /notifications?get=count HTTP/1.1" 200 24 "http://www.pacetest.dk/" "Mozilla/5.0 (X11; Ubuntu; Linux x86_64; rv:25.0) Gecko/20100101 Firefox/25.0"
94.145.68.182 - - [08/Jan/2014:04:01:02 -0500] "GET /notifications?get=count HTTP/1.1" 200 24 "http://www.pacetest.dk/" "Mozilla/5.0 (X11; Ubuntu; Linux x86_64; rv:25.0) Gecko/20100101 Firefox/25.0"
94.145.68.182 - - [08/Jan/2014:04:01:32 -0500] "GET /notifications?get=count HTTP/1.1" 200 24 "http://www.pacetest.dk/" "Mozilla/5.0 (X11; Ubuntu; Linux x86_64; rv:25.0) Gecko/20100101 Firefox/25.0"
178.21.88.155 - - [08/Jan/2014:04:01:53 -0500] "GET /index.php HTTP/1.1" 200 2068 "-" "Mozilla/5.0 (iPad; CPU OS 7_0_4 like Mac OS X) AppleWebKit/537.51.1 (KHTML, like Gecko) Version/7.0 Mobile/11B554a Safari/9537.53"
178.21.88.155 - - [08/Jan/2014:04:01:59 -0500] "GET /apple-touch-icon-152x152-precomposed.png HTTP/1.1" 404 342 "-" "MobileSafari/9537.53 CFNetwork/672.0.8 Darwin/14.0.0"
178.21.88.155 - - [08/Jan/2014:04:02:00 -0500] "GET /apple-touch-icon-152x152.png HTTP/1.1" 404 330 "-" "MobileSafari/9537.53 CFNetwork/672.0.8 Darwin/14.0.0"
178.21.88.155 - - [08/Jan/2014:04:02:00 -0500] "GET /apple-touch-icon-precomposed.png HTTP/1.1" 404 334 "-" "MobileSafari/9537.53 CFNetwork/672.0.8 Darwin/14.0.0"
178.21.88.155 - - [08/Jan/2014:04:02:00 -0500] "GET /apple-touch-icon.png HTTP/1.1" 404 322 "-" "MobileSafari/9537.53 CFNetwork/672.0.8 Darwin/14.0.0"
94.145.68.182 - - [08/Jan/2014:04:02:02 -0500] "GET /notifications?get=count HTTP/1.1" 200 24 "http://www.pacetest.dk/" "Mozilla/5.0 (X11; Ubuntu; Linux x86_64; rv:25.0) Gecko/20100101 Firefox/25.0"
178.21.88.155 - - [08/Jan/2014:04:02:32 -0500] "GET /index.php HTTP/1.1" 200 7772 "-" "Mozilla/5.0 (iPad; CPU OS 7_0_4 like Mac OS X) AppleWebKit/537.51.1 (KHTML, like Gecko) Version/7.0 Mobile/11B554a Safari/9537.53"
94.145.68.182 - - [08/Jan/2014:04:02:32 -0500] "GET /notifications?get=count HTTP/1.1" 200 24 "http://www.pacetest.dk/" "Mozilla/5.0 (X11; Ubuntu; Linux x86_64; rv:25.0) Gecko/20100101 Firefox/25.0"
178.21.88.155 - - [08/Jan/2014:04:02:34 -0500] "GET /media/lib_anahita/js/production/site.js HTTP/1.1" 200 310197 "http://www.pacetest.dk/index.php" "Mozilla/5.0 (iPad; CPU OS 7_0_4 like Mac OS X) AppleWebKit/537.51.1 (KHTML, like Gecko) Version/7.0 Mobile/11B554a Safari/9537.53"
- - - [08/Jan/2014:04:02:36 -0500] "OPTIONS * HTTP/1.0" 200 - "-" "Apache/2.2.22 (Red Hat Enterprise Web Server) (internal dummy connection)"
178.21.88.155 - - [08/Jan/2014:04:02:36 -0500] "GET /apple-touch-icon-152x152-precomposed.png HTTP/1.1" 404 342 "-" "MobileSafari/9537.53 CFNetwork/672.0.8 Darwin/14.0.0"
178.21.88.155 - - [08/Jan/2014:04:02:36 -0500] "GET /apple-touch-icon-152x152.png HTTP/1.1" 404 330 "-" "MobileSafari/9537.53 CFNetwork/672.0.8 Darwin/14.0.0"
178.21.88.155 - - [08/Jan/2014:04:02:36 -0500] "GET /apple-touch-icon-precomposed.png HTTP/1.1" 404 334 "-" "MobileSafari/9537.53 CFNetwork/672.0.8 Darwin/14.0.0"
178.21.88.155 - - [08/Jan/2014:04:02:36 -0500] "GET /apple-touch-icon.png HTTP/1.1" 404 322 "-" "MobileSafari/9537.53 CFNetwork/672.0.8 Darwin/14.0.0"
178.21.88.155 - - [08/Jan/2014:04:02:42 -0500] "GET /people/session?layout=modal&return=aHR0cDovL3d3dy5wYWNldGVzdC5kay9pbmRleC5waHA%3D&hq6czwy6 HTTP/1.1" 200 1437 "http://www.pacetest.dk/index.php" "Mozilla/5.0 (iPad; CPU OS 7_0_4 like Mac OS X) AppleWebKit/537.51.1 (KHTML, like Gecko) Version/7.0 Mobile/11B554a Safari/9537.53"
94.145.68.182 - - [08/Jan/2014:04:03:02 -0500] "GET /notifications?get=count HTTP/1.1" 200 24 "http://www.pacetest.dk/" "Mozilla/5.0 (X11; Ubuntu; Linux x86_64; rv:25.0) Gecko/20100101 Firefox/25.0"
178.21.88.155 - - [08/Jan/2014:04:03:05 -0500] "POST /people/session?layout=modal HTTP/1.1" 303 - "http://www.pacetest.dk/index.php" "Mozilla/5.0 (iPad; CPU OS 7_0_4 like Mac OS X) AppleWebKit/537.51.1 (KHTML, like Gecko) Version/7.0 Mobile/11B554a Safari/9537.53"
178.21.88.155 - - [08/Jan/2014:04:03:06 -0500] "GET /index.php HTTP/1.1" 200 83816 "http://www.pacetest.dk/index.php" "Mozilla/5.0 (iPad; CPU OS 7_0_4 like Mac OS X) AppleWebKit/537.51.1 (KHTML, like Gecko) Version/7.0 Mobile/11B554a Safari/9537.53"
178.21.88.155 - - [08/Jan/2014:04:03:15 -0500] "GET /media/lib_anahita/js/vendors/mediabox.js HTTP/1.1" 200 45415 "http://www.pacetest.dk/index.php" "Mozilla/5.0 (iPad; CPU OS 7_0_4 like Mac OS X) AppleWebKit/537.51.1 (KHTML, like Gecko) Version/7.0 Mobile/11B554a Safari/9537.53"
178.21.88.155 - - [08/Jan/2014:04:03:15 -0500] "GET /media/com_composer/js/composer.js HTTP/1.1" 200 5682 "http://www.pacetest.dk/index.php" "Mozilla/5.0 (iPad; CPU OS 7_0_4 like Mac OS X) AppleWebKit/537.51.1 (KHTML, like Gecko) Version/7.0 Mobile/11B554a Safari/9537.53"
178.21.88.155 - - [08/Jan/2014:04:03:15 -0500] "GET /media/com_stories/js/stories.js HTTP/1.1" 200 1707 "http://www.pacetest.dk/index.php" "Mozilla/5.0 (iPad; CPU OS 7_0_4 like Mac OS X) AppleWebKit/537.51.1 (KHTML, like Gecko) Version/7.0 Mobile/11B554a Safari/9537.53"
178.21.88.155 - - [08/Jan/2014:04:03:15 -0500] "GET /templates/base/css/images/glyphicons-halflings.png HTTP/1.1" 200 12799 "http://www.pacetest.dk/index.php" "Mozilla/5.0 (iPad; CPU OS 7_0_4 like Mac OS X) AppleWebKit/537.51.1 (KHTML, like Gecko) Version/7.0 Mobile/11B554a Safari/9537.53"
178.21.88.155 - - [08/Jan/2014:04:03:16 -0500] "GET /stories?layout=list&filter=leaders&start=20&limit=20 HTTP/1.1" 200 31113 "http://www.pacetest.dk/index.php" "Mozilla/5.0 (iPad; CPU OS 7_0_4 like Mac OS X) AppleWebKit/537.51.1 (KHTML, like Gecko) Version/7.0 Mobile/11B554a Safari/9537.53"
178.21.88.155 - - [08/Jan/2014:04:03:16 -0500] "GET /stories?layout=list&filter=leaders&start=40&limit=20 HTTP/1.1" 200 55351 "http://www.pacetest.dk/index.php" "Mozilla/5.0 (iPad; CPU OS 7_0_4 like Mac OS X) AppleWebKit/537.51.1 (KHTML, like Gecko) Version/7.0 Mobile/11B554a Safari/9537.53"
94.145.68.182 - - [08/Jan/2014:04:03:32 -0500] "GET /notifications?get=count HTTP/1.1" 200 24 "http://www.pacetest.dk/" "Mozilla/5.0 (X11; Ubuntu; Linux x86_64; rv:25.0) Gecko/20100101 Firefox/25.0"
178.21.88.155 - - [08/Jan/2014:04:03:27 -0500] "GET /stories?layout=list&filter=leaders&start=60&limit=20 HTTP/1.1" 200 37329 "http://www.pacetest.dk/index.php" "Mozilla/5.0 (iPad; CPU OS 7_0_4 like Mac OS X) AppleWebKit/537.51.1 (KHTML, like Gecko) Version/7.0 Mobile/11B554a Safari/9537.53"
178.21.88.155 - - [08/Jan/2014:04:03:35 -0500] "GET /menu/groups HTTP/1.1" 200 14887 "http://www.pacetest.dk/index.php" "Mozilla/5.0 (iPad; CPU OS 7_0_4 like Mac OS X) AppleWebKit/537.51.1 (KHTML, like Gecko) Version/7.0 Mobile/11B554a Safari/9537.53"
- - - [08/Jan/2014:04:03:38 -0500] "OPTIONS * HTTP/1.0" 200 - "-" "Apache/2.2.22 (Red Hat Enterprise Web Server) (internal dummy connection)"
178.21.88.155 - - [08/Jan/2014:04:03:42 -0500] "GET /groups/4-the-atrium HTTP/1.1" 200 47577 "http://www.pacetest.dk/menu/groups" "Mozilla/5.0 (iPad; CPU OS 7_0_4 like Mac OS X) AppleWebKit/537.51.1 (KHTML, like Gecko) Version/7.0 Mobile/11B554a Safari/9537.53"
178.21.88.155 - - [08/Jan/2014:04:03:50 -0500] "GET /groups/4/graph/followers?layout=gadget&hq6d1iah HTTP/1.1" 200 2973 "http://www.pacetest.dk/groups/4-the-atrium" "Mozilla/5.0 (iPad; CPU OS 7_0_4 like Mac OS X) AppleWebKit/537.51.1 (KHTML, like Gecko) Version/7.0 Mobile/11B554a Safari/9537.53"
94.145.68.182 - - [08/Jan/2014:04:04:02 -0500] "GET /notifications?get=count HTTP/1.1" 200 24 "http://www.pacetest.dk/" "Mozilla/5.0 (X11; Ubuntu; Linux x86_64; rv:25.0) Gecko/20100101 Firefox/25.0"
178.21.88.155 - - [08/Jan/2014:04:04:04 -0500] "GET /menu/groups HTTP/1.1" 200 14887 "http://www.pacetest.dk/groups/4-the-atrium" "Mozilla/5.0 (iPad; CPU OS 7_0_4 like Mac OS X) AppleWebKit/537.51.1 (KHTML, like Gecko) Version/7.0 Mobile/11B554a Safari/9537.53"
178.21.88.155 - - [08/Jan/2014:04:04:17 -0500] "GET /groups/197-ga-nextlevel-jylland HTTP/1.1" 200 34051 "http://www.pacetest.dk/menu/groups" "Mozilla/5.0 (iPad; CPU OS 7_0_4 like Mac OS X) AppleWebKit/537.51.1 (KHTML, like Gecko) Version/7.0 Mobile/11B554a Safari/9537.53"
178.21.88.155 - - [08/Jan/2014:04:04:23 -0500] "GET /groups/197/graph/followers?layout=gadget&hq6d28bn HTTP/1.1" 200 2965 "http://www.pacetest.dk/groups/197-ga-nextlevel-jylland" "Mozilla/5.0 (iPad; CPU OS 7_0_4 like Mac OS X) AppleWebKit/537.51.1 (KHTML, like Gecko) Version/7.0 Mobile/11B554a Safari/9537.53"
94.145.68.182 - - [08/Jan/2014:04:04:32 -0500] "GET /notifications?get=count HTTP/1.1" 200 24 "http://www.pacetest.dk/" "Mozilla/5.0 (X11; Ubuntu; Linux x86_64; rv:25.0) Gecko/20100101 Firefox/25.0"
178.21.88.155 - - [08/Jan/2014:04:04:36 -0500] "GET /pages/439-deltagerliste-jylland-17-18-19-januar-2014 HTTP/1.1" 200 17636 "http://www.pacetest.dk/groups/197-ga-nextlevel-jylland" "Mozilla/5.0 (iPad; CPU OS 7_0_4 like Mac OS X) AppleWebKit/537.51.1 (KHTML, like Gecko) Version/7.0 Mobile/11B554a Safari/9537.53"
178.21.88.155 - - [08/Jan/2014:04:04:40 -0500] "GET /media/com_pages/js/pages.js HTTP/1.1" 200 622 "http://www.pacetest.dk/pages/439-deltagerliste-jylland-17-18-19-januar-2014" "Mozilla/5.0 (iPad; CPU OS 7_0_4 like Mac OS X) AppleWebKit/537.51.1 (KHTML, like Gecko) Version/7.0 Mobile/11B554a Safari/9537.53"
94.145.68.182 - - [08/Jan/2014:04:05:02 -0500] "GET /notifications?get=count HTTP/1.1" 200 24 "http://www.pacetest.dk/" "Mozilla/5.0 (X11; Ubuntu; Linux x86_64; rv:25.0) Gecko/20100101 Firefox/25.0"
178.21.88.155 - - [08/Jan/2014:04:05:12 -0500] "GET /groups/197-ga-nextlevel-jylland HTTP/1.1" 200 34051 "http://www.pacetest.dk/pages/439-deltagerliste-jylland-17-18-19-januar-2014" "Mozilla/5.0 (iPad; CPU OS 7_0_4 like Mac OS X) AppleWebKit/537.51.1 (KHTML, like Gecko) Version/7.0 Mobile/11B554a Safari/9537.53"
178.21.88.155 - - [08/Jan/2014:04:05:18 -0500] "GET /groups/197/graph/followers?layout=gadget&hq6d3eo5 HTTP/1.1" 200 2965 "http://www.pacetest.dk/groups/197-ga-nextlevel-jylland" "Mozilla/5.0 (iPad; CPU OS 7_0_4 like Mac OS X) AppleWebKit/537.51.1 (KHTML, like Gecko) Version/7.0 Mobile/11B554a Safari/9537.53"
94.145.68.182 - - [08/Jan/2014:04:05:32 -0500] "GET /notifications?get=count HTTP/1.1" 200 24 "http://www.pacetest.dk/" "Mozilla/5.0 (X11; Ubuntu; Linux x86_64; rv:25.0) Gecko/20100101 Firefox/25.0"
178.21.88.155 - - [08/Jan/2014:04:05:44 -0500] "GET /pages/439-deltagerliste-jylland-17-18-19-januar-2014 HTTP/1.1" 200 17636 "http://www.pacetest.dk/groups/197-ga-nextlevel-jylland" "Mozilla/5.0 (iPad; CPU OS 7_0_4 like Mac OS X) AppleWebKit/537.51.1 (KHTML, like Gecko) Version/7.0 Mobile/11B554a Safari/9537.53"
178.21.88.155 - - [08/Jan/2014:04:06:00 -0500] "GET /menu/groups HTTP/1.1" 200 14887 "http://www.pacetest.dk/pages/439-deltagerliste-jylland-17-18-19-januar-2014" "Mozilla/5.0 (iPad; CPU OS 7_0_4 like Mac OS X) AppleWebKit/537.51.1 (KHTML, like Gecko) Version/7.0 Mobile/11B554a Safari/9537.53"
94.145.68.182 - - [08/Jan/2014:04:06:02 -0500] "GET /notifications?get=count HTTP/1.1" 200 24 "http://www.pacetest.dk/" "Mozilla/5.0 (X11; Ubuntu; Linux x86_64; rv:25.0) Gecko/20100101 Firefox/25.0"
- - - [08/Jan/2014:04:06:04 -0500] "OPTIONS * HTTP/1.0" 200 - "-" "Apache/2.2.22 (Red Hat Enterprise Web Server) (internal dummy connection)"
94.145.68.182 - - [08/Jan/2014:04:06:32 -0500] "GET /notifications?get=count HTTP/1.1" 200 24 "http://www.pacetest.dk/" "Mozilla/5.0 (X11; Ubuntu; Linux x86_64; rv:25.0) Gecko/20100101 Firefox/25.0"
178.21.88.155 - - [08/Jan/2014:04:06:28 -0500] "GET /groups/197-ga-nextlevel-jylland HTTP/1.1" 200 34051 "http://www.pacetest.dk/menu/groups" "Mozilla/5.0 (iPad; CPU OS 7_0_4 like Mac OS X) AppleWebKit/537.51.1 (KHTML, like Gecko) Version/7.0 Mobile/11B554a Safari/9537.53"
178.21.88.155 - - [08/Jan/2014:04:06:36 -0500] "GET /groups/197/graph/followers?layout=gadget&hq6d52yo HTTP/1.1" 200 2965 "http://www.pacetest.dk/groups/197-ga-nextlevel-jylland" "Mozilla/5.0 (iPad; CPU OS 7_0_4 like Mac OS X) AppleWebKit/537.51.1 (KHTML, like Gecko) Version/7.0 Mobile/11B554a Safari/9537.53"
- - - [08/Jan/2014:04:06:38 -0500] "OPTIONS * HTTP/1.0" 200 - "-" "Apache/2.2.22 (Red Hat Enterprise Web Server) (internal dummy connection)"
178.21.88.155 - - [08/Jan/2014:04:06:46 -0500] "GET /pages/439-deltagerliste-jylland-17-18-19-januar-2014 HTTP/1.1" 200 17636 "http://www.pacetest.dk/groups/197-ga-nextlevel-jylland" "Mozilla/5.0 (iPad; CPU OS 7_0_4 like Mac OS X) AppleWebKit/537.51.1 (KHTML, like Gecko) Version/7.0 Mobile/11B554a Safari/9537.53"
178.21.88.155 - - [08/Jan/2014:04:06:56 -0500] "GET /pages/439-deltagerliste-jylland-17-18-19-januar-2014?layout=edit HTTP/1.1" 200 12028 "http://www.pacetest.dk/pages/439-deltagerliste-jylland-17-18-19-januar-2014" "Mozilla/5.0 (iPad; CPU OS 7_0_4 like Mac OS X) AppleWebKit/537.51.1 (KHTML, like Gecko) Version/7.0 Mobile/11B554a Safari/9537.53"
178.21.88.155 - - [08/Jan/2014:04:06:59 -0500] "GET /media/lib_anahita/js/editor/tiny_mce.js HTTP/1.1" 200 203808 "http://www.pacetest.dk/pages/439-deltagerliste-jylland-17-18-19-januar-2014?layout=edit" "Mozilla/5.0 (iPad; CPU OS 7_0_4 like Mac OS X) AppleWebKit/537.51.1 (KHTML, like Gecko) Version/7.0 Mobile/11B554a Safari/9537.53"
178.21.88.155 - - [08/Jan/2014:04:07:00 -0500] "GET /media/lib_anahita/js/editor/editor.js HTTP/1.1" 200 11576 "http://www.pacetest.dk/pages/439-deltagerliste-jylland-17-18-19-januar-2014?layout=edit" "Mozilla/5.0 (iPad; CPU OS 7_0_4 like Mac OS X) AppleWebKit/537.51.1 (KHTML, like Gecko) Version/7.0 Mobile/11B554a Safari/9537.53"
178.21.88.155 - - [08/Jan/2014:04:07:00 -0500] "GET /media/lib_anahita/js/editor/encoder.js HTTP/1.1" 200 10452 "http://www.pacetest.dk/pages/439-deltagerliste-jylland-17-18-19-januar-2014?layout=edit" "Mozilla/5.0 (iPad; CPU OS 7_0_4 like Mac OS X) AppleWebKit/537.51.1 (KHTML, like Gecko) Version/7.0 Mobile/11B554a Safari/9537.53"
94.145.68.182 - - [08/Jan/2014:04:07:02 -0500] "GET /notifications?get=count HTTP/1.1" 200 24 "http://www.pacetest.dk/" "Mozilla/5.0 (X11; Ubuntu; Linux x86_64; rv:25.0) Gecko/20100101 Firefox/25.0"
178.21.88.155 - - [08/Jan/2014:04:07:31 -0500] "GET /notifications?get=count HTTP/1.1" 200 24 "http://www.pacetest.dk/pages/439-deltagerliste-jylland-17-18-19-januar-2014?layout=edit" "Mozilla/5.0 (iPad; CPU OS 7_0_4 like Mac OS X) AppleWebKit/537.51.1 (KHTML, like Gecko) Version/7.0 Mobile/11B554a Safari/9537.53"
94.145.68.182 - - [08/Jan/2014:04:07:32 -0500] "GET /notifications?get=count HTTP/1.1" 200 24 "http://www.pacetest.dk/" "Mozilla/5.0 (X11; Ubuntu; Linux x86_64; rv:25.0) Gecko/20100101 Firefox/25.0"
178.21.88.155 - - [08/Jan/2014:04:07:46 -0500] "POST /pages/@197/439-deltagerliste-jylland-17-18-19-januar-2014 HTTP/1.1" 303 - "http://www.pacetest.dk/pages/439-deltagerliste-jylland-17-18-19-januar-2014?layout=edit" "Mozilla/5.0 (iPad; CPU OS 7_0_4 like Mac OS X) AppleWebKit/537.51.1 (KHTML, like Gecko) Version/7.0 Mobile/11B554a Safari/9537.53"
178.21.88.155 - - [08/Jan/2014:04:07:48 -0500] "GET /pages/439-deltagerliste-jylland-17-18-19-januar-2014?layout=edit HTTP/1.1" 200 12301 "http://www.pacetest.dk/pages/439-deltagerliste-jylland-17-18-19-januar-2014?layout=edit" "Mozilla/5.0 (iPad; CPU OS 7_0_4 like Mac OS X) AppleWebKit/537.51.1 (KHTML, like Gecko) Version/7.0 Mobile/11B554a Safari/9537.53"
94.145.68.182 - - [08/Jan/2014:04:08:02 -0500] "GET /notifications?get=count HTTP/1.1" 200 24 "http://www.pacetest.dk/" "Mozilla/5.0 (X11; Ubuntu; Linux x86_64; rv:25.0) Gecko/20100101 Firefox/25.0"
178.21.88.155 - - [08/Jan/2014:04:07:58 -0500] "GET /groups/197-ga-nextlevel-jylland HTTP/1.1" 200 34051 "http://www.pacetest.dk/pages/439-deltagerliste-jylland-17-18-19-januar-2014?layout=edit" "Mozilla/5.0 (iPad; CPU OS 7_0_4 like Mac OS X) AppleWebKit/537.51.1 (KHTML, like Gecko) Version/7.0 Mobile/11B554a Safari/9537.53"
- - - [08/Jan/2014:04:08:05 -0500] "OPTIONS * HTTP/1.0" 200 - "-" "Apache/2.2.22 (Red Hat Enterprise Web Server) (internal dummy connection)"
178.21.88.155 - - [08/Jan/2014:04:08:06 -0500] "GET /groups/197/graph/followers?layout=gadget&hq6d6zwq HTTP/1.1" 200 2965 "http://www.pacetest.dk/groups/197-ga-nextlevel-jylland" "Mozilla/5.0 (iPad; CPU OS 7_0_4 like Mac OS X) AppleWebKit/537.51.1 (KHTML, like Gecko) Version/7.0 Mobile/11B554a Safari/9537.53"
178.21.88.155 - - [08/Jan/2014:04:08:12 -0500] "GET /pages/439-deltagerliste-jylland-17-18-19-januar-2014 HTTP/1.1" 200 17765 "http://www.pacetest.dk/groups/197-ga-nextlevel-jylland" "Mozilla/5.0 (iPad; CPU OS 7_0_4 like Mac OS X) AppleWebKit/537.51.1 (KHTML, like Gecko) Version/7.0 Mobile/11B554a Safari/9537.53"
94.145.68.182 - - [08/Jan/2014:04:08:32 -0500] "GET /notifications?get=count HTTP/1.1" 200 24 "http://www.pacetest.dk/" "Mozilla/5.0 (X11; Ubuntu; Linux x86_64; rv:25.0) Gecko/20100101 Firefox/25.0"
178.21.88.155 - - [08/Jan/2014:04:08:34 -0500] "GET /menu/people HTTP/1.1" 200 31710 "http://www.pacetest.dk/pages/439-deltagerliste-jylland-17-18-19-januar-2014" "Mozilla/5.0 (iPad; CPU OS 7_0_4 like Mac OS X) AppleWebKit/537.51.1 (KHTML, like Gecko) Version/7.0 Mobile/11B554a Safari/9537.53"
178.21.88.155 - - [08/Jan/2014:04:08:37 -0500] "GET /media/lib_anahita/images/avatar/square_default.gif HTTP/1.1" 200 17821 "http://www.pacetest.dk/menu/people" "Mozilla/5.0 (iPad; CPU OS 7_0_4 like Mac OS X) AppleWebKit/537.51.1 (KHTML, like Gecko) Version/7.0 Mobile/11B554a Safari/9537.53"
178.21.88.155 - - [08/Jan/2014:04:08:51 -0500] "GET /people/BentRS HTTP/1.1" 200 40390 "http://www.pacetest.dk/menu/people" "Mozilla/5.0 (iPad; CPU OS 7_0_4 like Mac OS X) AppleWebKit/537.51.1 (KHTML, like Gecko) Version/7.0 Mobile/11B554a Safari/9537.53"
178.21.88.155 - - [08/Jan/2014:04:08:59 -0500] "GET /people/BentRS/graph/followers?layout=gadget&hq6d84li HTTP/1.1" 200 7358 "http://www.pacetest.dk/people/BentRS" "Mozilla/5.0 (iPad; CPU OS 7_0_4 like Mac OS X) AppleWebKit/537.51.1 (KHTML, like Gecko) Version/7.0 Mobile/11B554a Safari/9537.53"
94.145.68.182 - - [08/Jan/2014:04:09:02 -0500] "GET /notifications?get=count HTTP/1.1" 200 24 "http://www.pacetest.dk/" "Mozilla/5.0 (X11; Ubuntu; Linux x86_64; rv:25.0) Gecko/20100101 Firefox/25.0"
178.21.88.155 - - [08/Jan/2014:04:09:09 -0500] "GET /notes/@1/note?layout=composer&hq6d84ll HTTP/1.1" 200 932 "http://www.pacetest.dk/people/BentRS" "Mozilla/5.0 (iPad; CPU OS 7_0_4 like Mac OS X) AppleWebKit/537.51.1 (KHTML, like Gecko) Version/7.0 Mobile/11B554a Safari/9537.53"
178.21.88.155 - - [08/Jan/2014:04:09:29 -0500] "GET /notifications?get=count HTTP/1.1" 200 24 "http://www.pacetest.dk/people/BentRS" "Mozilla/5.0 (iPad; CPU OS 7_0_4 like Mac OS X) AppleWebKit/537.51.1 (KHTML, like Gecko) Version/7.0 Mobile/11B554a Safari/9537.53"
94.145.68.182 - - [08/Jan/2014:04:09:32 -0500] "GET /notifications?get=count HTTP/1.1" 200 24 "http://www.pacetest.dk/" "Mozilla/5.0 (X11; Ubuntu; Linux x86_64; rv:25.0) Gecko/20100101 Firefox/25.0"
178.21.88.155 - - [08/Jan/2014:04:09:59 -0500] "GET /notifications?get=count HTTP/1.1" 200 24 "http://www.pacetest.dk/people/BentRS" "Mozilla/5.0 (iPad; CPU OS 7_0_4 like Mac OS X) AppleWebKit/537.51.1 (KHTML, like Gecko) Version/7.0 Mobile/11B554a Safari/9537.53"
94.145.68.182 - - [08/Jan/2014:04:10:02 -0500] "GET /notifications?get=count HTTP/1.1" 200 24 "http://www.pacetest.dk/" "Mozilla/5.0 (X11; Ubuntu; Linux x86_64; rv:25.0) Gecko/20100101 Firefox/25.0"
10.110.62.41 - - [08/Jan/2014:04:10:18 -0500] "GET / HTTP/1.1" 200 7852 "-" "Ruby"
10.110.62.41 - - [08/Jan/2014:04:10:20 -0500] "GET / HTTP/1.1" 200 7855 "-" "Ruby"
178.21.88.155 - - [08/Jan/2014:04:10:29 -0500] "GET /notifications?get=count HTTP/1.1" 200 24 "http://www.pacetest.dk/people/BentRS" "Mozilla/5.0 (iPad; CPU OS 7_0_4 like Mac OS X) AppleWebKit/537.51.1 (KHTML, like Gecko) Version/7.0 Mobile/11B554a Safari/9537.53"
94.145.68.182 - - [08/Jan/2014:04:10:32 -0500] "GET /notifications?get=count HTTP/1.1" 200 24 "http://www.pacetest.dk/" "Mozilla/5.0 (X11; Ubuntu; Linux x86_64; rv:25.0) Gecko/20100101 Firefox/25.0"
178.21.88.155 - - [08/Jan/2014:04:10:59 -0500] "GET /notifications?get=count HTTP/1.1" 200 24 "http://www.pacetest.dk/people/BentRS" "Mozilla/5.0 (iPad; CPU OS 7_0_4 like Mac OS X) AppleWebKit/537.51.1 (KHTML, like Gecko) Version/7.0 Mobile/11B554a Safari/9537.53"
94.145.68.182 - - [08/Jan/2014:04:11:02 -0500] "GET /notifications?get=count HTTP/1.1" 200 24 "http://www.pacetest.dk/" "Mozilla/5.0 (X11; Ubuntu; Linux x86_64; rv:25.0) Gecko/20100101 Firefox/25.0"
178.21.88.155 - - [08/Jan/2014:04:11:29 -0500] "GET /notifications?get=count HTTP/1.1" 200 24 "http://www.pacetest.dk/people/BentRS" "Mozilla/5.0 (iPad; CPU OS 7_0_4 like Mac OS X) AppleWebKit/537.51.1 (KHTML, like Gecko) Version/7.0 Mobile/11B554a Safari/9537.53"
94.145.68.182 - - [08/Jan/2014:04:11:32 -0500] "GET /notifications?get=count HTTP/1.1" 200 24 "http://www.pacetest.dk/" "Mozilla/5.0 (X11; Ubuntu; Linux x86_64; rv:25.0) Gecko/20100101 Firefox/25.0"
178.21.88.155 - - [08/Jan/2014:04:11:59 -0500] "GET /notifications?get=count HTTP/1.1" 200 24 "http://www.pacetest.dk/people/BentRS" "Mozilla/5.0 (iPad; CPU OS 7_0_4 like Mac OS X) AppleWebKit/537.51.1 (KHTML, like Gecko) Version/7.0 Mobile/11B554a Safari/9537.53"
94.145.68.182 - - [08/Jan/2014:04:12:02 -0500] "GET /notifications?get=count HTTP/1.1" 200 24 "http://www.pacetest.dk/" "Mozilla/5.0 (X11; Ubuntu; Linux x86_64; rv:25.0) Gecko/20100101 Firefox/25.0"
178.21.88.155 - - [08/Jan/2014:04:12:29 -0500] "GET /notifications?get=count HTTP/1.1" 200 24 "http://www.pacetest.dk/people/BentRS" "Mozilla/5.0 (iPad; CPU OS 7_0_4 like Mac OS X) AppleWebKit/537.51.1 (KHTML, like Gecko) Version/7.0 Mobile/11B554a Safari/9537.53"
94.145.68.182 - - [08/Jan/2014:04:12:32 -0500] "GET /notifications?get=count HTTP/1.1" 200 24 "http://www.pacetest.dk/" "Mozilla/5.0 (X11; Ubuntu; Linux x86_64; rv:25.0) Gecko/20100101 Firefox/25.0"
178.21.88.155 - - [08/Jan/2014:04:12:59 -0500] "GET /notifications?get=count HTTP/1.1" 200 24 "http://www.pacetest.dk/people/BentRS" "Mozilla/5.0 (iPad; CPU OS 7_0_4 like Mac OS X) AppleWebKit/537.51.1 (KHTML, like Gecko) Version/7.0 Mobile/11B554a Safari/9537.53"
94.145.68.182 - - [08/Jan/2014:04:13:02 -0500] "GET /notifications?get=count HTTP/1.1" 200 24 "http://www.pacetest.dk/" "Mozilla/5.0 (X11; Ubuntu; Linux x86_64; rv:25.0) Gecko/20100101 Firefox/25.0"
178.21.88.155 - - [08/Jan/2014:04:13:29 -0500] "GET /notifications?get=count HTTP/1.1" 200 24 "http://www.pacetest.dk/people/BentRS" "Mozilla/5.0 (iPad; CPU OS 7_0_4 like Mac OS X) AppleWebKit/537.51.1 (KHTML, like Gecko) Version/7.0 Mobile/11B554a Safari/9537.53"
94.145.68.182 - - [08/Jan/2014:04:13:32 -0500] "GET /notifications?get=count HTTP/1.1" 200 24 "http://www.pacetest.dk/" "Mozilla/5.0 (X11; Ubuntu; Linux x86_64; rv:25.0) Gecko/20100101 Firefox/25.0"
178.21.88.155 - - [08/Jan/2014:04:13:59 -0500] "GET /notifications?get=count HTTP/1.1" 200 24 "http://www.pacetest.dk/people/BentRS" "Mozilla/5.0 (iPad; CPU OS 7_0_4 like Mac OS X) AppleWebKit/537.51.1 (KHTML, like Gecko) Version/7.0 Mobile/11B554a Safari/9537.53"
94.145.68.182 - - [08/Jan/2014:04:14:02 -0500] "GET /notifications?get=count HTTP/1.1" 200 24 "http://www.pacetest.dk/" "Mozilla/5.0 (X11; Ubuntu; Linux x86_64; rv:25.0) Gecko/20100101 Firefox/25.0"
178.21.88.155 - - [08/Jan/2014:04:14:29 -0500] "GET /notifications?get=count HTTP/1.1" 200 24 "http://www.pacetest.dk/people/BentRS" "Mozilla/5.0 (iPad; CPU OS 7_0_4 like Mac OS X) AppleWebKit/537.51.1 (KHTML, like Gecko) Version/7.0 Mobile/11B554a Safari/9537.53"
94.145.68.182 - - [08/Jan/2014:04:14:32 -0500] "GET /notifications?get=count HTTP/1.1" 200 24 "http://www.pacetest.dk/" "Mozilla/5.0 (X11; Ubuntu; Linux x86_64; rv:25.0) Gecko/20100101 Firefox/25.0"
178.21.88.155 - - [08/Jan/2014:04:14:59 -0500] "GET /notifications?get=count HTTP/1.1" 200 24 "http://www.pacetest.dk/people/BentRS" "Mozilla/5.0 (iPad; CPU OS 7_0_4 like Mac OS X) AppleWebKit/537.51.1 (KHTML, like Gecko) Version/7.0 Mobile/11B554a Safari/9537.53"
94.145.68.182 - - [08/Jan/2014:04:15:02 -0500] "GET /notifications?get=count HTTP/1.1" 200 24 "http://www.pacetest.dk/" "Mozilla/5.0 (X11; Ubuntu; Linux x86_64; rv:25.0) Gecko/20100101 Firefox/25.0"
178.21.88.155 - - [08/Jan/2014:04:15:15 -0500] "POST /notes/@1/note?layout=composer&hq6d84lo HTTP/1.1" 201 3649 "http://www.pacetest.dk/people/BentRS" "Mozilla/5.0 (iPad; CPU OS 7_0_4 like Mac OS X) AppleWebKit/537.51.1 (KHTML, like Gecko) Version/7.0 Mobile/11B554a Safari/9537.53"
178.21.88.155 - - [08/Jan/2014:04:15:30 -0500] "GET /notifications?get=count HTTP/1.1" 200 24 "http://www.pacetest.dk/people/BentRS" "Mozilla/5.0 (iPad; CPU OS 7_0_4 like Mac OS X) AppleWebKit/537.51.1 (KHTML, like Gecko) Version/7.0 Mobile/11B554a Safari/9537.53"
94.145.68.182 - - [08/Jan/2014:04:15:32 -0500] "GET /notifications?get=count HTTP/1.1" 200 24 "http://www.pacetest.dk/" "Mozilla/5.0 (X11; Ubuntu; Linux x86_64; rv:25.0) Gecko/20100101 Firefox/25.0"
178.21.88.155 - - [08/Jan/2014:04:15:43 -0500] "POST /people/session?action=delete&return=aHR0cDovL3d3dy5wYWNldGVzdC5kay8%3D HTTP/1.1" 303 - "http://www.pacetest.dk/people/BentRS" "Mozilla/5.0 (iPad; CPU OS 7_0_4 like Mac OS X) AppleWebKit/537.51.1 (KHTML, like Gecko) Version/7.0 Mobile/11B554a Safari/9537.53"
178.21.88.155 - - [08/Jan/2014:04:15:44 -0500] "GET /index.php HTTP/1.1" 200 7772 "http://www.pacetest.dk/people/BentRS" "Mozilla/5.0 (iPad; CPU OS 7_0_4 like Mac OS X) AppleWebKit/537.51.1 (KHTML, like Gecko) Version/7.0 Mobile/11B554a Safari/9537.53"
94.145.68.182 - - [08/Jan/2014:04:16:02 -0500] "GET /notifications?get=count HTTP/1.1" 200 24 "http://www.pacetest.dk/" "Mozilla/5.0 (X11; Ubuntu; Linux x86_64; rv:25.0) Gecko/20100101 Firefox/25.0"
94.145.68.182 - - [08/Jan/2014:04:16:05 -0500] "GET /notifications?layout=popover&hq6cwkbr HTTP/1.1" 200 20245 "http://www.pacetest.dk/" "Mozilla/5.0 (X11; Ubuntu; Linux x86_64; rv:25.0) Gecko/20100101 Firefox/25.0"
94.145.68.182 - - [08/Jan/2014:04:16:11 -0500] "GET /notes/617 HTTP/1.1" 200 12578 "http://www.pacetest.dk/" "Mozilla/5.0 (X11; Ubuntu; Linux x86_64; rv:25.0) Gecko/20100101 Firefox/25.0"
94.145.68.182 - - [08/Jan/2014:04:16:13 -0500] "GET /notes/617 HTTP/1.1" 200 12578 "http://www.pacetest.dk/" "Mozilla/5.0 (X11; Ubuntu; Linux x86_64; rv:25.0) Gecko/20100101 Firefox/25.0"
