94.145.68.182 - - [27/Jan/2014:07:43:55 -0500] "GET /administrator/ HTTP/1.1" 200 3262 "-" "Mozilla/5.0 (Windows NT 6.2; WOW64; rv:26.0) Gecko/20100101 Firefox/26.0"
94.145.68.182 - - [27/Jan/2014:07:43:55 -0500] "GET /administrator/templates/rt_missioncontrol_j15/css/core.css HTTP/1.1" 200 25286 "http://www.pacetest.dk/administrator/" "Mozilla/5.0 (Windows NT 6.2; WOW64; rv:26.0) Gecko/20100101 Firefox/26.0"
94.145.68.182 - - [27/Jan/2014:07:43:56 -0500] "GET /administrator/templates/rt_missioncontrol_j15/css/colors.css.php HTTP/1.1" 200 4078 "http://www.pacetest.dk/administrator/" "Mozilla/5.0 (Windows NT 6.2; WOW64; rv:26.0) Gecko/20100101 Firefox/26.0"
94.145.68.182 - - [27/Jan/2014:07:43:56 -0500] "GET /administrator/templates/rt_missioncontrol_j15/css/core-gecko.css HTTP/1.1" 200 3629 "http://www.pacetest.dk/administrator/" "Mozilla/5.0 (Windows NT 6.2; WOW64; rv:26.0) Gecko/20100101 Firefox/26.0"
94.145.68.182 - - [27/Jan/2014:07:43:56 -0500] "GET /administrator/includes/joomla.javascript.js HTTP/1.1" 200 15501 "http://www.pacetest.dk/administrator/" "Mozilla/5.0 (Windows NT 6.2; WOW64; rv:26.0) Gecko/20100101 Firefox/26.0"
94.145.68.182 - - [27/Jan/2014:07:43:56 -0500] "GET /media/lib_anahita/js/production/mootools.js HTTP/1.1" 200 255586 "http://www.pacetest.dk/administrator/" "Mozilla/5.0 (Windows NT 6.2; WOW64; rv:26.0) Gecko/20100101 Firefox/26.0"
94.145.68.182 - - [27/Jan/2014:07:43:56 -0500] "GET /administrator/templates/rt_missioncontrol_j15/js/MC-mt1.2.js HTTP/1.1" 200 3876 "http://www.pacetest.dk/administrator/" "Mozilla/5.0 (Windows NT 6.2; WOW64; rv:26.0) Gecko/20100101 Firefox/26.0"
94.145.68.182 - - [27/Jan/2014:07:43:56 -0500] "GET /administrator/templates/rt_missioncontrol_j15/js/MC.Notice-mt1.2.js HTTP/1.1" 200 975 "http://www.pacetest.dk/administrator/" "Mozilla/5.0 (Windows NT 6.2; WOW64; rv:26.0) Gecko/20100101 Firefox/26.0"
94.145.68.182 - - [27/Jan/2014:07:43:56 -0500] "GET /administrator/templates/rt_missioncontrol_j15/images/logo.png?1390826635 HTTP/1.1" 200 7018 "http://www.pacetest.dk/administrator/" "Mozilla/5.0 (Windows NT 6.2; WOW64; rv:26.0) Gecko/20100101 Firefox/26.0"
94.145.68.182 - - [27/Jan/2014:07:43:57 -0500] "GET /administrator/templates/rt_missioncontrol_j15/images/input-bg.png HTTP/1.1" 200 355 "http://www.pacetest.dk/administrator/templates/rt_missioncontrol_j15/css/core.css" "Mozilla/5.0 (Windows NT 6.2; WOW64; rv:26.0) Gecko/20100101 Firefox/26.0"
94.145.68.182 - - [27/Jan/2014:07:43:57 -0500] "GET /administrator/templates/rt_missioncontrol_j15/images/mc-footer-logo.png HTTP/1.1" 200 1338 "http://www.pacetest.dk/administrator/templates/rt_missioncontrol_j15/css/core.css" "Mozilla/5.0 (Windows NT 6.2; WOW64; rv:26.0) Gecko/20100101 Firefox/26.0"
94.145.68.182 - - [27/Jan/2014:07:43:57 -0500] "GET /administrator/templates/rt_missioncontrol_j15/css/TitilliumText22L-1wt.ttf HTTP/1.1" 200 50800 "http://www.pacetest.dk/administrator/templates/rt_missioncontrol_j15/css/core.css" "Mozilla/5.0 (Windows NT 6.2; WOW64; rv:26.0) Gecko/20100101 Firefox/26.0"
94.145.68.182 - - [27/Jan/2014:07:43:56 -0500] "GET /notifications?get=count HTTP/1.1" 200 24 "http://www.pacetest.dk/index.php" "Mozilla/5.0 (Windows NT 6.2; WOW64; rv:26.0) Gecko/20100101 Firefox/26.0"
94.145.68.182 - - [27/Jan/2014:07:43:57 -0500] "GET /favicon.ico HTTP/1.1" 404 313 "-" "Mozilla/5.0 (Windows NT 6.2; WOW64; rv:26.0) Gecko/20100101 Firefox/26.0"
80.213.131.29 - - [27/Jan/2014:07:44:03 -0500] "GET /people/session?layout=modal&return=aHR0cDovL3d3dy5wYWNldGVzdC5kay9wZW9wbGUvc2Vzc2lvbg%3D%3D&hqxq9k0p HTTP/1.1" 200 1455 "http://www.pacetest.dk/people/session" "Mozilla/5.0 (Macintosh; Intel Mac OS X 10_7_5) AppleWebKit/537.36 (KHTML, like Gecko) Chrome/32.0.1700.77 Safari/537.36"
94.145.68.182 - - [27/Jan/2014:07:44:16 -0500] "POST /administrator/index.php HTTP/1.1" 303 - "http://www.pacetest.dk/administrator/" "Mozilla/5.0 (Windows NT 6.2; WOW64; rv:26.0) Gecko/20100101 Firefox/26.0"
94.145.68.182 - - [27/Jan/2014:07:44:16 -0500] "GET /administrator/index.php HTTP/1.1" 200 8070 "http://www.pacetest.dk/administrator/" "Mozilla/5.0 (Windows NT 6.2; WOW64; rv:26.0) Gecko/20100101 Firefox/26.0"
94.145.68.182 - - [27/Jan/2014:07:44:17 -0500] "GET /administrator/templates/rt_missioncontrol_j15/css/menu.css HTTP/1.1" 200 4970 "http://www.pacetest.dk/administrator/index.php" "Mozilla/5.0 (Windows NT 6.2; WOW64; rv:26.0) Gecko/20100101 Firefox/26.0"
94.145.68.182 - - [27/Jan/2014:07:44:17 -0500] "GET /administrator/templates/rt_missioncontrol_j15/css/colors.css.php HTTP/1.1" 200 4078 "http://www.pacetest.dk/administrator/index.php" "Mozilla/5.0 (Windows NT 6.2; WOW64; rv:26.0) Gecko/20100101 Firefox/26.0"
94.145.68.182 - - [27/Jan/2014:07:44:17 -0500] "GET /media/lib_koowa/js/koowa.js HTTP/1.1" 200 23119 "http://www.pacetest.dk/administrator/index.php" "Mozilla/5.0 (Windows NT 6.2; WOW64; rv:26.0) Gecko/20100101 Firefox/26.0"
94.145.68.182 - - [27/Jan/2014:07:44:17 -0500] "GET /media/lib_anahita/js/anahita.js HTTP/1.1" 200 13182 "http://www.pacetest.dk/administrator/index.php" "Mozilla/5.0 (Windows NT 6.2; WOW64; rv:26.0) Gecko/20100101 Firefox/26.0"
94.145.68.182 - - [27/Jan/2014:07:44:17 -0500] "GET /administrator/templates/rt_missioncontrol_j15/images/favicon.ico HTTP/1.1" 200 1150 "-" "Mozilla/5.0 (Windows NT 6.2; WOW64; rv:26.0) Gecko/20100101 Firefox/26.0"
94.145.68.182 - - [27/Jan/2014:07:44:17 -0500] "GET /media/lib_anahita/js/admin.js HTTP/1.1" 200 616 "http://www.pacetest.dk/administrator/index.php" "Mozilla/5.0 (Windows NT 6.2; WOW64; rv:26.0) Gecko/20100101 Firefox/26.0"
94.145.68.182 - - [27/Jan/2014:07:44:17 -0500] "GET /administrator/templates/rt_missioncontrol_j15/images/logo.png?1390826657 HTTP/1.1" 200 7018 "http://www.pacetest.dk/administrator/index.php" "Mozilla/5.0 (Windows NT 6.2; WOW64; rv:26.0) Gecko/20100101 Firefox/26.0"
94.145.68.182 - - [27/Jan/2014:07:44:18 -0500] "GET /administrator/templates/rt_missioncontrol_j15/images/down-arrow.png HTTP/1.1" 200 258 "http://www.pacetest.dk/administrator/templates/rt_missioncontrol_j15/css/menu.css" "Mozilla/5.0 (Windows NT 6.2; WOW64; rv:26.0) Gecko/20100101 Firefox/26.0"
94.145.68.182 - - [27/Jan/2014:07:44:18 -0500] "GET /administrator/templates/rt_missioncontrol_j15/images/right-arrow.png HTTP/1.1" 200 244 "http://www.pacetest.dk/administrator/templates/rt_missioncontrol_j15/css/menu.css" "Mozilla/5.0 (Windows NT 6.2; WOW64; rv:26.0) Gecko/20100101 Firefox/26.0"
94.145.68.182 - - [27/Jan/2014:07:44:18 -0500] "GET /administrator/templates/rt_missioncontrol_j15/images/bullet-star.png HTTP/1.1" 200 570 "http://www.pacetest.dk/administrator/templates/rt_missioncontrol_j15/css/menu.css" "Mozilla/5.0 (Windows NT 6.2; WOW64; rv:26.0) Gecko/20100101 Firefox/26.0"
94.145.68.182 - - [27/Jan/2014:07:44:26 -0500] "GET /notifications?get=count HTTP/1.1" 200 24 "http://www.pacetest.dk/index.php" "Mozilla/5.0 (Windows NT 6.2; WOW64; rv:26.0) Gecko/20100101 Firefox/26.0"
94.145.68.182 - - [27/Jan/2014:07:44:26 -0500] "GET /administrator/index.php/users?task=view HTTP/1.1" 200 27375 "http://www.pacetest.dk/administrator/index.php" "Mozilla/5.0 (Windows NT 6.2; WOW64; rv:26.0) Gecko/20100101 Firefox/26.0"
- - - [27/Jan/2014:07:44:28 -0500] "OPTIONS * HTTP/1.0" 200 - "-" "Apache/2.2.22 (Red Hat Enterprise Web Server) (internal dummy connection)"
94.145.68.182 - - [27/Jan/2014:07:44:28 -0500] "GET /administrator/templates/rt_missioncontrol_j15/css/colors.css.php HTTP/1.1" 200 4078 "http://www.pacetest.dk/administrator/index.php/users?task=view" "Mozilla/5.0 (Windows NT 6.2; WOW64; rv:26.0) Gecko/20100101 Firefox/26.0"
94.145.68.182 - - [27/Jan/2014:07:44:29 -0500] "GET /administrator/templates/rt_missioncontrol_j15/images/logo.png?1390826668 HTTP/1.1" 200 7018 "http://www.pacetest.dk/administrator/index.php/users?task=view" "Mozilla/5.0 (Windows NT 6.2; WOW64; rv:26.0) Gecko/20100101 Firefox/26.0"
94.145.68.182 - - [27/Jan/2014:07:44:29 -0500] "GET /administrator/images/sort_asc.png HTTP/1.1" 200 238 "http://www.pacetest.dk/administrator/index.php/users?task=view" "Mozilla/5.0 (Windows NT 6.2; WOW64; rv:26.0) Gecko/20100101 Firefox/26.0"
94.145.68.182 - - [27/Jan/2014:07:44:29 -0500] "GET /administrator/index.php/images/tick.png HTTP/1.1" 404 589 "http://www.pacetest.dk/administrator/index.php/users?task=view" "Mozilla/5.0 (Windows NT 6.2; WOW64; rv:26.0) Gecko/20100101 Firefox/26.0"
94.145.68.182 - - [27/Jan/2014:07:44:29 -0500] "GET /administrator/index.php/images/publish_x.png HTTP/1.1" 404 589 "http://www.pacetest.dk/administrator/index.php/users?task=view" "Mozilla/5.0 (Windows NT 6.2; WOW64; rv:26.0) Gecko/20100101 Firefox/26.0"
94.145.68.182 - - [27/Jan/2014:07:44:29 -0500] "GET /administrator/templates/rt_missioncontrol_j15/images/icon-published.png HTTP/1.1" 200 761 "http://www.pacetest.dk/administrator/templates/rt_missioncontrol_j15/css/core.css" "Mozilla/5.0 (Windows NT 6.2; WOW64; rv:26.0) Gecko/20100101 Firefox/26.0"
94.145.68.182 - - [27/Jan/2014:07:44:29 -0500] "GET /administrator/templates/rt_missioncontrol_j15/images/order-up.png HTTP/1.1" 200 234 "http://www.pacetest.dk/administrator/templates/rt_missioncontrol_j15/css/core.css" "Mozilla/5.0 (Windows NT 6.2; WOW64; rv:26.0) Gecko/20100101 Firefox/26.0"
94.145.68.182 - - [27/Jan/2014:07:44:29 -0500] "GET /administrator/templates/rt_missioncontrol_j15/images/icon-unpublished.png HTTP/1.1" 200 899 "http://www.pacetest.dk/administrator/templates/rt_missioncontrol_j15/css/core.css" "Mozilla/5.0 (Windows NT 6.2; WOW64; rv:26.0) Gecko/20100101 Firefox/26.0"
94.145.68.182 - - [27/Jan/2014:07:44:34 -0500] "POST /administrator/index.php/index.php?option=com_users HTTP/1.1" 303 - "http://www.pacetest.dk/administrator/index.php/users?task=view" "Mozilla/5.0 (Windows NT 6.2; WOW64; rv:26.0) Gecko/20100101 Firefox/26.0"
94.145.68.182 - - [27/Jan/2014:07:44:36 -0500] "GET /administrator/index.php?option=com_users HTTP/1.1" 200 27364 "http://www.pacetest.dk/administrator/index.php/users?task=view" "Mozilla/5.0 (Windows NT 6.2; WOW64; rv:26.0) Gecko/20100101 Firefox/26.0"
94.145.68.182 - - [27/Jan/2014:07:44:37 -0500] "GET /administrator/templates/rt_missioncontrol_j15/css/colors.css.php HTTP/1.1" 200 4078 "http://www.pacetest.dk/administrator/index.php?option=com_users" "Mozilla/5.0 (Windows NT 6.2; WOW64; rv:26.0) Gecko/20100101 Firefox/26.0"
94.145.68.182 - - [27/Jan/2014:07:44:37 -0500] "GET /administrator/templates/rt_missioncontrol_j15/images/logo.png?1390826676 HTTP/1.1" 200 7018 "http://www.pacetest.dk/administrator/index.php?option=com_users" "Mozilla/5.0 (Windows NT 6.2; WOW64; rv:26.0) Gecko/20100101 Firefox/26.0"
94.145.68.182 - - [27/Jan/2014:07:44:37 -0500] "GET /administrator/images/tick.png HTTP/1.1" 200 511 "http://www.pacetest.dk/administrator/index.php?option=com_users" "Mozilla/5.0 (Windows NT 6.2; WOW64; rv:26.0) Gecko/20100101 Firefox/26.0"
94.145.68.182 - - [27/Jan/2014:07:44:56 -0500] "GET /notifications?get=count HTTP/1.1" 200 24 "http://www.pacetest.dk/index.php" "Mozilla/5.0 (Windows NT 6.2; WOW64; rv:26.0) Gecko/20100101 Firefox/26.0"
80.213.131.29 - - [27/Jan/2014:07:45:04 -0500] "POST /people/session?layout=modal HTTP/1.1" 303 - "http://www.pacetest.dk/people/session" "Mozilla/5.0 (Macintosh; Intel Mac OS X 10_7_5) AppleWebKit/537.36 (KHTML, like Gecko) Chrome/32.0.1700.77 Safari/537.36"
80.213.131.29 - - [27/Jan/2014:07:45:06 -0500] "GET /people/session HTTP/1.1" 200 118 "http://www.pacetest.dk/people/session" "Mozilla/5.0 (Macintosh; Intel Mac OS X 10_7_5) AppleWebKit/537.36 (KHTML, like Gecko) Chrome/32.0.1700.77 Safari/537.36"
80.213.131.29 - - [27/Jan/2014:07:45:07 -0500] "GET /people/StallSP HTTP/1.1" 200 11929 "http://www.pacetest.dk/people/session" "Mozilla/5.0 (Macintosh; Intel Mac OS X 10_7_5) AppleWebKit/537.36 (KHTML, like Gecko) Chrome/32.0.1700.77 Safari/537.36"
80.213.131.29 - - [27/Jan/2014:07:45:10 -0500] "GET /media/lib_anahita/images/avatar/square_default.gif HTTP/1.1" 200 17821 "http://www.pacetest.dk/people/StallSP" "Mozilla/5.0 (Macintosh; Intel Mac OS X 10_7_5) AppleWebKit/537.36 (KHTML, like Gecko) Chrome/32.0.1700.77 Safari/537.36"
80.213.131.29 - - [27/Jan/2014:07:45:10 -0500] "GET /media/lib_anahita/images/avatar/medium_default.gif HTTP/1.1" 200 191860 "http://www.pacetest.dk/people/StallSP" "Mozilla/5.0 (Macintosh; Intel Mac OS X 10_7_5) AppleWebKit/537.36 (KHTML, like Gecko) Chrome/32.0.1700.77 Safari/537.36"
80.213.131.29 - - [27/Jan/2014:07:45:11 -0500] "GET /media/com_stories/js/stories.js HTTP/1.1" 200 1707 "http://www.pacetest.dk/people/StallSP" "Mozilla/5.0 (Macintosh; Intel Mac OS X 10_7_5) AppleWebKit/537.36 (KHTML, like Gecko) Chrome/32.0.1700.77 Safari/537.36"
80.213.131.29 - - [27/Jan/2014:07:45:11 -0500] "GET /media/lib_anahita/js/vendors/mediabox.js HTTP/1.1" 200 45415 "http://www.pacetest.dk/people/StallSP" "Mozilla/5.0 (Macintosh; Intel Mac OS X 10_7_5) AppleWebKit/537.36 (KHTML, like Gecko) Chrome/32.0.1700.77 Safari/537.36"
80.213.131.29 - - [27/Jan/2014:07:45:11 -0500] "GET /media/com_composer/js/composer.js HTTP/1.1" 200 5682 "http://www.pacetest.dk/people/StallSP" "Mozilla/5.0 (Macintosh; Intel Mac OS X 10_7_5) AppleWebKit/537.36 (KHTML, like Gecko) Chrome/32.0.1700.77 Safari/537.36"
80.213.131.29 - - [27/Jan/2014:07:45:11 -0500] "GET /templates/base/css/images/glyphicons-halflings.png HTTP/1.1" 200 12799 "http://www.pacetest.dk/people/StallSP" "Mozilla/5.0 (Macintosh; Intel Mac OS X 10_7_5) AppleWebKit/537.36 (KHTML, like Gecko) Chrome/32.0.1700.77 Safari/537.36"
94.145.68.182 - - [27/Jan/2014:07:45:10 -0500] "POST /people/session?action=delete&return=aHR0cDovL3d3dy5wYWNldGVzdC5kay8%3D HTTP/1.1" 303 - "http://www.pacetest.dk/index.php" "Mozilla/5.0 (Windows NT 6.2; WOW64; rv:26.0) Gecko/20100101 Firefox/26.0"
80.213.131.29 - - [27/Jan/2014:07:45:11 -0500] "GET /people/StallSP/graph/followers?layout=gadget&hqxqba49 HTTP/1.1" 200 396 "http://www.pacetest.dk/people/StallSP" "Mozilla/5.0 (Macintosh; Intel Mac OS X 10_7_5) AppleWebKit/537.36 (KHTML, like Gecko) Chrome/32.0.1700.77 Safari/537.36"
94.145.68.182 - - [27/Jan/2014:07:45:12 -0500] "GET /index.php HTTP/1.1" 200 7772 "http://www.pacetest.dk/index.php" "Mozilla/5.0 (Windows NT 6.2; WOW64; rv:26.0) Gecko/20100101 Firefox/26.0"
- - - [27/Jan/2014:07:45:15 -0500] "OPTIONS * HTTP/1.0" 200 - "-" "Apache/2.2.22 (Red Hat Enterprise Web Server) (internal dummy connection)"
94.145.68.182 - - [27/Jan/2014:07:45:16 -0500] "GET /people/session?layout=modal&return=aHR0cDovL3d3dy5wYWNldGVzdC5kay9pbmRleC5waHA%3D&hqxqbxzq HTTP/1.1" 200 1437 "http://www.pacetest.dk/index.php" "Mozilla/5.0 (Windows NT 6.2; WOW64; rv:26.0) Gecko/20100101 Firefox/26.0"
80.213.131.29 - - [27/Jan/2014:07:45:27 -0500] "GET /people/StallSP/graph/followers HTTP/1.1" 200 10812 "http://www.pacetest.dk/people/StallSP" "Mozilla/5.0 (Macintosh; Intel Mac OS X 10_7_5) AppleWebKit/537.36 (KHTML, like Gecko) Chrome/32.0.1700.77 Safari/537.36"
80.213.131.29 - - [27/Jan/2014:07:45:52 -0500] "GET /people/StallSP/graph/leaders HTTP/1.1" 200 10808 "http://www.pacetest.dk/people/StallSP/graph/followers" "Mozilla/5.0 (Macintosh; Intel Mac OS X 10_7_5) AppleWebKit/537.36 (KHTML, like Gecko) Chrome/32.0.1700.77 Safari/537.36"
80.213.131.29 - - [27/Jan/2014:07:45:58 -0500] "GET /people/StallSP/graph/mutuals HTTP/1.1" 200 10808 "http://www.pacetest.dk/people/StallSP/graph/leaders" "Mozilla/5.0 (Macintosh; Intel Mac OS X 10_7_5) AppleWebKit/537.36 (KHTML, like Gecko) Chrome/32.0.1700.77 Safari/537.36"
94.145.68.182 - - [27/Jan/2014:07:46:01 -0500] "POST /people/session?layout=modal HTTP/1.1" 303 - "http://www.pacetest.dk/index.php" "Mozilla/5.0 (Windows NT 6.2; WOW64; rv:26.0) Gecko/20100101 Firefox/26.0"
80.213.131.29 - - [27/Jan/2014:07:46:01 -0500] "GET /people/StallSP/graph/blockeds HTTP/1.1" 200 10810 "http://www.pacetest.dk/people/StallSP/graph/mutuals" "Mozilla/5.0 (Macintosh; Intel Mac OS X 10_7_5) AppleWebKit/537.36 (KHTML, like Gecko) Chrome/32.0.1700.77 Safari/537.36"
94.145.68.182 - - [27/Jan/2014:07:46:07 -0500] "POST /people/session?layout=modal HTTP/1.1" 303 - "http://www.pacetest.dk/index.php" "Mozilla/5.0 (Windows NT 6.2; WOW64; rv:26.0) Gecko/20100101 Firefox/26.0"
80.213.131.29 - - [27/Jan/2014:07:46:07 -0500] "GET /people/StallSP HTTP/1.1" 200 11548 "http://www.pacetest.dk/people/StallSP/graph/blockeds" "Mozilla/5.0 (Macintosh; Intel Mac OS X 10_7_5) AppleWebKit/537.36 (KHTML, like Gecko) Chrome/32.0.1700.77 Safari/537.36"
94.145.68.182 - - [27/Jan/2014:07:46:03 -0500] "GET /index.php HTTP/1.1" 200 102432 "http://www.pacetest.dk/index.php" "Mozilla/5.0 (Windows NT 6.2; WOW64; rv:26.0) Gecko/20100101 Firefox/26.0"
80.213.131.29 - - [27/Jan/2014:07:46:17 -0500] "GET /people/StallSP/graph/followers?layout=gadget&hqxqcpaw HTTP/1.1" 200 396 "http://www.pacetest.dk/people/StallSP" "Mozilla/5.0 (Macintosh; Intel Mac OS X 10_7_5) AppleWebKit/537.36 (KHTML, like Gecko) Chrome/32.0.1700.77 Safari/537.36"
- - - [27/Jan/2014:07:46:21 -0500] "OPTIONS * HTTP/1.0" 200 - "-" "Apache/2.2.22 (Red Hat Enterprise Web Server) (internal dummy connection)"
94.145.68.182 - - [27/Jan/2014:07:46:11 -0500] "GET /index.php HTTP/1.1" 200 102432 "http://www.pacetest.dk/index.php" "Mozilla/5.0 (Windows NT 6.2; WOW64; rv:26.0) Gecko/20100101 Firefox/26.0"
80.213.131.29 - - [27/Jan/2014:07:46:23 -0500] "GET /people/642/settings HTTP/1.1" 200 11572 "http://www.pacetest.dk/people/StallSP" "Mozilla/5.0 (Macintosh; Intel Mac OS X 10_7_5) AppleWebKit/537.36 (KHTML, like Gecko) Chrome/32.0.1700.77 Safari/537.36"
- - - [27/Jan/2014:07:46:27 -0500] "OPTIONS * HTTP/1.0" 200 - "-" "Apache/2.2.22 (Red Hat Enterprise Web Server) (internal dummy connection)"
94.145.68.182 - - [27/Jan/2014:07:46:28 -0500] "GET /stories?layout=list&filter=leaders&start=40&limit=20 HTTP/1.1" 200 31908 "http://www.pacetest.dk/index.php" "Mozilla/5.0 (Windows NT 6.2; WOW64; rv:26.0) Gecko/20100101 Firefox/26.0"
94.145.68.182 - - [27/Jan/2014:07:46:28 -0500] "GET /stories?layout=list&filter=leaders&start=20&limit=20 HTTP/1.1" 200 62688 "http://www.pacetest.dk/index.php" "Mozilla/5.0 (Windows NT 6.2; WOW64; rv:26.0) Gecko/20100101 Firefox/26.0"
- - - [27/Jan/2014:07:46:44 -0500] "OPTIONS * HTTP/1.0" 200 - "-" "Apache/2.2.22 (Red Hat Enterprise Web Server) (internal dummy connection)"
80.213.131.29 - - [27/Jan/2014:07:46:35 -0500] "GET /people/642/settings?edit=account HTTP/1.1" 200 15173 "http://www.pacetest.dk/people/642/settings" "Mozilla/5.0 (Macintosh; Intel Mac OS X 10_7_5) AppleWebKit/537.36 (KHTML, like Gecko) Chrome/32.0.1700.77 Safari/537.36"
- - - [27/Jan/2014:07:46:44 -0500] "OPTIONS * HTTP/1.0" 200 - "-" "Apache/2.2.22 (Red Hat Enterprise Web Server) (internal dummy connection)"
94.145.68.182 - - [27/Jan/2014:07:46:31 -0500] "GET /people/BentRS HTTP/1.1" 200 64931 "http://www.pacetest.dk/index.php" "Mozilla/5.0 (Windows NT 6.2; WOW64; rv:26.0) Gecko/20100101 Firefox/26.0"
94.145.68.182 - - [27/Jan/2014:07:46:47 -0500] "GET /people/BentRS/graph/followers?layout=gadget&hqxqdx16 HTTP/1.1" 200 7581 "http://www.pacetest.dk/people/BentRS" "Mozilla/5.0 (Windows NT 6.2; WOW64; rv:26.0) Gecko/20100101 Firefox/26.0"
- - - [27/Jan/2014:07:46:49 -0500] "OPTIONS * HTTP/1.0" 200 - "-" "Apache/2.2.22 (Red Hat Enterprise Web Server) (internal dummy connection)"
80.213.131.29 - - [27/Jan/2014:07:46:49 -0500] "GET /people/642/settings?edit=avatar HTTP/1.1" 200 10874 "http://www.pacetest.dk/people/642/settings?edit=account" "Mozilla/5.0 (Macintosh; Intel Mac OS X 10_7_5) AppleWebKit/537.36 (KHTML, like Gecko) Chrome/32.0.1700.77 Safari/537.36"
94.145.68.182 - - [27/Jan/2014:07:46:55 -0500] "GET /people/1/settings HTTP/1.1" 200 11601 "http://www.pacetest.dk/people/BentRS" "Mozilla/5.0 (Windows NT 6.2; WOW64; rv:26.0) Gecko/20100101 Firefox/26.0"
94.145.68.182 - - [27/Jan/2014:07:47:07 -0500] "GET /people/1/settings?edit=avatar HTTP/1.1" 200 11138 "http://www.pacetest.dk/people/1/settings" "Mozilla/5.0 (Windows NT 6.2; WOW64; rv:26.0) Gecko/20100101 Firefox/26.0"
80.213.131.29 - - [27/Jan/2014:07:47:22 -0500] "GET /notifications?get=count HTTP/1.1" 200 24 "http://www.pacetest.dk/people/642/settings?edit=avatar" "Mozilla/5.0 (Macintosh; Intel Mac OS X 10_7_5) AppleWebKit/537.36 (KHTML, like Gecko) Chrome/32.0.1700.77 Safari/537.36"
94.145.68.182 - - [27/Jan/2014:07:47:40 -0500] "GET /notifications?get=count HTTP/1.1" 200 24 "http://www.pacetest.dk/people/1/settings?edit=avatar" "Mozilla/5.0 (Windows NT 6.2; WOW64; rv:26.0) Gecko/20100101 Firefox/26.0"
80.213.131.29 - - [27/Jan/2014:07:47:52 -0500] "GET /notifications?get=count HTTP/1.1" 200 24 "http://www.pacetest.dk/people/642/settings?edit=avatar" "Mozilla/5.0 (Macintosh; Intel Mac OS X 10_7_5) AppleWebKit/537.36 (KHTML, like Gecko) Chrome/32.0.1700.77 Safari/537.36"
94.145.68.182 - - [27/Jan/2014:07:48:10 -0500] "GET /notifications?get=count HTTP/1.1" 200 24 "http://www.pacetest.dk/people/1/settings?edit=avatar" "Mozilla/5.0 (Windows NT 6.2; WOW64; rv:26.0) Gecko/20100101 Firefox/26.0"
80.213.131.29 - - [27/Jan/2014:07:48:23 -0500] "GET /notifications?get=count HTTP/1.1" 200 24 "http://www.pacetest.dk/people/642/settings?edit=avatar" "Mozilla/5.0 (Macintosh; Intel Mac OS X 10_7_5) AppleWebKit/537.36 (KHTML, like Gecko) Chrome/32.0.1700.77 Safari/537.36"
94.145.68.182 - - [27/Jan/2014:07:48:40 -0500] "GET /notifications?get=count HTTP/1.1" 200 24 "http://www.pacetest.dk/people/1/settings?edit=avatar" "Mozilla/5.0 (Windows NT 6.2; WOW64; rv:26.0) Gecko/20100101 Firefox/26.0"
80.213.131.29 - - [27/Jan/2014:07:48:52 -0500] "GET /notifications?get=count HTTP/1.1" 200 24 "http://www.pacetest.dk/people/642/settings?edit=avatar" "Mozilla/5.0 (Macintosh; Intel Mac OS X 10_7_5) AppleWebKit/537.36 (KHTML, like Gecko) Chrome/32.0.1700.77 Safari/537.36"
80.213.131.29 - - [27/Jan/2014:07:49:03 -0500] "GET /people/642/settings?edit=permissions HTTP/1.1" 200 13084 "http://www.pacetest.dk/people/642/settings?edit=avatar" "Mozilla/5.0 (Macintosh; Intel Mac OS X 10_7_5) AppleWebKit/537.36 (KHTML, like Gecko) Chrome/32.0.1700.77 Safari/537.36"
80.213.131.29 - - [27/Jan/2014:07:47:35 -0500] "POST /people/StallSP?edit=avatar HTTP/1.1" 303 - "http://www.pacetest.dk/people/642/settings?edit=avatar" "Mozilla/5.0 (Macintosh; Intel Mac OS X 10_7_5) AppleWebKit/537.36 (KHTML, like Gecko) Chrome/32.0.1700.77 Safari/537.36"
- - - [27/Jan/2014:07:49:08 -0500] "OPTIONS * HTTP/1.0" 200 - "-" "Apache/2.2.22 (Red Hat Enterprise Web Server) (internal dummy connection)"
80.213.131.29 - - [27/Jan/2014:07:49:08 -0500] "GET /people/642/settings?edit=avatar HTTP/1.1" 200 11294 "http://www.pacetest.dk/people/642/settings?edit=permissions" "Mozilla/5.0 (Macintosh; Intel Mac OS X 10_7_5) AppleWebKit/537.36 (KHTML, like Gecko) Chrome/32.0.1700.77 Safari/537.36"
94.145.68.182 - - [27/Jan/2014:07:49:10 -0500] "GET /notifications?get=count HTTP/1.1" 200 24 "http://www.pacetest.dk/people/1/settings?edit=avatar" "Mozilla/5.0 (Windows NT 6.2; WOW64; rv:26.0) Gecko/20100101 Firefox/26.0"
- - - [27/Jan/2014:07:49:12 -0500] "OPTIONS * HTTP/1.0" 200 - "-" "Apache/2.2.22 (Red Hat Enterprise Web Server) (internal dummy connection)"
80.213.131.29 - - [27/Jan/2014:07:49:20 -0500] "GET /people/642/settings?edit=permissions HTTP/1.1" 200 13084 "http://www.pacetest.dk/people/642/settings?edit=avatar" "Mozilla/5.0 (Macintosh; Intel Mac OS X 10_7_5) AppleWebKit/537.36 (KHTML, like Gecko) Chrome/32.0.1700.77 Safari/537.36"
94.145.68.182 - - [27/Jan/2014:07:49:25 -0500] "GET /menu/people HTTP/1.1" 200 34125 "http://www.pacetest.dk/people/1/settings?edit=avatar" "Mozilla/5.0 (Windows NT 6.2; WOW64; rv:26.0) Gecko/20100101 Firefox/26.0"
80.213.131.29 - - [27/Jan/2014:07:49:26 -0500] "GET /people/642/settings?edit=apps HTTP/1.1" 200 11066 "http://www.pacetest.dk/people/642/settings?edit=permissions" "Mozilla/5.0 (Macintosh; Intel Mac OS X 10_7_5) AppleWebKit/537.36 (KHTML, like Gecko) Chrome/32.0.1700.77 Safari/537.36"
- - - [27/Jan/2014:07:49:30 -0500] "OPTIONS * HTTP/1.0" 200 - "-" "Apache/2.2.22 (Red Hat Enterprise Web Server) (internal dummy connection)"
80.213.131.29 - - [27/Jan/2014:07:49:36 -0500] "GET /people/StallSP HTTP/1.1" 200 13209 "http://www.pacetest.dk/people/642/settings?edit=apps" "Mozilla/5.0 (Macintosh; Intel Mac OS X 10_7_5) AppleWebKit/537.36 (KHTML, like Gecko) Chrome/32.0.1700.77 Safari/537.36"
80.213.131.29 - - [27/Jan/2014:07:49:39 -0500] "GET /people/StallSP/graph/followers?layout=gadget&hqxqh1q6 HTTP/1.1" 200 396 "http://www.pacetest.dk/people/StallSP" "Mozilla/5.0 (Macintosh; Intel Mac OS X 10_7_5) AppleWebKit/537.36 (KHTML, like Gecko) Chrome/32.0.1700.77 Safari/537.36"
80.213.131.29 - - [27/Jan/2014:07:49:42 -0500] "GET /menu/people HTTP/1.1" 200 33020 "http://www.pacetest.dk/people/StallSP" "Mozilla/5.0 (Macintosh; Intel Mac OS X 10_7_5) AppleWebKit/537.36 (KHTML, like Gecko) Chrome/32.0.1700.77 Safari/537.36"
94.145.68.182 - - [27/Jan/2014:07:49:45 -0500] "POST /people/StallSP?layout=list&hqxqheyw HTTP/1.1" 200 1351 "http://www.pacetest.dk/menu/people" "Mozilla/5.0 (Windows NT 6.2; WOW64; rv:26.0) Gecko/20100101 Firefox/26.0"
94.145.68.182 - - [27/Jan/2014:07:50:00 -0500] "GET /notifications?get=count HTTP/1.1" 200 24 "http://www.pacetest.dk/menu/people" "Mozilla/5.0 (Windows NT 6.2; WOW64; rv:26.0) Gecko/20100101 Firefox/26.0"
80.213.131.29 - - [27/Jan/2014:07:50:02 -0500] "GET / HTTP/1.1" 200 14315 "http://www.pacetest.dk/menu/people" "Mozilla/5.0 (Macintosh; Intel Mac OS X 10_7_5) AppleWebKit/537.36 (KHTML, like Gecko) Chrome/32.0.1700.77 Safari/537.36"
80.213.131.29 - - [27/Jan/2014:07:50:12 -0500] "GET /menu/people HTTP/1.1" 200 33035 "http://www.pacetest.dk/" "Mozilla/5.0 (Macintosh; Intel Mac OS X 10_7_5) AppleWebKit/537.36 (KHTML, like Gecko) Chrome/32.0.1700.77 Safari/537.36"
80.213.131.29 - - [27/Jan/2014:07:50:18 -0500] "POST /people/BentRS?layout=list&hqxqhta5 HTTP/1.1" 200 1347 "http://www.pacetest.dk/menu/people" "Mozilla/5.0 (Macintosh; Intel Mac OS X 10_7_5) AppleWebKit/537.36 (KHTML, like Gecko) Chrome/32.0.1700.77 Safari/537.36"
80.213.131.29 - - [27/Jan/2014:07:50:21 -0500] "GET /notifications?layout=popover&hqxqhta6 HTTP/1.1" 200 1149 "http://www.pacetest.dk/menu/people" "Mozilla/5.0 (Macintosh; Intel Mac OS X 10_7_5) AppleWebKit/537.36 (KHTML, like Gecko) Chrome/32.0.1700.77 Safari/537.36"
94.145.68.182 - - [27/Jan/2014:07:50:30 -0500] "GET /notifications?get=count HTTP/1.1" 200 24 "http://www.pacetest.dk/menu/people" "Mozilla/5.0 (Windows NT 6.2; WOW64; rv:26.0) Gecko/20100101 Firefox/26.0"
94.145.68.182 - - [27/Jan/2014:07:50:26 -0500] "GET /people/BentRS HTTP/1.1" 200 66247 "http://www.pacetest.dk/menu/people" "Mozilla/5.0 (Windows NT 6.2; WOW64; rv:26.0) Gecko/20100101 Firefox/26.0"
- - - [27/Jan/2014:07:50:33 -0500] "OPTIONS * HTTP/1.0" 200 - "-" "Apache/2.2.22 (Red Hat Enterprise Web Server) (internal dummy connection)"
94.145.68.182 - - [27/Jan/2014:07:50:33 -0500] "GET /people/BentRS/graph/followers?layout=gadget&hqxqirhi HTTP/1.1" 200 7581 "http://www.pacetest.dk/people/BentRS" "Mozilla/5.0 (Windows NT 6.2; WOW64; rv:26.0) Gecko/20100101 Firefox/26.0"
94.145.68.182 - - [27/Jan/2014:07:50:44 -0500] "GET /notifications?layout=popover&hqxqirhj HTTP/1.1" 200 1153 "http://www.pacetest.dk/people/BentRS" "Mozilla/5.0 (Windows NT 6.2; WOW64; rv:26.0) Gecko/20100101 Firefox/26.0"
80.213.131.29 - - [27/Jan/2014:07:50:45 -0500] "GET /notifications?get=count HTTP/1.1" 200 24 "http://www.pacetest.dk/menu/people" "Mozilla/5.0 (Macintosh; Intel Mac OS X 10_7_5) AppleWebKit/537.36 (KHTML, like Gecko) Chrome/32.0.1700.77 Safari/537.36"
- - - [27/Jan/2014:07:50:47 -0500] "OPTIONS * HTTP/1.0" 200 - "-" "Apache/2.2.22 (Red Hat Enterprise Web Server) (internal dummy connection)"
94.145.68.182 - - [27/Jan/2014:07:50:56 -0500] "GET /menu/people HTTP/1.1" 200 34118 "http://www.pacetest.dk/people/BentRS" "Mozilla/5.0 (Windows NT 6.2; WOW64; rv:26.0) Gecko/20100101 Firefox/26.0"
80.213.131.29 - - [27/Jan/2014:07:51:06 -0500] "POST /people/marietoftegaard?layout=list&hqxqhta7 HTTP/1.1" 200 1382 "http://www.pacetest.dk/menu/people" "Mozilla/5.0 (Macintosh; Intel Mac OS X 10_7_5) AppleWebKit/537.36 (KHTML, like Gecko) Chrome/32.0.1700.77 Safari/537.36"
80.213.131.29 - - [27/Jan/2014:07:51:07 -0500] "POST /people/Misskanstrup?layout=list&hqxqhta8 HTTP/1.1" 200 1281 "http://www.pacetest.dk/menu/people" "Mozilla/5.0 (Macintosh; Intel Mac OS X 10_7_5) AppleWebKit/537.36 (KHTML, like Gecko) Chrome/32.0.1700.77 Safari/537.36"
80.213.131.29 - - [27/Jan/2014:07:51:15 -0500] "GET /notifications?get=count HTTP/1.1" 200 24 "http://www.pacetest.dk/menu/people" "Mozilla/5.0 (Macintosh; Intel Mac OS X 10_7_5) AppleWebKit/537.36 (KHTML, like Gecko) Chrome/32.0.1700.77 Safari/537.36"
80.213.131.29 - - [27/Jan/2014:07:51:09 -0500] "POST /people/Krafla?layout=list&hqxqhta9 HTTP/1.1" 200 1360 "http://www.pacetest.dk/menu/people" "Mozilla/5.0 (Macintosh; Intel Mac OS X 10_7_5) AppleWebKit/537.36 (KHTML, like Gecko) Chrome/32.0.1700.77 Safari/537.36"
80.213.131.29 - - [27/Jan/2014:07:51:10 -0500] "POST /people/Malene?layout=list&hqxqhtaa HTTP/1.1" 200 1362 "http://www.pacetest.dk/menu/people" "Mozilla/5.0 (Macintosh; Intel Mac OS X 10_7_5) AppleWebKit/537.36 (KHTML, like Gecko) Chrome/32.0.1700.77 Safari/537.36"
80.213.131.29 - - [27/Jan/2014:07:51:12 -0500] "POST /people/LotteAndreassen?layout=list&hqxqhtab HTTP/1.1" 200 1384 "http://www.pacetest.dk/menu/people" "Mozilla/5.0 (Macintosh; Intel Mac OS X 10_7_5) AppleWebKit/537.36 (KHTML, like Gecko) Chrome/32.0.1700.77 Safari/537.36"
80.213.131.29 - - [27/Jan/2014:07:51:13 -0500] "POST /people/Mette?layout=list&hqxqhtac HTTP/1.1" 200 1341 "http://www.pacetest.dk/menu/people" "Mozilla/5.0 (Macintosh; Intel Mac OS X 10_7_5) AppleWebKit/537.36 (KHTML, like Gecko) Chrome/32.0.1700.77 Safari/537.36"
- - - [27/Jan/2014:07:51:46 -0500] "OPTIONS * HTTP/1.0" 200 - "-" "Apache/2.2.22 (Red Hat Enterprise Web Server) (internal dummy connection)"
94.145.68.182 - - [27/Jan/2014:07:51:29 -0500] "GET /notifications?get=count HTTP/1.1" 200 24 "http://www.pacetest.dk/menu/people" "Mozilla/5.0 (Windows NT 6.2; WOW64; rv:26.0) Gecko/20100101 Firefox/26.0"
- - - [27/Jan/2014:07:51:50 -0500] "OPTIONS * HTTP/1.0" 200 - "-" "Apache/2.2.22 (Red Hat Enterprise Web Server) (internal dummy connection)"
80.213.131.29 - - [27/Jan/2014:07:51:20 -0500] "POST /people/hera2013?layout=list&hqxqhtad HTTP/1.1" 200 1274 "http://www.pacetest.dk/menu/people" "Mozilla/5.0 (Macintosh; Intel Mac OS X 10_7_5) AppleWebKit/537.36 (KHTML, like Gecko) Chrome/32.0.1700.77 Safari/537.36"
- - - [27/Jan/2014:07:51:54 -0500] "OPTIONS * HTTP/1.0" 200 - "-" "Apache/2.2.22 (Red Hat Enterprise Web Server) (internal dummy connection)"
80.213.131.29 - - [27/Jan/2014:07:51:29 -0500] "POST /people/PeterFrederiksen?layout=list&hqxqhtae HTTP/1.1" 200 1431 "http://www.pacetest.dk/menu/people" "Mozilla/5.0 (Macintosh; Intel Mac OS X 10_7_5) AppleWebKit/537.36 (KHTML, like Gecko) Chrome/32.0.1700.77 Safari/537.36"
80.213.131.29 - - [27/Jan/2014:07:51:36 -0500] "POST /people/Maygervil?layout=list&hqxqhtag HTTP/1.1" 200 1392 "http://www.pacetest.dk/menu/people" "Mozilla/5.0 (Macintosh; Intel Mac OS X 10_7_5) AppleWebKit/537.36 (KHTML, like Gecko) Chrome/32.0.1700.77 Safari/537.36"
80.213.131.29 - - [27/Jan/2014:07:51:33 -0500] "POST /people/Jette?layout=list&hqxqhtaf HTTP/1.1" 200 1359 "http://www.pacetest.dk/menu/people" "Mozilla/5.0 (Macintosh; Intel Mac OS X 10_7_5) AppleWebKit/537.36 (KHTML, like Gecko) Chrome/32.0.1700.77 Safari/537.36"
- - - [27/Jan/2014:07:52:13 -0500] "OPTIONS * HTTP/1.0" 200 - "-" "Apache/2.2.22 (Red Hat Enterprise Web Server) (internal dummy connection)"
94.145.68.182 - - [27/Jan/2014:07:51:58 -0500] "GET /notifications?get=count HTTP/1.1" 200 24 "http://www.pacetest.dk/menu/people" "Mozilla/5.0 (Windows NT 6.2; WOW64; rv:26.0) Gecko/20100101 Firefox/26.0"
80.213.131.29 - - [27/Jan/2014:07:51:38 -0500] "GET /people/svalebaek HTTP/1.1" 200 11267 "http://www.pacetest.dk/menu/people" "Mozilla/5.0 (Macintosh; Intel Mac OS X 10_7_5) AppleWebKit/537.36 (KHTML, like Gecko) Chrome/32.0.1700.77 Safari/537.36"
- - - [27/Jan/2014:07:52:26 -0500] "OPTIONS * HTTP/1.0" 200 - "-" "Apache/2.2.22 (Red Hat Enterprise Web Server) (internal dummy connection)"
80.213.131.29 - - [27/Jan/2014:07:51:55 -0500] "GET /menu/people HTTP/1.1" 200 32947 "http://www.pacetest.dk/" "Mozilla/5.0 (Macintosh; Intel Mac OS X 10_7_5) AppleWebKit/537.36 (KHTML, like Gecko) Chrome/32.0.1700.77 Safari/537.36"
80.213.131.29 - - [27/Jan/2014:07:52:05 -0500] "GET /menu/people HTTP/1.1" 200 32947 "http://www.pacetest.dk/" "Mozilla/5.0 (Macintosh; Intel Mac OS X 10_7_5) AppleWebKit/537.36 (KHTML, like Gecko) Chrome/32.0.1700.77 Safari/537.36"
- - - [27/Jan/2014:07:52:33 -0500] "OPTIONS * HTTP/1.0" 200 - "-" "Apache/2.2.22 (Red Hat Enterprise Web Server) (internal dummy connection)"
94.145.68.182 - - [27/Jan/2014:07:52:28 -0500] "GET /notifications?get=count HTTP/1.1" 200 24 "http://www.pacetest.dk/menu/people" "Mozilla/5.0 (Windows NT 6.2; WOW64; rv:26.0) Gecko/20100101 Firefox/26.0"
- - - [27/Jan/2014:07:52:35 -0500] "OPTIONS * HTTP/1.0" 200 - "-" "Apache/2.2.22 (Red Hat Enterprise Web Server) (internal dummy connection)"
80.213.131.29 - - [27/Jan/2014:07:52:14 -0500] "GET /people/StallSP HTTP/1.1" 200 14897 "http://www.pacetest.dk/" "Mozilla/5.0 (Macintosh; Intel Mac OS X 10_7_5) AppleWebKit/537.36 (KHTML, like Gecko) Chrome/32.0.1700.77 Safari/537.36"
80.213.131.29 - - [27/Jan/2014:07:52:17 -0500] "GET /people/StallSP HTTP/1.1" 200 14897 "http://www.pacetest.dk/" "Mozilla/5.0 (Macintosh; Intel Mac OS X 10_7_5) AppleWebKit/537.36 (KHTML, like Gecko) Chrome/32.0.1700.77 Safari/537.36"
- - - [27/Jan/2014:07:52:36 -0500] "OPTIONS * HTTP/1.0" 200 - "-" "Apache/2.2.22 (Red Hat Enterprise Web Server) (internal dummy connection)"
80.213.131.29 - - [27/Jan/2014:07:52:36 -0500] "GET /people/StallSP/graph/followers?layout=gadget&hqxqku4n HTTP/1.1" 200 3558 "http://www.pacetest.dk/people/StallSP" "Mozilla/5.0 (Macintosh; Intel Mac OS X 10_7_5) AppleWebKit/537.36 (KHTML, like Gecko) Chrome/32.0.1700.77 Safari/537.36"
- - - [27/Jan/2014:07:52:39 -0500] "OPTIONS * HTTP/1.0" 200 - "-" "Apache/2.2.22 (Red Hat Enterprise Web Server) (internal dummy connection)"
80.213.131.29 - - [27/Jan/2014:07:52:43 -0500] "GET / HTTP/1.1" 200 43086 "http://www.pacetest.dk/people/StallSP" "Mozilla/5.0 (Macintosh; Intel Mac OS X 10_7_5) AppleWebKit/537.36 (KHTML, like Gecko) Chrome/32.0.1700.77 Safari/537.36"
80.213.131.29 - - [27/Jan/2014:07:52:49 -0500] "GET /stories?layout=list&filter=leaders&start=40&limit=20 HTTP/1.1" 200 75 "http://www.pacetest.dk/" "Mozilla/5.0 (Macintosh; Intel Mac OS X 10_7_5) AppleWebKit/537.36 (KHTML, like Gecko) Chrome/32.0.1700.77 Safari/537.36"
80.213.131.29 - - [27/Jan/2014:07:52:53 -0500] "GET /stories?layout=list&filter=leaders&start=60&limit=20 HTTP/1.1" 200 75 "http://www.pacetest.dk/" "Mozilla/5.0 (Macintosh; Intel Mac OS X 10_7_5) AppleWebKit/537.36 (KHTML, like Gecko) Chrome/32.0.1700.77 Safari/537.36"
80.213.131.29 - - [27/Jan/2014:07:52:49 -0500] "GET /stories?layout=list&filter=leaders&start=20&limit=20 HTTP/1.1" 200 32008 "http://www.pacetest.dk/" "Mozilla/5.0 (Macintosh; Intel Mac OS X 10_7_5) AppleWebKit/537.36 (KHTML, like Gecko) Chrome/32.0.1700.77 Safari/537.36"
94.145.68.182 - - [27/Jan/2014:07:52:59 -0500] "GET /notifications?get=count HTTP/1.1" 200 24 "http://www.pacetest.dk/menu/people" "Mozilla/5.0 (Windows NT 6.2; WOW64; rv:26.0) Gecko/20100101 Firefox/26.0"
80.213.131.29 - - [27/Jan/2014:07:52:56 -0500] "GET /photos/@StallSP?filter=leaders&layout=gadget&hqxql3xb HTTP/1.1" 200 1859 "http://www.pacetest.dk/" "Mozilla/5.0 (Macintosh; Intel Mac OS X 10_7_5) AppleWebKit/537.36 (KHTML, like Gecko) Chrome/32.0.1700.77 Safari/537.36"
- - - [27/Jan/2014:07:53:03 -0500] "OPTIONS * HTTP/1.0" 200 - "-" "Apache/2.2.22 (Red Hat Enterprise Web Server) (internal dummy connection)"
- - - [27/Jan/2014:07:53:03 -0500] "OPTIONS * HTTP/1.0" 200 - "-" "Apache/2.2.22 (Red Hat Enterprise Web Server) (internal dummy connection)"
94.145.68.182 - - [27/Jan/2014:07:53:08 -0500] "GET /menu/groups HTTP/1.1" 200 22339 "http://www.pacetest.dk/menu/people" "Mozilla/5.0 (Windows NT 6.2; WOW64; rv:26.0) Gecko/20100101 Firefox/26.0"
80.213.131.29 - - [27/Jan/2014:07:53:12 -0500] "GET /pages?layout=gadget&filter=leaders&hqxql3xe HTTP/1.1" 200 374 "http://www.pacetest.dk/" "Mozilla/5.0 (Macintosh; Intel Mac OS X 10_7_5) AppleWebKit/537.36 (KHTML, like Gecko) Chrome/32.0.1700.77 Safari/537.36"
80.213.131.29 - - [27/Jan/2014:07:53:19 -0500] "GET /notifications?get=count HTTP/1.1" 200 24 "http://www.pacetest.dk/" "Mozilla/5.0 (Macintosh; Intel Mac OS X 10_7_5) AppleWebKit/537.36 (KHTML, like Gecko) Chrome/32.0.1700.77 Safari/537.36"
80.213.131.29 - - [27/Jan/2014:07:53:27 -0500] "GET /menu/people HTTP/1.1" 200 32947 "http://www.pacetest.dk/" "Mozilla/5.0 (Macintosh; Intel Mac OS X 10_7_5) AppleWebKit/537.36 (KHTML, like Gecko) Chrome/32.0.1700.77 Safari/537.36"
80.213.131.29 - - [27/Jan/2014:07:53:38 -0500] "GET /people/PeterFrederiksen HTTP/1.1" 200 16907 "http://www.pacetest.dk/menu/people" "Mozilla/5.0 (Macintosh; Intel Mac OS X 10_7_5) AppleWebKit/537.36 (KHTML, like Gecko) Chrome/32.0.1700.77 Safari/537.36"
94.145.68.182 - - [27/Jan/2014:07:53:41 -0500] "GET /notifications?get=count HTTP/1.1" 200 24 "http://www.pacetest.dk/menu/groups" "Mozilla/5.0 (Windows NT 6.2; WOW64; rv:26.0) Gecko/20100101 Firefox/26.0"
80.213.131.29 - - [27/Jan/2014:07:53:41 -0500] "GET /people/PeterFrederiksen/graph/followers?layout=gadget&hqxqm8j9 HTTP/1.1" 200 7531 "http://www.pacetest.dk/people/PeterFrederiksen" "Mozilla/5.0 (Macintosh; Intel Mac OS X 10_7_5) AppleWebKit/537.36 (KHTML, like Gecko) Chrome/32.0.1700.77 Safari/537.36"
- - - [27/Jan/2014:07:53:44 -0500] "OPTIONS * HTTP/1.0" 200 - "-" "Apache/2.2.22 (Red Hat Enterprise Web Server) (internal dummy connection)"
94.145.68.182 - - [27/Jan/2014:07:54:11 -0500] "GET /notifications?get=count HTTP/1.1" 200 24 "http://www.pacetest.dk/menu/groups" "Mozilla/5.0 (Windows NT 6.2; WOW64; rv:26.0) Gecko/20100101 Firefox/26.0"
80.213.131.29 - - [27/Jan/2014:07:54:12 -0500] "GET /notifications?get=count HTTP/1.1" 200 24 "http://www.pacetest.dk/people/PeterFrederiksen" "Mozilla/5.0 (Macintosh; Intel Mac OS X 10_7_5) AppleWebKit/537.36 (KHTML, like Gecko) Chrome/32.0.1700.77 Safari/537.36"
- - - [27/Jan/2014:07:54:14 -0500] "OPTIONS * HTTP/1.0" 200 - "-" "Apache/2.2.22 (Red Hat Enterprise Web Server) (internal dummy connection)"
80.213.131.29 - - [27/Jan/2014:07:54:18 -0500] "GET / HTTP/1.1" 200 43085 "http://www.pacetest.dk/people/PeterFrederiksen" "Mozilla/5.0 (Macintosh; Intel Mac OS X 10_7_5) AppleWebKit/537.36 (KHTML, like Gecko) Chrome/32.0.1700.77 Safari/537.36"
80.213.131.29 - - [27/Jan/2014:07:54:24 -0500] "GET /stories?layout=list&filter=leaders&start=40&limit=20 HTTP/1.1" 200 75 "http://www.pacetest.dk/" "Mozilla/5.0 (Macintosh; Intel Mac OS X 10_7_5) AppleWebKit/537.36 (KHTML, like Gecko) Chrome/32.0.1700.77 Safari/537.36"
80.213.131.29 - - [27/Jan/2014:07:54:28 -0500] "GET /stories?layout=list&filter=leaders&start=60&limit=20 HTTP/1.1" 200 75 "http://www.pacetest.dk/" "Mozilla/5.0 (Macintosh; Intel Mac OS X 10_7_5) AppleWebKit/537.36 (KHTML, like Gecko) Chrome/32.0.1700.77 Safari/537.36"
80.213.131.29 - - [27/Jan/2014:07:54:24 -0500] "GET /stories?layout=list&filter=leaders&start=20&limit=20 HTTP/1.1" 200 32008 "http://www.pacetest.dk/" "Mozilla/5.0 (Macintosh; Intel Mac OS X 10_7_5) AppleWebKit/537.36 (KHTML, like Gecko) Chrome/32.0.1700.77 Safari/537.36"
- - - [27/Jan/2014:07:54:34 -0500] "OPTIONS * HTTP/1.0" 200 - "-" "Apache/2.2.22 (Red Hat Enterprise Web Server) (internal dummy connection)"
94.145.68.182 - - [27/Jan/2014:07:54:41 -0500] "GET /notifications?get=count HTTP/1.1" 200 24 "http://www.pacetest.dk/menu/groups" "Mozilla/5.0 (Windows NT 6.2; WOW64; rv:26.0) Gecko/20100101 Firefox/26.0"
80.213.131.29 - - [27/Jan/2014:07:54:54 -0500] "GET /notifications?get=count HTTP/1.1" 200 24 "http://www.pacetest.dk/" "Mozilla/5.0 (Macintosh; Intel Mac OS X 10_7_5) AppleWebKit/537.36 (KHTML, like Gecko) Chrome/32.0.1700.77 Safari/537.36"
94.145.68.182 - - [27/Jan/2014:07:55:11 -0500] "GET /notifications?get=count HTTP/1.1" 200 24 "http://www.pacetest.dk/menu/groups" "Mozilla/5.0 (Windows NT 6.2; WOW64; rv:26.0) Gecko/20100101 Firefox/26.0"
80.213.131.29 - - [27/Jan/2014:07:55:24 -0500] "GET /notifications?get=count HTTP/1.1" 200 24 "http://www.pacetest.dk/" "Mozilla/5.0 (Macintosh; Intel Mac OS X 10_7_5) AppleWebKit/537.36 (KHTML, like Gecko) Chrome/32.0.1700.77 Safari/537.36"
94.145.68.182 - - [27/Jan/2014:07:55:41 -0500] "GET /notifications?get=count HTTP/1.1" 200 24 "http://www.pacetest.dk/menu/groups" "Mozilla/5.0 (Windows NT 6.2; WOW64; rv:26.0) Gecko/20100101 Firefox/26.0"
80.213.131.29 - - [27/Jan/2014:07:55:54 -0500] "GET /notifications?get=count HTTP/1.1" 200 24 "http://www.pacetest.dk/" "Mozilla/5.0 (Macintosh; Intel Mac OS X 10_7_5) AppleWebKit/537.36 (KHTML, like Gecko) Chrome/32.0.1700.77 Safari/537.36"
94.145.68.182 - - [27/Jan/2014:07:56:11 -0500] "GET /notifications?get=count HTTP/1.1" 200 24 "http://www.pacetest.dk/menu/groups" "Mozilla/5.0 (Windows NT 6.2; WOW64; rv:26.0) Gecko/20100101 Firefox/26.0"
80.213.131.29 - - [27/Jan/2014:07:56:25 -0500] "GET /notifications?get=count HTTP/1.1" 200 24 "http://www.pacetest.dk/" "Mozilla/5.0 (Macintosh; Intel Mac OS X 10_7_5) AppleWebKit/537.36 (KHTML, like Gecko) Chrome/32.0.1700.77 Safari/537.36"
94.145.68.182 - - [27/Jan/2014:07:56:41 -0500] "GET /notifications?get=count HTTP/1.1" 200 24 "http://www.pacetest.dk/menu/groups" "Mozilla/5.0 (Windows NT 6.2; WOW64; rv:26.0) Gecko/20100101 Firefox/26.0"
80.213.131.29 - - [27/Jan/2014:07:56:55 -0500] "GET /notifications?get=count HTTP/1.1" 200 24 "http://www.pacetest.dk/" "Mozilla/5.0 (Macintosh; Intel Mac OS X 10_7_5) AppleWebKit/537.36 (KHTML, like Gecko) Chrome/32.0.1700.77 Safari/537.36"
80.213.131.29 - - [27/Jan/2014:07:57:02 -0500] "GET /photos/@StallSP?filter=leaders&layout=gadget&hqxqn5kc HTTP/1.1" 200 1859 "http://www.pacetest.dk/" "Mozilla/5.0 (Macintosh; Intel Mac OS X 10_7_5) AppleWebKit/537.36 (KHTML, like Gecko) Chrome/32.0.1700.77 Safari/537.36"
80.213.131.29 - - [27/Jan/2014:07:57:08 -0500] "GET /topics?layout=gadget&filter=leaders&hqxqn5kf HTTP/1.1" 200 361 "http://www.pacetest.dk/" "Mozilla/5.0 (Macintosh; Intel Mac OS X 10_7_5) AppleWebKit/537.36 (KHTML, like Gecko) Chrome/32.0.1700.77 Safari/537.36"
94.145.68.182 - - [27/Jan/2014:07:57:11 -0500] "GET /notifications?get=count HTTP/1.1" 200 24 "http://www.pacetest.dk/menu/groups" "Mozilla/5.0 (Windows NT 6.2; WOW64; rv:26.0) Gecko/20100101 Firefox/26.0"
80.213.131.29 - - [27/Jan/2014:07:57:15 -0500] "GET /pages?layout=gadget&filter=leaders&hqxqn5ki HTTP/1.1" 200 374 "http://www.pacetest.dk/" "Mozilla/5.0 (Macintosh; Intel Mac OS X 10_7_5) AppleWebKit/537.36 (KHTML, like Gecko) Chrome/32.0.1700.77 Safari/537.36"
80.213.131.29 - - [27/Jan/2014:07:57:25 -0500] "GET /notifications?get=count HTTP/1.1" 200 24 "http://www.pacetest.dk/" "Mozilla/5.0 (Macintosh; Intel Mac OS X 10_7_5) AppleWebKit/537.36 (KHTML, like Gecko) Chrome/32.0.1700.77 Safari/537.36"
94.145.68.182 - - [27/Jan/2014:07:57:41 -0500] "GET /notifications?get=count HTTP/1.1" 200 24 "http://www.pacetest.dk/menu/groups" "Mozilla/5.0 (Windows NT 6.2; WOW64; rv:26.0) Gecko/20100101 Firefox/26.0"
80.213.131.29 - - [27/Jan/2014:07:57:55 -0500] "GET /notifications?get=count HTTP/1.1" 200 24 "http://www.pacetest.dk/" "Mozilla/5.0 (Macintosh; Intel Mac OS X 10_7_5) AppleWebKit/537.36 (KHTML, like Gecko) Chrome/32.0.1700.77 Safari/537.36"
80.213.131.29 - - [27/Jan/2014:07:57:55 -0500] "GET /menu/people HTTP/1.1" 200 32947 "http://www.pacetest.dk/" "Mozilla/5.0 (Macintosh; Intel Mac OS X 10_7_5) AppleWebKit/537.36 (KHTML, like Gecko) Chrome/32.0.1700.77 Safari/537.36"
80.213.131.29 - - [27/Jan/2014:07:58:02 -0500] "GET /menu/groups HTTP/1.1" 200 13786 "http://www.pacetest.dk/menu/people" "Mozilla/5.0 (Macintosh; Intel Mac OS X 10_7_5) AppleWebKit/537.36 (KHTML, like Gecko) Chrome/32.0.1700.77 Safari/537.36"
94.145.68.182 - - [27/Jan/2014:07:58:08 -0500] "GET /menu/groups HTTP/1.1" 200 22339 "http://www.pacetest.dk/menu/groups" "Mozilla/5.0 (Windows NT 6.2; WOW64; rv:26.0) Gecko/20100101 Firefox/26.0"
94.145.68.182 - - [27/Jan/2014:07:58:11 -0500] "GET /notifications?get=count HTTP/1.1" 200 24 "http://www.pacetest.dk/menu/groups" "Mozilla/5.0 (Windows NT 6.2; WOW64; rv:26.0) Gecko/20100101 Firefox/26.0"
80.213.131.29 - - [27/Jan/2014:07:58:20 -0500] "GET /groups/4-the-atrium HTTP/1.1" 200 35903 "http://www.pacetest.dk/menu/groups" "Mozilla/5.0 (Macintosh; Intel Mac OS X 10_7_5) AppleWebKit/537.36 (KHTML, like Gecko) Chrome/32.0.1700.77 Safari/537.36"
80.213.131.29 - - [27/Jan/2014:07:58:25 -0500] "GET /groups/4/graph/followers?layout=gadget&hqxqsbk9 HTTP/1.1" 200 2973 "http://www.pacetest.dk/groups/4-the-atrium" "Mozilla/5.0 (Macintosh; Intel Mac OS X 10_7_5) AppleWebKit/537.36 (KHTML, like Gecko) Chrome/32.0.1700.77 Safari/537.36"
94.145.68.182 - - [27/Jan/2014:07:58:32 -0500] "GET /menu/groups HTTP/1.1" 200 22339 "http://www.pacetest.dk/menu/groups" "Mozilla/5.0 (Windows NT 6.2; WOW64; rv:26.0) Gecko/20100101 Firefox/26.0"
94.145.68.182 - - [27/Jan/2014:07:58:35 -0500] "GET /templates/shiraz/css/style1/style.css HTTP/1.1" 304 - "http://www.pacetest.dk/menu/groups" "Mozilla/5.0 (Windows NT 6.2; WOW64; rv:26.0) Gecko/20100101 Firefox/26.0"
94.145.68.182 - - [27/Jan/2014:07:58:35 -0500] "GET /media/lib_anahita/js/production/site.js HTTP/1.1" 304 - "http://www.pacetest.dk/menu/groups" "Mozilla/5.0 (Windows NT 6.2; WOW64; rv:26.0) Gecko/20100101 Firefox/26.0"
94.145.68.182 - - [27/Jan/2014:07:58:35 -0500] "GET /media/lib_anahita/images/avatar/square_default.gif HTTP/1.1" 304 - "http://www.pacetest.dk/menu/groups" "Mozilla/5.0 (Windows NT 6.2; WOW64; rv:26.0) Gecko/20100101 Firefox/26.0"
94.145.68.182 - - [27/Jan/2014:07:58:36 -0500] "GET /templates/base/css/images/logo.png HTTP/1.1" 304 - "http://www.pacetest.dk/templates/shiraz/css/style1/style.css" "Mozilla/5.0 (Windows NT 6.2; WOW64; rv:26.0) Gecko/20100101 Firefox/26.0"
94.145.68.182 - - [27/Jan/2014:07:58:38 -0500] "GET /groups/4-the-atrium HTTP/1.1" 200 48449 "http://www.pacetest.dk/menu/groups" "Mozilla/5.0 (Windows NT 6.2; WOW64; rv:26.0) Gecko/20100101 Firefox/26.0"
94.145.68.182 - - [27/Jan/2014:07:58:43 -0500] "GET /groups/4/graph/followers?layout=gadget&hqxqt9eo HTTP/1.1" 200 2887 "http://www.pacetest.dk/groups/4-the-atrium" "Mozilla/5.0 (Windows NT 6.2; WOW64; rv:26.0) Gecko/20100101 Firefox/26.0"
80.213.131.29 - - [27/Jan/2014:07:58:48 -0500] "POST /groups/4-the-atrium HTTP/1.1" 303 - "http://www.pacetest.dk/groups/4-the-atrium" "Mozilla/5.0 (Macintosh; Intel Mac OS X 10_7_5) AppleWebKit/537.36 (KHTML, like Gecko) Chrome/32.0.1700.77 Safari/537.36"
80.213.131.29 - - [27/Jan/2014:07:58:50 -0500] "GET /groups/4-the-atrium HTTP/1.1" 200 47338 "http://www.pacetest.dk/groups/4-the-atrium" "Mozilla/5.0 (Macintosh; Intel Mac OS X 10_7_5) AppleWebKit/537.36 (KHTML, like Gecko) Chrome/32.0.1700.77 Safari/537.36"
80.213.131.29 - - [27/Jan/2014:07:58:59 -0500] "GET /groups/4/graph/followers?layout=gadget&hqxqt1bm HTTP/1.1" 200 2973 "http://www.pacetest.dk/groups/4-the-atrium" "Mozilla/5.0 (Macintosh; Intel Mac OS X 10_7_5) AppleWebKit/537.36 (KHTML, like Gecko) Chrome/32.0.1700.77 Safari/537.36"
94.145.68.182 - - [27/Jan/2014:07:59:13 -0500] "GET /notifications?get=count HTTP/1.1" 200 24 "http://www.pacetest.dk/groups/4-the-atrium" "Mozilla/5.0 (Windows NT 6.2; WOW64; rv:26.0) Gecko/20100101 Firefox/26.0"
80.213.131.29 - - [27/Jan/2014:07:59:13 -0500] "GET /menu/groups HTTP/1.1" 200 13779 "http://www.pacetest.dk/groups/4-the-atrium" "Mozilla/5.0 (Macintosh; Intel Mac OS X 10_7_5) AppleWebKit/537.36 (KHTML, like Gecko) Chrome/32.0.1700.77 Safari/537.36"
- - - [27/Jan/2014:07:59:17 -0500] "OPTIONS * HTTP/1.0" 200 - "-" "Apache/2.2.22 (Red Hat Enterprise Web Server) (internal dummy connection)"
94.145.68.182 - - [27/Jan/2014:07:59:17 -0500] "GET /notifications?layout=popover&hqxqt9ep HTTP/1.1" 200 2138 "http://www.pacetest.dk/groups/4-the-atrium" "Mozilla/5.0 (Windows NT 6.2; WOW64; rv:26.0) Gecko/20100101 Firefox/26.0"
94.145.68.182 - - [27/Jan/2014:07:59:22 -0500] "GET /groups/4-the-atrium HTTP/1.1" 200 48449 "http://www.pacetest.dk/groups/4-the-atrium" "Mozilla/5.0 (Windows NT 6.2; WOW64; rv:26.0) Gecko/20100101 Firefox/26.0"
94.145.68.182 - - [27/Jan/2014:07:59:28 -0500] "GET /groups/4/graph/followers?layout=gadget&hqxqu7xt HTTP/1.1" 200 2887 "http://www.pacetest.dk/groups/4-the-atrium" "Mozilla/5.0 (Windows NT 6.2; WOW64; rv:26.0) Gecko/20100101 Firefox/26.0"
94.145.68.182 - - [27/Jan/2014:07:59:30 -0500] "GET /menu/groups HTTP/1.1" 200 22339 "http://www.pacetest.dk/groups/4-the-atrium" "Mozilla/5.0 (Windows NT 6.2; WOW64; rv:26.0) Gecko/20100101 Firefox/26.0"
80.213.131.29 - - [27/Jan/2014:07:59:48 -0500] "GET /notifications?get=count HTTP/1.1" 200 24 "http://www.pacetest.dk/menu/groups" "Mozilla/5.0 (Macintosh; Intel Mac OS X 10_7_5) AppleWebKit/537.36 (KHTML, like Gecko) Chrome/32.0.1700.77 Safari/537.36"
94.145.68.182 - - [27/Jan/2014:07:59:58 -0500] "GET /groups/6-kollaborativt-lederskab HTTP/1.1" 200 90849 "http://www.pacetest.dk/menu/groups" "Mozilla/5.0 (Windows NT 6.2; WOW64; rv:26.0) Gecko/20100101 Firefox/26.0"
94.145.68.182 - - [27/Jan/2014:08:00:03 -0500] "GET /notifications?get=count HTTP/1.1" 200 24 "http://www.pacetest.dk/menu/groups" "Mozilla/5.0 (Windows NT 6.2; WOW64; rv:26.0) Gecko/20100101 Firefox/26.0"
94.145.68.182 - - [27/Jan/2014:08:00:04 -0500] "GET /groups/6/graph/followers?layout=gadget&hqxquzz6 HTTP/1.1" 200 2318 "http://www.pacetest.dk/groups/6-kollaborativt-lederskab" "Mozilla/5.0 (Windows NT 6.2; WOW64; rv:26.0) Gecko/20100101 Firefox/26.0"
- - - [27/Jan/2014:08:00:07 -0500] "OPTIONS * HTTP/1.0" 200 - "-" "Apache/2.2.22 (Red Hat Enterprise Web Server) (internal dummy connection)"
